Component: ARM Compiler 5.05 (build 41) Tool: armlink [4d0eb9]

==============================================================================

Section Cross References

    main.o(.text) refers to stm32f4xx_hal_rcc.o(.text) for HAL_RCC_OscConfig
    main.o(.text) refers to stm32f4xx_hal.o(.text) for HAL_Init
    main.o(.text) refers to rt_cmsis.o(i.osKernelInitialize) for osKernelInitialize
    main.o(.text) refers to rt_cmsis.o(i.osKernelStart) for osKernelStart
    main.o(.text) refers to led.o(.text) for LedInit
    main.o(.text) refers to rt_time.o(.data) for os_time
    led.o(.text) refers to stm32f4xx_hal_gpio.o(.text) for HAL_GPIO_Init
    sd_storage.o(.text) refers to ff_gen_drv.o(.text) for FATFS_LinkDriver
    sd_storage.o(.text) refers to ff.o(.text) for f_mount
    sd_storage.o(.text) refers to sd_storage.o(.data) for SD_Path
    sd_storage.o(.text) refers to sd_diskio.o(.data) for SD_Driver
    sd_storage.o(.text) refers to sd_storage.o(.bss) for SD_FatFs
    diskio.o(.text) refers to ff_gen_drv.o(.bss) for disk
    ff.o(.text) refers to diskio.o(.text) for disk_write
    ff.o(.text) refers to ff.o(.bss) for Files
    ff.o(.text) refers to ccsbcs.o(.text) for ff_wtoupper
    ff.o(.text) refers to ff.o(.constdata) for LfnOfs
    ff.o(.text) refers to ff.o(.data) for FatFs
    ff_gen_drv.o(.text) refers to ff_gen_drv.o(.bss) for disk
    sd_diskio.o(.text) refers to stm32_bsp_sd.o(.text) for BSP_SD_Init
    sd_diskio.o(.text) refers to sd_diskio.o(.data) for Stat
    sd_diskio.o(.data) refers to sd_diskio.o(.text) for SD_initialize
    stm32_bsp_sd.o(.text) refers to stm32f4xx_sd_io.o(.text) for SD_IO_WriteCmd
    stm32_bsp_sd.o(.text) refers to stm32_bsp_sd.o(.data) for SdStatus
    stm32f4xx_sd_io.o(.text) refers to stm32f4xx_hal_gpio.o(.text) for HAL_GPIO_Init
    stm32f4xx_sd_io.o(.text) refers to stm32f4xx_hal_spi.o(.text) for HAL_SPI_GetState
    stm32f4xx_sd_io.o(.text) refers to stm32f4xx_sd_io.o(.bss) for handleSD_Spi
    stm32f4xx_sd_io.o(.text) refers to stm32f4xx_sd_io.o(.data) for SpixTimeout
    ccsbcs.o(.text) refers to ccsbcs.o(.constdata) for Tbl
    ad7714a.o(.text) refers to stm32f4xx_adc_io.o(.text) for ADC_IO_WriteByte
    ad7714a.o(.text) refers to stm32f4xx_hal_gpio.o(.text) for HAL_GPIO_WritePin
    stm32f4xx_adc_io.o(.text) refers to stm32f4xx_hal_gpio.o(.text) for HAL_GPIO_Init
    stm32f4xx_adc_io.o(.text) refers to stm32f4xx_hal_spi.o(.text) for HAL_SPI_GetState
    stm32f4xx_adc_io.o(.text) refers to stm32f4xx_hal.o(.text) for HAL_Delay
    stm32f4xx_adc_io.o(.text) refers to stm32f4xx_adc_io.o(.bss) for handleADC_Spi
    stm32f4xx_adc_io.o(.text) refers to stm32f4xx_adc_io.o(.data) for AdcSpiTimeout
    rtx_conf_cm.o(.emb_text) refers to sys_stackheap_outer.o(.text) for __user_setup_stackheap
    rtx_conf_cm.o(.emb_text) refers to libinit.o(.ARM.Collect$$libinit$$00000000) for __rt_lib_init
    rtx_conf_cm.o(.emb_text) refers to rt_cmsis.o(i.osKernelInitialize) for osKernelInitialize
    rtx_conf_cm.o(.emb_text) refers to rt_cmsis.o(i.osThreadCreate) for osThreadCreate
    rtx_conf_cm.o(.emb_text) refers to rt_cmsis.o(i.osKernelStart) for osKernelStart
    rtx_conf_cm.o(.emb_text) refers to exit.o(.text) for exit
    rtx_conf_cm.o(.emb_text) refers to rtx_conf_cm.o(.data) for os_thread_def_main
    rtx_conf_cm.o(.text) refers to rt_task.o(i.rt_tsk_self) for rt_tsk_self
    rtx_conf_cm.o(.text) refers to rt_mutex.o(i.rt_mut_init) for rt_mut_init
    rtx_conf_cm.o(.text) refers to rt_cmsis.o(.data) for os_running
    rtx_conf_cm.o(.text) refers to rtx_conf_cm.o(.bss) for .bss
    rtx_conf_cm.o(.text) refers to libspace.o(.bss) for __libspace_start
    rtx_conf_cm.o(.text) refers to rtx_conf_cm.o(.data) for .data
    rtx_conf_cm.o(.text) refers to rt_mutex.o(i.rt_mut_wait) for rt_mut_wait
    rtx_conf_cm.o(.text) refers to rt_mutex.o(i.rt_mut_release) for rt_mut_release
    rtx_conf_cm.o(.constdata) refers to rt_cmsis.o(i.osTimerThread) for osTimerThread
    rtx_conf_cm.o(.constdata) refers to rtx_conf_cm.o(.bss) for os_messageQ_q_osTimerMessageQ
    rtx_conf_cm.o(.data) refers to main.o(.text) for main
    spi_stm32f4xx.o(.text) refers to rt_memclr_w.o(.text) for __aeabi_memclr4
    spi_stm32f4xx.o(.text) refers to stm32f4xx_hal_gpio.o(.text) for HAL_GPIO_Init
    spi_stm32f4xx.o(.text) refers to stm32f4xx_hal_cortex.o(.text) for HAL_NVIC_DisableIRQ
    spi_stm32f4xx.o(.text) refers to spi_stm32f4xx.o(.constdata) for DriverVersion
    spi_stm32f4xx.o(.text) refers to stm32f4xx_hal_dma.o(.text) for HAL_DMA_Abort
    spi_stm32f4xx.o(.constdata) refers to stm32f4xx_hal_rcc.o(.text) for HAL_RCC_GetPCLK2Freq
    spi_stm32f4xx.o(.constdata) refers to spi_stm32f4xx.o(.bss) for SPI1_Info
    spi_stm32f4xx.o(.constdata) refers to spi_stm32f4xx.o(.text) for SPIX_GetVersion
    startup_stm32f407xx.o(STACK) refers (Special) to heapauxi.o(.text) for __use_two_region_memory
    startup_stm32f407xx.o(HEAP) refers (Special) to heapauxi.o(.text) for __use_two_region_memory
[...]
    __scatterload_rt2                        0x08000191   Thumb Code    44  __scatter.o(!!!scatter)
    __scatterload_rt2_thumb_only             0x08000191   Thumb Code     0  __scatter.o(!!!scatter)
    __scatterload_null                       0x0800019f   Thumb Code     0  __scatter.o(!!!scatter)
    __scatterload_copy                       0x080001c5   Thumb Code    26  __scatter_copy.o(!!handler_copy)
    __scatterload_zeroinit                   0x080001e1   Thumb Code    28  __scatter_zi.o(!!handler_zi)
    __rt_lib_init                            0x080001fd   Thumb Code     0  libinit.o(.ARM.Collect$$libinit$$00000000)
    __rt_lib_init_fp_1                       0x080001ff   Thumb Code     0  libinit2.o(.ARM.Collect$$libinit$$00000001)
    __rt_lib_init_heap_2                     0x08000203   Thumb Code     0  libinit2.o(.ARM.Collect$$libinit$$00000005)
    __rt_lib_init_preinit_1                  0x08000203   Thumb Code     0  libinit2.o(.ARM.Collect$$libinit$$00000004)
    __rt_lib_init_heap_1                     0x0800020b   Thumb Code     0  libinit2.o(.ARM.Collect$$libinit$$0000000A)
    __rt_lib_init_lc_common                  0x0800020b   Thumb Code     0  libinit2.o(.ARM.Collect$$libinit$$0000000F)
    __rt_lib_init_rand_1                     0x0800020b   Thumb Code     0  libinit2.o(.ARM.Collect$$libinit$$0000000E)
    __rt_lib_init_user_alloc_1               0x0800020b   Thumb Code     0  libinit2.o(.ARM.Collect$$libinit$$0000000C)
    __rt_lib_init_lc_collate_1               0x08000211   Thumb Code     0  libinit2.o(.ARM.Collect$$libinit$$00000011)
    __rt_lib_init_lc_ctype_2                 0x08000211   Thumb Code     0  libinit2.o(.ARM.Collect$$libinit$$00000012)
    __rt_lib_init_atexit_1                   0x0800021d   Thumb Code     0  libinit2.o(.ARM.Collect$$libinit$$0000001B)
    __rt_lib_init_clock_1                    0x0800021d   Thumb Code     0  libinit2.o(.ARM.Collect$$libinit$$00000021)
    __rt_lib_init_fp_trap_1                  0x0800021d   Thumb Code     0  libinit2.o(.ARM.Collect$$libinit$$0000001F)
    __rt_lib_init_getenv_1                   0x0800021d   Thumb Code     0  libinit2.o(.ARM.Collect$$libinit$$00000023)
    __rt_lib_init_lc_ctype_1                 0x0800021d   Thumb Code     0  libinit2.o(.ARM.Collect$$libinit$$00000013)
    __rt_lib_init_lc_monetary_1              0x0800021d   Thumb Code     0  libinit2.o(.ARM.Collect$$libinit$$00000015)
    __rt_lib_init_lc_numeric_1               0x0800021d   Thumb Code     0  libinit2.o(.ARM.Collect$$libinit$$00000017)
    __rt_lib_init_lc_time_1                  0x0800021d   Thumb Code     0  libinit2.o(.ARM.Collect$$libinit$$00000019)
    __rt_lib_init_signal_1                   0x0800021d   Thumb Code     0  libinit2.o(.ARM.Collect$$libinit$$0000001D)
    __rt_lib_init_stdio_2                    0x0800021d   Thumb Code     0  libinit2.o(.ARM.Collect$$libinit$$00000024)
    __rt_lib_init_alloca_1                   0x08000221   Thumb Code     0  libinit2.o(.ARM.Collect$$libinit$$0000002E)
    __rt_lib_init_argv_1                     0x08000221   Thumb Code     0  libinit2.o(.ARM.Collect$$libinit$$0000002C)
    __rt_lib_init_cpp_1                      0x08000221   Thumb Code     0  libinit2.o(.ARM.Collect$$libinit$$00000032)
    __rt_lib_init_exceptions_1               0x08000221   Thumb Code     0  libinit2.o(.ARM.Collect$$libinit$$00000030)
    __rt_lib_init_return                     0x08000221   Thumb Code     0  libinit2.o(.ARM.Collect$$libinit$$00000033)
    __rt_lib_init_stdio_1                    0x08000221   Thumb Code     0  libinit2.o(.ARM.Collect$$libinit$$00000025)
    __rt_lib_shutdown                        0x08000223   Thumb Code     0  libshutdown.o(.ARM.Collect$$libshutdown$$00000000)
    __rt_lib_shutdown_stdio_2                0x08000225   Thumb Code     0  libshutdown2.o(.ARM.Collect$$libshutdown$$00000002)
    __rt_lib_shutdown_fp_trap_1              0x08000229   Thumb Code     0  libshutdown2.o(.ARM.Collect$$libshutdown$$00000006)
    __rt_lib_shutdown_heap_1                 0x08000229   Thumb Code     0  libshutdown2.o(.ARM.Collect$$libshutdown$$0000000E)
    __rt_lib_shutdown_return                 0x08000229   Thumb Code     0  libshutdown2.o(.ARM.Collect$$libshutdown$$0000000F)
    __rt_lib_shutdown_signal_1               0x08000229   Thumb Code     0  libshutdown2.o(.ARM.Collect$$libshutdown$$00000009)
    __rt_lib_shutdown_stdio_1                0x08000229   Thumb Code     0  libshutdown2.o(.ARM.Collect$$libshutdown$$00000003)
    __rt_lib_shutdown_user_alloc_1           0x08000229   Thumb Code     0  libshutdown2.o(.ARM.Collect$$libshutdown$$0000000B)
    __rt_exit                                0x0800022b   Thumb Code     0  rtexit.o(.ARM.Collect$$rtexit$$00000000)
    __rt_exit_ls                             0x0800022d   Thumb Code     0  rtexit2.o(.ARM.Collect$$rtexit$$00000003)
    __rt_exit_prels_1                        0x0800022d   Thumb Code     0  rtexit2.o(.ARM.Collect$$rtexit$$00000002)
    __rt_exit_exit                           0x08000231   Thumb Code     0  rtexit2.o(.ARM.Collect$$rtexit$$00000004)
    __rt_entry                               0x08000239   Thumb Code    32  rtx_conf_cm.o(.emb_text)
    rt_set_PSP                               0x0800025d   Thumb Code     6  hal_cm4.o(.emb_text)
    rt_get_PSP                               0x08000263   Thumb Code     6  hal_cm4.o(.emb_text)
    os_set_env                               0x08000269   Thumb Code    24  hal_cm4.o(.emb_text)
    _alloc_box                               0x08000285   Thumb Code    28  hal_cm4.o(.emb_text)
    _free_box                                0x080002a5   Thumb Code    28  hal_cm4.o(.emb_text)
    SVC_Handler                              0x080002c5   Thumb Code   148  hal_cm4.o(.emb_text)
    PendSV_Handler                           0x08000365   Thumb Code    96  hal_cm4.o(.emb_text)
    SysTick_Handler                          0x080003c9   Thumb Code     8  hal_cm4.o(.emb_text)
    OS_Tick_Handler                          0x080003d1   Thumb Code    12  hal_cm4.o(.emb_text)
    HAL_GetTick                              0x080003dd   Thumb Code     6  main.o(.text)
    _maybe_terminate_alloc                   0x080003dd   Thumb Code     0  maybetermalloc1.o(.emb_text)
    SystemClock_Config                       0x080003e3   Thumb Code   102  main.o(.text)
    MainSystemInit                           0x08000449   Thumb Code    36  main.o(.text)
    main                                     0x0800046d   Thumb Code    20  main.o(.text)
    LedInit                                  0x0800048d   Thumb Code    46  led.o(.text)
    LedDeInit                                0x080004bb   Thumb Code    16  led.o(.text)
    LedOn                                    0x080004cb   Thumb Code    82  led.o(.text)
    LedOff                                   0x0800051d   Thumb Code    90  led.o(.text)
    os_idle_demon                            0x08000581   Thumb Code     4  rtx_conf_cm.o(.text)
    os_error                                 0x08000585   Thumb Code    26  rtx_conf_cm.o(.text)
    __user_perthread_libspace                0x0800059f   Thumb Code    32  rtx_conf_cm.o(.text)
    _mutex_initialize                        0x080005bf   Thumb Code    34  rtx_conf_cm.o(.text)
    _mutex_acquire                           0x080005e1   Thumb Code    22  rtx_conf_cm.o(.text)
    _mutex_release                           0x080005f7   Thumb Code    18  rtx_conf_cm.o(.text)
    SPI_IRQHandler                           0x08000fa9   Thumb Code   370  spi_stm32f4xx.o(.text)
    SPI1_IRQHandler                          0x080011a3   Thumb Code    10  spi_stm32f4xx.o(.text)
    Reset_Handler                            0x080011b1   Thumb Code     8  startup_stm32f407xx.o(.text)
    NMI_Handler                              0x080011b9   Thumb Code     2  startup_stm32f407xx.o(.text)
    HardFault_Handler                        0x080011bb   Thumb Code     2  startup_stm32f407xx.o(.text)
    MemManage_Handler                        0x080011bd   Thumb Code     2  startup_stm32f407xx.o(.text)
    BusFault_Handler                         0x080011bf   Thumb Code     2  startup_stm32f407xx.o(.text)
    UsageFault_Handler                       0x080011c1   Thumb Code     2  startup_stm32f407xx.o(.text)
    DebugMon_Handler                         0x080011c5   Thumb Code     2  startup_stm32f407xx.o(.text)
    ADC_IRQHandler                           0x080011cb   Thumb Code     0  startup_stm32f407xx.o(.text)
    CAN1_RX0_IRQHandler                      0x080011cb   Thumb Code     0  startup_stm32f407xx.o(.text)
    CAN1_RX1_IRQHandler                      0x080011cb   Thumb Code     0  startup_stm32f407xx.o(.text)
    CAN1_SCE_IRQHandler                      0x080011cb   Thumb Code     0  startup_stm32f407xx.o(.text)
    CAN1_TX_IRQHandler                       0x080011cb   Thumb Code     0  startup_stm32f407xx.o(.text)
    CAN2_RX0_IRQHandler                      0x080011cb   Thumb Code     0  startup_stm32f407xx.o(.text)
    CAN2_RX1_IRQHandler                      0x080011cb   Thumb Code     0  startup_stm32f407xx.o(.text)
    CAN2_SCE_IRQHandler                      0x080011cb   Thumb Code     0  startup_stm32f407xx.o(.text)
    CAN2_TX_IRQHandler                       0x080011cb   Thumb Code     0  startup_stm32f407xx.o(.text)
    DCMI_IRQHandler                          0x080011cb   Thumb Code     0  startup_stm32f407xx.o(.text)
    DMA1_Stream0_IRQHandler                  0x080011cb   Thumb Code     0  startup_stm32f407xx.o(.text)
    DMA1_Stream1_IRQHandler                  0x080011cb   Thumb Code     0  startup_stm32f407xx.o(.text)
    DMA1_Stream2_IRQHandler                  0x080011cb   Thumb Code     0  startup_stm32f407xx.o(.text)
    DMA1_Stream3_IRQHandler                  0x080011cb   Thumb Code     0  startup_stm32f407xx.o(.text)
    DMA1_Stream4_IRQHandler                  0x080011cb   Thumb Code     0  startup_stm32f407xx.o(.text)
    DMA1_Stream5_IRQHandler                  0x080011cb   Thumb Code     0  startup_stm32f407xx.o(.text)
    DMA1_Stream6_IRQHandler                  0x080011cb   Thumb Code     0  startup_stm32f407xx.o(.text)
    DMA1_Stream7_IRQHandler                  0x080011cb   Thumb Code     0  startup_stm32f407xx.o(.text)
    DMA2_Stream0_IRQHandler                  0x080011cb   Thumb Code     0  startup_stm32f407xx.o(.text)
    DMA2_Stream1_IRQHandler                  0x080011cb   Thumb Code     0  startup_stm32f407xx.o(.text)
    DMA2_Stream2_IRQHandler                  0x080011cb   Thumb Code     0  startup_stm32f407xx.o(.text)
    DMA2_Stream3_IRQHandler                  0x080011cb   Thumb Code     0  startup_stm32f407xx.o(.text)
    DMA2_Stream4_IRQHandler                  0x080011cb   Thumb Code     0  startup_stm32f407xx.o(.text)
    DMA2_Stream5_IRQHandler                  0x080011cb   Thumb Code     0  startup_stm32f407xx.o(.text)
    DMA2_Stream6_IRQHandler                  0x080011cb   Thumb Code     0  startup_stm32f407xx.o(.text)
    DMA2_Stream7_IRQHandler                  0x080011cb   Thumb Code     0  startup_stm32f407xx.o(.text)
    ETH_IRQHandler                           0x080011cb   Thumb Code     0  startup_stm32f407xx.o(.text)
    ETH_WKUP_IRQHandler                      0x080011cb   Thumb Code     0  startup_stm32f407xx.o(.text)
    EXTI0_IRQHandler                         0x080011cb   Thumb Code     0  startup_stm32f407xx.o(.text)
    EXTI15_10_IRQHandler                     0x080011cb   Thumb Code     0  startup_stm32f407xx.o(.text)
    EXTI1_IRQHandler                         0x080011cb   Thumb Code     0  startup_stm32f407xx.o(.text)
    EXTI2_IRQHandler                         0x080011cb   Thumb Code     0  startup_stm32f407xx.o(.text)
    EXTI3_IRQHandler                         0x080011cb   Thumb Code     0  startup_stm32f407xx.o(.text)
    EXTI4_IRQHandler                         0x080011cb   Thumb Code     0  startup_stm32f407xx.o(.text)
    EXTI9_5_IRQHandler                       0x080011cb   Thumb Code     0  startup_stm32f407xx.o(.text)
    FLASH_IRQHandler                         0x080011cb   Thumb Code     0  startup_stm32f407xx.o(.text)
    FMC_IRQHandler                           0x080011cb   Thumb Code     0  startup_stm32f407xx.o(.text)
    FPU_IRQHandler                           0x080011cb   Thumb Code     0  startup_stm32f407xx.o(.text)
    HASH_RNG_IRQHandler                      0x080011cb   Thumb Code     0  startup_stm32f407xx.o(.text)
    I2C1_ER_IRQHandler                       0x080011cb   Thumb Code     0  startup_stm32f407xx.o(.text)
    I2C1_EV_IRQHandler                       0x080011cb   Thumb Code     0  startup_stm32f407xx.o(.text)
    I2C2_ER_IRQHandler                       0x080011cb   Thumb Code     0  startup_stm32f407xx.o(.text)
    I2C2_EV_IRQHandler                       0x080011cb   Thumb Code     0  startup_stm32f407xx.o(.text)
    I2C3_ER_IRQHandler                       0x080011cb   Thumb Code     0  startup_stm32f407xx.o(.text)
    I2C3_EV_IRQHandler                       0x080011cb   Thumb Code     0  startup_stm32f407xx.o(.text)
    OTG_FS_IRQHandler                        0x080011cb   Thumb Code     0  startup_stm32f407xx.o(.text)
    OTG_FS_WKUP_IRQHandler                   0x080011cb   Thumb Code     0  startup_stm32f407xx.o(.text)
    OTG_HS_EP1_IN_IRQHandler                 0x080011cb   Thumb Code     0  startup_stm32f407xx.o(.text)
    OTG_HS_EP1_OUT_IRQHandler                0x080011cb   Thumb Code     0  startup_stm32f407xx.o(.text)
    OTG_HS_IRQHandler                        0x080011cb   Thumb Code     0  startup_stm32f407xx.o(.text)
    OTG_HS_WKUP_IRQHandler                   0x080011cb   Thumb Code     0  startup_stm32f407xx.o(.text)
    PVD_IRQHandler                           0x080011cb   Thumb Code     0  startup_stm32f407xx.o(.text)
    RCC_IRQHandler                           0x080011cb   Thumb Code     0  startup_stm32f407xx.o(.text)
    RTC_Alarm_IRQHandler                     0x080011cb   Thumb Code     0  startup_stm32f407xx.o(.text)
    RTC_WKUP_IRQHandler                      0x080011cb   Thumb Code     0  startup_stm32f407xx.o(.text)
    SDIO_IRQHandler                          0x080011cb   Thumb Code     0  startup_stm32f407xx.o(.text)
    SPI2_IRQHandler                          0x080011cb   Thumb Code     0  startup_stm32f407xx.o(.text)
    SPI3_IRQHandler                          0x080011cb   Thumb Code     0  startup_stm32f407xx.o(.text)
    TAMP_STAMP_IRQHandler                    0x080011cb   Thumb Code     0  startup_stm32f407xx.o(.text)
    TIM1_BRK_TIM9_IRQHandler                 0x080011cb   Thumb Code     0  startup_stm32f407xx.o(.text)
    TIM1_CC_IRQHandler                       0x080011cb   Thumb Code     0  startup_stm32f407xx.o(.text)
    TIM1_TRG_COM_TIM11_IRQHandler            0x080011cb   Thumb Code     0  startup_stm32f407xx.o(.text)
    TIM1_UP_TIM10_IRQHandler                 0x080011cb   Thumb Code     0  startup_stm32f407xx.o(.text)
    TIM2_IRQHandler                          0x080011cb   Thumb Code     0  startup_stm32f407xx.o(.text)
    TIM3_IRQHandler                          0x080011cb   Thumb Code     0  startup_stm32f407xx.o(.text)
    TIM4_IRQHandler                          0x080011cb   Thumb Code     0  startup_stm32f407xx.o(.text)
    TIM5_IRQHandler                          0x080011cb   Thumb Code     0  startup_stm32f407xx.o(.text)
    TIM6_DAC_IRQHandler                      0x080011cb   Thumb Code     0  startup_stm32f407xx.o(.text)
    TIM7_IRQHandler                          0x080011cb   Thumb Code     0  startup_stm32f407xx.o(.text)
    TIM8_BRK_TIM12_IRQHandler                0x080011cb   Thumb Code     0  startup_stm32f407xx.o(.text)
    TIM8_CC_IRQHandler                       0x080011cb   Thumb Code     0  startup_stm32f407xx.o(.text)
    TIM8_TRG_COM_TIM14_IRQHandler            0x080011cb   Thumb Code     0  startup_stm32f407xx.o(.text)
    TIM8_UP_TIM13_IRQHandler                 0x080011cb   Thumb Code     0  startup_stm32f407xx.o(.text)
    UART4_IRQHandler                         0x080011cb   Thumb Code     0  startup_stm32f407xx.o(.text)
    UART5_IRQHandler                         0x080011cb   Thumb Code     0  startup_stm32f407xx.o(.text)
    USART1_IRQHandler                        0x080011cb   Thumb Code     0  startup_stm32f407xx.o(.text)
    USART2_IRQHandler                        0x080011cb   Thumb Code     0  startup_stm32f407xx.o(.text)
    USART3_IRQHandler                        0x080011cb   Thumb Code     0  startup_stm32f407xx.o(.text)
    USART6_IRQHandler                        0x080011cb   Thumb Code     0  startup_stm32f407xx.o(.text)
    WWDG_IRQHandler                          0x080011cb   Thumb Code     0  startup_stm32f407xx.o(.text)
    __user_initial_stackheap                 0x080011cd   Thumb Code     0  startup_stm32f407xx.o(.text)
    SystemInit                               0x080011f1   Thumb Code    82  system_stm32f4xx.o(.text)
    SystemCoreClockUpdate                    0x08001243   Thumb Code   174  system_stm32f4xx.o(.text)
    HAL_MspInit                              0x08001311   Thumb Code     2  stm32f4xx_hal.o(.text)
    HAL_InitTick                             0x08001313   Thumb Code    36  stm32f4xx_hal.o(.text)
    HAL_Init                                 0x08001337   Thumb Code    54  stm32f4xx_hal.o(.text)
    HAL_MspDeInit                            0x0800136d   Thumb Code     2  stm32f4xx_hal.o(.text)
    HAL_DeInit                               0x0800136f   Thumb Code    64  stm32f4xx_hal.o(.text)
    HAL_IncTick                              0x080013af   Thumb Code    12  stm32f4xx_hal.o(.text)
    HAL_Delay                                0x080013c1   Thumb Code    26  stm32f4xx_hal.o(.text)
    HAL_SuspendTick                          0x080013db   Thumb Code    18  stm32f4xx_hal.o(.text)
    HAL_ResumeTick                           0x080013ed   Thumb Code    18  stm32f4xx_hal.o(.text)
    HAL_GetHalVersion                        0x080013ff   Thumb Code     4  stm32f4xx_hal.o(.text)
    HAL_GetREVID                             0x08001403   Thumb Code     8  stm32f4xx_hal.o(.text)
    HAL_GetDEVID                             0x0800140b   Thumb Code    10  stm32f4xx_hal.o(.text)
    HAL_EnableDBGSleepMode                   0x08001415   Thumb Code    14  stm32f4xx_hal.o(.text)
    HAL_DisableDBGSleepMode                  0x08001423   Thumb Code    14  stm32f4xx_hal.o(.text)
    HAL_EnableDBGStopMode                    0x08001431   Thumb Code    14  stm32f4xx_hal.o(.text)
    HAL_DisableDBGStopMode                   0x0800143f   Thumb Code    14  stm32f4xx_hal.o(.text)
    HAL_EnableDBGStandbyMode                 0x0800144d   Thumb Code    14  stm32f4xx_hal.o(.text)
    HAL_DisableDBGStandbyMode                0x0800145b   Thumb Code    14  stm32f4xx_hal.o(.text)
    HAL_EnableCompensationCell               0x08001469   Thumb Code     8  stm32f4xx_hal.o(.text)
    HAL_DisableCompensationCell              0x08001471   Thumb Code     8  stm32f4xx_hal.o(.text)
    HAL_NVIC_SetPriorityGrouping             0x080014b1   Thumb Code    36  stm32f4xx_hal_cortex.o(.text)
    HAL_NVIC_SetPriority                     0x080014d5   Thumb Code   124  stm32f4xx_hal_cortex.o(.text)
    HAL_NVIC_EnableIRQ                       0x08001551   Thumb Code    26  stm32f4xx_hal_cortex.o(.text)
    HAL_NVIC_DisableIRQ                      0x0800156b   Thumb Code    22  stm32f4xx_hal_cortex.o(.text)
    HAL_NVIC_SystemReset                     0x08001581   Thumb Code    38  stm32f4xx_hal_cortex.o(.text)
    HAL_SYSTICK_Config                       0x080015a7   Thumb Code    52  stm32f4xx_hal_cortex.o(.text)
    HAL_NVIC_GetPriorityGrouping             0x080015db   Thumb Code     8  stm32f4xx_hal_cortex.o(.text)
    HAL_NVIC_GetPriority                     0x080015e3   Thumb Code   138  stm32f4xx_hal_cortex.o(.text)
    HAL_NVIC_SetPendingIRQ                   0x0800166d   Thumb Code    24  stm32f4xx_hal_cortex.o(.text)
    HAL_NVIC_GetPendingIRQ                   0x08001685   Thumb Code    38  stm32f4xx_hal_cortex.o(.text)
    HAL_NVIC_ClearPendingIRQ                 0x080016ab   Thumb Code    22  stm32f4xx_hal_cortex.o(.text)
    HAL_NVIC_GetActive                       0x080016c1   Thumb Code    38  stm32f4xx_hal_cortex.o(.text)
    HAL_SYSTICK_CLKSourceConfig              0x080016e7   Thumb Code    40  stm32f4xx_hal_cortex.o(.text)
    HAL_SYSTICK_Callback                     0x0800170f   Thumb Code     2  stm32f4xx_hal_cortex.o(.text)
    HAL_SYSTICK_IRQHandler                   0x08001711   Thumb Code     8  stm32f4xx_hal_cortex.o(.text)
    HAL_DMA_Init                             0x08001739   Thumb Code   120  stm32f4xx_hal_dma.o(.text)
    HAL_DMA_DeInit                           0x080017b1   Thumb Code  3952  stm32f4xx_hal_dma.o(.text)
    HAL_DMA_Start                            0x08002741   Thumb Code    82  stm32f4xx_hal_dma.o(.text)
    HAL_DMA_Start_IT                         0x08002793   Thumb Code   142  stm32f4xx_hal_dma.o(.text)
    HAL_DMA_Abort                            0x08002821   Thumb Code    94  stm32f4xx_hal_dma.o(.text)
    HAL_DMA_PollForTransfer                  0x0800287f   Thumb Code 10074  stm32f4xx_hal_dma.o(.text)
    HAL_DMA_IRQHandler                       0x08004fd9   Thumb Code  9776  stm32f4xx_hal_dma.o(.text)
    HAL_DMA_GetState                         0x08007609   Thumb Code     8  stm32f4xx_hal_dma.o(.text)
    HAL_DMA_GetError                         0x08007611   Thumb Code     6  stm32f4xx_hal_dma.o(.text)
    HAL_GPIO_Init                            0x08007621   Thumb Code   466  stm32f4xx_hal_gpio.o(.text)
    HAL_GPIO_DeInit                          0x080077f3   Thumb Code   200  stm32f4xx_hal_gpio.o(.text)
    HAL_GPIO_ReadPin                         0x080078bb   Thumb Code    16  stm32f4xx_hal_gpio.o(.text)
    HAL_GPIO_WritePin                        0x080078cb   Thumb Code    10  stm32f4xx_hal_gpio.o(.text)
    HAL_GPIO_TogglePin                       0x080078d5   Thumb Code     8  stm32f4xx_hal_gpio.o(.text)
    HAL_GPIO_LockPin                         0x080078dd   Thumb Code    46  stm32f4xx_hal_gpio.o(.text)
    HAL_GPIO_EXTI_Callback                   0x0800790b   Thumb Code     2  stm32f4xx_hal_gpio.o(.text)
    HAL_GPIO_EXTI_IRQHandler                 0x0800790d   Thumb Code    28  stm32f4xx_hal_gpio.o(.text)
    HAL_RCC_DeInit                           0x0800795d   Thumb Code    96  stm32f4xx_hal_rcc.o(.text)
    HAL_RCC_OscConfig                        0x080079bd   Thumb Code  1016  stm32f4xx_hal_rcc.o(.text)
    HAL_RCC_ClockConfig                      0x08007db5   Thumb Code   612  stm32f4xx_hal_rcc.o(.text)
    HAL_RCC_MCOConfig                        0x08008019   Thumb Code   146  stm32f4xx_hal_rcc.o(.text)
    HAL_RCC_EnableCSS                        0x080080ab   Thumb Code     8  stm32f4xx_hal_rcc.o(.text)
    HAL_RCC_DisableCSS                       0x080080b3   Thumb Code     8  stm32f4xx_hal_rcc.o(.text)
    HAL_RCC_GetSysClockFreq                  0x080080bb   Thumb Code   214  stm32f4xx_hal_rcc.o(.text)
    HAL_RCC_GetHCLKFreq                      0x08008191   Thumb Code    42  stm32f4xx_hal_rcc.o(.text)
    HAL_RCC_GetPCLK1Freq                     0x080081bb   Thumb Code    36  stm32f4xx_hal_rcc.o(.text)
    HAL_RCC_GetPCLK2Freq                     0x080081df   Thumb Code    36  stm32f4xx_hal_rcc.o(.text)
    HAL_RCC_GetOscConfig                     0x08008203   Thumb Code   296  stm32f4xx_hal_rcc.o(.text)
    HAL_RCC_GetClockConfig                   0x0800832b   Thumb Code    58  stm32f4xx_hal_rcc.o(.text)
    HAL_RCC_CCSCallback                      0x08008365   Thumb Code     2  stm32f4xx_hal_rcc.o(.text)
    HAL_RCC_NMI_IRQHandler                   0x08008367   Thumb Code    30  stm32f4xx_hal_rcc.o(.text)
    fs_config                                0x080083c3   Thumb Code    62  fs_config.o(.text)
    fdelete                                  0x08008401   Thumb Code     4  fs_config.o(.text)
    efs_path_valid                           0x08008405   Thumb Code     4  fs_config.o(.text)
    efs_handle_get                           0x08008409   Thumb Code     6  fs_config.o(.text)
    efs_init                                 0x0800840f   Thumb Code     4  fs_config.o(.text)
    efs_uninit                               0x08008413   Thumb Code     4  fs_config.o(.text)
    efs_mount                                0x08008417   Thumb Code     4  fs_config.o(.text)
    efs_unmount                              0x0800841b   Thumb Code     4  fs_config.o(.text)
    efs_open                                 0x0800841f   Thumb Code     4  fs_config.o(.text)
    efs_close                                0x08008423   Thumb Code     4  fs_config.o(.text)
    efs_read                                 0x08008427   Thumb Code     4  fs_config.o(.text)
    efs_write                                0x0800842b   Thumb Code     6  fs_config.o(.text)
    efs_flush                                0x08008431   Thumb Code     4  fs_config.o(.text)
    efs_flen                                 0x08008435   Thumb Code     6  fs_config.o(.text)
    efs_seek                                 0x0800843b   Thumb Code     4  fs_config.o(.text)
    efs_ffind                                0x0800843f   Thumb Code     4  fs_config.o(.text)
    efs_find                                 0x08008443   Thumb Code     4  fs_config.o(.text)
    efs_delete                               0x08008447   Thumb Code     4  fs_config.o(.text)
    efs_analyse                              0x0800844b   Thumb Code     4  fs_config.o(.text)
    efs_check                                0x0800844f   Thumb Code     4  fs_config.o(.text)
    efs_format                               0x08008453   Thumb Code     4  fs_config.o(.text)
    efs_free                                 0x08008457   Thumb Code     4  fs_config.o(.text)
    efs_defrag                               0x0800845b   Thumb Code     4  fs_config.o(.text)
    fat_jour_init                            0x0800845f   Thumb Code     4  fs_config.o(.text)
    fat_jour_prep                            0x08008463   Thumb Code     4  fs_config.o(.text)
    fsj_set_space                            0x08008467   Thumb Code     4  fs_config.o(.text)
    fsj_write                                0x0800846b   Thumb Code     4  fs_config.o(.text)
    fsj_init                                 0x0800846f   Thumb Code     4  fs_config.o(.text)
    elink_init                               0x08008473   Thumb Code     4  fs_config.o(.text)
    elink_init_path                          0x08008477   Thumb Code     4  fs_config.o(.text)
    elink_flush                              0x0800847b   Thumb Code     4  fs_config.o(.text)
    elink_cmd                                0x0800847f   Thumb Code     4  fs_config.o(.text)
    elink_insert                             0x08008483   Thumb Code     4  fs_config.o(.text)
    elink_delete                             0x08008487   Thumb Code     4  fs_config.o(.text)
    elink_scan                               0x0800848b   Thumb Code     4  fs_config.o(.text)
    _ttywrch                                 0x0800848f   Thumb Code    24  fs_config.o(.text)
    _sys_open                                0x080084a7   Thumb Code    64  fs_config.o(.text)
    _sys_close                               0x080084e7   Thumb Code    24  fs_config.o(.text)
    _sys_write                               0x080084ff   Thumb Code    68  fs_config.o(.text)
    _sys_read                                0x08008543   Thumb Code    68  fs_config.o(.text)
    _sys_istty                               0x08008587   Thumb Code    24  fs_config.o(.text)
    _sys_seek                                0x0800859f   Thumb Code    26  fs_config.o(.text)
    _sys_ensure                              0x080085b9   Thumb Code    26  fs_config.o(.text)
    _sys_flen                                0x080085d3   Thumb Code    24  fs_config.o(.text)
    _sys_exit                                0x080085eb   Thumb Code     2  fs_config.o(.text)
    __user_libspace                          0x08008619   Thumb Code     8  libspace.o(.text)
    __user_perproc_libspace                  0x08008619   Thumb Code     0  libspace.o(.text)
    __I$use$semihosting                      0x08008621   Thumb Code     0  use_no_semi.o(.text)
    __use_no_semihosting_swi                 0x08008621   Thumb Code     2  use_no_semi.o(.text)
    __user_setup_stackheap                   0x08008623   Thumb Code    74  sys_stackheap_outer.o(.text)
    exit                                     0x0800866d   Thumb Code    12  exit.o(.text)
    strncasecmp                              0x08008679   Thumb Code    50  strncasecmp.o(.text)
    strlen                                   0x080086ab   Thumb Code    62  strlen.o(.text)
    __aeabi_memcpy                           0x080086e9   Thumb Code     0  rt_memcpy_v6.o(.text)
    __rt_memcpy                              0x080086e9   Thumb Code   138  rt_memcpy_v6.o(.text)
    _memcpy_lastbytes                        0x0800874f   Thumb Code     0  rt_memcpy_v6.o(.text)
    __aeabi_memcpy4                          0x08008773   Thumb Code     0  rt_memcpy_w.o(.text)
    __aeabi_memcpy8                          0x08008773   Thumb Code     0  rt_memcpy_w.o(.text)
    __rt_memcpy_w                            0x08008773   Thumb Code   100  rt_memcpy_w.o(.text)
    _memcpy_lastbytes_aligned                0x080087bb   Thumb Code     0  rt_memcpy_w.o(.text)
    __aeabi_memclr                           0x080087d7   Thumb Code     0  rt_memclr.o(.text)
    __rt_memclr                              0x080087d7   Thumb Code    68  rt_memclr.o(.text)
    _memset                                  0x080087db   Thumb Code     0  rt_memclr.o(.text)
    __aeabi_memclr4                          0x0800881b   Thumb Code     0  rt_memclr_w.o(.text)
    __aeabi_memclr8                          0x0800881b   Thumb Code     0  rt_memclr_w.o(.text)
    __rt_memclr_w                            0x0800881b   Thumb Code    78  rt_memclr_w.o(.text)
    _memset_w                                0x0800881f   Thumb Code     0  rt_memclr_w.o(.text)
    strcmp                                   0x08008869   Thumb Code   128  strcmpv7m.o(.text)
    __use_two_region_memory                  0x080088e9   Thumb Code     2  heapauxi.o(.text)
    __rt_heap_escrow                         0x080088eb   Thumb Code     2  heapauxi.o(.text)
    __rt_heap_expand                         0x080088ed   Thumb Code     2  heapauxi.o(.text)
    tolower                                  0x080088ef   Thumb Code    26  tolower.o(.text)
    _initio                                  0x08008909   Thumb Code   240  initio_locked.o(.text)
    _terminateio                             0x080089f9   Thumb Code   168  initio_locked.o(.text)
    __rt_ctype_table                         0x08008ad1   Thumb Code    16  rt_ctype_table.o(.text)
    _free_internal                           0x08008ae1   Thumb Code    98  h1_free_mt.o(.text)
    free                                     0x08008b43   Thumb Code    20  h1_free_mt.o(.text)
    _fclose_internal                         0x08008b57   Thumb Code    76  fclose.o(.text)
    fclose                                   0x08008b57   Thumb Code     0  fclose.o(.text)
    setvbuf                                  0x08008ba3   Thumb Code   104  setvbuf_locked.o(.text)
    freopen                                  0x08008cbb   Thumb Code    42  fopen_locked.o(.text)
    _fopen$locked                            0x08008ce5   Thumb Code   100  fopen_locked.o(.text)
    __rt_SIGRTRED                            0x08008d51   Thumb Code    14  defsig_rtred_outer.o(.text)
    __rt_heap_descriptor                     0x08008d5f   Thumb Code    10  rt_heap_descriptor_twolibspace.o(.text)
    __rt_locale                              0x08008d69   Thumb Code    10  rt_locale_twolibspace.o(.text)
    __use_no_heap                            0x08008d73   Thumb Code     2  hguard.o(.text)
    __heap$guard                             0x08008d75   Thumb Code     2  hguard.o(.text)
    _terminate_user_alloc                    0x08008d77   Thumb Code     2  init_alloc.o(.text)
    _init_user_alloc                         0x08008d79   Thumb Code     2  init_alloc.o(.text)
    __Heap_Full                              0x08008d7b   Thumb Code    34  init_alloc.o(.text)
    __Heap_Broken                            0x08008d9d   Thumb Code     6  init_alloc.o(.text)
    _init_alloc                              0x08008da3   Thumb Code    94  init_alloc.o(.text)
    _malloc_internal                         0x08008e09   Thumb Code   130  h1_alloc_mt.o(.text)
    malloc                                   0x08008e8b   Thumb Code    20  h1_alloc_mt.o(.text)
    _fseek                                   0x08008ea1   Thumb Code   242  fseek.o(.text)
    fseek                                    0x08008ea1   Thumb Code     0  fseek.o(.text)
    _seterr                                  0x08008f99   Thumb Code    20  stdio.o(.text)
    _writebuf                                0x08008fad   Thumb Code    84  stdio.o(.text)
    _fflush                                  0x08009001   Thumb Code    70  stdio.o(.text)
    _deferredlazyseek                        0x08009047   Thumb Code    60  stdio.o(.text)
    __sig_exit                               0x08009089   Thumb Code    10  defsig_exit.o(.text)
    __rt_SIGRTRED_inner                      0x08009095   Thumb Code    14  defsig_rtred_inner.o(.text)
    __Heap_Initialize                        0x080090c9   Thumb Code    14  h1_init_mt.o(.text)
    __Heap_DescSize                          0x080090d7   Thumb Code     4  h1_init_mt.o(.text)
    __Heap_ProvideMemory                     0x080090db   Thumb Code    62  h1_extend_mt.o(.text)
    _ftell_internal                          0x08009119   Thumb Code    66  ftell.o(.text)
    ftell                                    0x08009119   Thumb Code     0  ftell.o(.text)
    __default_signal_display                 0x0800915b   Thumb Code    50  defsig_general.o(.text)
    __rt_SIGRTMEM                            0x0800918d   Thumb Code    14  defsig_rtmem_outer.o(.text)
    __aeabi_errno_addr                       0x0800919b   Thumb Code     4  rt_errno_addr_twolibspace.o(.text)
    __errno$twolibspace                      0x0800919b   Thumb Code     0  rt_errno_addr_twolibspace.o(.text)
    __rt_errno_addr$twolibspace              0x0800919b   Thumb Code     0  rt_errno_addr_twolibspace.o(.text)
    __rt_SIGRTMEM_inner                      0x080091a1   Thumb Code    22  defsig_rtmem_inner.o(.text)
    SVC_Count                                0x080091f0   Data           4  svc_table.o(SVC_TABLE)
    SVC_Table                                0x080091f4   Data           0  svc_table.o(SVC_TABLE)
    __sys_close                              0x080091f5   Thumb Code    70  fs_sys.o(i.__sys_close)
    __sys_ensure                             0x08009245   Thumb Code    54  fs_sys.o(i.__sys_ensure)
    __sys_flen                               0x08009281   Thumb Code    60  fs_sys.o(i.__sys_flen)
    __sys_open                               0x080092c1   Thumb Code   128  fs_sys.o(i.__sys_open)
    __sys_read                               0x0800934d   Thumb Code    92  fs_sys.o(i.__sys_read)
    __sys_seek                               0x080093ad   Thumb Code    68  fs_sys.o(i.__sys_seek)
    __sys_write                              0x080093f5   Thumb Code    82  fs_sys.o(i.__sys_write)
    _fdelete                                 0x0800944d   Thumb Code   118  fs_mapi.o(i._fdelete)
    _init_box                                0x080094cd   Thumb Code    70  rt_membox.o(i._init_box)
    dbg_init                                 0x08009a7d   Thumb Code    34  hal_cm.o(i.dbg_init)
    dbg_task_notify                          0x08009aad   Thumb Code    32  hal_cm.o(i.dbg_task_notify)
    dbg_task_switch                          0x08009acd   Thumb Code    16  hal_cm.o(i.dbg_task_switch)
    fat_close                                0x08009bf1   Thumb Code   234  fs_fat.o(i.fat_close)
    fat_delete                               0x08009d15   Thumb Code   428  fs_fat.o(i.fat_delete)
    fat_flen                                 0x08009ec5   Thumb Code    26  fs_fat.o(i.fat_flen)
    fat_handle_get                           0x08009ee5   Thumb Code    48  fs_fat.o(i.fat_handle_get)
    fat_open                                 0x08009f1d   Thumb Code   410  fs_fat.o(i.fat_open)
    fat_read                                 0x0800a0bd   Thumb Code   260  fs_fat.o(i.fat_read)
    fat_seek                                 0x0800a1c9   Thumb Code   490  fs_fat.o(i.fat_seek)
    fat_vol_chk                              0x0800a3bd   Thumb Code   110  fs_fat.o(i.fat_vol_chk)
    fat_write                                0x0800a42d   Thumb Code   348  fs_fat.o(i.fat_write)
    fs_drive_id                              0x0800ab79   Thumb Code   134  fs_common.o(i.fs_drive_id)
    fs_get_time                              0x0800ac0d   Thumb Code    26  fs_time.o(i.fs_get_time)
    fs_mc_read_cd                            0x0800ac27   Thumb Code     6  fs_mc_spi.o(i.fs_mc_read_cd)
    fs_mc_read_wp                            0x0800ac2d   Thumb Code     6  fs_mc_spi.o(i.fs_mc_read_wp)
    isr_mbx_receive                          0x0800ad49   Thumb Code    80  rt_mailbox.o(i.isr_mbx_receive)
    isr_mbx_send                             0x0800ad99   Thumb Code    14  rt_mailbox.o(i.isr_mbx_send)
    mc_spi_DevCtrl                           0x0800b1b1   Thumb Code   100  fs_mc_spi.o(i.mc_spi_DevCtrl)
    mc_spi_DrvEvent                          0x0800b215   Thumb Code    14  fs_mc_spi.o(i.mc_spi_DrvEvent)
    mc_spi_Init                              0x0800b225   Thumb Code   694  fs_mc_spi.o(i.mc_spi_Init)
    mc_spi_ReadInfo                          0x0800b4e5   Thumb Code   100  fs_mc_spi.o(i.mc_spi_ReadInfo)
    mc_spi_ReadSector                        0x0800b549   Thumb Code   120  fs_mc_spi.o(i.mc_spi_ReadSector)
    mc_spi_UnInit                            0x0800b5c5   Thumb Code    46  fs_mc_spi.o(i.mc_spi_UnInit)
    mc_spi_WriteSector                       0x0800b5f5   Thumb Code   128  fs_mc_spi.o(i.mc_spi_WriteSector)
    osDelay                                  0x0800ba69   Thumb Code    18  rt_cmsis.o(i.osDelay)
    osKernelInitialize                       0x0800ba81   Thumb Code    30  rt_cmsis.o(i.osKernelInitialize)
    osKernelStart                            0x0800baa5   Thumb Code    98  rt_cmsis.o(i.osKernelStart)
    osKernelSysTick                          0x0800bb11   Thumb Code    18  rt_cmsis.o(i.osKernelSysTick)
    osMessageGet                             0x0800bb29   Thumb Code    62  rt_cmsis.o(i.osMessageGet)
    osThreadCreate                           0x0800bb6d   Thumb Code    38  rt_cmsis.o(i.osThreadCreate)
    osThreadExit                             0x0800bb9d   Thumb Code    14  rt_cmsis.o(i.osThreadExit)
    osTimerCall                              0x0800bbb5   Thumb Code     8  rt_cmsis.o(i.osTimerCall)
    osTimerThread                            0x0800bbc1   Thumb Code    38  rt_cmsis.o(i.osTimerThread)
    os_tick_init                             0x0800bbed   Thumb Code    32  rt_system.o(i.os_tick_init)
    os_tick_irqack                           0x0800bc15   Thumb Code     2  rt_system.o(i.os_tick_irqack)
    os_tick_ovf                              0x0800bc19   Thumb Code    10  rt_system.o(i.os_tick_ovf)
    os_tick_val                              0x0800bc29   Thumb Code    14  rt_system.o(i.os_tick_val)
    path_validate                            0x0800bf39   Thumb Code    60  fs_fat.o(i.path_validate)
    rt_alloc_box                             0x0800c041   Thumb Code    26  rt_membox.o(i.rt_alloc_box)
    rt_alloc_mem                             0x0800c05b   Thumb Code    60  rt_memory.o(i.rt_alloc_mem)
    rt_block                                 0x0800c099   Thumb Code    48  rt_task.o(i.rt_block)
    rt_chk_robin                             0x0800c0d1   Thumb Code    60  rt_robin.o(i.rt_chk_robin)
    rt_dec_dly                               0x0800c119   Thumb Code   102  rt_list.o(i.rt_dec_dly)
    rt_dispatch                              0x0800c189   Thumb Code    60  rt_task.o(i.rt_dispatch)
    rt_dly_wait                              0x0800c1cd   Thumb Code     6  rt_time.o(i.rt_dly_wait)
    rt_evt_psh                               0x0800c1d5   Thumb Code    76  rt_event.o(i.rt_evt_psh)
    rt_free_box                              0x0800c225   Thumb Code    32  rt_membox.o(i.rt_free_box)
    rt_free_mem                              0x0800c245   Thumb Code    40  rt_memory.o(i.rt_free_mem)
    rt_get_first                             0x0800c26d   Thumb Code    40  rt_list.o(i.rt_get_first)
    rt_init_mem                              0x0800c2e5   Thumb Code    26  rt_memory.o(i.rt_init_mem)
    rt_init_robin                            0x0800c301   Thumb Code    14  rt_robin.o(i.rt_init_robin)
    rt_init_stack                            0x0800c319   Thumb Code    70  hal_cm.o(i.rt_init_stack)
    rt_mbx_check                             0x0800c369   Thumb Code     8  rt_mailbox.o(i.rt_mbx_check)
    rt_mbx_init                              0x0800c371   Thumb Code    28  rt_mailbox.o(i.rt_mbx_init)
    rt_mbx_psh                               0x0800c38d   Thumb Code   234  rt_mailbox.o(i.rt_mbx_psh)
    rt_mbx_wait                              0x0800c47d   Thumb Code   172  rt_mailbox.o(i.rt_mbx_wait)
    rt_mut_init                              0x0800c569   Thumb Code    16  rt_mutex.o(i.rt_mut_init)
    rt_mut_release                           0x0800c579   Thumb Code   208  rt_mutex.o(i.rt_mut_release)
    rt_mut_wait                              0x0800c651   Thumb Code   100  rt_mutex.o(i.rt_mut_wait)
    rt_pop_req                               0x0800c6b9   Thumb Code   110  rt_system.o(i.rt_pop_req)
    rt_psh_req                               0x0800c735   Thumb Code    22  rt_system.o(i.rt_psh_req)
    rt_psq_enq                               0x0800c755   Thumb Code    82  rt_list.o(i.rt_psq_enq)
    rt_put_dly                               0x0800c7ad   Thumb Code    68  rt_list.o(i.rt_put_dly)
    rt_put_prio                              0x0800c7f5   Thumb Code    54  rt_list.o(i.rt_put_prio)
    rt_put_rdy_first                         0x0800c82d   Thumb Code    14  rt_list.o(i.rt_put_rdy_first)
    rt_resort_prio                           0x0800c841   Thumb Code    46  rt_list.o(i.rt_resort_prio)
    rt_ret_val                               0x0800c885   Thumb Code    12  hal_cm.o(i.rt_ret_val)
    rt_ret_val2                              0x0800c891   Thumb Code    16  hal_cm.o(i.rt_ret_val2)
    rt_rmv_dly                               0x0800c8a1   Thumb Code    40  rt_list.o(i.rt_rmv_dly)
    rt_rmv_list                              0x0800c8c9   Thumb Code    44  rt_list.o(i.rt_rmv_list)
    rt_sem_psh                               0x0800c8f9   Thumb Code    48  rt_semaphore.o(i.rt_sem_psh)
    rt_stk_check                             0x0800c92d   Thumb Code    28  rt_system.o(i.rt_stk_check)
    rt_switch_req                            0x0800c951   Thumb Code    30  rt_task.o(i.rt_switch_req)
    rt_sys_init                              0x0800c979   Thumb Code   138  rt_task.o(i.rt_sys_init)
    rt_sys_start                             0x0800ca45   Thumb Code   108  rt_task.o(i.rt_sys_start)
    rt_systick                               0x0800cabd   Thumb Code    50  rt_system.o(i.rt_systick)
    rt_tsk_create                            0x0800cb49   Thumb Code   116  rt_task.o(i.rt_tsk_create)
    rt_tsk_delete                            0x0800cbcd   Thumb Code   342  rt_task.o(i.rt_tsk_delete)
    rt_tsk_prio                              0x0800cd41   Thumb Code   108  rt_task.o(i.rt_tsk_prio)
    rt_tsk_self                              0x0800cdbd   Thumb Code    12  rt_task.o(i.rt_tsk_self)
    stdio_getc                               0x0800ce65   Thumb Code    26  fs_stdio.o(i.stdio_getc)
    stdio_putc                               0x0800ce89   Thumb Code    36  fs_stdio.o(i.stdio_putc)
    svcDelay                                 0x0800ceb1   Thumb Code    20  rt_cmsis.o(i.svcDelay)
    svcKernelInitialize                      0x0800cec5   Thumb Code    80  rt_cmsis.o(i.svcKernelInitialize)
    svcKernelStart                           0x0800cf35   Thumb Code    62  rt_cmsis.o(i.svcKernelStart)
    svcKernelSysTick                         0x0800cf7d   Thumb Code    46  rt_cmsis.o(i.svcKernelSysTick)
    svcMessageCreate                         0x0800cfb5   Thumb Code    36  rt_cmsis.o(i.svcMessageCreate)
    svcMessageGet                            0x0800cfd9   Thumb Code    58  rt_cmsis.o(i.svcMessageGet)
    svcThreadCreate                          0x0800d015   Thumb Code   100  rt_cmsis.o(i.svcThreadCreate)
    svcThreadGetId                           0x0800d085   Thumb Code    22  rt_cmsis.o(i.svcThreadGetId)
    svcThreadTerminate                       0x0800d0a1   Thumb Code    50  rt_cmsis.o(i.svcThreadTerminate)
    svcTimerCall                             0x0800d0d9   Thumb Code    24  rt_cmsis.o(i.svcTimerCall)
    sysTimerTick                             0x0800d0f1   Thumb Code    76  rt_cmsis.o(i.sysTimerTick)
    _get_lc_ctype                            0x0800d279   Thumb Code    44  lc_ctype_c.o(locale$$code)
    _fp_init                                 0x0800d2a5   Thumb Code    10  fpinit.o(x$fpl$fpinit)
    __fplib_config_fpu_vfp                   0x0800d2ad   Thumb Code     0  fpinit.o(x$fpl$fpinit)
    __fplib_config_pureend_doubles           0x0800d2ad   Thumb Code     0  fpinit.o(x$fpl$fpinit)
    os_maxtaskrun                            0x0800d2b0   Data           2  rtx_conf_cm.o(.constdata)
    os_stackinfo                             0x0800d2b4   Data           4  rtx_conf_cm.o(.constdata)
    os_rrobin                                0x0800d2b8   Data           4  rtx_conf_cm.o(.constdata)
    os_tickfreq                              0x0800d2bc   Data           4  rtx_conf_cm.o(.constdata)
    os_tickus_i                              0x0800d2c0   Data           2  rtx_conf_cm.o(.constdata)
    os_tickus_f                              0x0800d2c2   Data           2  rtx_conf_cm.o(.constdata)
    os_trv                                   0x0800d2c4   Data           4  rtx_conf_cm.o(.constdata)
    os_flags                                 0x0800d2c8   Data           1  rtx_conf_cm.o(.constdata)
    CMSIS_RTOS_API_Version                   0x0800d2cc   Data           4  rtx_conf_cm.o(.constdata)
    CMSIS_RTOS_RTX_Version                   0x0800d2d0   Data           4  rtx_conf_cm.o(.constdata)
    os_clockrate                             0x0800d2d4   Data           4  rtx_conf_cm.o(.constdata)
    os_timernum                              0x0800d2d8   Data           4  rtx_conf_cm.o(.constdata)
    mp_tcb_size                              0x0800d2dc   Data           2  rtx_conf_cm.o(.constdata)
    mp_stk_size                              0x0800d2e0   Data           4  rtx_conf_cm.o(.constdata)
    os_stack_sz                              0x0800d2e4   Data           4  rtx_conf_cm.o(.constdata)
    os_fifo_size                             0x0800d2e8   Data           1  rtx_conf_cm.o(.constdata)
    os_thread_def_osTimerThread              0x0800d2ec   Data          16  rtx_conf_cm.o(.constdata)
    os_messageQ_def_osTimerMessageQ          0x0800d2fc   Data           8  rtx_conf_cm.o(.constdata)
    mp_tmr_size                              0x0800d304   Data           2  rtx_conf_cm.o(.constdata)
    Driver_SPI1                              0x0800d360   Data          44  spi_stm32f4xx.o(.constdata)
    APBAHBPrescTable                         0x0800d38c   Data          16  stm32f4xx_hal_rcc.o(.constdata)
    fs_fat_fh_cnt                            0x0800d39c   Data           1  fs_config.o(.constdata)
    fs_efs_fh_cnt                            0x0800d39d   Data           1  fs_config.o(.constdata)
    _NDRV                                    0x0800d39e   Data           1  fs_config.o(.constdata)
    fs_efs_timeout_erase_chip                0x0800d3a0   Data           2  fs_config.o(.constdata)
    fs_efs_timeout_erase_sector              0x0800d3a2   Data           1  fs_config.o(.constdata)
    fs_efs_timeout_write                     0x0800d3a3   Data           1  fs_config.o(.constdata)
    fs_efs_timeout_read                      0x0800d3a4   Data           1  fs_config.o(.constdata)
    mc0_drv                                  0x0800d3a8   Data          24  fs_config.o(.constdata)
    fs_DevPool                               0x0800d3c0   Data           8  fs_config.o(.constdata)
    __stdin_name                             0x0800d3c8   Data           6  fs_config.o(.constdata)
    __stdout_name                            0x0800d3ce   Data           7  fs_config.o(.constdata)
    __stderr_name                            0x0800d3d5   Data           7  fs_config.o(.constdata)
    Region$$Table$$Base                      0x0800d898   Number         0  anon$$obj.o(Region$$Table)
    Region$$Table$$Limit                     0x0800d8b8   Number         0  anon$$obj.o(Region$$Table)
    __ctype                                  0x0800d8c5   Data           0  lc_ctype_c.o(locale$$data)
    osThreadId_osTimerThread                 0x20000000   Data           4  rtx_conf_cm.o(.data)
    osMessageQId_osTimerMessageQ             0x20000004   Data           4  rtx_conf_cm.o(.data)
    os_tmr                                   0x20000008   Data           4  rtx_conf_cm.o(.data)
    m_tmr                                    0x2000000c   Data           4  rtx_conf_cm.o(.data)
    os_thread_def_main                       0x20000014   Data          16  rtx_conf_cm.o(.data)
    SystemCoreClock                          0x20000024   Data           4  system_stm32f4xx.o(.data)
    AHBPrescTable                            0x20000028   Data          16  system_stm32f4xx.o(.data)
    fs_efs_fh                                0x2000003c   Data           4  fs_config.o(.data)
    os_initialized                           0x20000040   Data           1  rt_cmsis.o(.data)
    os_running                               0x20000041   Data           1  rt_cmsis.o(.data)
    os_timer_head                            0x20000044   Data           4  rt_cmsis.o(.data)
    os_tsk                                   0x20000048   Data           8  rt_task.o(.data)
    os_time                                  0x20000050   Data           4  rt_time.o(.data)
    ITM_RxBuffer                             0x20000054   Data           4  fs_stdio.o(.data)
    os_tick_irqn                             0x2000005c   Data           4  rt_system.o(.data)
    os_robin                                 0x20000060   Data           8  rt_robin.o(.data)
    dbg_msg                                  0x20000068   Data           1  hal_cm.o(.data)
    _stream_list_lock                        0x2000006c   Data           4  streamlock.o(.data)
    __aeabi_stdin                            0x20000070   Data           4  stdio_streams.o(.data)
    __aeabi_stdout                           0x20000074   Data           4  stdio_streams.o(.data)
    __aeabi_stderr                           0x20000078   Data           4  stdio_streams.o(.data)
    mp_tcb                                   0x20000080   Data         376  rtx_conf_cm.o(.bss)
    mp_stk                                   0x200001f8   Data        1216  rtx_conf_cm.o(.bss)
    os_stack_mem                             0x200006b8   Data         432  rtx_conf_cm.o(.bss)
    os_fifo                                  0x20000868   Data         132  rtx_conf_cm.o(.bss)
    os_active_TCB                            0x200008ec   Data          28  rtx_conf_cm.o(.bss)
    os_messageQ_q_osTimerMessageQ            0x20000908   Data          32  rtx_conf_cm.o(.bss)
    fs_fat_fh                                0x20000c74   Data         160  fs_config.o(.bss)
    os_idle_TCB                              0x200021b4   Data          52  rt_task.o(.bss)
    os_rdy                                   0x200021e8   Data          24  rt_list.o(.bss)
    os_dly                                   0x20002200   Data          24  rt_list.o(.bss)
    __libspace_start                         0x20002218   Data          96  libspace.o(.bss)
    __stdin                                  0x20002278   Data          84  stdio_streams.o(.bss)
    __temporary_stack_top$libspace           0x20002278   Data           0  libspace.o(.bss)
    __stdout                                 0x200022cc   Data          84  stdio_streams.o(.bss)
    __stderr                                 0x20002320   Data          84  stdio_streams.o(.bss)



==============================================================================

Memory Map of the image

  Image Entry point : 0x08000189

  Load Region LR_IROM1 (Base: 0x08000000, Size: 0x0000da44, Max: 0x00100000, ABSOLUTE)

    Execution Region ER_IROM1 (Base: 0x08000000, Size: 0x0000d9c8, Max: 0x00100000, ABSOLUTE)

    Base Addr    Size         Type   Attr      Idx    E Section Name        Object

    0x08000000   0x00000188   Data   RO          573    RESET               startup_stm32f407xx.o
    0x08000188   0x00000008   Code   RO         2583  * !!!main             c_w.l(__main.o)
    0x08000190   0x00000034   Code   RO         2870    !!!scatter          c_w.l(__scatter.o)
    0x080001c4   0x0000001a   Code   RO         2872    !!handler_copy      c_w.l(__scatter_copy.o)
    0x080001de   0x00000002   PAD
    0x080001e0   0x0000001c   Code   RO         2874    !!handler_zi        c_w.l(__scatter_zi.o)
    0x080001fc   0x00000002   Code   RO         2582    .ARM.Collect$$libinit$$00000000  c_w.l(libinit.o)
    0x080001fe   0x00000004   Code   RO         2597    .ARM.Collect$$libinit$$00000001  c_w.l(libinit2.o)
    0x08000202   0x00000000   Code   RO         2600    .ARM.Collect$$libinit$$00000004  c_w.l(libinit2.o)
    0x08000202   0x00000008   Code   RO         2601    .ARM.Collect$$libinit$$00000005  c_w.l(libinit2.o)
    0x0800020a   0x00000000   Code   RO         2603    .ARM.Collect$$libinit$$0000000A  c_w.l(libinit2.o)
    0x0800020a   0x00000000   Code   RO         2605    .ARM.Collect$$libinit$$0000000C  c_w.l(libinit2.o)
    0x0800020a   0x00000000   Code   RO         2607    .ARM.Collect$$libinit$$0000000E  c_w.l(libinit2.o)
    0x0800020a   0x00000006   Code   RO         2608    .ARM.Collect$$libinit$$0000000F  c_w.l(libinit2.o)
    0x08000210   0x00000000   Code   RO         2610    .ARM.Collect$$libinit$$00000011  c_w.l(libinit2.o)
    0x08000210   0x0000000c   Code   RO         2611    .ARM.Collect$$libinit$$00000012  c_w.l(libinit2.o)
    0x0800021c   0x00000000   Code   RO         2612    .ARM.Collect$$libinit$$00000013  c_w.l(libinit2.o)
    0x0800021c   0x00000000   Code   RO         2614    .ARM.Collect$$libinit$$00000015  c_w.l(libinit2.o)
    0x0800021c   0x00000000   Code   RO         2616    .ARM.Collect$$libinit$$00000017  c_w.l(libinit2.o)
    0x0800021c   0x00000000   Code   RO         2618    .ARM.Collect$$libinit$$00000019  c_w.l(libinit2.o)
    0x0800021c   0x00000000   Code   RO         2620    .ARM.Collect$$libinit$$0000001B  c_w.l(libinit2.o)
    0x0800021c   0x00000000   Code   RO         2622    .ARM.Collect$$libinit$$0000001D  c_w.l(libinit2.o)
    0x0800021c   0x00000000   Code   RO         2624    .ARM.Collect$$libinit$$0000001F  c_w.l(libinit2.o)
    0x0800021c   0x00000000   Code   RO         2626    .ARM.Collect$$libinit$$00000021  c_w.l(libinit2.o)
    0x0800021c   0x00000000   Code   RO         2628    .ARM.Collect$$libinit$$00000023  c_w.l(libinit2.o)
    0x0800021c   0x00000004   Code   RO         2629    .ARM.Collect$$libinit$$00000024  c_w.l(libinit2.o)
    0x08000220   0x00000000   Code   RO         2630    .ARM.Collect$$libinit$$00000025  c_w.l(libinit2.o)
    0x08000220   0x00000000   Code   RO         2634    .ARM.Collect$$libinit$$0000002C  c_w.l(libinit2.o)
    0x08000220   0x00000000   Code   RO         2636    .ARM.Collect$$libinit$$0000002E  c_w.l(libinit2.o)
    0x08000220   0x00000000   Code   RO         2638    .ARM.Collect$$libinit$$00000030  c_w.l(libinit2.o)
    0x08000220   0x00000000   Code   RO         2640    .ARM.Collect$$libinit$$00000032  c_w.l(libinit2.o)
    0x08000220   0x00000002   Code   RO         2641    .ARM.Collect$$libinit$$00000033  c_w.l(libinit2.o)
    0x08000222   0x00000002   Code   RO         2807    .ARM.Collect$$libshutdown$$00000000  c_w.l(libshutdown.o)
    0x08000224   0x00000004   Code   RO         2732    .ARM.Collect$$libshutdown$$00000002  c_w.l(libshutdown2.o)
    0x08000228   0x00000000   Code   RO         2733    .ARM.Collect$$libshutdown$$00000003  c_w.l(libshutdown2.o)
    0x08000228   0x00000000   Code   RO         2736    .ARM.Collect$$libshutdown$$00000006  c_w.l(libshutdown2.o)
    0x08000228   0x00000000   Code   RO         2739    .ARM.Collect$$libshutdown$$00000009  c_w.l(libshutdown2.o)
    0x08000228   0x00000000   Code   RO         2741    .ARM.Collect$$libshutdown$$0000000B  c_w.l(libshutdown2.o)
    0x08000228   0x00000000   Code   RO         2744    .ARM.Collect$$libshutdown$$0000000E  c_w.l(libshutdown2.o)
    0x08000228   0x00000002   Code   RO         2745    .ARM.Collect$$libshutdown$$0000000F  c_w.l(libshutdown2.o)
    0x0800022a   0x00000002   Code   RO         2585    .ARM.Collect$$rtexit$$00000000  c_w.l(rtexit.o)
    0x0800022c   0x00000000   Code   RO         2643    .ARM.Collect$$rtexit$$00000002  c_w.l(rtexit2.o)
    0x0800022c   0x00000004   Code   RO         2644    .ARM.Collect$$rtexit$$00000003  c_w.l(rtexit2.o)
    0x08000230   0x00000006   Code   RO         2645    .ARM.Collect$$rtexit$$00000004  c_w.l(rtexit2.o)
    0x08000236   0x00000002   PAD
    0x08000238   0x00000024   Code   RO          500    .emb_text           rtx_conf_cm.o
    0x0800025c   0x00000180   Code   RO         2211    .emb_text           RTX_CM4.lib(hal_cm4.o)
    0x080003dc   0x00000000   Code   RO         2812    .emb_text           c_w.l(maybetermalloc1.o)
    0x080003dc   0x000000b0   Code   RO            4    .text               main.o
    0x0800048c   0x000000f4   Code   RO          160    .text               led.o
    0x08000580   0x000000a4   Code   RO          501    .text               rtx_conf_cm.o
    0x08000624   0x00000b8c   Code   RO          531    .text               spi_stm32f4xx.o
    0x080011b0   0x00000040   Code   RO          574    .text               startup_stm32f407xx.o
    0x080011f0   0x00000120   Code   RO          581    .text               system_stm32f4xx.o
    0x08001310   0x00000180   Code   RO          611    .text               stm32f4xx_hal.o
    0x08001490   0x000002a8   Code   RO          637    .text               stm32f4xx_hal_cortex.o
    0x08001738   0x00005ee8   Code   RO          665    .text               stm32f4xx_hal_dma.o
    0x08007620   0x0000033c   Code   RO          713    .text               stm32f4xx_hal_gpio.o
    0x0800795c   0x00000a3c   Code   RO          785    .text               stm32f4xx_hal_rcc.o
    0x08008398   0x00000280   Code   RO          857    .text               fs_config.o
    0x08008618   0x00000008   Code   RO         2552    .text               c_w.l(libspace.o)
    0x08008620   0x00000002   Code   RO         2555    .text               c_w.l(use_no_semi.o)
    0x08008622   0x0000004a   Code   RO         2557    .text               c_w.l(sys_stackheap_outer.o)
    0x0800866c   0x0000000c   Code   RO         2562    .text               c_w.l(exit.o)
    0x08008678   0x00000032   Code   RO         2564    .text               c_w.l(strncasecmp.o)
    0x080086aa   0x0000003e   Code   RO         2566    .text               c_w.l(strlen.o)
    0x080086e8   0x0000008a   Code   RO         2568    .text               c_w.l(rt_memcpy_v6.o)
    0x08008772   0x00000064   Code   RO         2570    .text               c_w.l(rt_memcpy_w.o)
    0x080087d6   0x00000044   Code   RO         2574    .text               c_w.l(rt_memclr.o)
    0x0800881a   0x0000004e   Code   RO         2576    .text               c_w.l(rt_memclr_w.o)
    0x08008868   0x00000080   Code   RO         2578    .text               c_w.l(strcmpv7m.o)
    0x080088e8   0x00000006   Code   RO         2580    .text               c_w.l(heapauxi.o)
    0x080088ee   0x0000001a   Code   RO         2591    .text               c_w.l(tolower.o)
    0x08008908   0x000001c8   Code   RO         2595    .text               c_w.l(initio_locked.o)
    0x08008ad0   0x00000010   Code   RO         2649    .text               c_w.l(rt_ctype_table.o)
    0x08008ae0   0x00000076   Code   RO         2657    .text               c_w.l(h1_free_mt.o)
    0x08008b56   0x0000004c   Code   RO         2719    .text               c_w.l(fclose.o)
    0x08008ba2   0x00000068   Code   RO         2721    .text               c_w.l(setvbuf_locked.o)
    0x08008c0a   0x00000002   PAD
    0x08008c0c   0x00000144   Code   RO         2723    .text               c_w.l(fopen_locked.o)
    0x08008d50   0x0000000e   Code   RO         2725    .text               c_w.l(defsig_rtred_outer.o)
    0x08008d5e   0x0000000a   Code   RO         2755    .text               c_w.l(rt_heap_descriptor_twolibspace.o)
    0x08008d68   0x0000000a   Code   RO         2762    .text               c_w.l(rt_locale_twolibspace.o)
    0x08008d72   0x00000004   Code   RO         2764    .text               c_w.l(hguard.o)
    0x08008d76   0x0000008a   Code   RO         2766    .text               c_w.l(init_alloc.o)
    0x08008e00   0x0000009e   Code   RO         2774    .text               c_w.l(h1_alloc_mt.o)
    0x08008e9e   0x00000002   PAD
    0x08008ea0   0x000000f8   Code   RO         2786    .text               c_w.l(fseek.o)
    0x08008f98   0x000000f0   Code   RO         2788    .text               c_w.l(stdio.o)
    0x08009088   0x0000000a   Code   RO         2793    .text               c_w.l(defsig_exit.o)
    0x08009092   0x00000002   PAD
    0x08009094   0x00000034   Code   RO         2799    .text               c_w.l(defsig_rtred_inner.o)
    0x080090c8   0x00000012   Code   RO         2818    .text               c_w.l(h1_init_mt.o)
    0x080090da   0x0000003e   Code   RO         2820    .text               c_w.l(h1_extend_mt.o)
    0x08009118   0x00000042   Code   RO         2822    .text               c_w.l(ftell.o)
    0x0800915a   0x00000032   Code   RO         2826    .text               c_w.l(defsig_general.o)
    0x0800918c   0x0000000e   Code   RO         2830    .text               c_w.l(defsig_rtmem_outer.o)
    0x0800919a   0x00000004   Code   RO         2845    .text               c_w.l(rt_errno_addr_twolibspace.o)
    0x0800919e   0x00000002   PAD
    0x080091a0   0x00000050   Code   RO         2849    .text               c_w.l(defsig_rtmem_inner.o)
    0x080091f0   0x00000004   Code   RO         2539    SVC_TABLE           RTX_CM4.lib(svc_table.o)
    0x080091f4   0x00000050   Code   RO         1764    i.__sys_close       FS_LFN_CM3_L.lib(fs_sys.o)
    0x08009244   0x0000003c   Code   RO         1765    i.__sys_ensure      FS_LFN_CM3_L.lib(fs_sys.o)
    0x08009280   0x00000040   Code   RO         1766    i.__sys_flen        FS_LFN_CM3_L.lib(fs_sys.o)
    0x080092c0   0x0000008c   Code   RO         1767    i.__sys_open        FS_LFN_CM3_L.lib(fs_sys.o)
    0x0800934c   0x00000060   Code   RO         1768    i.__sys_read        FS_LFN_CM3_L.lib(fs_sys.o)
    0x080093ac   0x00000048   Code   RO         1769    i.__sys_seek        FS_LFN_CM3_L.lib(fs_sys.o)
    0x080093f4   0x00000058   Code   RO         1770    i.__sys_write       FS_LFN_CM3_L.lib(fs_sys.o)
    0x0800944c   0x00000080   Code   RO         1653    i._fdelete          FS_LFN_CM3_L.lib(fs_mapi.o)
    0x080094cc   0x00000046   Code   RO         2105    i._init_box         RTX_CM4.lib(rt_membox.o)
    0x08009512   0x0000005e   Code   RO         2333    i.alloc_clus        FS_LFN_CM3_L.lib(fs_fat.o)
    0x08009570   0x00000098   Code   RO         2334    i.alloc_table_read  FS_LFN_CM3_L.lib(fs_fat.o)
    0x08009608   0x000000d8   Code   RO         2335    i.alloc_table_write  FS_LFN_CM3_L.lib(fs_fat.o)
    0x080096e0   0x00000092   Code   RO         2338    i.cache_fat         FS_LFN_CM3_L.lib(fs_fat.o)
    0x08009772   0x00000060   Code   RO         2339    i.char_validate     FS_LFN_CM3_L.lib(fs_fat.o)
    0x080097d2   0x00000042   Code   RO         2340    i.clear_clus        FS_LFN_CM3_L.lib(fs_fat.o)
    0x08009814   0x00000024   Code   RO         2341    i.clus_to_sect      FS_LFN_CM3_L.lib(fs_fat.o)
    0x08009838   0x000000d4   Code   RO         2343    i.create_dot_entries  FS_LFN_CM3_L.lib(fs_fat.o)
    0x0800990c   0x000000e4   Code   RO         2344    i.create_lfn_entry  FS_LFN_CM3_L.lib(fs_fat.o)
    0x080099f0   0x0000008a   Code   RO         2345    i.create_sfn_entry  FS_LFN_CM3_L.lib(fs_fat.o)
    0x08009a7a   0x00000002   PAD
    0x08009a7c   0x00000030   Code   RO         2158    i.dbg_init          RTX_CM4.lib(hal_cm.o)
    0x08009aac   0x00000020   Code   RO         2159    i.dbg_task_notify   RTX_CM4.lib(hal_cm.o)
    0x08009acc   0x00000010   Code   RO         2160    i.dbg_task_switch   RTX_CM4.lib(hal_cm.o)
    0x08009adc   0x00000030   Code   RO         2346    i.entry_flush       FS_LFN_CM3_L.lib(fs_fat.o)
    0x08009b0c   0x0000001c   Code   RO         2347    i.entry_pos_comp    FS_LFN_CM3_L.lib(fs_fat.o)
    0x08009b28   0x0000005e   Code   RO         2348    i.entry_pos_inc     FS_LFN_CM3_L.lib(fs_fat.o)
    0x08009b86   0x0000003c   Code   RO         2349    i.entry_read        FS_LFN_CM3_L.lib(fs_fat.o)
    0x08009bc2   0x0000002e   Code   RO         2350    i.entry_type        FS_LFN_CM3_L.lib(fs_fat.o)
    0x08009bf0   0x000000f4   Code   RO         2353    i.fat_close         FS_LFN_CM3_L.lib(fs_fat.o)
    0x08009ce4   0x00000030   Code   RO         2354    i.fat_crc32         FS_LFN_CM3_L.lib(fs_fat.o)
    0x08009d14   0x000001b0   Code   RO         2355    i.fat_delete        FS_LFN_CM3_L.lib(fs_fat.o)
    0x08009ec4   0x00000020   Code   RO         2358    i.fat_flen          FS_LFN_CM3_L.lib(fs_fat.o)
    0x08009ee4   0x00000038   Code   RO         2361    i.fat_handle_get    FS_LFN_CM3_L.lib(fs_fat.o)
    0x08009f1c   0x000001a0   Code   RO         2367    i.fat_open          FS_LFN_CM3_L.lib(fs_fat.o)
    0x0800a0bc   0x0000010c   Code   RO         2369    i.fat_read          FS_LFN_CM3_L.lib(fs_fat.o)
    0x0800a1c8   0x000001f4   Code   RO         2374    i.fat_seek          FS_LFN_CM3_L.lib(fs_fat.o)
    0x0800a3bc   0x0000006e   Code   RO         2377    i.fat_vol_chk       FS_LFN_CM3_L.lib(fs_fat.o)
    0x0800a42a   0x00000002   PAD
    0x0800a42c   0x00000164   Code   RO         2378    i.fat_write         FS_LFN_CM3_L.lib(fs_fat.o)
    0x0800a590   0x00000048   Code   RO         2379    i.file_locked       FS_LFN_CM3_L.lib(fs_fat.o)
    0x0800a5d8   0x00000050   Code   RO         2380    i.find_param        FS_LFN_CM3_L.lib(fs_fat.o)
    0x0800a628   0x0000002c   Code   RO         2381    i.format_date       FS_LFN_CM3_L.lib(fs_fat.o)
    0x0800a654   0x0000002e   Code   RO         2382    i.format_time       FS_LFN_CM3_L.lib(fs_fat.o)
    0x0800a682   0x000000ae   Code   RO         2383    i.frec_allocate     FS_LFN_CM3_L.lib(fs_fat.o)
    0x0800a730   0x00000058   Code   RO         2384    i.frec_delete       FS_LFN_CM3_L.lib(fs_fat.o)
    0x0800a788   0x00000028   Code   RO         2385    i.frec_delete_elink  FS_LFN_CM3_L.lib(fs_fat.o)
    0x0800a7b0   0x00000200   Code   RO         2386    i.frec_find         FS_LFN_CM3_L.lib(fs_fat.o)
    0x0800a9b0   0x0000005a   Code   RO         2387    i.frec_find_elink   FS_LFN_CM3_L.lib(fs_fat.o)
    0x0800aa0a   0x00000002   PAD
    0x0800aa0c   0x0000016c   Code   RO         2388    i.frec_next         FS_LFN_CM3_L.lib(fs_fat.o)
    0x0800ab78   0x00000094   Code   RO         2222    i.fs_drive_id       FS_LFN_CM3_L.lib(fs_common.o)
    0x0800ac0c   0x0000001a   Code   RO         2542    i.fs_get_time       FS_LFN_CM3_L.lib(fs_time.o)
    0x0800ac26   0x00000006   Code   RO         1706    i.fs_mc_read_cd     FS_LFN_CM3_L.lib(fs_mc_spi.o)
    0x0800ac2c   0x00000006   Code   RO         1707    i.fs_mc_read_wp     FS_LFN_CM3_L.lib(fs_mc_spi.o)
    0x0800ac32   0x00000002   PAD
    0x0800ac34   0x00000064   Code   RO         2390    i.fsinfo_write      FS_LFN_CM3_L.lib(fs_fat.o)
    0x0800ac98   0x00000022   Code   RO         2391    i.get_EOC           FS_LFN_CM3_L.lib(fs_fat.o)
    0x0800acba   0x00000032   Code   RO         2393    i.get_fat_sect      FS_LFN_CM3_L.lib(fs_fat.o)
    0x0800acec   0x0000000e   Code   RO         2394    i.get_root_clus     FS_LFN_CM3_L.lib(fs_fat.o)
    0x0800acfa   0x0000000a   Code   RO         2395    i.get_u16           FS_LFN_CM3_L.lib(fs_fat.o)
    0x0800ad04   0x00000016   Code   RO         2396    i.get_u32           FS_LFN_CM3_L.lib(fs_fat.o)
    0x0800ad1a   0x0000002c   Code   RO          904    i.isrMessagePut     RTX_CM4.lib(rt_cmsis.o)
    0x0800ad46   0x00000002   PAD
    0x0800ad48   0x00000050   Code   RO         1993    i.isr_mbx_receive   RTX_CM4.lib(rt_mailbox.o)
    0x0800ad98   0x0000000e   Code   RO         1994    i.isr_mbx_send      RTX_CM4.lib(rt_mailbox.o)
    0x0800ada6   0x00000004   Code   RO         2406    i.link_clus         FS_LFN_CM3_L.lib(fs_fat.o)
    0x0800adaa   0x00000002   PAD
    0x0800adac   0x00000028   Code   RO         2407    i.long_ent_hash     FS_LFN_CM3_L.lib(fs_fat.o)
    0x0800add4   0x000000a8   Code   RO         1708    i.mc_command        FS_LFN_CM3_L.lib(fs_mc_spi.o)
    0x0800ae7c   0x00000082   Code   RO         1709    i.mc_fill_cid       FS_LFN_CM3_L.lib(fs_mc_spi.o)
    0x0800aefe   0x00000002   PAD
    0x0800af00   0x0000008c   Code   RO         1710    i.mc_read_block     FS_LFN_CM3_L.lib(fs_mc_spi.o)
    0x0800af8c   0x00000046   Code   RO         1711    i.mc_read_cid       FS_LFN_CM3_L.lib(fs_mc_spi.o)
    0x0800afd2   0x00000002   PAD
    0x0800afd4   0x000000dc   Code   RO         1712    i.mc_read_csd       FS_LFN_CM3_L.lib(fs_mc_spi.o)
    0x0800b0b0   0x0000005e   Code   RO         1713    i.mc_read_info      FS_LFN_CM3_L.lib(fs_mc_spi.o)
    0x0800b10e   0x00000002   PAD
    0x0800b110   0x00000050   Code   RO         1714    i.mc_receive        FS_LFN_CM3_L.lib(fs_mc_spi.o)
    0x0800b160   0x00000050   Code   RO         1715    i.mc_send           FS_LFN_CM3_L.lib(fs_mc_spi.o)
    0x0800b1b0   0x00000064   Code   RO         1716    i.mc_spi_DevCtrl    FS_LFN_CM3_L.lib(fs_mc_spi.o)
    0x0800b214   0x0000000e   Code   RO         1717    i.mc_spi_DrvEvent   FS_LFN_CM3_L.lib(fs_mc_spi.o)
    0x0800b222   0x00000002   PAD
    0x0800b224   0x000002c0   Code   RO         1718    i.mc_spi_Init       FS_LFN_CM3_L.lib(fs_mc_spi.o)
    0x0800b4e4   0x00000064   Code   RO         1719    i.mc_spi_ReadInfo   FS_LFN_CM3_L.lib(fs_mc_spi.o)
    0x0800b548   0x0000007c   Code   RO         1720    i.mc_spi_ReadSector  FS_LFN_CM3_L.lib(fs_mc_spi.o)
    0x0800b5c4   0x0000002e   Code   RO         1721    i.mc_spi_UnInit     FS_LFN_CM3_L.lib(fs_mc_spi.o)
    0x0800b5f2   0x00000002   PAD
    0x0800b5f4   0x00000084   Code   RO         1722    i.mc_spi_WriteSector  FS_LFN_CM3_L.lib(fs_mc_spi.o)
    0x0800b678   0x00000050   Code   RO         1723    i.mc_transfer       FS_LFN_CM3_L.lib(fs_mc_spi.o)
    0x0800b6c8   0x000000bc   Code   RO         1724    i.mc_write_block    FS_LFN_CM3_L.lib(fs_mc_spi.o)
    0x0800b784   0x000000ac   Code   RO         2409    i.name_analyse      FS_LFN_CM3_L.lib(fs_fat.o)
    0x0800b830   0x000000b4   Code   RO         2410    i.name_basis_gen    FS_LFN_CM3_L.lib(fs_fat.o)
    0x0800b8e4   0x00000008   Code   RO         2411    i.name_hash         FS_LFN_CM3_L.lib(fs_fat.o)
    0x0800b8ec   0x00000128   Code   RO         2412    i.name_nt_gen       FS_LFN_CM3_L.lib(fs_fat.o)
    0x0800ba14   0x00000052   Code   RO         2413    i.name_strip        FS_LFN_CM3_L.lib(fs_fat.o)
    0x0800ba66   0x00000002   PAD
    0x0800ba68   0x00000018   Code   RO          905    i.osDelay           RTX_CM4.lib(rt_cmsis.o)
    0x0800ba80   0x00000024   Code   RO          906    i.osKernelInitialize  RTX_CM4.lib(rt_cmsis.o)
    0x0800baa4   0x0000006c   Code   RO          908    i.osKernelStart     RTX_CM4.lib(rt_cmsis.o)
    0x0800bb10   0x00000018   Code   RO          909    i.osKernelSysTick   RTX_CM4.lib(rt_cmsis.o)
    0x0800bb28   0x00000044   Code   RO          917    i.osMessageGet      RTX_CM4.lib(rt_cmsis.o)
    0x0800bb6c   0x00000030   Code   RO          934    i.osThreadCreate    RTX_CM4.lib(rt_cmsis.o)
    0x0800bb9c   0x00000018   Code   RO          935    i.osThreadExit      RTX_CM4.lib(rt_cmsis.o)
    0x0800bbb4   0x0000000c   Code   RO          941    i.osTimerCall       RTX_CM4.lib(rt_cmsis.o)
    0x0800bbc0   0x0000002c   Code   RO          946    i.osTimerThread     RTX_CM4.lib(rt_cmsis.o)
    0x0800bbec   0x00000028   Code   RO         1785    i.os_tick_init      RTX_CM4.lib(rt_system.o)
    0x0800bc14   0x00000002   Code   RO         1786    i.os_tick_irqack    RTX_CM4.lib(rt_system.o)
    0x0800bc16   0x00000002   PAD
    0x0800bc18   0x00000010   Code   RO         1787    i.os_tick_ovf       RTX_CM4.lib(rt_system.o)
    0x0800bc28   0x00000014   Code   RO         1788    i.os_tick_val       RTX_CM4.lib(rt_system.o)
    0x0800bc3c   0x00000220   Code   RO         2414    i.path_create       FS_LFN_CM3_L.lib(fs_fat.o)
    0x0800be5c   0x00000034   Code   RO         2415    i.path_init         FS_LFN_CM3_L.lib(fs_fat.o)
    0x0800be90   0x000000a6   Code   RO         2416    i.path_open         FS_LFN_CM3_L.lib(fs_fat.o)
    0x0800bf36   0x00000002   PAD
    0x0800bf38   0x0000003c   Code   RO         2417    i.path_validate     FS_LFN_CM3_L.lib(fs_fat.o)
    0x0800bf74   0x0000007a   Code   RO         2418    i.read_cache        FS_LFN_CM3_L.lib(fs_fat.o)
    0x0800bfee   0x00000052   Code   RO         2419    i.read_sector       FS_LFN_CM3_L.lib(fs_fat.o)
    0x0800c040   0x0000001a   Code   RO         2106    i.rt_alloc_box      RTX_CM4.lib(rt_membox.o)
    0x0800c05a   0x0000003c   Code   RO         2134    i.rt_alloc_mem      RTX_CM4.lib(rt_memory.o)
    0x0800c096   0x00000002   PAD
    0x0800c098   0x00000038   Code   RO         1506    i.rt_block          RTX_CM4.lib(rt_task.o)
    0x0800c0d0   0x00000048   Code   RO         2083    i.rt_chk_robin      RTX_CM4.lib(rt_robin.o)
    0x0800c118   0x00000070   Code   RO         1917    i.rt_dec_dly        RTX_CM4.lib(rt_list.o)
    0x0800c188   0x00000044   Code   RO         1507    i.rt_dispatch       RTX_CM4.lib(rt_task.o)
    0x0800c1cc   0x00000006   Code   RO         1590    i.rt_dly_wait       RTX_CM4.lib(rt_time.o)
    0x0800c1d2   0x00000002   PAD
    0x0800c1d4   0x00000050   Code   RO         1878    i.rt_evt_psh        RTX_CM4.lib(rt_event.o)
    0x0800c224   0x00000020   Code   RO         2107    i.rt_free_box       RTX_CM4.lib(rt_membox.o)
    0x0800c244   0x00000028   Code   RO         2135    i.rt_free_mem       RTX_CM4.lib(rt_memory.o)
    0x0800c26c   0x00000028   Code   RO         1918    i.rt_get_first      RTX_CM4.lib(rt_list.o)
    0x0800c294   0x00000008   Code   RO          951    i.rt_id2obj         RTX_CM4.lib(rt_cmsis.o)
    0x0800c29c   0x00000048   Code   RO         1508    i.rt_init_context   RTX_CM4.lib(rt_task.o)
    0x0800c2e4   0x0000001a   Code   RO         2136    i.rt_init_mem       RTX_CM4.lib(rt_memory.o)
    0x0800c2fe   0x00000002   PAD
    0x0800c300   0x00000018   Code   RO         2084    i.rt_init_robin     RTX_CM4.lib(rt_robin.o)
    0x0800c318   0x00000050   Code   RO         2161    i.rt_init_stack     RTX_CM4.lib(hal_cm.o)
    0x0800c368   0x00000008   Code   RO         1995    i.rt_mbx_check      RTX_CM4.lib(rt_mailbox.o)
    0x0800c370   0x0000001c   Code   RO         1996    i.rt_mbx_init       RTX_CM4.lib(rt_mailbox.o)
    0x0800c38c   0x000000f0   Code   RO         1997    i.rt_mbx_psh        RTX_CM4.lib(rt_mailbox.o)
    0x0800c47c   0x000000b0   Code   RO         1999    i.rt_mbx_wait       RTX_CM4.lib(rt_mailbox.o)
    0x0800c52c   0x0000003c   Code   RO          952    i.rt_ms2tick        RTX_CM4.lib(rt_cmsis.o)
    0x0800c568   0x00000010   Code   RO         1624    i.rt_mut_init       RTX_CM4.lib(rt_mutex.o)
    0x0800c578   0x000000d8   Code   RO         1625    i.rt_mut_release    RTX_CM4.lib(rt_mutex.o)
    0x0800c650   0x00000068   Code   RO         1626    i.rt_mut_wait       RTX_CM4.lib(rt_mutex.o)
    0x0800c6b8   0x0000007c   Code   RO         1789    i.rt_pop_req        RTX_CM4.lib(rt_system.o)
    0x0800c734   0x00000020   Code   RO         1790    i.rt_psh_req        RTX_CM4.lib(rt_system.o)
    0x0800c754   0x00000058   Code   RO         1920    i.rt_psq_enq        RTX_CM4.lib(rt_list.o)
    0x0800c7ac   0x00000048   Code   RO         1921    i.rt_put_dly        RTX_CM4.lib(rt_list.o)
    0x0800c7f4   0x00000036   Code   RO         1922    i.rt_put_prio       RTX_CM4.lib(rt_list.o)
    0x0800c82a   0x00000002   PAD
    0x0800c82c   0x00000014   Code   RO         1923    i.rt_put_rdy_first  RTX_CM4.lib(rt_list.o)
    0x0800c840   0x00000034   Code   RO         1924    i.rt_resort_prio    RTX_CM4.lib(rt_list.o)
    0x0800c874   0x00000010   Code   RO         2162    i.rt_ret_regs       RTX_CM4.lib(hal_cm.o)
    0x0800c884   0x0000000c   Code   RO         2163    i.rt_ret_val        RTX_CM4.lib(hal_cm.o)
    0x0800c890   0x00000010   Code   RO         2164    i.rt_ret_val2       RTX_CM4.lib(hal_cm.o)
    0x0800c8a0   0x00000028   Code   RO         1925    i.rt_rmv_dly        RTX_CM4.lib(rt_list.o)
    0x0800c8c8   0x00000030   Code   RO         1926    i.rt_rmv_list       RTX_CM4.lib(rt_list.o)
    0x0800c8f8   0x00000034   Code   RO         2044    i.rt_sem_psh        RTX_CM4.lib(rt_semaphore.o)
    0x0800c92c   0x00000024   Code   RO         1792    i.rt_stk_check      RTX_CM4.lib(rt_system.o)
    0x0800c950   0x00000028   Code   RO         1509    i.rt_switch_req     RTX_CM4.lib(rt_task.o)
    0x0800c978   0x000000cc   Code   RO         1510    i.rt_sys_init       RTX_CM4.lib(rt_task.o)
    0x0800ca44   0x00000078   Code   RO         1511    i.rt_sys_start      RTX_CM4.lib(rt_task.o)
    0x0800cabc   0x00000040   Code   RO         1794    i.rt_systick        RTX_CM4.lib(rt_system.o)
    0x0800cafc   0x00000012   Code   RO          953    i.rt_tid2ptcb       RTX_CM4.lib(rt_cmsis.o)
    0x0800cb0e   0x00000002   PAD
    0x0800cb10   0x00000038   Code   RO          954    i.rt_timer_insert   RTX_CM4.lib(rt_cmsis.o)
    0x0800cb48   0x00000084   Code   RO         1512    i.rt_tsk_create     RTX_CM4.lib(rt_task.o)
    0x0800cbcc   0x00000174   Code   RO         1513    i.rt_tsk_delete     RTX_CM4.lib(rt_task.o)
    0x0800cd40   0x0000007c   Code   RO         1515    i.rt_tsk_prio       RTX_CM4.lib(rt_task.o)
    0x0800cdbc   0x00000010   Code   RO         1516    i.rt_tsk_self       RTX_CM4.lib(rt_task.o)
    0x0800cdcc   0x00000008   Code   RO         2420    i.set_u16           FS_LFN_CM3_L.lib(fs_fat.o)
    0x0800cdd4   0x00000010   Code   RO         2421    i.set_u32           FS_LFN_CM3_L.lib(fs_fat.o)
    0x0800cde4   0x00000048   Code   RO         2422    i.sfn_extract       FS_LFN_CM3_L.lib(fs_fat.o)
    0x0800ce2c   0x0000001a   Code   RO         2423    i.short_ent_hash    FS_LFN_CM3_L.lib(fs_fat.o)
    0x0800ce46   0x0000001e   Code   RO         2424    i.sn_chksum         FS_LFN_CM3_L.lib(fs_fat.o)
    0x0800ce64   0x00000024   Code   RO         1752    i.stdio_getc        FS_LFN_CM3_L.lib(fs_stdio.o)
    0x0800ce88   0x00000028   Code   RO         1753    i.stdio_putc        FS_LFN_CM3_L.lib(fs_stdio.o)
    0x0800ceb0   0x00000014   Code   RO          956    i.svcDelay          RTX_CM4.lib(rt_cmsis.o)
    0x0800cec4   0x00000070   Code   RO          957    i.svcKernelInitialize  RTX_CM4.lib(rt_cmsis.o)
    0x0800cf34   0x00000048   Code   RO          959    i.svcKernelStart    RTX_CM4.lib(rt_cmsis.o)
    0x0800cf7c   0x00000038   Code   RO          960    i.svcKernelSysTick  RTX_CM4.lib(rt_cmsis.o)
    0x0800cfb4   0x00000024   Code   RO          962    i.svcMessageCreate  RTX_CM4.lib(rt_cmsis.o)
    0x0800cfd8   0x0000003a   Code   RO          963    i.svcMessageGet     RTX_CM4.lib(rt_cmsis.o)
    0x0800d012   0x00000002   PAD
    0x0800d014   0x00000070   Code   RO          977    i.svcThreadCreate   RTX_CM4.lib(rt_cmsis.o)
    0x0800d084   0x0000001c   Code   RO          978    i.svcThreadGetId    RTX_CM4.lib(rt_cmsis.o)
    0x0800d0a0   0x00000038   Code   RO          981    i.svcThreadTerminate  RTX_CM4.lib(rt_cmsis.o)
    0x0800d0d8   0x00000018   Code   RO          983    i.svcTimerCall      RTX_CM4.lib(rt_cmsis.o)
    0x0800d0f0   0x00000054   Code   RO          992    i.sysTimerTick      RTX_CM4.lib(rt_cmsis.o)
    0x0800d144   0x00000054   Code   RO         2426    i.unlink_clus       FS_LFN_CM3_L.lib(fs_fat.o)
    0x0800d198   0x000000ae   Code   RO         2427    i.write_cache       FS_LFN_CM3_L.lib(fs_fat.o)
    0x0800d246   0x00000030   Code   RO         2428    i.write_sector      FS_LFN_CM3_L.lib(fs_fat.o)
    0x0800d276   0x00000002   PAD
    0x0800d278   0x0000002c   Code   RO         2791    locale$$code        c_w.l(lc_ctype_c.o)
    0x0800d2a4   0x0000000a   Code   RO         2746    x$fpl$fpinit        fz_wm.l(fpinit.o)
    0x0800d2ae   0x00000002   PAD
    0x0800d2b0   0x00000056   Data   RO          503    .constdata          rtx_conf_cm.o
    0x0800d306   0x00000002   PAD
    0x0800d308   0x00000084   Data   RO          533    .constdata          spi_stm32f4xx.o
    0x0800d38c   0x00000010   Data   RO          786    .constdata          stm32f4xx_hal_rcc.o
    0x0800d39c   0x00000040   Data   RO          859    .constdata          fs_config.o
    0x0800d3dc   0x00000010   Data   RO         1725    .constdata          FS_LFN_CM3_L.lib(fs_mc_spi.o)
    0x0800d3ec   0x000004ac   Data   RO         2429    .constdata          FS_LFN_CM3_L.lib(fs_fat.o)
    0x0800d898   0x00000020   Data   RO         2869    Region$$Table       anon$$obj.o
    0x0800d8b8   0x00000110   Data   RO         2790    locale$$data        c_w.l(lc_ctype_c.o)


    Execution Region RW_IRAM1 (Base: 0x20000000, Size: 0x00002978, Max: 0x00020000, ABSOLUTE)

    Base Addr    Size         Type   Attr      Idx    E Section Name        Object

    0x20000000   0x00000024   Data   RW          504    .data               rtx_conf_cm.o
    0x20000024   0x00000014   Data   RW          582    .data               system_stm32f4xx.o
    0x20000038   0x00000004   Data   RW          612    .data               stm32f4xx_hal.o
    0x2000003c   0x00000004   Data   RW          860    .data               fs_config.o
    0x20000040   0x00000008   Data   RW          995    .data               RTX_CM4.lib(rt_cmsis.o)
    0x20000048   0x00000008   Data   RW         1518    .data               RTX_CM4.lib(rt_task.o)
    0x20000050   0x00000004   Data   RW         1594    .data               RTX_CM4.lib(rt_time.o)
    0x20000054   0x00000004   Data   RW         1754    .data               FS_LFN_CM3_L.lib(fs_stdio.o)
    0x20000058   0x00000008   Data   RW         1797    .data               RTX_CM4.lib(rt_system.o)
    0x20000060   0x00000008   Data   RW         2085    .data               RTX_CM4.lib(rt_robin.o)
    0x20000068   0x00000001   Data   RW         2165    .data               RTX_CM4.lib(hal_cm.o)
    0x20000069   0x00000001   Data   RW         2227    .data               FS_LFN_CM3_L.lib(fs_common.o)
    0x2000006a   0x00000002   PAD
    0x2000006c   0x00000004   Data   RW         2561    .data               c_w.l(streamlock.o)
    0x20000070   0x00000004   Data   RW         2716    .data               c_w.l(stdio_streams.o)
    0x20000074   0x00000004   Data   RW         2717    .data               c_w.l(stdio_streams.o)
    0x20000078   0x00000004   Data   RW         2718    .data               c_w.l(stdio_streams.o)
    0x2000007c   0x00000004   PAD
    0x20000080   0x00000bc8   Zero   RW          502    .bss                rtx_conf_cm.o
    0x20000c48   0x0000002c   Zero   RW          532    .bss                spi_stm32f4xx.o
    0x20000c74   0x00001540   Zero   RW          858    .bss                fs_config.o
    0x200021b4   0x00000034   Zero   RW         1517    .bss                RTX_CM4.lib(rt_task.o)
    0x200021e8   0x00000030   Zero   RW         1927    .bss                RTX_CM4.lib(rt_list.o)
    0x20002218   0x00000060   Zero   RW         2553    .bss                c_w.l(libspace.o)
    0x20002278   0x00000054   Zero   RW         2713    .bss                c_w.l(stdio_streams.o)
    0x200022cc   0x00000054   Zero   RW         2714    .bss                c_w.l(stdio_streams.o)
    0x20002320   0x00000054   Zero   RW         2715    .bss                c_w.l(stdio_streams.o)
    0x20002374   0x00000004   PAD
    0x20002378   0x00000200   Zero   RW          572    HEAP                startup_stm32f407xx.o
    0x20002578   0x00000400   Zero   RW          571    STACK               startup_stm32f407xx.o


==============================================================================

Image component sizes


      Code (inc. data)   RO Data    RW Data    ZI Data      Debug   Object Name

       640         44         64          4       5440      33051   fs_config.o
       244         10          0          0          0       1009   led.o
       176         12          0          0          0     292241   main.o
       200         34         86         36       3016       8741   rtx_conf_cm.o
         0          0          0          0          0      15028   sd_diskio.o
      2956         64        132          0         44      15183   spi_stm32f4xx.o
        64         26        392          0       1536        872   startup_stm32f407xx.o
       384         24          0          4          0       4620   stm32f4xx_hal.o
       680         20          0          0          0      31822   stm32f4xx_hal_cortex.o
     24296        262          0          0          0      17224   stm32f4xx_hal_dma.o
       828         52          0          0          0       4435   stm32f4xx_hal_gpio.o
      2620         80         16          0          0       5742   stm32f4xx_hal_rcc.o
       288         32          0         20          0       1723   system_stm32f4xx.o

    ----------------------------------------------------------------------
     33376        660        724         64      10036     431691   Object Totals
         0          0         32          0          0          0   (incl. Generated)
         0          0          2          0          0          0   (incl. Padding)

    ----------------------------------------------------------------------

      Code (inc. data)   RO Data    RW Data    ZI Data      Debug   Library Member Name

       148         14          0          1          0         84   fs_common.o
      8128        138       1196          0          0       5052   fs_fat.o
       128         10          0          0          0         80   fs_mapi.o
      2482         62         16          0          0       1548   fs_mc_spi.o
        76         14          0          4          0        136   fs_stdio.o
       600         46          0          0          0        572   fs_sys.o
        26          0          0          0          0         68   fs_time.o
       220         24          0          1          0       3428   hal_cm.o
       384         28          0          0          0        720   hal_cm4.o
      1232        164          0          8          0      29136   rt_cmsis.o
        80          4          0          0          0        541   rt_event.o
       526         36          0          0         48       6945   rt_list.o
       546         10          0          0          0       3225   rt_mailbox.o
       128          0          0          0          0       1585   rt_membox.o
       126          0          0          0          0       1895   rt_memory.o
       336         12          0          0          0       1757   rt_mutex.o
        96         22          0          8          0       1014   rt_robin.o
        52          4          0          0          0        485   rt_semaphore.o
       334         66          0          8          0       6367   rt_system.o
      1204        176          0          8         52       8309   rt_task.o
         6          0          0          4          0        524   rt_time.o
         4          4          0          0          0        124   svc_table.o
         8          0          0          0          0         68   __main.o
        52          8          0          0          0          0   __scatter.o
        26          0          0          0          0          0   __scatter_copy.o
        28          0          0          0          0          0   __scatter_zi.o
        10          0          0          0          0         68   defsig_exit.o
        50          0          0          0          0         88   defsig_general.o
        80         58          0          0          0         76   defsig_rtmem_inner.o
        14          0          0          0          0         80   defsig_rtmem_outer.o
        52         38          0          0          0         76   defsig_rtred_inner.o
        14          0          0          0          0         80   defsig_rtred_outer.o
        12          0          0          0          0         72   exit.o
        76          0          0          0          0         88   fclose.o
       324          8          0          0          0        152   fopen_locked.o
       248          6          0          0          0         84   fseek.o
        66          0          0          0          0         76   ftell.o
       158          0          0          0          0        128   h1_alloc_mt.o
        62          0          0          0          0         80   h1_extend_mt.o
       118          0          0          0          0        108   h1_free_mt.o
        18          0          0          0          0         84   h1_init_mt.o
         6          0          0          0          0        152   heapauxi.o
         4          0          0          0          0        136   hguard.o
       138          0          0          0          0        168   init_alloc.o
       456         48          0          0          0        116   initio_locked.o
        44         10        272          0          0         76   lc_ctype_c.o
         2          0          0          0          0          0   libinit.o
        36          0          0          0          0          0   libinit2.o
         2          0          0          0          0          0   libshutdown.o
         6          0          0          0          0          0   libshutdown2.o
         8          4          0          0         96         68   libspace.o
         0          0          0          0          0          0   maybetermalloc1.o
        16          4          0          0          0         76   rt_ctype_table.o
         4          0          0          0          0         68   rt_errno_addr_twolibspace.o
        10          0          0          0          0         76   rt_heap_descriptor_twolibspace.o
        10          0          0          0          0         76   rt_locale_twolibspace.o
        68          0          0          0          0         68   rt_memclr.o
        78          0          0          0          0         80   rt_memclr_w.o
       138          0          0          0          0         68   rt_memcpy_v6.o
       100          0          0          0          0         80   rt_memcpy_w.o
         2          0          0          0          0          0   rtexit.o
        10          0          0          0          0          0   rtexit2.o
       104          0          0          0          0         88   setvbuf_locked.o
       240          6          0          0          0        156   stdio.o
         0          0          0         12        252          0   stdio_streams.o
       128          0          0          0          0         68   strcmpv7m.o
         0          0          0          4          0          0   streamlock.o
        62          0          0          0          0         76   strlen.o
        50          0          0          0          0         84   strncasecmp.o
        74          0          0          0          0         80   sys_stackheap_outer.o
        26          0          0          0          0         76   tolower.o
         2          0          0          0          0         68   use_no_semi.o
        10          0          0          0          0        116   fpinit.o

    ----------------------------------------------------------------------
     20168       1024       1484         60        456      77123   Library Totals
        56          0          0          2          8          0   (incl. Padding)

    ----------------------------------------------------------------------

      Code (inc. data)   RO Data    RW Data    ZI Data      Debug   Library Name

     11588        284       1212          5          0       7540   FS_LFN_CM3_L.lib
      5274        550          0         37        100      66055   RTX_CM4.lib
      3240        190        272         16        348       3412   c_w.l
        10          0          0          0          0        116   fz_wm.l

    ----------------------------------------------------------------------
     20168       1024       1484         60        456      77123   Library Totals

    ----------------------------------------------------------------------

==============================================================================


      Code (inc. data)   RO Data    RW Data    ZI Data      Debug   

     53544       1684       2208        124      10492     491962   Grand Totals
     53544       1684       2208        124      10492     491962   ELF Image Totals
     53544       1684       2208        124          0          0   ROM Totals

==============================================================================

    Total RO  Size (Code + RO Data)                55752 (  54.45kB)
    Total RW  Size (RW Data + ZI Data)             10616 (  10.37kB)
    Total ROM Size (Code + RO Data + RW Data)      55876 (  54.57kB)

==============================================================================

