Component: ARM Compiler 5.05 update 1 (build 106) Tool: armlink [4d0efa]

==============================================================================

Section Cross References

    diskio.o(.text) refers to ff_gen_drv.o(.bss) for disk
    ff.o(.text) refers to diskio.o(.text) for disk_write
    ff.o(.text) refers to ff.o(.bss) for Files
    ff.o(.text) refers to unicode.o(.text) for ff_wtoupper
    ff.o(.text) refers to ff.o(.constdata) for LfnOfs
    ff.o(.text) refers to ff.o(.data) for FatFs
    ff_gen_drv.o(.text) refers to ff_gen_drv.o(.bss) for disk
    sd_diskio.o(.text) refers to stm32_bsp_sd.o(.text) for BSP_SD_Init
    sd_diskio.o(.text) refers to sd_diskio.o(.data) for Stat
    sd_diskio.o(.data) refers to sd_diskio.o(.text) for SD_initialize
    stm32_bsp_sd.o(.text) refers to stm32f4xx_hal_gpio.o(.text) for HAL_GPIO_ReadPin
    stm32_bsp_sd.o(.text) refers to ff.o(.text) for f_mount
    stm32_bsp_sd.o(.text) refers to stm32f4xx_sd_io.o(.text) for SD_IO_WriteCmd
    stm32_bsp_sd.o(.text) refers to stm32_bsp_sd.o(.data) for SdStatus
    stm32_bsp_sd.o(.text) refers to sd_storage.o(.data) for SD_Path
    stm32_bsp_sd.o(.text) refers to sd_storage.o(.bss) for SD_FatFs
    stm32f4xx_sd_io.o(.text) refers to stm32f4xx_hal_gpio.o(.text) for HAL_GPIO_Init
    stm32f4xx_sd_io.o(.text) refers to stm32f4xx_hal_spi.o(.text) for HAL_SPI_GetState
    stm32f4xx_sd_io.o(.text) refers to stm32f4xx_sd_io.o(.bss) for handleSD_Spi
    stm32f4xx_sd_io.o(.text) refers to stm32f4xx_sd_io.o(.data) for SpixTimeout
    unicode.o(.text) refers to unicode.o(.constdata) for Tbl
    led.o(.text) refers to stm32f4xx_hal_gpio.o(.text) for HAL_GPIO_Init
    led.o(.ARM.exidx) refers to led.o(.text) for .text
    main.o(.text) refers to stm32f4xx_hal_rcc.o(.text) for HAL_RCC_OscConfig
    main.o(.text) refers to stm32f4xx_hal.o(.text) for HAL_Init
    main.o(.text) refers to rt_cmsis.o(i.osKernelInitialize) for osKernelInitialize
    main.o(.text) refers to rt_cmsis.o(i.osKernelStart) for osKernelStart
    main.o(.text) refers to sd_storage.o(.text) for StorageInit
    main.o(.text) refers to consol.o(.text) for ConsolInit
    main.o(.text) refers to rt_memcpy_w.o(.text) for __aeabi_memcpy4
    main.o(.text) refers to led.o(.text) for LedInit
    main.o(.text) refers to rt_cmsis.o(i.osDelay) for osDelay
    main.o(.text) refers to rt_time.o(.data) for os_time
    main.o(.ARM.exidx) refers to main.o(.text) for .text
    sd_storage.o(.text) refers to stm32f4xx_hal_gpio.o(.text) for HAL_GPIO_Init
    sd_storage.o(.text) refers to stm32f4xx_hal_cortex.o(.text) for HAL_NVIC_SetPriority
    sd_storage.o(.text) refers to ff_gen_drv.o(.text) for FATFS_LinkDriver
    sd_storage.o(.text) refers to stm32_bsp_sd.o(.text) for BSP_SD_MountCardDetect
    sd_storage.o(.text) refers to ff.o(.text) for f_mount
    sd_storage.o(.text) refers to sd_storage.o(.data) for SD_Path
    sd_storage.o(.text) refers to sd_diskio.o(.data) for SD_Driver
    sd_storage.o(.text) refers to sd_storage.o(.bss) for SD_File
    sd_storage.o(.ARM.exidx) refers to sd_storage.o(.text) for .text
    consol.o(.text) refers to noretval__2printf.o(.text) for __2printf
    consol.o(.text) refers to sd_storage.o(.text) for StorageGetInfo
    consol.o(.text) refers to stm32f4xx_uart_io.o(.text) for UART_IO_Init
    consol.o(.text) refers to consol.o(.constdata) for help
    consol.o(.ARM.exidx) refers to consol.o(.text) for .text
    stm32f4xx_it.o(.text) refers to stm32f4xx_hal_gpio.o(.text) for HAL_GPIO_EXTI_IRQHandler
    stm32f4xx_it.o(.text) refers to stm32_bsp_sd.o(.text) for BSP_SD_MountCardDetect
    stm32f4xx_uart_io.o(.text) refers to stm32f4xx_hal_uart.o(.text) for HAL_UART_Init
    stm32f4xx_uart_io.o(.text) refers to stm32f4xx_hal_gpio.o(.text) for HAL_GPIO_Init
    stm32f4xx_uart_io.o(.text) refers to stm32f4xx_uart_io.o(.bss) for UartHandle
    stm32f4xx_uart_io.o(.ARM.exidx) refers to stm32f4xx_uart_io.o(.text) for .text
    rtx_conf_cm.o(.emb_text) refers to sys_stackheap_outer.o(.text) for __user_setup_stackheap
    rtx_conf_cm.o(.emb_text) refers to libinit.o(.ARM.Collect$$libinit$$00000000) for __rt_lib_init
    rtx_conf_cm.o(.emb_text) refers to rt_cmsis.o(i.osKernelInitialize) for osKernelInitialize
    rtx_conf_cm.o(.emb_text) refers to rt_cmsis.o(i.osThreadCreate) for osThreadCreate
    rtx_conf_cm.o(.emb_text) refers to rt_cmsis.o(i.osKernelStart) for osKernelStart
    rtx_conf_cm.o(.emb_text) refers to exit.o(.text) for exit
    rtx_conf_cm.o(.emb_text) refers to rtx_conf_cm.o(.data) for os_thread_def_main
    rtx_conf_cm.o(.text) refers to rt_task.o(i.rt_tsk_self) for rt_tsk_self
    rtx_conf_cm.o(.text) refers to rt_mutex.o(i.rt_mut_init) for rt_mut_init
    rtx_conf_cm.o(.text) refers to rt_cmsis.o(.data) for os_running
    rtx_conf_cm.o(.text) refers to rtx_conf_cm.o(.bss) for .bss
    rtx_conf_cm.o(.text) refers to libspace.o(.bss) for __libspace_start
    rtx_conf_cm.o(.text) refers to rtx_conf_cm.o(.data) for .data
[...]
    ETH_IRQHandler                           0x08004951   Thumb Code     4  stm32f4xx_it.o(.text)
    ETH_WKUP_IRQHandler                      0x08004955   Thumb Code     4  stm32f4xx_it.o(.text)
    CAN2_TX_IRQHandler                       0x08004959   Thumb Code     4  stm32f4xx_it.o(.text)
    CAN2_RX0_IRQHandler                      0x0800495d   Thumb Code     4  stm32f4xx_it.o(.text)
    CAN2_RX1_IRQHandler                      0x08004961   Thumb Code     4  stm32f4xx_it.o(.text)
    CAN2_SCE_IRQHandler                      0x08004965   Thumb Code     4  stm32f4xx_it.o(.text)
    OTG_FS_IRQHandler                        0x08004969   Thumb Code     4  stm32f4xx_it.o(.text)
    DMA2_Stream5_IRQHandler                  0x0800496d   Thumb Code     4  stm32f4xx_it.o(.text)
    DMA2_Stream6_IRQHandler                  0x08004971   Thumb Code     4  stm32f4xx_it.o(.text)
    DMA2_Stream7_IRQHandler                  0x08004975   Thumb Code     4  stm32f4xx_it.o(.text)
    USART6_IRQHandler                        0x08004979   Thumb Code     4  stm32f4xx_it.o(.text)
    I2C3_EV_IRQHandler                       0x0800497d   Thumb Code     4  stm32f4xx_it.o(.text)
    I2C3_ER_IRQHandler                       0x08004981   Thumb Code     4  stm32f4xx_it.o(.text)
    OTG_HS_EP1_OUT_IRQHandler                0x08004985   Thumb Code     4  stm32f4xx_it.o(.text)
    OTG_HS_EP1_IN_IRQHandler                 0x08004989   Thumb Code     4  stm32f4xx_it.o(.text)
    OTG_HS_WKUP_IRQHandler                   0x0800498d   Thumb Code     4  stm32f4xx_it.o(.text)
    OTG_HS_IRQHandler                        0x08004991   Thumb Code     4  stm32f4xx_it.o(.text)
    DCMI_IRQHandler                          0x08004995   Thumb Code     4  stm32f4xx_it.o(.text)
    HASH_RNG_IRQHandler                      0x08004999   Thumb Code     4  stm32f4xx_it.o(.text)
    FPU_IRQHandler                           0x0800499d   Thumb Code     4  stm32f4xx_it.o(.text)
    UART_IO_Write                            0x080049d3   Thumb Code    38  stm32f4xx_uart_io.o(.text)
    UART_IO_Init                             0x080049f9   Thumb Code    84  stm32f4xx_uart_io.o(.text)
    os_idle_demon                            0x08004a5d   Thumb Code     4  rtx_conf_cm.o(.text)
    os_error                                 0x08004a61   Thumb Code    26  rtx_conf_cm.o(.text)
    __user_perthread_libspace                0x08004a7b   Thumb Code    32  rtx_conf_cm.o(.text)
    _mutex_initialize                        0x08004a9b   Thumb Code    34  rtx_conf_cm.o(.text)
    _mutex_acquire                           0x08004abd   Thumb Code    22  rtx_conf_cm.o(.text)
    _mutex_release                           0x08004ad3   Thumb Code    18  rtx_conf_cm.o(.text)
    SPI_IRQHandler                           0x08005485   Thumb Code   370  spi_stm32f4xx.o(.text)
    SPI1_IRQHandler                          0x0800567f   Thumb Code    10  spi_stm32f4xx.o(.text)
    USART_IRQHandler                         0x080066ad   Thumb Code   626  usart_stm32f4xx.o(.text)
    UART4_IRQHandler                         0x080069d7   Thumb Code    10  usart_stm32f4xx.o(.text)
    HAL_MspInit                              0x080069e5   Thumb Code     2  stm32f4xx_hal.o(.text)
    HAL_InitTick                             0x080069e7   Thumb Code    36  stm32f4xx_hal.o(.text)
    HAL_Init                                 0x08006a0b   Thumb Code    54  stm32f4xx_hal.o(.text)
    HAL_MspDeInit                            0x08006a41   Thumb Code     2  stm32f4xx_hal.o(.text)
    HAL_DeInit                               0x08006a43   Thumb Code    64  stm32f4xx_hal.o(.text)
    HAL_IncTick                              0x08006a83   Thumb Code    12  stm32f4xx_hal.o(.text)
    HAL_Delay                                0x08006a95   Thumb Code    26  stm32f4xx_hal.o(.text)
    HAL_SuspendTick                          0x08006aaf   Thumb Code    18  stm32f4xx_hal.o(.text)
    HAL_ResumeTick                           0x08006ac1   Thumb Code    18  stm32f4xx_hal.o(.text)
    HAL_GetHalVersion                        0x08006ad3   Thumb Code     4  stm32f4xx_hal.o(.text)
    HAL_GetREVID                             0x08006ad7   Thumb Code     8  stm32f4xx_hal.o(.text)
    HAL_GetDEVID                             0x08006adf   Thumb Code    10  stm32f4xx_hal.o(.text)
    HAL_EnableDBGSleepMode                   0x08006ae9   Thumb Code    14  stm32f4xx_hal.o(.text)
    HAL_DisableDBGSleepMode                  0x08006af7   Thumb Code    14  stm32f4xx_hal.o(.text)
    HAL_EnableDBGStopMode                    0x08006b05   Thumb Code    14  stm32f4xx_hal.o(.text)
    HAL_DisableDBGStopMode                   0x08006b13   Thumb Code    14  stm32f4xx_hal.o(.text)
    HAL_EnableDBGStandbyMode                 0x08006b21   Thumb Code    14  stm32f4xx_hal.o(.text)
    HAL_DisableDBGStandbyMode                0x08006b2f   Thumb Code    14  stm32f4xx_hal.o(.text)
    HAL_EnableCompensationCell               0x08006b3d   Thumb Code     8  stm32f4xx_hal.o(.text)
    HAL_DisableCompensationCell              0x08006b45   Thumb Code     8  stm32f4xx_hal.o(.text)
    HAL_NVIC_SetPriorityGrouping             0x08006b85   Thumb Code    36  stm32f4xx_hal_cortex.o(.text)
    HAL_NVIC_SetPriority                     0x08006ba9   Thumb Code   124  stm32f4xx_hal_cortex.o(.text)
    HAL_NVIC_EnableIRQ                       0x08006c25   Thumb Code    26  stm32f4xx_hal_cortex.o(.text)
    HAL_NVIC_DisableIRQ                      0x08006c3f   Thumb Code    22  stm32f4xx_hal_cortex.o(.text)
    HAL_NVIC_SystemReset                     0x08006c55   Thumb Code    38  stm32f4xx_hal_cortex.o(.text)
    HAL_SYSTICK_Config                       0x08006c7b   Thumb Code    52  stm32f4xx_hal_cortex.o(.text)
    HAL_NVIC_GetPriorityGrouping             0x08006caf   Thumb Code     8  stm32f4xx_hal_cortex.o(.text)
    HAL_NVIC_GetPriority                     0x08006cb7   Thumb Code   138  stm32f4xx_hal_cortex.o(.text)
    HAL_NVIC_SetPendingIRQ                   0x08006d41   Thumb Code    24  stm32f4xx_hal_cortex.o(.text)
    HAL_NVIC_GetPendingIRQ                   0x08006d59   Thumb Code    38  stm32f4xx_hal_cortex.o(.text)
    HAL_NVIC_ClearPendingIRQ                 0x08006d7f   Thumb Code    22  stm32f4xx_hal_cortex.o(.text)
    HAL_NVIC_GetActive                       0x08006d95   Thumb Code    38  stm32f4xx_hal_cortex.o(.text)
    HAL_SYSTICK_CLKSourceConfig              0x08006dbb   Thumb Code    40  stm32f4xx_hal_cortex.o(.text)
    HAL_SYSTICK_Callback                     0x08006de3   Thumb Code     2  stm32f4xx_hal_cortex.o(.text)
    HAL_SYSTICK_IRQHandler                   0x08006de5   Thumb Code     8  stm32f4xx_hal_cortex.o(.text)
    HAL_DMA_Init                             0x08006e0d   Thumb Code   120  stm32f4xx_hal_dma.o(.text)
    HAL_DMA_DeInit                           0x08006e85   Thumb Code  3952  stm32f4xx_hal_dma.o(.text)
    HAL_DMA_Start                            0x08007e15   Thumb Code    82  stm32f4xx_hal_dma.o(.text)
    HAL_DMA_Start_IT                         0x08007e67   Thumb Code   142  stm32f4xx_hal_dma.o(.text)
    HAL_DMA_Abort                            0x08007ef5   Thumb Code    94  stm32f4xx_hal_dma.o(.text)
    HAL_DMA_PollForTransfer                  0x08007f53   Thumb Code 10074  stm32f4xx_hal_dma.o(.text)
    HAL_DMA_IRQHandler                       0x0800a6ad   Thumb Code  9776  stm32f4xx_hal_dma.o(.text)
    HAL_DMA_GetState                         0x0800ccdd   Thumb Code     8  stm32f4xx_hal_dma.o(.text)
    HAL_DMA_GetError                         0x0800cce5   Thumb Code     6  stm32f4xx_hal_dma.o(.text)
    HAL_GPIO_Init                            0x0800ccf5   Thumb Code   466  stm32f4xx_hal_gpio.o(.text)
    HAL_GPIO_DeInit                          0x0800cec7   Thumb Code   200  stm32f4xx_hal_gpio.o(.text)
    HAL_GPIO_ReadPin                         0x0800cf8f   Thumb Code    16  stm32f4xx_hal_gpio.o(.text)
    HAL_GPIO_WritePin                        0x0800cf9f   Thumb Code    10  stm32f4xx_hal_gpio.o(.text)
    HAL_GPIO_TogglePin                       0x0800cfa9   Thumb Code     8  stm32f4xx_hal_gpio.o(.text)
    HAL_GPIO_LockPin                         0x0800cfb1   Thumb Code    46  stm32f4xx_hal_gpio.o(.text)
    HAL_GPIO_EXTI_IRQHandler                 0x0800cfe1   Thumb Code    28  stm32f4xx_hal_gpio.o(.text)
    HAL_RCC_DeInit                           0x0800d031   Thumb Code    96  stm32f4xx_hal_rcc.o(.text)
    HAL_RCC_OscConfig                        0x0800d091   Thumb Code  1016  stm32f4xx_hal_rcc.o(.text)
    HAL_RCC_ClockConfig                      0x0800d489   Thumb Code   612  stm32f4xx_hal_rcc.o(.text)
    HAL_RCC_MCOConfig                        0x0800d6ed   Thumb Code   146  stm32f4xx_hal_rcc.o(.text)
    HAL_RCC_EnableCSS                        0x0800d77f   Thumb Code     8  stm32f4xx_hal_rcc.o(.text)
    HAL_RCC_DisableCSS                       0x0800d787   Thumb Code     8  stm32f4xx_hal_rcc.o(.text)
    HAL_RCC_GetSysClockFreq                  0x0800d78f   Thumb Code   214  stm32f4xx_hal_rcc.o(.text)
    HAL_RCC_GetHCLKFreq                      0x0800d865   Thumb Code    42  stm32f4xx_hal_rcc.o(.text)
    HAL_RCC_GetPCLK1Freq                     0x0800d88f   Thumb Code    36  stm32f4xx_hal_rcc.o(.text)
    HAL_RCC_GetPCLK2Freq                     0x0800d8b3   Thumb Code    36  stm32f4xx_hal_rcc.o(.text)
    HAL_RCC_GetOscConfig                     0x0800d8d7   Thumb Code   296  stm32f4xx_hal_rcc.o(.text)
    HAL_RCC_GetClockConfig                   0x0800d9ff   Thumb Code    58  stm32f4xx_hal_rcc.o(.text)
    HAL_RCC_CCSCallback                      0x0800da39   Thumb Code     2  stm32f4xx_hal_rcc.o(.text)
    HAL_RCC_NMI_IRQHandler                   0x0800da3b   Thumb Code    30  stm32f4xx_hal_rcc.o(.text)
    HAL_SPI_MspInit                          0x0800da6d   Thumb Code     2  stm32f4xx_hal_spi.o(.text)
    HAL_SPI_Init                             0x0800da6f   Thumb Code   132  stm32f4xx_hal_spi.o(.text)
    HAL_SPI_MspDeInit                        0x0800daf3   Thumb Code     2  stm32f4xx_hal_spi.o(.text)
    HAL_SPI_DeInit                           0x0800daf5   Thumb Code    50  stm32f4xx_hal_spi.o(.text)
    HAL_SPI_Transmit                         0x0800dc3d   Thumb Code   454  stm32f4xx_hal_spi.o(.text)
    HAL_SPI_TransmitReceive                  0x0800de03   Thumb Code   860  stm32f4xx_hal_spi.o(.text)
    HAL_SPI_Receive                          0x0800e15f   Thumb Code   578  stm32f4xx_hal_spi.o(.text)
    HAL_SPI_ErrorCallback                    0x0800e3a1   Thumb Code     2  stm32f4xx_hal_spi.o(.text)
    HAL_SPI_TxCpltCallback                   0x0800e3a3   Thumb Code     2  stm32f4xx_hal_spi.o(.text)
    HAL_SPI_TxRxCpltCallback                 0x0800e3a5   Thumb Code     2  stm32f4xx_hal_spi.o(.text)
    HAL_SPI_Transmit_IT                      0x0800e493   Thumb Code   200  stm32f4xx_hal_spi.o(.text)
    HAL_SPI_RxCpltCallback                   0x0800e55b   Thumb Code     2  stm32f4xx_hal_spi.o(.text)
    HAL_SPI_TransmitReceive_IT               0x0800e68d   Thumb Code   194  stm32f4xx_hal_spi.o(.text)
    HAL_SPI_Receive_IT                       0x0800e7a1   Thumb Code   224  stm32f4xx_hal_spi.o(.text)
    HAL_SPI_TxHalfCpltCallback               0x0800e931   Thumb Code     2  stm32f4xx_hal_spi.o(.text)
    HAL_SPI_Transmit_DMA                     0x0800e941   Thumb Code   220  stm32f4xx_hal_spi.o(.text)
    HAL_SPI_RxHalfCpltCallback               0x0800eaf5   Thumb Code     2  stm32f4xx_hal_spi.o(.text)
    HAL_SPI_TxRxHalfCpltCallback             0x0800ebe3   Thumb Code     2  stm32f4xx_hal_spi.o(.text)
    HAL_SPI_TransmitReceive_DMA              0x0800ebf3   Thumb Code   308  stm32f4xx_hal_spi.o(.text)
    HAL_SPI_Receive_DMA                      0x0800ed27   Thumb Code   290  stm32f4xx_hal_spi.o(.text)
    HAL_SPI_DMAPause                         0x0800ee49   Thumb Code    62  stm32f4xx_hal_spi.o(.text)
    HAL_SPI_DMAResume                        0x0800ee87   Thumb Code    62  stm32f4xx_hal_spi.o(.text)
    HAL_SPI_DMAStop                          0x0800eec5   Thumb Code    58  stm32f4xx_hal_spi.o(.text)
    HAL_SPI_IRQHandler                       0x0800eeff   Thumb Code   254  stm32f4xx_hal_spi.o(.text)
    HAL_SPI_GetState                         0x0800effd   Thumb Code     8  stm32f4xx_hal_spi.o(.text)
    HAL_SPI_GetError                         0x0800f005   Thumb Code     8  stm32f4xx_hal_spi.o(.text)
    HAL_UART_MspInit                         0x0800f239   Thumb Code     2  stm32f4xx_hal_uart.o(.text)
    HAL_UART_Init                            0x0800f23b   Thumb Code   106  stm32f4xx_hal_uart.o(.text)
    HAL_HalfDuplex_Init                      0x0800f2a5   Thumb Code   110  stm32f4xx_hal_uart.o(.text)
    HAL_LIN_Init                             0x0800f313   Thumb Code   134  stm32f4xx_hal_uart.o(.text)
    HAL_MultiProcessor_Init                  0x0800f399   Thumb Code   146  stm32f4xx_hal_uart.o(.text)
    HAL_UART_MspDeInit                       0x0800f42b   Thumb Code     2  stm32f4xx_hal_uart.o(.text)
    HAL_UART_DeInit                          0x0800f42d   Thumb Code    52  stm32f4xx_hal_uart.o(.text)
    HAL_UART_Transmit                        0x0800f55b   Thumb Code   242  stm32f4xx_hal_uart.o(.text)
    HAL_UART_Receive                         0x0800f64d   Thumb Code   250  stm32f4xx_hal_uart.o(.text)
    HAL_UART_Transmit_IT                     0x0800f747   Thumb Code   136  stm32f4xx_hal_uart.o(.text)
    HAL_UART_Receive_IT                      0x0800f7cf   Thumb Code   136  stm32f4xx_hal_uart.o(.text)
    HAL_UART_ErrorCallback                   0x0800f857   Thumb Code     2  stm32f4xx_hal_uart.o(.text)
    HAL_UART_TxHalfCpltCallback              0x0800f87d   Thumb Code     2  stm32f4xx_hal_uart.o(.text)
    HAL_UART_TxCpltCallback                  0x0800f88d   Thumb Code     2  stm32f4xx_hal_uart.o(.text)
    HAL_UART_Transmit_DMA                    0x0800f8f3   Thumb Code   150  stm32f4xx_hal_uart.o(.text)
    HAL_UART_RxHalfCpltCallback              0x0800f989   Thumb Code     2  stm32f4xx_hal_uart.o(.text)
    HAL_UART_RxCpltCallback                  0x0800f999   Thumb Code     2  stm32f4xx_hal_uart.o(.text)
    HAL_UART_Receive_DMA                     0x0800f9d9   Thumb Code   148  stm32f4xx_hal_uart.o(.text)
    HAL_UART_DMAPause                        0x0800fa6d   Thumb Code   114  stm32f4xx_hal_uart.o(.text)
    HAL_UART_DMAResume                       0x0800fadf   Thumb Code   138  stm32f4xx_hal_uart.o(.text)
    HAL_UART_DMAStop                         0x0800fb69   Thumb Code    58  stm32f4xx_hal_uart.o(.text)
    HAL_UART_IRQHandler                      0x0800fd0f   Thumb Code   278  stm32f4xx_hal_uart.o(.text)
    HAL_LIN_SendBreak                        0x0800fe25   Thumb Code    62  stm32f4xx_hal_uart.o(.text)
    HAL_MultiProcessor_EnterMuteMode         0x0800fe63   Thumb Code    62  stm32f4xx_hal_uart.o(.text)
    HAL_MultiProcessor_ExitMuteMode          0x0800fea1   Thumb Code    62  stm32f4xx_hal_uart.o(.text)
    HAL_HalfDuplex_EnableTransmitter         0x0800fedf   Thumb Code    68  stm32f4xx_hal_uart.o(.text)
    HAL_HalfDuplex_EnableReceiver            0x0800ff23   Thumb Code    68  stm32f4xx_hal_uart.o(.text)
    HAL_UART_GetState                        0x0800ff67   Thumb Code     8  stm32f4xx_hal_uart.o(.text)
    HAL_UART_GetError                        0x0800ff6f   Thumb Code     8  stm32f4xx_hal_uart.o(.text)
    Reset_Handler                            0x0800ff79   Thumb Code     8  startup_stm32f407xx.o(.text)
    FMC_IRQHandler                           0x0800ff93   Thumb Code     0  startup_stm32f407xx.o(.text)
    __user_initial_stackheap                 0x0800ff95   Thumb Code     0  startup_stm32f407xx.o(.text)
    SystemInit                               0x0800ffb9   Thumb Code    82  system_stm32f4xx.o(.text)
    SystemCoreClockUpdate                    0x0801000b   Thumb Code   174  system_stm32f4xx.o(.text)
    fs_config                                0x08010103   Thumb Code    74  fs_config.o(.text)
    fdelete                                  0x0801014d   Thumb Code     4  fs_config.o(.text)
    efs_path_valid                           0x08010151   Thumb Code     4  fs_config.o(.text)
    efs_handle_get                           0x08010155   Thumb Code     6  fs_config.o(.text)
    efs_init                                 0x0801015b   Thumb Code     4  fs_config.o(.text)
    efs_uninit                               0x0801015f   Thumb Code     4  fs_config.o(.text)
    efs_mount                                0x08010163   Thumb Code     4  fs_config.o(.text)
    efs_unmount                              0x08010167   Thumb Code     4  fs_config.o(.text)
    efs_open                                 0x0801016b   Thumb Code     4  fs_config.o(.text)
    efs_close                                0x0801016f   Thumb Code     4  fs_config.o(.text)
    efs_read                                 0x08010173   Thumb Code     4  fs_config.o(.text)
    efs_write                                0x08010177   Thumb Code     6  fs_config.o(.text)
    efs_flush                                0x0801017d   Thumb Code     4  fs_config.o(.text)
    efs_flen                                 0x08010181   Thumb Code     6  fs_config.o(.text)
    efs_seek                                 0x08010187   Thumb Code     4  fs_config.o(.text)
    efs_ffind                                0x0801018b   Thumb Code     4  fs_config.o(.text)
    efs_find                                 0x0801018f   Thumb Code     4  fs_config.o(.text)
    efs_delete                               0x08010193   Thumb Code     4  fs_config.o(.text)
    efs_analyse                              0x08010197   Thumb Code     4  fs_config.o(.text)
    efs_check                                0x0801019b   Thumb Code     4  fs_config.o(.text)
    efs_format                               0x0801019f   Thumb Code     4  fs_config.o(.text)
    efs_free                                 0x080101a3   Thumb Code     4  fs_config.o(.text)
    efs_defrag                               0x080101a7   Thumb Code     4  fs_config.o(.text)
    _ttywrch                                 0x080101ab   Thumb Code    24  fs_config.o(.text)
    _sys_open                                0x080101c3   Thumb Code    64  fs_config.o(.text)
    _sys_close                               0x08010203   Thumb Code    24  fs_config.o(.text)
    _sys_write                               0x0801021b   Thumb Code    68  fs_config.o(.text)
    _sys_read                                0x0801025f   Thumb Code    68  fs_config.o(.text)
    _sys_istty                               0x080102a3   Thumb Code    24  fs_config.o(.text)
    _sys_seek                                0x080102bb   Thumb Code    26  fs_config.o(.text)
    _sys_ensure                              0x080102d5   Thumb Code    26  fs_config.o(.text)
    _sys_flen                                0x080102ef   Thumb Code    24  fs_config.o(.text)
    _sys_exit                                0x08010307   Thumb Code     2  fs_config.o(.text)
    __user_libspace                          0x08010339   Thumb Code     8  libspace.o(.text)
    __user_perproc_libspace                  0x08010339   Thumb Code     0  libspace.o(.text)
    __I$use$semihosting                      0x08010341   Thumb Code     0  use_no_semi.o(.text)
    __use_no_semihosting_swi                 0x08010341   Thumb Code     2  use_no_semi.o(.text)
    __user_setup_stackheap                   0x08010343   Thumb Code    74  sys_stackheap_outer.o(.text)
    __2printf                                0x0801038d   Thumb Code    20  noretval__2printf.o(.text)
    exit                                     0x080103a5   Thumb Code    12  exit.o(.text)
    strncasecmp                              0x080103b1   Thumb Code    50  strncasecmp.o(.text)
    strlen                                   0x080103e3   Thumb Code    62  strlen.o(.text)
    __aeabi_memcpy                           0x08010421   Thumb Code     0  rt_memcpy_v6.o(.text)
    __rt_memcpy                              0x08010421   Thumb Code   138  rt_memcpy_v6.o(.text)
    _memcpy_lastbytes                        0x08010487   Thumb Code     0  rt_memcpy_v6.o(.text)
    __aeabi_memcpy4                          0x080104ab   Thumb Code     0  rt_memcpy_w.o(.text)
    __aeabi_memcpy8                          0x080104ab   Thumb Code     0  rt_memcpy_w.o(.text)
    __rt_memcpy_w                            0x080104ab   Thumb Code   100  rt_memcpy_w.o(.text)
    _memcpy_lastbytes_aligned                0x080104f3   Thumb Code     0  rt_memcpy_w.o(.text)
    __aeabi_memclr                           0x0801050f   Thumb Code     0  rt_memclr.o(.text)
    __rt_memclr                              0x0801050f   Thumb Code    68  rt_memclr.o(.text)
    _memset                                  0x08010513   Thumb Code     0  rt_memclr.o(.text)
    __aeabi_memclr4                          0x08010553   Thumb Code     0  rt_memclr_w.o(.text)
    __aeabi_memclr8                          0x08010553   Thumb Code     0  rt_memclr_w.o(.text)
    __rt_memclr_w                            0x08010553   Thumb Code    78  rt_memclr_w.o(.text)
    _memset_w                                0x08010557   Thumb Code     0  rt_memclr_w.o(.text)
    strcmp                                   0x080105a1   Thumb Code   128  strcmpv7m.o(.text)
    __use_two_region_memory                  0x08010621   Thumb Code     2  heapauxi.o(.text)
    __rt_heap_escrow                         0x08010623   Thumb Code     2  heapauxi.o(.text)
    __rt_heap_expand                         0x08010625   Thumb Code     2  heapauxi.o(.text)
    tolower                                  0x08010627   Thumb Code    26  tolower.o(.text)
    _initio                                  0x08010641   Thumb Code   240  initio_locked.o(.text)
    _terminateio                             0x08010731   Thumb Code   168  initio_locked.o(.text)
    __rt_ctype_table                         0x08010809   Thumb Code    16  rt_ctype_table.o(.text)
    _free_internal                           0x08010819   Thumb Code    98  h1_free_mt.o(.text)
    free                                     0x0801087b   Thumb Code    20  h1_free_mt.o(.text)
    _printf_char_common                      0x0801089b   Thumb Code    32  _printf_char_common.o(.text)
    _fclose_internal                         0x080108c1   Thumb Code    76  fclose.o(.text)
    fclose                                   0x080108c1   Thumb Code     0  fclose.o(.text)
    setvbuf                                  0x0801090d   Thumb Code   104  setvbuf_locked.o(.text)
    freopen                                  0x08010a23   Thumb Code    42  fopen_locked.o(.text)
    _fopen$locked                            0x08010a4d   Thumb Code   100  fopen_locked.o(.text)
    __rt_SIGRTRED                            0x08010ab9   Thumb Code    14  defsig_rtred_outer.o(.text)
    __rt_heap_descriptor                     0x08010ac7   Thumb Code    10  rt_heap_descriptor_twolibspace.o(.text)
    __rt_locale                              0x08010ad1   Thumb Code    10  rt_locale_twolibspace.o(.text)
    __use_no_heap                            0x08010adb   Thumb Code     2  hguard.o(.text)
    __heap$guard                             0x08010add   Thumb Code     2  hguard.o(.text)
    _terminate_user_alloc                    0x08010adf   Thumb Code     2  init_alloc.o(.text)
    _init_user_alloc                         0x08010ae1   Thumb Code     2  init_alloc.o(.text)
    __Heap_Full                              0x08010ae3   Thumb Code    34  init_alloc.o(.text)
    __Heap_Broken                            0x08010b05   Thumb Code     6  init_alloc.o(.text)
    _init_alloc                              0x08010b0b   Thumb Code    94  init_alloc.o(.text)
    _malloc_internal                         0x08010b71   Thumb Code   130  h1_alloc_mt.o(.text)
    malloc                                   0x08010bf3   Thumb Code    20  h1_alloc_mt.o(.text)
    __printf                                 0x08010c07   Thumb Code    40  __printf_nopercent.o(.text)
    __flsbuf                                 0x08010c2f   Thumb Code   470  flsbuf.o(.text)
    __flsbuf_byte                            0x08010c2f   Thumb Code     0  flsbuf.o(.text)
    __flsbuf_wide                            0x08010c2f   Thumb Code     0  flsbuf.o(.text)
    _fseek                                   0x08010e05   Thumb Code   242  fseek.o(.text)
    fseek                                    0x08010e05   Thumb Code     0  fseek.o(.text)
    _seterr                                  0x08010efd   Thumb Code    20  stdio.o(.text)
    _writebuf                                0x08010f11   Thumb Code    84  stdio.o(.text)
    _fflush                                  0x08010f65   Thumb Code    70  stdio.o(.text)
    _deferredlazyseek                        0x08010fab   Thumb Code    60  stdio.o(.text)
    __sig_exit                               0x08010fed   Thumb Code    10  defsig_exit.o(.text)
    __rt_SIGRTRED_inner                      0x08010ff9   Thumb Code    14  defsig_rtred_inner.o(.text)
    __Heap_Initialize                        0x0801102d   Thumb Code    14  h1_init_mt.o(.text)
    __Heap_DescSize                          0x0801103b   Thumb Code     4  h1_init_mt.o(.text)
    __Heap_ProvideMemory                     0x0801103f   Thumb Code    62  h1_extend_mt.o(.text)
    _printf_char_file                        0x0801107d   Thumb Code    58  _printf_char_file_locked.o(.text)
    _ftell_internal                          0x080110bd   Thumb Code    66  ftell.o(.text)
    ftell                                    0x080110bd   Thumb Code     0  ftell.o(.text)
    __default_signal_display                 0x080110ff   Thumb Code    50  defsig_general.o(.text)
    __rt_SIGRTMEM                            0x08011131   Thumb Code    14  defsig_rtmem_outer.o(.text)
    __aeabi_errno_addr                       0x0801113f   Thumb Code     4  rt_errno_addr_twolibspace.o(.text)
    __errno$twolibspace                      0x0801113f   Thumb Code     0  rt_errno_addr_twolibspace.o(.text)
    __rt_errno_addr$twolibspace              0x0801113f   Thumb Code     0  rt_errno_addr_twolibspace.o(.text)
    __rt_SIGRTMEM_inner                      0x08011145   Thumb Code    22  defsig_rtmem_inner.o(.text)
    SVC_Count                                0x08011194   Data           4  svc_table.o(SVC_TABLE)
    SVC_Table                                0x08011198   Data           0  svc_table.o(SVC_TABLE)
    __sys_close                              0x08011211   Thumb Code    70  fs_sys.o(i.__sys_close)
    __sys_ensure                             0x08011261   Thumb Code    54  fs_sys.o(i.__sys_ensure)
    __sys_flen                               0x0801129d   Thumb Code    60  fs_sys.o(i.__sys_flen)
    __sys_open                               0x080112dd   Thumb Code   128  fs_sys.o(i.__sys_open)
    __sys_read                               0x08011369   Thumb Code    92  fs_sys.o(i.__sys_read)
    __sys_seek                               0x080113c9   Thumb Code    68  fs_sys.o(i.__sys_seek)
    __sys_write                              0x08011411   Thumb Code    82  fs_sys.o(i.__sys_write)
    _fdelete                                 0x08011469   Thumb Code   118  fs_mapi.o(i._fdelete)
    _init_box                                0x080114e9   Thumb Code    70  rt_membox.o(i._init_box)
    dbg_init                                 0x08011a99   Thumb Code    34  hal_cm.o(i.dbg_init)
    dbg_task_notify                          0x08011ac9   Thumb Code    32  hal_cm.o(i.dbg_task_notify)
    dbg_task_switch                          0x08011ae9   Thumb Code    16  hal_cm.o(i.dbg_task_switch)
    elink_cmd                                0x08011c2b   Thumb Code   164  fs_fat_elink.o(i.elink_cmd)
    elink_delete                             0x08011d25   Thumb Code    66  fs_fat_elink.o(i.elink_delete)
    elink_init_path                          0x08011db1   Thumb Code    38  fs_fat_elink.o(i.elink_init_path)
    elink_insert                             0x08011dd7   Thumb Code   286  fs_fat_elink.o(i.elink_insert)
    elink_scan                               0x08011ef5   Thumb Code    94  fs_fat_elink.o(i.elink_scan)
    fat_close                                0x08012085   Thumb Code   234  fs_fat.o(i.fat_close)
    fat_delete                               0x080121a9   Thumb Code   428  fs_fat.o(i.fat_delete)
    fat_flen                                 0x08012359   Thumb Code    26  fs_fat.o(i.fat_flen)
    fat_handle_get                           0x08012379   Thumb Code    48  fs_fat.o(i.fat_handle_get)
    fat_open                                 0x080123b1   Thumb Code   410  fs_fat.o(i.fat_open)
    fat_read                                 0x08012551   Thumb Code   260  fs_fat.o(i.fat_read)
    fat_seek                                 0x0801265d   Thumb Code   490  fs_fat.o(i.fat_seek)
    fat_vol_chk                              0x08012851   Thumb Code   110  fs_fat.o(i.fat_vol_chk)
    fat_write                                0x080128c1   Thumb Code   348  fs_fat.o(i.fat_write)
    _fputc$unlocked                          0x08012b17   Thumb Code    26  fputc.o(i.fputc)
    fs_drive_id                              0x08013029   Thumb Code   134  fs_common.o(i.fs_drive_id)
    fs_get_time                              0x080130bd   Thumb Code    26  fs_time.o(i.fs_get_time)
    fs_mc_read_cd                            0x080130d7   Thumb Code     6  fs_mc_spi.o(i.fs_mc_read_cd)
    fs_mc_read_wp                            0x080130dd   Thumb Code     6  fs_mc_spi.o(i.fs_mc_read_wp)
    fsj_write                                0x08013149   Thumb Code   184  fs_journal.o(i.fsj_write)
    isr_mbx_receive                          0x080132b1   Thumb Code    80  rt_mailbox.o(i.isr_mbx_receive)
    isr_mbx_send                             0x08013301   Thumb Code    14  rt_mailbox.o(i.isr_mbx_send)
    mc_spi_DevCtrl                           0x08013719   Thumb Code   100  fs_mc_spi.o(i.mc_spi_DevCtrl)
    mc_spi_DrvEvent                          0x0801377d   Thumb Code    14  fs_mc_spi.o(i.mc_spi_DrvEvent)
    mc_spi_Init                              0x0801378d   Thumb Code   694  fs_mc_spi.o(i.mc_spi_Init)
    mc_spi_ReadInfo                          0x08013a4d   Thumb Code   100  fs_mc_spi.o(i.mc_spi_ReadInfo)
    mc_spi_ReadSector                        0x08013ab1   Thumb Code   120  fs_mc_spi.o(i.mc_spi_ReadSector)
    mc_spi_UnInit                            0x08013b2d   Thumb Code    46  fs_mc_spi.o(i.mc_spi_UnInit)
    mc_spi_WriteSector                       0x08013b5d   Thumb Code   128  fs_mc_spi.o(i.mc_spi_WriteSector)
    osDelay                                  0x08013fd1   Thumb Code    18  rt_cmsis.o(i.osDelay)
    osKernelInitialize                       0x08013fe9   Thumb Code    30  rt_cmsis.o(i.osKernelInitialize)
    osKernelStart                            0x0801400d   Thumb Code    98  rt_cmsis.o(i.osKernelStart)
    osKernelSysTick                          0x08014079   Thumb Code    18  rt_cmsis.o(i.osKernelSysTick)
    osMessageGet                             0x08014091   Thumb Code    62  rt_cmsis.o(i.osMessageGet)
    osThreadCreate                           0x080140d5   Thumb Code    38  rt_cmsis.o(i.osThreadCreate)
    osThreadExit                             0x08014105   Thumb Code    14  rt_cmsis.o(i.osThreadExit)
    osTimerCall                              0x0801411d   Thumb Code     8  rt_cmsis.o(i.osTimerCall)
    osTimerThread                            0x08014129   Thumb Code    38  rt_cmsis.o(i.osTimerThread)
    os_tick_init                             0x08014155   Thumb Code    32  rt_system.o(i.os_tick_init)
    os_tick_irqack                           0x0801417d   Thumb Code     2  rt_system.o(i.os_tick_irqack)
    os_tick_ovf                              0x08014181   Thumb Code    10  rt_system.o(i.os_tick_ovf)
    os_tick_val                              0x08014191   Thumb Code    14  rt_system.o(i.os_tick_val)
    path_validate                            0x080144a1   Thumb Code    60  fs_fat.o(i.path_validate)
    rt_alloc_box                             0x080145a9   Thumb Code    26  rt_membox.o(i.rt_alloc_box)
    rt_alloc_mem                             0x080145c3   Thumb Code    60  rt_memory.o(i.rt_alloc_mem)
    rt_block                                 0x08014601   Thumb Code    48  rt_task.o(i.rt_block)
    rt_chk_robin                             0x08014639   Thumb Code    60  rt_robin.o(i.rt_chk_robin)
    rt_dec_dly                               0x08014681   Thumb Code   102  rt_list.o(i.rt_dec_dly)
    rt_dispatch                              0x080146f1   Thumb Code    60  rt_task.o(i.rt_dispatch)
    rt_dly_wait                              0x08014735   Thumb Code     6  rt_time.o(i.rt_dly_wait)
    rt_evt_psh                               0x0801473d   Thumb Code    76  rt_event.o(i.rt_evt_psh)
    rt_free_box                              0x0801478d   Thumb Code    32  rt_membox.o(i.rt_free_box)
    rt_free_mem                              0x080147ad   Thumb Code    40  rt_memory.o(i.rt_free_mem)
    rt_get_first                             0x080147d5   Thumb Code    40  rt_list.o(i.rt_get_first)
    rt_init_mem                              0x0801484d   Thumb Code    26  rt_memory.o(i.rt_init_mem)
    rt_init_robin                            0x08014869   Thumb Code    14  rt_robin.o(i.rt_init_robin)
    rt_init_stack                            0x08014881   Thumb Code    70  hal_cm.o(i.rt_init_stack)
    rt_mbx_check                             0x080148d1   Thumb Code     8  rt_mailbox.o(i.rt_mbx_check)
    rt_mbx_init                              0x080148d9   Thumb Code    28  rt_mailbox.o(i.rt_mbx_init)
    rt_mbx_psh                               0x080148f5   Thumb Code   234  rt_mailbox.o(i.rt_mbx_psh)
    rt_mbx_wait                              0x080149e5   Thumb Code   172  rt_mailbox.o(i.rt_mbx_wait)
    rt_mut_init                              0x08014ad1   Thumb Code    16  rt_mutex.o(i.rt_mut_init)
    rt_mut_release                           0x08014ae1   Thumb Code   208  rt_mutex.o(i.rt_mut_release)
    rt_mut_wait                              0x08014bb9   Thumb Code   100  rt_mutex.o(i.rt_mut_wait)
    rt_pop_req                               0x08014c21   Thumb Code   110  rt_system.o(i.rt_pop_req)
    rt_psh_req                               0x08014c9d   Thumb Code    22  rt_system.o(i.rt_psh_req)
    rt_psq_enq                               0x08014cbd   Thumb Code    82  rt_list.o(i.rt_psq_enq)
    rt_put_dly                               0x08014d15   Thumb Code    68  rt_list.o(i.rt_put_dly)
    rt_put_prio                              0x08014d5d   Thumb Code    54  rt_list.o(i.rt_put_prio)
    rt_put_rdy_first                         0x08014d95   Thumb Code    14  rt_list.o(i.rt_put_rdy_first)
    rt_resort_prio                           0x08014da9   Thumb Code    46  rt_list.o(i.rt_resort_prio)
    rt_ret_val                               0x08014ded   Thumb Code    12  hal_cm.o(i.rt_ret_val)
    rt_ret_val2                              0x08014df9   Thumb Code    16  hal_cm.o(i.rt_ret_val2)
    rt_rmv_dly                               0x08014e09   Thumb Code    40  rt_list.o(i.rt_rmv_dly)
    rt_rmv_list                              0x08014e31   Thumb Code    44  rt_list.o(i.rt_rmv_list)
    rt_sem_psh                               0x08014e61   Thumb Code    48  rt_semaphore.o(i.rt_sem_psh)
    rt_stk_check                             0x08014e95   Thumb Code    28  rt_system.o(i.rt_stk_check)
    rt_switch_req                            0x08014eb9   Thumb Code    30  rt_task.o(i.rt_switch_req)
    rt_sys_init                              0x08014ee1   Thumb Code   138  rt_task.o(i.rt_sys_init)
    rt_sys_start                             0x08014fad   Thumb Code   108  rt_task.o(i.rt_sys_start)
    rt_systick                               0x08015025   Thumb Code    50  rt_system.o(i.rt_systick)
    rt_tsk_create                            0x080150b1   Thumb Code   116  rt_task.o(i.rt_tsk_create)
    rt_tsk_delete                            0x08015135   Thumb Code   342  rt_task.o(i.rt_tsk_delete)
    rt_tsk_prio                              0x080152a9   Thumb Code   108  rt_task.o(i.rt_tsk_prio)
    rt_tsk_self                              0x08015325   Thumb Code    12  rt_task.o(i.rt_tsk_self)
    stdio_getc                               0x080153dd   Thumb Code    26  fs_stdio.o(i.stdio_getc)
    stdio_putc                               0x08015401   Thumb Code    36  fs_stdio.o(i.stdio_putc)
    svcDelay                                 0x08015429   Thumb Code    20  rt_cmsis.o(i.svcDelay)
    svcKernelInitialize                      0x0801543d   Thumb Code    80  rt_cmsis.o(i.svcKernelInitialize)
    svcKernelStart                           0x080154ad   Thumb Code    62  rt_cmsis.o(i.svcKernelStart)
    svcKernelSysTick                         0x080154f5   Thumb Code    46  rt_cmsis.o(i.svcKernelSysTick)
    svcMessageCreate                         0x0801552d   Thumb Code    36  rt_cmsis.o(i.svcMessageCreate)
    svcMessageGet                            0x08015551   Thumb Code    58  rt_cmsis.o(i.svcMessageGet)
    svcThreadCreate                          0x0801558d   Thumb Code   100  rt_cmsis.o(i.svcThreadCreate)
    svcThreadGetId                           0x080155fd   Thumb Code    22  rt_cmsis.o(i.svcThreadGetId)
    svcThreadTerminate                       0x08015619   Thumb Code    50  rt_cmsis.o(i.svcThreadTerminate)
    svcTimerCall                             0x08015651   Thumb Code    24  rt_cmsis.o(i.svcTimerCall)
    sysTimerTick                             0x08015669   Thumb Code    76  rt_cmsis.o(i.sysTimerTick)
    _get_lc_ctype                            0x080157f1   Thumb Code    44  lc_ctype_c.o(locale$$code)
    _fp_init                                 0x0801581d   Thumb Code    10  fpinit.o(x$fpl$fpinit)
    __fplib_config_fpu_vfp                   0x08015825   Thumb Code     0  fpinit.o(x$fpl$fpinit)
    __fplib_config_pureend_doubles           0x08015825   Thumb Code     0  fpinit.o(x$fpl$fpinit)
    os_maxtaskrun                            0x080162dc   Data           2  rtx_conf_cm.o(.constdata)
    os_stackinfo                             0x080162e0   Data           4  rtx_conf_cm.o(.constdata)
    os_rrobin                                0x080162e4   Data           4  rtx_conf_cm.o(.constdata)
    os_tickfreq                              0x080162e8   Data           4  rtx_conf_cm.o(.constdata)
    os_tickus_i                              0x080162ec   Data           2  rtx_conf_cm.o(.constdata)
    os_tickus_f                              0x080162ee   Data           2  rtx_conf_cm.o(.constdata)
    os_trv                                   0x080162f0   Data           4  rtx_conf_cm.o(.constdata)
    os_flags                                 0x080162f4   Data           1  rtx_conf_cm.o(.constdata)
    CMSIS_RTOS_API_Version                   0x080162f8   Data           4  rtx_conf_cm.o(.constdata)
    CMSIS_RTOS_RTX_Version                   0x080162fc   Data           4  rtx_conf_cm.o(.constdata)
    os_clockrate                             0x08016300   Data           4  rtx_conf_cm.o(.constdata)
    os_timernum                              0x08016304   Data           4  rtx_conf_cm.o(.constdata)
    mp_tcb_size                              0x08016308   Data           2  rtx_conf_cm.o(.constdata)
    mp_stk_size                              0x0801630c   Data           4  rtx_conf_cm.o(.constdata)
    os_stack_sz                              0x08016310   Data           4  rtx_conf_cm.o(.constdata)
    os_fifo_size                             0x08016314   Data           1  rtx_conf_cm.o(.constdata)
    os_thread_def_osTimerThread              0x08016318   Data          16  rtx_conf_cm.o(.constdata)
    os_messageQ_def_osTimerMessageQ          0x08016328   Data           8  rtx_conf_cm.o(.constdata)
    mp_tmr_size                              0x08016330   Data           2  rtx_conf_cm.o(.constdata)
    Driver_SPI1                              0x0801638c   Data          44  spi_stm32f4xx.o(.constdata)
    Driver_USART4                            0x08016400   Data          56  usart_stm32f4xx.o(.constdata)
    APBAHBPrescTable                         0x08016438   Data          16  stm32f4xx_hal_rcc.o(.constdata)
    fs_fat_fh_cnt                            0x08016448   Data           1  fs_config.o(.constdata)
    fs_efs_fh_cnt                            0x08016449   Data           1  fs_config.o(.constdata)
    _NDRV                                    0x0801644a   Data           1  fs_config.o(.constdata)
    fs_efs_timeout_erase_chip                0x0801644c   Data           2  fs_config.o(.constdata)
    fs_efs_timeout_erase_sector              0x0801644e   Data           1  fs_config.o(.constdata)
    fs_efs_timeout_write                     0x0801644f   Data           1  fs_config.o(.constdata)
    fs_efs_timeout_read                      0x08016450   Data           1  fs_config.o(.constdata)
    mc0_drv                                  0x08016454   Data          24  fs_config.o(.constdata)
    fs_DevPool                               0x0801646c   Data           8  fs_config.o(.constdata)
    __stdin_name                             0x08016474   Data           6  fs_config.o(.constdata)
    __stdout_name                            0x0801647a   Data           7  fs_config.o(.constdata)
    __stderr_name                            0x08016481   Data           7  fs_config.o(.constdata)
    Region$$Table$$Base                      0x08016944   Number         0  anon$$obj.o(Region$$Table)
    Region$$Table$$Limit                     0x08016964   Number         0  anon$$obj.o(Region$$Table)
    __ctype                                  0x08016971   Data           0  lc_ctype_c.o(locale$$data)
    SD_Driver                                0x2000000c   Data          20  sd_diskio.o(.data)
    SdStatus                                 0x20000020   Data           1  stm32_bsp_sd.o(.data)
    SpixTimeout                              0x20000024   Data           4  stm32f4xx_sd_io.o(.data)
    SD_Path                                  0x20000028   Data           4  sd_storage.o(.data)
    osThreadId_osTimerThread                 0x2000002c   Data           4  rtx_conf_cm.o(.data)
    osMessageQId_osTimerMessageQ             0x20000030   Data           4  rtx_conf_cm.o(.data)
    os_tmr                                   0x20000034   Data           4  rtx_conf_cm.o(.data)
    m_tmr                                    0x20000038   Data           4  rtx_conf_cm.o(.data)
    os_thread_def_main                       0x20000040   Data          16  rtx_conf_cm.o(.data)
    SystemCoreClock                          0x20000054   Data           4  system_stm32f4xx.o(.data)
    AHBPrescTable                            0x20000058   Data          16  system_stm32f4xx.o(.data)
    fs_efs_fh                                0x20000068   Data           4  fs_config.o(.data)
    os_initialized                           0x20000078   Data           1  rt_cmsis.o(.data)
    os_running                               0x20000079   Data           1  rt_cmsis.o(.data)
    os_timer_head                            0x2000007c   Data           4  rt_cmsis.o(.data)
    os_tsk                                   0x20000080   Data           8  rt_task.o(.data)
    os_time                                  0x20000088   Data           4  rt_time.o(.data)
    ITM_RxBuffer                             0x2000008c   Data           4  fs_stdio.o(.data)
    os_tick_irqn                             0x20000094   Data           4  rt_system.o(.data)
    os_robin                                 0x20000098   Data           8  rt_robin.o(.data)
    dbg_msg                                  0x200000a0   Data           1  hal_cm.o(.data)
    _stream_list_lock                        0x200000a4   Data           4  streamlock.o(.data)
    __aeabi_stdin                            0x200000a8   Data           4  stdio_streams.o(.data)
    __aeabi_stdout                           0x200000ac   Data           4  stdio_streams.o(.data)
    __aeabi_stderr                           0x200000b0   Data           4  stdio_streams.o(.data)
    disk                                     0x200002cc   Data          12  ff_gen_drv.o(.bss)
    SD_FatFs                                 0x2000032c   Data         560  sd_storage.o(.bss)
    SD_File                                  0x2000055c   Data         556  sd_storage.o(.bss)
    mp_tcb                                   0x200007c8   Data         376  rtx_conf_cm.o(.bss)
    mp_stk                                   0x20000940   Data       24592  rtx_conf_cm.o(.bss)
    os_stack_mem                             0x20006950   Data        6176  rtx_conf_cm.o(.bss)
    os_fifo                                  0x20008170   Data         132  rtx_conf_cm.o(.bss)
    os_active_TCB                            0x200081f4   Data          28  rtx_conf_cm.o(.bss)
    os_messageQ_q_osTimerMessageQ            0x20008210   Data          32  rtx_conf_cm.o(.bss)
    fs_fat_fh                                0x200085b4   Data         160  fs_config.o(.bss)
    os_idle_TCB                              0x2000a664   Data          52  rt_task.o(.bss)
    os_rdy                                   0x2000a698   Data          24  rt_list.o(.bss)
    os_dly                                   0x2000a6b0   Data          24  rt_list.o(.bss)
    __libspace_start                         0x2000a6c8   Data          96  libspace.o(.bss)
    __stdin                                  0x2000a728   Data          84  stdio_streams.o(.bss)
    __temporary_stack_top$libspace           0x2000a728   Data           0  libspace.o(.bss)
    __stdout                                 0x2000a77c   Data          84  stdio_streams.o(.bss)
    __stderr                                 0x2000a7d0   Data          84  stdio_streams.o(.bss)



==============================================================================

Memory Map of the image

  Image Entry point : 0x08000189

  Load Region LR_IROM1 (Base: 0x08000000, Size: 0x00016b28, Max: 0x00100000, ABSOLUTE)

    Execution Region ER_IROM1 (Base: 0x08000000, Size: 0x00016a74, Max: 0x00100000, ABSOLUTE)

    Base Addr    Size         Type   Attr      Idx    E Section Name        Object

    0x08000000   0x00000188   Data   RO         1331    RESET               startup_stm32f407xx.o
    0x08000188   0x00000008   Code   RO         3158  * !!!main             c_w.l(__main.o)
    0x08000190   0x00000034   Code   RO         3481    !!!scatter          c_w.l(__scatter.o)
    0x080001c4   0x0000001a   Code   RO         3483    !!handler_copy      c_w.l(__scatter_copy.o)
    0x080001de   0x00000002   PAD
    0x080001e0   0x0000001c   Code   RO         3485    !!handler_zi        c_w.l(__scatter_zi.o)
    0x080001fc   0x00000002   Code   RO         3157    .ARM.Collect$$libinit$$00000000  c_w.l(libinit.o)
    0x080001fe   0x00000004   Code   RO         3180    .ARM.Collect$$libinit$$00000001  c_w.l(libinit2.o)
    0x08000202   0x00000000   Code   RO         3183    .ARM.Collect$$libinit$$00000004  c_w.l(libinit2.o)
    0x08000202   0x00000008   Code   RO         3184    .ARM.Collect$$libinit$$00000005  c_w.l(libinit2.o)
    0x0800020a   0x00000000   Code   RO         3186    .ARM.Collect$$libinit$$0000000A  c_w.l(libinit2.o)
    0x0800020a   0x00000000   Code   RO         3188    .ARM.Collect$$libinit$$0000000C  c_w.l(libinit2.o)
    0x0800020a   0x00000000   Code   RO         3190    .ARM.Collect$$libinit$$0000000E  c_w.l(libinit2.o)
    0x0800020a   0x00000006   Code   RO         3191    .ARM.Collect$$libinit$$0000000F  c_w.l(libinit2.o)
    0x08000210   0x00000000   Code   RO         3193    .ARM.Collect$$libinit$$00000011  c_w.l(libinit2.o)
    0x08000210   0x0000000c   Code   RO         3194    .ARM.Collect$$libinit$$00000012  c_w.l(libinit2.o)
    0x0800021c   0x00000000   Code   RO         3195    .ARM.Collect$$libinit$$00000013  c_w.l(libinit2.o)
    0x0800021c   0x00000000   Code   RO         3197    .ARM.Collect$$libinit$$00000015  c_w.l(libinit2.o)
    0x0800021c   0x00000000   Code   RO         3199    .ARM.Collect$$libinit$$00000017  c_w.l(libinit2.o)
    0x0800021c   0x00000000   Code   RO         3201    .ARM.Collect$$libinit$$00000019  c_w.l(libinit2.o)
    0x0800021c   0x00000000   Code   RO         3203    .ARM.Collect$$libinit$$0000001B  c_w.l(libinit2.o)
    0x0800021c   0x00000000   Code   RO         3205    .ARM.Collect$$libinit$$0000001D  c_w.l(libinit2.o)
    0x0800021c   0x00000000   Code   RO         3207    .ARM.Collect$$libinit$$0000001F  c_w.l(libinit2.o)
    0x0800021c   0x00000000   Code   RO         3209    .ARM.Collect$$libinit$$00000021  c_w.l(libinit2.o)
    0x0800021c   0x00000000   Code   RO         3211    .ARM.Collect$$libinit$$00000023  c_w.l(libinit2.o)
    0x0800021c   0x00000004   Code   RO         3212    .ARM.Collect$$libinit$$00000024  c_w.l(libinit2.o)
    0x08000220   0x00000000   Code   RO         3213    .ARM.Collect$$libinit$$00000025  c_w.l(libinit2.o)
    0x08000220   0x00000000   Code   RO         3217    .ARM.Collect$$libinit$$0000002C  c_w.l(libinit2.o)
    0x08000220   0x00000000   Code   RO         3219    .ARM.Collect$$libinit$$0000002E  c_w.l(libinit2.o)
    0x08000220   0x00000000   Code   RO         3221    .ARM.Collect$$libinit$$00000030  c_w.l(libinit2.o)
    0x08000220   0x00000000   Code   RO         3223    .ARM.Collect$$libinit$$00000032  c_w.l(libinit2.o)
    0x08000220   0x00000002   Code   RO         3224    .ARM.Collect$$libinit$$00000033  c_w.l(libinit2.o)
    0x08000222   0x00000002   Code   RO         3400    .ARM.Collect$$libshutdown$$00000000  c_w.l(libshutdown.o)
    0x08000224   0x00000004   Code   RO         3321    .ARM.Collect$$libshutdown$$00000002  c_w.l(libshutdown2.o)
    0x08000228   0x00000000   Code   RO         3322    .ARM.Collect$$libshutdown$$00000003  c_w.l(libshutdown2.o)
    0x08000228   0x00000000   Code   RO         3325    .ARM.Collect$$libshutdown$$00000006  c_w.l(libshutdown2.o)
    0x08000228   0x00000000   Code   RO         3328    .ARM.Collect$$libshutdown$$00000009  c_w.l(libshutdown2.o)
    0x08000228   0x00000000   Code   RO         3330    .ARM.Collect$$libshutdown$$0000000B  c_w.l(libshutdown2.o)
    0x08000228   0x00000000   Code   RO         3333    .ARM.Collect$$libshutdown$$0000000E  c_w.l(libshutdown2.o)
    0x08000228   0x00000002   Code   RO         3334    .ARM.Collect$$libshutdown$$0000000F  c_w.l(libshutdown2.o)
    0x0800022a   0x00000002   Code   RO         3160    .ARM.Collect$$rtexit$$00000000  c_w.l(rtexit.o)
    0x0800022c   0x00000000   Code   RO         3226    .ARM.Collect$$rtexit$$00000002  c_w.l(rtexit2.o)
    0x0800022c   0x00000004   Code   RO         3227    .ARM.Collect$$rtexit$$00000003  c_w.l(rtexit2.o)
    0x08000230   0x00000006   Code   RO         3228    .ARM.Collect$$rtexit$$00000004  c_w.l(rtexit2.o)
    0x08000236   0x00000002   PAD
    0x08000238   0x00000024   Code   RO          920    .emb_text           rtx_conf_cm.o
    0x0800025c   0x00000180   Code   RO         2724    .emb_text           RTX_CM4.lib(hal_cm4.o)
    0x080003dc   0x00000000   Code   RO         3407    .emb_text           c_w.l(maybetermalloc1.o)
    0x080003dc   0x000000b0   Code   RO            4    .text               diskio.o
    0x0800048c   0x0000359a   Code   RO          145    .text               ff.o
    0x08003a26   0x00000002   PAD
    0x08003a28   0x00000088   Code   RO          194    .text               ff_gen_drv.o
    0x08003ab0   0x000000e8   Code   RO          221    .text               sd_diskio.o
    0x08003b98   0x000005ec   Code   RO          252    .text               stm32_bsp_sd.o
    0x08004184   0x0000022c   Code   RO          293    .text               stm32f4xx_sd_io.o
    0x080043b0   0x00000080   Code   RO          321    .text               unicode.o
    0x08004430   0x000000f4   Code   RO          365    .text               led.o
    0x08004524   0x00000190   Code   RO          477    .text               main.o
    0x080046b4   0x00000128   Code   RO          758    .text               sd_storage.o
    0x080047dc   0x00000060   Code   RO          822    .text               consol.o
    0x0800483c   0x00000164   Code   RO          860    .text               stm32f4xx_it.o
    0x080049a0   0x000000bc   Code   RO          893    .text               stm32f4xx_uart_io.o
    0x08004a5c   0x000000a4   Code   RO          921    .text               rtx_conf_cm.o
    0x08004b00   0x00000b8c   Code   RO          954    .text               spi_stm32f4xx.o
    0x0800568c   0x00001358   Code   RO          997    .text               usart_stm32f4xx.o
    0x080069e4   0x00000180   Code   RO         1035    .text               stm32f4xx_hal.o
    0x08006b64   0x000002a8   Code   RO         1061    .text               stm32f4xx_hal_cortex.o
    0x08006e0c   0x00005ee8   Code   RO         1089    .text               stm32f4xx_hal_dma.o
    0x0800ccf4   0x0000033c   Code   RO         1137    .text               stm32f4xx_hal_gpio.o
    0x0800d030   0x00000a3c   Code   RO         1209    .text               stm32f4xx_hal_rcc.o
    0x0800da6c   0x000015ac   Code   RO         1260    .text               stm32f4xx_hal_spi.o
    0x0800f018   0x00000f5e   Code   RO         1284    .text               stm32f4xx_hal_uart.o
    0x0800ff76   0x00000002   PAD
    0x0800ff78   0x00000040   Code   RO         1332    .text               startup_stm32f407xx.o
    0x0800ffb8   0x00000120   Code   RO         1339    .text               system_stm32f4xx.o
    0x080100d8   0x00000260   Code   RO         1366    .text               fs_config.o
    0x08010338   0x00000008   Code   RO         3123    .text               c_w.l(libspace.o)
    0x08010340   0x00000002   Code   RO         3126    .text               c_w.l(use_no_semi.o)
    0x08010342   0x0000004a   Code   RO         3128    .text               c_w.l(sys_stackheap_outer.o)
    0x0801038c   0x00000018   Code   RO         3134    .text               c_w.l(noretval__2printf.o)
    0x080103a4   0x0000000c   Code   RO         3137    .text               c_w.l(exit.o)
    0x080103b0   0x00000032   Code   RO         3139    .text               c_w.l(strncasecmp.o)
    0x080103e2   0x0000003e   Code   RO         3141    .text               c_w.l(strlen.o)
    0x08010420   0x0000008a   Code   RO         3143    .text               c_w.l(rt_memcpy_v6.o)
    0x080104aa   0x00000064   Code   RO         3145    .text               c_w.l(rt_memcpy_w.o)
    0x0801050e   0x00000044   Code   RO         3149    .text               c_w.l(rt_memclr.o)
    0x08010552   0x0000004e   Code   RO         3151    .text               c_w.l(rt_memclr_w.o)
    0x080105a0   0x00000080   Code   RO         3153    .text               c_w.l(strcmpv7m.o)
    0x08010620   0x00000006   Code   RO         3155    .text               c_w.l(heapauxi.o)
    0x08010626   0x0000001a   Code   RO         3166    .text               c_w.l(tolower.o)
    0x08010640   0x000001c8   Code   RO         3178    .text               c_w.l(initio_locked.o)
    0x08010808   0x00000010   Code   RO         3232    .text               c_w.l(rt_ctype_table.o)
    0x08010818   0x00000076   Code   RO         3240    .text               c_w.l(h1_free_mt.o)
    0x0801088e   0x00000002   PAD
    0x08010890   0x00000030   Code   RO         3292    .text               c_w.l(_printf_char_common.o)
    0x080108c0   0x0000004c   Code   RO         3304    .text               c_w.l(fclose.o)
    0x0801090c   0x00000068   Code   RO         3310    .text               c_w.l(setvbuf_locked.o)
    0x08010974   0x00000144   Code   RO         3312    .text               c_w.l(fopen_locked.o)
    0x08010ab8   0x0000000e   Code   RO         3314    .text               c_w.l(defsig_rtred_outer.o)
    0x08010ac6   0x0000000a   Code   RO         3344    .text               c_w.l(rt_heap_descriptor_twolibspace.o)
    0x08010ad0   0x0000000a   Code   RO         3351    .text               c_w.l(rt_locale_twolibspace.o)
    0x08010ada   0x00000004   Code   RO         3353    .text               c_w.l(hguard.o)
    0x08010ade   0x0000008a   Code   RO         3355    .text               c_w.l(init_alloc.o)
    0x08010b68   0x0000009e   Code   RO         3363    .text               c_w.l(h1_alloc_mt.o)
    0x08010c06   0x00000028   Code   RO         3375    .text               c_w.l(__printf_nopercent.o)
    0x08010c2e   0x000001d6   Code   RO         3377    .text               c_w.l(flsbuf.o)
    0x08010e04   0x000000f8   Code   RO         3379    .text               c_w.l(fseek.o)
    0x08010efc   0x000000f0   Code   RO         3381    .text               c_w.l(stdio.o)
    0x08010fec   0x0000000a   Code   RO         3386    .text               c_w.l(defsig_exit.o)
    0x08010ff6   0x00000002   PAD
    0x08010ff8   0x00000034   Code   RO         3392    .text               c_w.l(defsig_rtred_inner.o)
    0x0801102c   0x00000012   Code   RO         3413    .text               c_w.l(h1_init_mt.o)
    0x0801103e   0x0000003e   Code   RO         3415    .text               c_w.l(h1_extend_mt.o)
    0x0801107c   0x00000040   Code   RO         3417    .text               c_w.l(_printf_char_file_locked.o)
    0x080110bc   0x00000042   Code   RO         3419    .text               c_w.l(ftell.o)
    0x080110fe   0x00000032   Code   RO         3427    .text               c_w.l(defsig_general.o)
    0x08011130   0x0000000e   Code   RO         3431    .text               c_w.l(defsig_rtmem_outer.o)
    0x0801113e   0x00000004   Code   RO         3448    .text               c_w.l(rt_errno_addr_twolibspace.o)
    0x08011142   0x00000002   PAD
    0x08011144   0x00000050   Code   RO         3460    .text               c_w.l(defsig_rtmem_inner.o)
    0x08011194   0x00000004   Code   RO         3052    SVC_TABLE           RTX_CM4.lib(svc_table.o)
    0x08011198   0x00000078   Code   RO         3093    i.SetBuf            FS_LFN_CM3_L.lib(fs_journal.o)
    0x08011210   0x00000050   Code   RO         2277    i.__sys_close       FS_LFN_CM3_L.lib(fs_sys.o)
    0x08011260   0x0000003c   Code   RO         2278    i.__sys_ensure      FS_LFN_CM3_L.lib(fs_sys.o)
    0x0801129c   0x00000040   Code   RO         2279    i.__sys_flen        FS_LFN_CM3_L.lib(fs_sys.o)
    0x080112dc   0x0000008c   Code   RO         2280    i.__sys_open        FS_LFN_CM3_L.lib(fs_sys.o)
    0x08011368   0x00000060   Code   RO         2281    i.__sys_read        FS_LFN_CM3_L.lib(fs_sys.o)
    0x080113c8   0x00000048   Code   RO         2282    i.__sys_seek        FS_LFN_CM3_L.lib(fs_sys.o)
    0x08011410   0x00000058   Code   RO         2283    i.__sys_write       FS_LFN_CM3_L.lib(fs_sys.o)
    0x08011468   0x00000080   Code   RO         2166    i._fdelete          FS_LFN_CM3_L.lib(fs_mapi.o)
    0x080114e8   0x00000046   Code   RO         2618    i._init_box         RTX_CM4.lib(rt_membox.o)
    0x0801152e   0x0000005e   Code   RO         2846    i.alloc_clus        FS_LFN_CM3_L.lib(fs_fat.o)
    0x0801158c   0x00000098   Code   RO         2847    i.alloc_table_read  FS_LFN_CM3_L.lib(fs_fat.o)
    0x08011624   0x000000d8   Code   RO         2848    i.alloc_table_write  FS_LFN_CM3_L.lib(fs_fat.o)
    0x080116fc   0x00000092   Code   RO         2851    i.cache_fat         FS_LFN_CM3_L.lib(fs_fat.o)
    0x0801178e   0x00000060   Code   RO         2852    i.char_validate     FS_LFN_CM3_L.lib(fs_fat.o)
    0x080117ee   0x00000042   Code   RO         2853    i.clear_clus        FS_LFN_CM3_L.lib(fs_fat.o)
    0x08011830   0x00000024   Code   RO         2854    i.clus_to_sect      FS_LFN_CM3_L.lib(fs_fat.o)
    0x08011854   0x000000d4   Code   RO         2856    i.create_dot_entries  FS_LFN_CM3_L.lib(fs_fat.o)
    0x08011928   0x000000e4   Code   RO         2857    i.create_lfn_entry  FS_LFN_CM3_L.lib(fs_fat.o)
    0x08011a0c   0x0000008a   Code   RO         2858    i.create_sfn_entry  FS_LFN_CM3_L.lib(fs_fat.o)
    0x08011a96   0x00000002   PAD
    0x08011a98   0x00000030   Code   RO         2671    i.dbg_init          RTX_CM4.lib(hal_cm.o)
    0x08011ac8   0x00000020   Code   RO         2672    i.dbg_task_notify   RTX_CM4.lib(hal_cm.o)
    0x08011ae8   0x00000010   Code   RO         2673    i.dbg_task_switch   RTX_CM4.lib(hal_cm.o)
    0x08011af8   0x0000002c   Code   RO         3055    i.delete_list_add   FS_LFN_CM3_L.lib(fs_fat_elink.o)
    0x08011b24   0x00000046   Code   RO         3056    i.delete_list_discon  FS_LFN_CM3_L.lib(fs_fat_elink.o)
    0x08011b6a   0x00000024   Code   RO         3057    i.delete_list_update  FS_LFN_CM3_L.lib(fs_fat_elink.o)
    0x08011b8e   0x0000009c   Code   RO         3058    i.elink_alloc       FS_LFN_CM3_L.lib(fs_fat_elink.o)
    0x08011c2a   0x000000a4   Code   RO         3059    i.elink_cmd         FS_LFN_CM3_L.lib(fs_fat_elink.o)
    0x08011cce   0x00000056   Code   RO         3060    i.elink_con         FS_LFN_CM3_L.lib(fs_fat_elink.o)
    0x08011d24   0x00000042   Code   RO         3061    i.elink_delete      FS_LFN_CM3_L.lib(fs_fat_elink.o)
    0x08011d66   0x00000032   Code   RO         3062    i.elink_discon      FS_LFN_CM3_L.lib(fs_fat_elink.o)
    0x08011d98   0x00000018   Code   RO         3063    i.elink_exist       FS_LFN_CM3_L.lib(fs_fat_elink.o)
    0x08011db0   0x00000026   Code   RO         3066    i.elink_init_path   FS_LFN_CM3_L.lib(fs_fat_elink.o)
    0x08011dd6   0x0000011e   Code   RO         3067    i.elink_insert      FS_LFN_CM3_L.lib(fs_fat_elink.o)
    0x08011ef4   0x0000005e   Code   RO         3068    i.elink_scan        FS_LFN_CM3_L.lib(fs_fat_elink.o)
    0x08011f52   0x0000001c   Code   RO         3069    i.elink_step_dir    FS_LFN_CM3_L.lib(fs_fat_elink.o)
    0x08011f6e   0x00000030   Code   RO         2859    i.entry_flush       FS_LFN_CM3_L.lib(fs_fat.o)
    0x08011f9e   0x0000001c   Code   RO         2860    i.entry_pos_comp    FS_LFN_CM3_L.lib(fs_fat.o)
    0x08011fba   0x0000005e   Code   RO         2861    i.entry_pos_inc     FS_LFN_CM3_L.lib(fs_fat.o)
    0x08012018   0x0000003c   Code   RO         2862    i.entry_read        FS_LFN_CM3_L.lib(fs_fat.o)
    0x08012054   0x0000002e   Code   RO         2863    i.entry_type        FS_LFN_CM3_L.lib(fs_fat.o)
    0x08012082   0x00000002   PAD
    0x08012084   0x000000f4   Code   RO         2866    i.fat_close         FS_LFN_CM3_L.lib(fs_fat.o)
    0x08012178   0x00000030   Code   RO         2867    i.fat_crc32         FS_LFN_CM3_L.lib(fs_fat.o)
    0x080121a8   0x000001b0   Code   RO         2868    i.fat_delete        FS_LFN_CM3_L.lib(fs_fat.o)
    0x08012358   0x00000020   Code   RO         2871    i.fat_flen          FS_LFN_CM3_L.lib(fs_fat.o)
    0x08012378   0x00000038   Code   RO         2874    i.fat_handle_get    FS_LFN_CM3_L.lib(fs_fat.o)
    0x080123b0   0x000001a0   Code   RO         2880    i.fat_open          FS_LFN_CM3_L.lib(fs_fat.o)
    0x08012550   0x0000010c   Code   RO         2882    i.fat_read          FS_LFN_CM3_L.lib(fs_fat.o)
    0x0801265c   0x000001f4   Code   RO         2887    i.fat_seek          FS_LFN_CM3_L.lib(fs_fat.o)
    0x08012850   0x0000006e   Code   RO         2890    i.fat_vol_chk       FS_LFN_CM3_L.lib(fs_fat.o)
    0x080128be   0x00000002   PAD
    0x080128c0   0x00000164   Code   RO         2891    i.fat_write         FS_LFN_CM3_L.lib(fs_fat.o)
    0x08012a24   0x00000048   Code   RO         2892    i.file_locked       FS_LFN_CM3_L.lib(fs_fat.o)
    0x08012a6c   0x00000050   Code   RO         2893    i.find_param        FS_LFN_CM3_L.lib(fs_fat.o)
    0x08012abc   0x0000002c   Code   RO         2894    i.format_date       FS_LFN_CM3_L.lib(fs_fat.o)
    0x08012ae8   0x0000002e   Code   RO         2895    i.format_time       FS_LFN_CM3_L.lib(fs_fat.o)
    0x08012b16   0x0000001a   Code   RO         3297    i.fputc             c_w.l(fputc.o)
    0x08012b30   0x000000ae   Code   RO         2896    i.frec_allocate     FS_LFN_CM3_L.lib(fs_fat.o)
    0x08012bde   0x00000058   Code   RO         2897    i.frec_delete       FS_LFN_CM3_L.lib(fs_fat.o)
    0x08012c36   0x00000028   Code   RO         2898    i.frec_delete_elink  FS_LFN_CM3_L.lib(fs_fat.o)
    0x08012c5e   0x00000002   PAD
    0x08012c60   0x00000200   Code   RO         2899    i.frec_find         FS_LFN_CM3_L.lib(fs_fat.o)
    0x08012e60   0x0000005a   Code   RO         2900    i.frec_find_elink   FS_LFN_CM3_L.lib(fs_fat.o)
    0x08012eba   0x00000002   PAD
    0x08012ebc   0x0000016c   Code   RO         2901    i.frec_next         FS_LFN_CM3_L.lib(fs_fat.o)
    0x08013028   0x00000094   Code   RO         2735    i.fs_drive_id       FS_LFN_CM3_L.lib(fs_common.o)
    0x080130bc   0x0000001a   Code   RO         3113    i.fs_get_time       FS_LFN_CM3_L.lib(fs_time.o)
    0x080130d6   0x00000006   Code   RO         2219    i.fs_mc_read_cd     FS_LFN_CM3_L.lib(fs_mc_spi.o)
    0x080130dc   0x00000006   Code   RO         2220    i.fs_mc_read_wp     FS_LFN_CM3_L.lib(fs_mc_spi.o)
    0x080130e2   0x00000002   PAD
    0x080130e4   0x00000064   Code   RO         2903    i.fsinfo_write      FS_LFN_CM3_L.lib(fs_fat.o)
    0x08013148   0x000000b8   Code   RO         3096    i.fsj_write         FS_LFN_CM3_L.lib(fs_journal.o)
    0x08013200   0x00000022   Code   RO         2904    i.get_EOC           FS_LFN_CM3_L.lib(fs_fat.o)
    0x08013222   0x00000032   Code   RO         2906    i.get_fat_sect      FS_LFN_CM3_L.lib(fs_fat.o)
    0x08013254   0x0000000e   Code   RO         2907    i.get_root_clus     FS_LFN_CM3_L.lib(fs_fat.o)
    0x08013262   0x0000000a   Code   RO         2908    i.get_u16           FS_LFN_CM3_L.lib(fs_fat.o)
    0x0801326c   0x00000016   Code   RO         2909    i.get_u32           FS_LFN_CM3_L.lib(fs_fat.o)
    0x08013282   0x0000002c   Code   RO         1417    i.isrMessagePut     RTX_CM4.lib(rt_cmsis.o)
    0x080132ae   0x00000002   PAD
    0x080132b0   0x00000050   Code   RO         2506    i.isr_mbx_receive   RTX_CM4.lib(rt_mailbox.o)
    0x08013300   0x0000000e   Code   RO         2507    i.isr_mbx_send      RTX_CM4.lib(rt_mailbox.o)
    0x0801330e   0x00000004   Code   RO         2919    i.link_clus         FS_LFN_CM3_L.lib(fs_fat.o)
    0x08013312   0x00000002   PAD
    0x08013314   0x00000028   Code   RO         2920    i.long_ent_hash     FS_LFN_CM3_L.lib(fs_fat.o)
    0x0801333c   0x000000a8   Code   RO         2221    i.mc_command        FS_LFN_CM3_L.lib(fs_mc_spi.o)
    0x080133e4   0x00000082   Code   RO         2222    i.mc_fill_cid       FS_LFN_CM3_L.lib(fs_mc_spi.o)
    0x08013466   0x00000002   PAD
    0x08013468   0x0000008c   Code   RO         2223    i.mc_read_block     FS_LFN_CM3_L.lib(fs_mc_spi.o)
    0x080134f4   0x00000046   Code   RO         2224    i.mc_read_cid       FS_LFN_CM3_L.lib(fs_mc_spi.o)
    0x0801353a   0x00000002   PAD
    0x0801353c   0x000000dc   Code   RO         2225    i.mc_read_csd       FS_LFN_CM3_L.lib(fs_mc_spi.o)
    0x08013618   0x0000005e   Code   RO         2226    i.mc_read_info      FS_LFN_CM3_L.lib(fs_mc_spi.o)
    0x08013676   0x00000002   PAD
    0x08013678   0x00000050   Code   RO         2227    i.mc_receive        FS_LFN_CM3_L.lib(fs_mc_spi.o)
    0x080136c8   0x00000050   Code   RO         2228    i.mc_send           FS_LFN_CM3_L.lib(fs_mc_spi.o)
    0x08013718   0x00000064   Code   RO         2229    i.mc_spi_DevCtrl    FS_LFN_CM3_L.lib(fs_mc_spi.o)
    0x0801377c   0x0000000e   Code   RO         2230    i.mc_spi_DrvEvent   FS_LFN_CM3_L.lib(fs_mc_spi.o)
    0x0801378a   0x00000002   PAD
    0x0801378c   0x000002c0   Code   RO         2231    i.mc_spi_Init       FS_LFN_CM3_L.lib(fs_mc_spi.o)
    0x08013a4c   0x00000064   Code   RO         2232    i.mc_spi_ReadInfo   FS_LFN_CM3_L.lib(fs_mc_spi.o)
    0x08013ab0   0x0000007c   Code   RO         2233    i.mc_spi_ReadSector  FS_LFN_CM3_L.lib(fs_mc_spi.o)
    0x08013b2c   0x0000002e   Code   RO         2234    i.mc_spi_UnInit     FS_LFN_CM3_L.lib(fs_mc_spi.o)
    0x08013b5a   0x00000002   PAD
    0x08013b5c   0x00000084   Code   RO         2235    i.mc_spi_WriteSector  FS_LFN_CM3_L.lib(fs_mc_spi.o)
    0x08013be0   0x00000050   Code   RO         2236    i.mc_transfer       FS_LFN_CM3_L.lib(fs_mc_spi.o)
    0x08013c30   0x000000bc   Code   RO         2237    i.mc_write_block    FS_LFN_CM3_L.lib(fs_mc_spi.o)
    0x08013cec   0x000000ac   Code   RO         2922    i.name_analyse      FS_LFN_CM3_L.lib(fs_fat.o)
    0x08013d98   0x000000b4   Code   RO         2923    i.name_basis_gen    FS_LFN_CM3_L.lib(fs_fat.o)
    0x08013e4c   0x00000008   Code   RO         2924    i.name_hash         FS_LFN_CM3_L.lib(fs_fat.o)
    0x08013e54   0x00000128   Code   RO         2925    i.name_nt_gen       FS_LFN_CM3_L.lib(fs_fat.o)
    0x08013f7c   0x00000052   Code   RO         2926    i.name_strip        FS_LFN_CM3_L.lib(fs_fat.o)
    0x08013fce   0x00000002   PAD
    0x08013fd0   0x00000018   Code   RO         1418    i.osDelay           RTX_CM4.lib(rt_cmsis.o)
    0x08013fe8   0x00000024   Code   RO         1419    i.osKernelInitialize  RTX_CM4.lib(rt_cmsis.o)
    0x0801400c   0x0000006c   Code   RO         1421    i.osKernelStart     RTX_CM4.lib(rt_cmsis.o)
    0x08014078   0x00000018   Code   RO         1422    i.osKernelSysTick   RTX_CM4.lib(rt_cmsis.o)
    0x08014090   0x00000044   Code   RO         1430    i.osMessageGet      RTX_CM4.lib(rt_cmsis.o)
    0x080140d4   0x00000030   Code   RO         1447    i.osThreadCreate    RTX_CM4.lib(rt_cmsis.o)
    0x08014104   0x00000018   Code   RO         1448    i.osThreadExit      RTX_CM4.lib(rt_cmsis.o)
    0x0801411c   0x0000000c   Code   RO         1454    i.osTimerCall       RTX_CM4.lib(rt_cmsis.o)
    0x08014128   0x0000002c   Code   RO         1459    i.osTimerThread     RTX_CM4.lib(rt_cmsis.o)
    0x08014154   0x00000028   Code   RO         2298    i.os_tick_init      RTX_CM4.lib(rt_system.o)
    0x0801417c   0x00000002   Code   RO         2299    i.os_tick_irqack    RTX_CM4.lib(rt_system.o)
    0x0801417e   0x00000002   PAD
    0x08014180   0x00000010   Code   RO         2300    i.os_tick_ovf       RTX_CM4.lib(rt_system.o)
    0x08014190   0x00000014   Code   RO         2301    i.os_tick_val       RTX_CM4.lib(rt_system.o)
    0x080141a4   0x00000220   Code   RO         2927    i.path_create       FS_LFN_CM3_L.lib(fs_fat.o)
    0x080143c4   0x00000034   Code   RO         2928    i.path_init         FS_LFN_CM3_L.lib(fs_fat.o)
    0x080143f8   0x000000a6   Code   RO         2929    i.path_open         FS_LFN_CM3_L.lib(fs_fat.o)
    0x0801449e   0x00000002   PAD
    0x080144a0   0x0000003c   Code   RO         2930    i.path_validate     FS_LFN_CM3_L.lib(fs_fat.o)
    0x080144dc   0x0000007a   Code   RO         2931    i.read_cache        FS_LFN_CM3_L.lib(fs_fat.o)
    0x08014556   0x00000052   Code   RO         2932    i.read_sector       FS_LFN_CM3_L.lib(fs_fat.o)
    0x080145a8   0x0000001a   Code   RO         2619    i.rt_alloc_box      RTX_CM4.lib(rt_membox.o)
    0x080145c2   0x0000003c   Code   RO         2647    i.rt_alloc_mem      RTX_CM4.lib(rt_memory.o)
    0x080145fe   0x00000002   PAD
    0x08014600   0x00000038   Code   RO         2019    i.rt_block          RTX_CM4.lib(rt_task.o)
    0x08014638   0x00000048   Code   RO         2596    i.rt_chk_robin      RTX_CM4.lib(rt_robin.o)
    0x08014680   0x00000070   Code   RO         2430    i.rt_dec_dly        RTX_CM4.lib(rt_list.o)
    0x080146f0   0x00000044   Code   RO         2020    i.rt_dispatch       RTX_CM4.lib(rt_task.o)
    0x08014734   0x00000006   Code   RO         2103    i.rt_dly_wait       RTX_CM4.lib(rt_time.o)
    0x0801473a   0x00000002   PAD
    0x0801473c   0x00000050   Code   RO         2391    i.rt_evt_psh        RTX_CM4.lib(rt_event.o)
    0x0801478c   0x00000020   Code   RO         2620    i.rt_free_box       RTX_CM4.lib(rt_membox.o)
    0x080147ac   0x00000028   Code   RO         2648    i.rt_free_mem       RTX_CM4.lib(rt_memory.o)
    0x080147d4   0x00000028   Code   RO         2431    i.rt_get_first      RTX_CM4.lib(rt_list.o)
    0x080147fc   0x00000008   Code   RO         1464    i.rt_id2obj         RTX_CM4.lib(rt_cmsis.o)
    0x08014804   0x00000048   Code   RO         2021    i.rt_init_context   RTX_CM4.lib(rt_task.o)
    0x0801484c   0x0000001a   Code   RO         2649    i.rt_init_mem       RTX_CM4.lib(rt_memory.o)
    0x08014866   0x00000002   PAD
    0x08014868   0x00000018   Code   RO         2597    i.rt_init_robin     RTX_CM4.lib(rt_robin.o)
    0x08014880   0x00000050   Code   RO         2674    i.rt_init_stack     RTX_CM4.lib(hal_cm.o)
    0x080148d0   0x00000008   Code   RO         2508    i.rt_mbx_check      RTX_CM4.lib(rt_mailbox.o)
    0x080148d8   0x0000001c   Code   RO         2509    i.rt_mbx_init       RTX_CM4.lib(rt_mailbox.o)
    0x080148f4   0x000000f0   Code   RO         2510    i.rt_mbx_psh        RTX_CM4.lib(rt_mailbox.o)
    0x080149e4   0x000000b0   Code   RO         2512    i.rt_mbx_wait       RTX_CM4.lib(rt_mailbox.o)
    0x08014a94   0x0000003c   Code   RO         1465    i.rt_ms2tick        RTX_CM4.lib(rt_cmsis.o)
    0x08014ad0   0x00000010   Code   RO         2137    i.rt_mut_init       RTX_CM4.lib(rt_mutex.o)
    0x08014ae0   0x000000d8   Code   RO         2138    i.rt_mut_release    RTX_CM4.lib(rt_mutex.o)
    0x08014bb8   0x00000068   Code   RO         2139    i.rt_mut_wait       RTX_CM4.lib(rt_mutex.o)
    0x08014c20   0x0000007c   Code   RO         2302    i.rt_pop_req        RTX_CM4.lib(rt_system.o)
    0x08014c9c   0x00000020   Code   RO         2303    i.rt_psh_req        RTX_CM4.lib(rt_system.o)
    0x08014cbc   0x00000058   Code   RO         2433    i.rt_psq_enq        RTX_CM4.lib(rt_list.o)
    0x08014d14   0x00000048   Code   RO         2434    i.rt_put_dly        RTX_CM4.lib(rt_list.o)
    0x08014d5c   0x00000036   Code   RO         2435    i.rt_put_prio       RTX_CM4.lib(rt_list.o)
    0x08014d92   0x00000002   PAD
    0x08014d94   0x00000014   Code   RO         2436    i.rt_put_rdy_first  RTX_CM4.lib(rt_list.o)
    0x08014da8   0x00000034   Code   RO         2437    i.rt_resort_prio    RTX_CM4.lib(rt_list.o)
    0x08014ddc   0x00000010   Code   RO         2675    i.rt_ret_regs       RTX_CM4.lib(hal_cm.o)
    0x08014dec   0x0000000c   Code   RO         2676    i.rt_ret_val        RTX_CM4.lib(hal_cm.o)
    0x08014df8   0x00000010   Code   RO         2677    i.rt_ret_val2       RTX_CM4.lib(hal_cm.o)
    0x08014e08   0x00000028   Code   RO         2438    i.rt_rmv_dly        RTX_CM4.lib(rt_list.o)
    0x08014e30   0x00000030   Code   RO         2439    i.rt_rmv_list       RTX_CM4.lib(rt_list.o)
    0x08014e60   0x00000034   Code   RO         2557    i.rt_sem_psh        RTX_CM4.lib(rt_semaphore.o)
    0x08014e94   0x00000024   Code   RO         2305    i.rt_stk_check      RTX_CM4.lib(rt_system.o)
    0x08014eb8   0x00000028   Code   RO         2022    i.rt_switch_req     RTX_CM4.lib(rt_task.o)
    0x08014ee0   0x000000cc   Code   RO         2023    i.rt_sys_init       RTX_CM4.lib(rt_task.o)
    0x08014fac   0x00000078   Code   RO         2024    i.rt_sys_start      RTX_CM4.lib(rt_task.o)
    0x08015024   0x00000040   Code   RO         2307    i.rt_systick        RTX_CM4.lib(rt_system.o)
    0x08015064   0x00000012   Code   RO         1466    i.rt_tid2ptcb       RTX_CM4.lib(rt_cmsis.o)
    0x08015076   0x00000002   PAD
    0x08015078   0x00000038   Code   RO         1467    i.rt_timer_insert   RTX_CM4.lib(rt_cmsis.o)
    0x080150b0   0x00000084   Code   RO         2025    i.rt_tsk_create     RTX_CM4.lib(rt_task.o)
    0x08015134   0x00000174   Code   RO         2026    i.rt_tsk_delete     RTX_CM4.lib(rt_task.o)
    0x080152a8   0x0000007c   Code   RO         2028    i.rt_tsk_prio       RTX_CM4.lib(rt_task.o)
    0x08015324   0x00000010   Code   RO         2029    i.rt_tsk_self       RTX_CM4.lib(rt_task.o)
    0x08015334   0x00000008   Code   RO         2933    i.set_u16           FS_LFN_CM3_L.lib(fs_fat.o)
    0x0801533c   0x00000010   Code   RO         2934    i.set_u32           FS_LFN_CM3_L.lib(fs_fat.o)
    0x0801534c   0x00000010   Code   RO         3098    i.set_u32           FS_LFN_CM3_L.lib(fs_journal.o)
    0x0801535c   0x00000048   Code   RO         2935    i.sfn_extract       FS_LFN_CM3_L.lib(fs_fat.o)
    0x080153a4   0x0000001a   Code   RO         2936    i.short_ent_hash    FS_LFN_CM3_L.lib(fs_fat.o)
    0x080153be   0x0000001e   Code   RO         2937    i.sn_chksum         FS_LFN_CM3_L.lib(fs_fat.o)
    0x080153dc   0x00000024   Code   RO         2265    i.stdio_getc        FS_LFN_CM3_L.lib(fs_stdio.o)
    0x08015400   0x00000028   Code   RO         2266    i.stdio_putc        FS_LFN_CM3_L.lib(fs_stdio.o)
    0x08015428   0x00000014   Code   RO         1469    i.svcDelay          RTX_CM4.lib(rt_cmsis.o)
    0x0801543c   0x00000070   Code   RO         1470    i.svcKernelInitialize  RTX_CM4.lib(rt_cmsis.o)
    0x080154ac   0x00000048   Code   RO         1472    i.svcKernelStart    RTX_CM4.lib(rt_cmsis.o)
    0x080154f4   0x00000038   Code   RO         1473    i.svcKernelSysTick  RTX_CM4.lib(rt_cmsis.o)
    0x0801552c   0x00000024   Code   RO         1475    i.svcMessageCreate  RTX_CM4.lib(rt_cmsis.o)
    0x08015550   0x0000003a   Code   RO         1476    i.svcMessageGet     RTX_CM4.lib(rt_cmsis.o)
    0x0801558a   0x00000002   PAD
    0x0801558c   0x00000070   Code   RO         1490    i.svcThreadCreate   RTX_CM4.lib(rt_cmsis.o)
    0x080155fc   0x0000001c   Code   RO         1491    i.svcThreadGetId    RTX_CM4.lib(rt_cmsis.o)
    0x08015618   0x00000038   Code   RO         1494    i.svcThreadTerminate  RTX_CM4.lib(rt_cmsis.o)
    0x08015650   0x00000018   Code   RO         1496    i.svcTimerCall      RTX_CM4.lib(rt_cmsis.o)
    0x08015668   0x00000054   Code   RO         1505    i.sysTimerTick      RTX_CM4.lib(rt_cmsis.o)
    0x080156bc   0x00000054   Code   RO         2939    i.unlink_clus       FS_LFN_CM3_L.lib(fs_fat.o)
    0x08015710   0x000000ae   Code   RO         2940    i.write_cache       FS_LFN_CM3_L.lib(fs_fat.o)
    0x080157be   0x00000030   Code   RO         2941    i.write_sector      FS_LFN_CM3_L.lib(fs_fat.o)
    0x080157ee   0x00000002   PAD
    0x080157f0   0x0000002c   Code   RO         3384    locale$$code        c_w.l(lc_ctype_c.o)
    0x0801581c   0x0000000a   Code   RO         3335    x$fpl$fpinit        fz_wm.l(fpinit.o)
    0x08015826   0x000000ba   Data   RO          147    .constdata          ff.o
    0x080158e0   0x000004c0   Data   RO          322    .constdata          unicode.o
    0x08015da0   0x0000053b   Data   RO          824    .constdata          consol.o
    0x080162db   0x00000001   PAD
    0x080162dc   0x00000056   Data   RO          923    .constdata          rtx_conf_cm.o
    0x08016332   0x00000002   PAD
    0x08016334   0x00000084   Data   RO          956    .constdata          spi_stm32f4xx.o
    0x080163b8   0x00000080   Data   RO          999    .constdata          usart_stm32f4xx.o
    0x08016438   0x00000010   Data   RO         1210    .constdata          stm32f4xx_hal_rcc.o
    0x08016448   0x00000040   Data   RO         1368    .constdata          fs_config.o
    0x08016488   0x00000010   Data   RO         2238    .constdata          FS_LFN_CM3_L.lib(fs_mc_spi.o)
    0x08016498   0x000004ac   Data   RO         2942    .constdata          FS_LFN_CM3_L.lib(fs_fat.o)
    0x08016944   0x00000020   Data   RO         3480    Region$$Table       anon$$obj.o
    0x08016964   0x00000110   Data   RO         3383    locale$$data        c_w.l(lc_ctype_c.o)


    Execution Region RW_IRAM1 (Base: 0x20000000, Size: 0x0000ae28, Max: 0x00020000, ABSOLUTE)

    Base Addr    Size         Type   Attr      Idx    E Section Name        Object

    0x20000000   0x00000006   Data   RW          148    .data               ff.o
    0x20000006   0x00000002   PAD
    0x20000008   0x00000018   Data   RW          222    .data               sd_diskio.o
    0x20000020   0x00000001   Data   RW          253    .data               stm32_bsp_sd.o
    0x20000021   0x00000003   PAD
    0x20000024   0x00000004   Data   RW          295    .data               stm32f4xx_sd_io.o
    0x20000028   0x00000004   Data   RW          761    .data               sd_storage.o
    0x2000002c   0x00000024   Data   RW          924    .data               rtx_conf_cm.o
    0x20000050   0x00000004   Data   RW         1036    .data               stm32f4xx_hal.o
    0x20000054   0x00000014   Data   RW         1340    .data               system_stm32f4xx.o
    0x20000068   0x00000010   Data   RW         1369    .data               fs_config.o
    0x20000078   0x00000008   Data   RW         1508    .data               RTX_CM4.lib(rt_cmsis.o)
    0x20000080   0x00000008   Data   RW         2031    .data               RTX_CM4.lib(rt_task.o)
    0x20000088   0x00000004   Data   RW         2107    .data               RTX_CM4.lib(rt_time.o)
    0x2000008c   0x00000004   Data   RW         2267    .data               FS_LFN_CM3_L.lib(fs_stdio.o)
    0x20000090   0x00000008   Data   RW         2310    .data               RTX_CM4.lib(rt_system.o)
    0x20000098   0x00000008   Data   RW         2598    .data               RTX_CM4.lib(rt_robin.o)
    0x200000a0   0x00000001   Data   RW         2678    .data               RTX_CM4.lib(hal_cm.o)
    0x200000a1   0x00000001   Data   RW         2740    .data               FS_LFN_CM3_L.lib(fs_common.o)
    0x200000a2   0x00000002   PAD
    0x200000a4   0x00000004   Data   RW         3136    .data               c_w.l(streamlock.o)
    0x200000a8   0x00000004   Data   RW         3175    .data               c_w.l(stdio_streams.o)
    0x200000ac   0x00000004   Data   RW         3176    .data               c_w.l(stdio_streams.o)
    0x200000b0   0x00000004   Data   RW         3177    .data               c_w.l(stdio_streams.o)
    0x200000b4   0x00000218   Zero   RW          146    .bss                ff.o
    0x200002cc   0x0000000c   Zero   RW          195    .bss                ff_gen_drv.o
    0x200002d8   0x00000054   Zero   RW          294    .bss                stm32f4xx_sd_io.o
    0x2000032c   0x0000045c   Zero   RW          760    .bss                sd_storage.o
    0x20000788   0x0000003c   Zero   RW          895    .bss                stm32f4xx_uart_io.o
    0x200007c4   0x00000004   PAD
    0x200007c8   0x00007d88   Zero   RW          922    .bss                rtx_conf_cm.o
    0x20008550   0x0000002c   Zero   RW          955    .bss                spi_stm32f4xx.o
    0x2000857c   0x00000038   Zero   RW          998    .bss                usart_stm32f4xx.o
    0x200085b4   0x000020b0   Zero   RW         1367    .bss                fs_config.o
    0x2000a664   0x00000034   Zero   RW         2030    .bss                RTX_CM4.lib(rt_task.o)
    0x2000a698   0x00000030   Zero   RW         2440    .bss                RTX_CM4.lib(rt_list.o)
    0x2000a6c8   0x00000060   Zero   RW         3124    .bss                c_w.l(libspace.o)
    0x2000a728   0x00000054   Zero   RW         3172    .bss                c_w.l(stdio_streams.o)
    0x2000a77c   0x00000054   Zero   RW         3173    .bss                c_w.l(stdio_streams.o)
    0x2000a7d0   0x00000054   Zero   RW         3174    .bss                c_w.l(stdio_streams.o)
    0x2000a824   0x00000004   PAD
    0x2000a828   0x00000200   Zero   RW         1330    HEAP                startup_stm32f407xx.o
    0x2000aa28   0x00000400   Zero   RW         1329    STACK               startup_stm32f407xx.o


==============================================================================

Image component sizes


      Code (inc. data)   RO Data    RW Data    ZI Data      Debug   Object Name

        96         32       1339          0          0       1656   consol.o
       176          6          0          0          0     302090   diskio.o
     13722        148        186          6        536      62920   ff.o
       136          6          0          0         12       1393   ff_gen_drv.o
       608         48         64         16       8368      31840   fs_config.o
       244         10          0          0          0     271349   led.o
       400         74          0          0          0      40017   main.o
       200         34         86         36      32136       8801   rtx_conf_cm.o
       232          6          0         24          0       2180   sd_diskio.o
       296         30          0          4       1116       7868   sd_storage.o
      2956         64        132          0         44      15247   spi_stm32f4xx.o
        64         26        392          0       1536        884   startup_stm32f407xx.o
      1516         20          0          1          0       5518   stm32_bsp_sd.o
       384         24          0          4          0       4648   stm32f4xx_hal.o
       680         20          0          0          0      31854   stm32f4xx_hal_cortex.o
     24296        262          0          0          0      17240   stm32f4xx_hal_dma.o
       828         52          0          0          0       4455   stm32f4xx_hal_gpio.o
      2620         80         16          0          0       5774   stm32f4xx_hal_rcc.o
      5548         52          0          0          0      12896   stm32f4xx_hal_spi.o
      3934         28          0          0          0      12019   stm32f4xx_hal_uart.o
       356          0          0          0          0       9759   stm32f4xx_it.o
       556         26          0          4         84       3880   stm32f4xx_sd_io.o
       188         16          0          0         60       1769   stm32f4xx_uart_io.o
       288         32          0         20          0       1759   system_stm32f4xx.o
       128         12       1216          0          0       2025   unicode.o
      4952        112        128          0         56      46675   usart_stm32f4xx.o

    ----------------------------------------------------------------------
     65408       1220       3594        120      43952     906516   Object Totals
         0          0         32          0          0          0   (incl. Generated)
         4          0          3          5          4          0   (incl. Padding)

    ----------------------------------------------------------------------

      Code (inc. data)   RO Data    RW Data    ZI Data      Debug   Library Member Name

       148         14          0          1          0         84   fs_common.o
      8128        138       1196          0          0       5052   fs_fat.o
      1142          8          0          0          0       1004   fs_fat_elink.o
       320         20          0          0          0        244   fs_journal.o
       128         10          0          0          0         80   fs_mapi.o
      2482         62         16          0          0       1548   fs_mc_spi.o
        76         14          0          4          0        136   fs_stdio.o
       600         46          0          0          0        572   fs_sys.o
        26          0          0          0          0         68   fs_time.o
       220         24          0          1          0       3428   hal_cm.o
       384         28          0          0          0        720   hal_cm4.o
      1232        164          0          8          0      29136   rt_cmsis.o
        80          4          0          0          0        541   rt_event.o
       526         36          0          0         48       6945   rt_list.o
       546         10          0          0          0       3225   rt_mailbox.o
       128          0          0          0          0       1585   rt_membox.o
       126          0          0          0          0       1895   rt_memory.o
       336         12          0          0          0       1757   rt_mutex.o
        96         22          0          8          0       1014   rt_robin.o
        52          4          0          0          0        485   rt_semaphore.o
       334         66          0          8          0       6367   rt_system.o
      1204        176          0          8         52       8309   rt_task.o
         6          0          0          4          0        524   rt_time.o
         4          4          0          0          0        124   svc_table.o
         8          0          0          0          0         68   __main.o
        40          0          0          0          0         84   __printf_nopercent.o
        52          8          0          0          0          0   __scatter.o
        26          0          0          0          0          0   __scatter_copy.o
        28          0          0          0          0          0   __scatter_zi.o
        48          6          0          0          0         96   _printf_char_common.o
        64          6          0          0          0         84   _printf_char_file_locked.o
        10          0          0          0          0         68   defsig_exit.o
        50          0          0          0          0         88   defsig_general.o
        80         58          0          0          0         76   defsig_rtmem_inner.o
        14          0          0          0          0         80   defsig_rtmem_outer.o
        52         38          0          0          0         76   defsig_rtred_inner.o
        14          0          0          0          0         80   defsig_rtred_outer.o
        12          0          0          0          0         72   exit.o
        76          0          0          0          0         88   fclose.o
       470          0          0          0          0         88   flsbuf.o
       324          8          0          0          0        152   fopen_locked.o
        26          0          0          0          0         68   fputc.o
       248          6          0          0          0         84   fseek.o
        66          0          0          0          0         76   ftell.o
       158          0          0          0          0        128   h1_alloc_mt.o
        62          0          0          0          0         80   h1_extend_mt.o
       118          0          0          0          0        108   h1_free_mt.o
        18          0          0          0          0         84   h1_init_mt.o
         6          0          0          0          0        152   heapauxi.o
         4          0          0          0          0        136   hguard.o
       138          0          0          0          0        168   init_alloc.o
       456         48          0          0          0        116   initio_locked.o
        44         10        272          0          0         76   lc_ctype_c.o
         2          0          0          0          0          0   libinit.o
        36          0          0          0          0          0   libinit2.o
         2          0          0          0          0          0   libshutdown.o
         6          0          0          0          0          0   libshutdown2.o
         8          4          0          0         96         68   libspace.o
         0          0          0          0          0          0   maybetermalloc1.o
        24          4          0          0          0         84   noretval__2printf.o
        16          4          0          0          0         76   rt_ctype_table.o
         4          0          0          0          0         68   rt_errno_addr_twolibspace.o
        10          0          0          0          0         76   rt_heap_descriptor_twolibspace.o
        10          0          0          0          0         76   rt_locale_twolibspace.o
        68          0          0          0          0         68   rt_memclr.o
        78          0          0          0          0         80   rt_memclr_w.o
       138          0          0          0          0         68   rt_memcpy_v6.o
       100          0          0          0          0         80   rt_memcpy_w.o
         2          0          0          0          0          0   rtexit.o
        10          0          0          0          0          0   rtexit2.o
       104          0          0          0          0         88   setvbuf_locked.o
       240          6          0          0          0        156   stdio.o
         0          0          0         12        252          0   stdio_streams.o
       128          0          0          0          0         68   strcmpv7m.o
         0          0          0          4          0          0   streamlock.o
        62          0          0          0          0         76   strlen.o
        50          0          0          0          0         84   strncasecmp.o
        74          0          0          0          0         80   sys_stackheap_outer.o
        26          0          0          0          0         76   tolower.o
         2          0          0          0          0         68   use_no_semi.o
        10          0          0          0          0        116   fpinit.o

    ----------------------------------------------------------------------
     22302       1068       1484         60        452      78875   Library Totals
        56          0          0          2          4          0   (incl. Padding)

    ----------------------------------------------------------------------

      Code (inc. data)   RO Data    RW Data    ZI Data      Debug   Library Name

     13050        312       1212          5          0       8788   FS_LFN_CM3_L.lib
      5274        550          0         37        100      66055   RTX_CM4.lib
      3912        206        272         16        348       3916   c_w.l
        10          0          0          0          0        116   fz_wm.l

    ----------------------------------------------------------------------
     22302       1068       1484         60        452      78875   Library Totals

    ----------------------------------------------------------------------

==============================================================================


      Code (inc. data)   RO Data    RW Data    ZI Data      Debug   

     87710       2288       5078        180      44404     964795   Grand Totals
     87710       2288       5078        180      44404     964795   ELF Image Totals
     87710       2288       5078        180          0          0   ROM Totals

==============================================================================

    Total RO  Size (Code + RO Data)                92788 (  90.61kB)
    Total RW  Size (RW Data + ZI Data)             44584 (  43.54kB)
    Total ROM Size (Code + RO Data + RW Data)      92968 (  90.79kB)

==============================================================================

