Component: ARM Compiler 5.05 update 1 (build 106) Tool: armlink [4d0efa]

==============================================================================

Section Cross References

    diskio.o(.text) refers to ff_gen_drv.o(.bss) for disk
    ff.o(.text) refers to diskio.o(.text) for disk_write
    ff.o(.text) refers to ff.o(.bss) for Files
    ff.o(.text) refers to unicode.o(.text) for ff_wtoupper
    ff.o(.text) refers to ff.o(.constdata) for LfnOfs
    ff.o(.text) refers to ff.o(.data) for FatFs
    ff_gen_drv.o(.text) refers to ff_gen_drv.o(.bss) for disk
    sd_diskio.o(.text) refers to stm32_bsp_sd.o(.text) for BSP_SD_Init
    sd_diskio.o(.text) refers to sd_diskio.o(.data) for Stat
    sd_diskio.o(.data) refers to sd_diskio.o(.text) for SD_initialize
    stm32_bsp_sd.o(.text) refers to stm32f4xx_hal_gpio.o(.text) for HAL_GPIO_ReadPin
    stm32_bsp_sd.o(.text) refers to ff.o(.text) for f_mount
    stm32_bsp_sd.o(.text) refers to stm32f4xx_sd_io.o(.text) for SD_IO_WriteCmd
    stm32_bsp_sd.o(.text) refers to stm32_bsp_sd.o(.data) for SdStatus
    stm32_bsp_sd.o(.text) refers to sd_storage.o(.data) for SD_Path
    stm32_bsp_sd.o(.text) refers to sd_storage.o(.bss) for SD_FatFs
    stm32f4xx_sd_io.o(.text) refers to stm32f4xx_hal_gpio.o(.text) for HAL_GPIO_Init
    stm32f4xx_sd_io.o(.text) refers to stm32f4xx_hal_spi.o(.text) for HAL_SPI_GetState
    stm32f4xx_sd_io.o(.text) refers to stm32f4xx_sd_io.o(.bss) for handleSD_Spi
    stm32f4xx_sd_io.o(.text) refers to stm32f4xx_sd_io.o(.data) for SpixTimeout
    unicode.o(.text) refers to unicode.o(.constdata) for Tbl
    led.o(.text) refers to stm32f4xx_hal_gpio.o(.text) for HAL_GPIO_Init
    led.o(.ARM.exidx) refers to led.o(.text) for .text
    main.o(.text) refers to stm32f4xx_hal_rcc.o(.text) for HAL_RCC_OscConfig
    main.o(.text) refers to stm32f4xx_hal.o(.text) for HAL_Init
    main.o(.text) refers to rt_cmsis.o(i.osKernelInitialize) for osKernelInitialize
    main.o(.text) refers to rt_cmsis.o(i.osKernelStart) for osKernelStart
    main.o(.text) refers to sd_storage.o(.text) for StorageInit
    main.o(.text) refers to consol.o(.text) for ConsolInit
    main.o(.text) refers to rt_memcpy_w.o(.text) for __aeabi_memcpy4
    main.o(.text) refers to led.o(.text) for LedInit
    main.o(.text) refers to rt_cmsis.o(i.osDelay) for osDelay
    main.o(.text) refers to main.o(t._ZNSt6vectorIiSaIiEE3endEv) for std::vector<int, std::allocator<int>>::end()
    main.o(.text) refers to main.o(t._ZNSt6vectorIiSaIiEE5beginEv) for std::vector<int, std::allocator<int>>::begin()
    main.o(.text) refers to main.o(t._ZNSt6vectorIiSaIiEE5eraseEPiS2_) for std::vector<int, std::allocator<int>>::erase(int*, int*)
    main.o(.text) refers to main.o(t._ZNSt6vectorIiSaIiEE9push_backERKi) for std::vector<int, std::allocator<int>>::push_back(const int&)
    main.o(.text) refers to rt_time.o(.data) for os_time
    main.o(.ARM.exidx) refers to main.o(.text) for .text
    sd_storage.o(.text) refers to stm32f4xx_hal_gpio.o(.text) for HAL_GPIO_Init
    sd_storage.o(.text) refers to stm32f4xx_hal_cortex.o(.text) for HAL_NVIC_SetPriority
    sd_storage.o(.text) refers to ff_gen_drv.o(.text) for FATFS_LinkDriver
    sd_storage.o(.text) refers to stm32_bsp_sd.o(.text) for BSP_SD_MountCardDetect
    sd_storage.o(.text) refers to ff.o(.text) for f_mount
    sd_storage.o(.text) refers to sd_storage.o(.data) for SD_Path
    sd_storage.o(.text) refers to sd_diskio.o(.data) for SD_Driver
    sd_storage.o(.text) refers to sd_storage.o(.bss) for SD_File
    sd_storage.o(.ARM.exidx) refers to sd_storage.o(.text) for .text
    consol.o(.text) refers to __2printf.o(.text) for __2printf
    consol.o(.text) refers to sd_storage.o(.text) for StorageGetInfo
    consol.o(.text) refers to stm32f4xx_uart_io.o(.text) for UART_IO_Init
    consol.o(.text) refers to consol.o(.constdata) for help
    consol.o(.ARM.exidx) refers to consol.o(.text) for .text
    stm32f4xx_it.o(.text) refers to stm32f4xx_hal_gpio.o(.text) for HAL_GPIO_EXTI_IRQHandler
    stm32f4xx_it.o(.text) refers to stm32_bsp_sd.o(.text) for BSP_SD_MountCardDetect
    stm32f4xx_uart_io.o(.text) refers to stm32f4xx_hal_uart.o(.text) for HAL_UART_Init
    stm32f4xx_uart_io.o(.text) refers to stm32f4xx_hal_gpio.o(.text) for HAL_GPIO_Init
    stm32f4xx_uart_io.o(.text) refers to stm32f4xx_uart_io.o(.bss) for UartHandle
    stm32f4xx_uart_io.o(.ARM.exidx) refers to stm32f4xx_uart_io.o(.text) for .text
    rtx_conf_cm.o(.emb_text) refers to sys_stackheap_outer.o(.text) for __user_setup_stackheap
    rtx_conf_cm.o(.emb_text) refers to libinit.o(.ARM.Collect$$libinit$$00000000) for __rt_lib_init
    rtx_conf_cm.o(.emb_text) refers to rt_cmsis.o(i.osKernelInitialize) for osKernelInitialize
    rtx_conf_cm.o(.emb_text) refers to rt_cmsis.o(i.osThreadCreate) for osThreadCreate
    rtx_conf_cm.o(.emb_text) refers to rt_cmsis.o(i.osKernelStart) for osKernelStart
    rtx_conf_cm.o(.emb_text) refers to exit.o(.text) for exit
[...]
    __aeabi_INFINITY                         0x0801c1dc   Data           0  fpconst.o(c$$dinf)
    __dInf                                   0x0801c1dc   Data           0  fpconst.o(c$$dinf)
    __huge_val                               0x0801c1dc   Data           0  fpconst.o(c$$dinf)
    __ctype                                  0x0801c1f1   Data           0  lc_ctype_c.o(locale$$data)
    __lcnull_start                           0x0801c300   Data           4  null_locale.o(locale$$data)
    SHT$$INIT_ARRAY$$Base                    0x0801c320   Number         0  char.o(.init_array)
    SHT$$INIT_ARRAY$$Limit                   0x0801c32c   Number         0  rwcats.o(.init_array)
    SD_Driver                                0x2000000c   Data          20  sd_diskio.o(.data)
    SdStatus                                 0x20000020   Data           1  stm32_bsp_sd.o(.data)
    SpixTimeout                              0x20000024   Data           4  stm32f4xx_sd_io.o(.data)
    SD_Path                                  0x20000028   Data           4  sd_storage.o(.data)
    osThreadId_osTimerThread                 0x2000002c   Data           4  rtx_conf_cm.o(.data)
    osMessageQId_osTimerMessageQ             0x20000030   Data           4  rtx_conf_cm.o(.data)
    os_tmr                                   0x20000034   Data           4  rtx_conf_cm.o(.data)
    m_tmr                                    0x20000038   Data           4  rtx_conf_cm.o(.data)
    os_thread_def_main                       0x20000040   Data          16  rtx_conf_cm.o(.data)
    SystemCoreClock                          0x20000054   Data           4  system_stm32f4xx.o(.data)
    AHBPrescTable                            0x20000058   Data          16  system_stm32f4xx.o(.data)
    fs_efs_fh                                0x20000068   Data           4  fs_config.o(.data)
    os_initialized                           0x20000078   Data           1  rt_cmsis.o(.data)
    os_running                               0x20000079   Data           1  rt_cmsis.o(.data)
    os_timer_head                            0x2000007c   Data           4  rt_cmsis.o(.data)
    os_tsk                                   0x20000080   Data           8  rt_task.o(.data)
    os_time                                  0x20000088   Data           4  rt_time.o(.data)
    ITM_RxBuffer                             0x2000008c   Data           4  fs_stdio.o(.data)
    os_tick_irqn                             0x20000094   Data           4  rt_system.o(.data)
    os_robin                                 0x20000098   Data           8  rt_robin.o(.data)
    dbg_msg                                  0x200000a0   Data           1  hal_cm.o(.data)
    _stream_list_lock                        0x200000a4   Data           4  streamlock.o(.data)
    __aeabi_stdin                            0x200000a8   Data           4  stdio_streams.o(.data)
    __aeabi_stdout                           0x200000ac   Data           4  stdio_streams.o(.data)
    __aeabi_stderr                           0x200000b0   Data           4  stdio_streams.o(.data)
    std::ctype<char>::id                     0x200000cc   Data           4  char.o(.data)
    std::ctype<wchar_t>::id                  0x200000d0   Data           4  char.o(.data)
    std::locale::_C_classic                  0x200000dc   Data           4  locale.o(.data)
    std::locale::_C_native                   0x200000e0   Data           4  locale.o(.data)
    std::locale::_C_global                   0x200000e4   Data           4  locale.o(.data)
    std::codecvt<char, char, std::__mbstate_t>::id 0x200000e8   Data           4  locale.o(.data)
    std::codecvt<wchar_t, char, std::__mbstate_t>::id 0x200000ec   Data           4  locale.o(.data)
    __rw_throw_proc                          0x200000f0   Data           4  rwthrowproc_noex.o(.data)
    std::locale::id::_C_init() const::_C_id_gen 0x200000fc   Data           4  locale.o(.data__ZZNKSt6locale2id7_C_initEvE9_C_id_gen)
    guard variable for std::__rw_get_cats()::__open_cats 0x20000100   Data           4  messages.o(.data__ZZSt13__rw_get_catsvE11__open_cats)
    std::__rw_get_cats()::__open_cats        0x20000104   Data           8  messages.o(.data__ZZSt13__rw_get_catsvE11__open_cats)
    disk                                     0x20000324   Data          12  ff_gen_drv.o(.bss)
    SD_FatFs                                 0x20000384   Data         560  sd_storage.o(.bss)
    SD_File                                  0x200005b4   Data         556  sd_storage.o(.bss)
    mp_tcb                                   0x20000820   Data         376  rtx_conf_cm.o(.bss)
    mp_stk                                   0x20000998   Data       24592  rtx_conf_cm.o(.bss)
    os_stack_mem                             0x200069a8   Data        6176  rtx_conf_cm.o(.bss)
    os_fifo                                  0x200081c8   Data         132  rtx_conf_cm.o(.bss)
    os_active_TCB                            0x2000824c   Data          28  rtx_conf_cm.o(.bss)
    os_messageQ_q_osTimerMessageQ            0x20008268   Data          32  rtx_conf_cm.o(.bss)
    fs_fat_fh                                0x2000860c   Data         160  fs_config.o(.bss)
    os_idle_TCB                              0x2000a6bc   Data          52  rt_task.o(.bss)
    os_rdy                                   0x2000a6f0   Data          24  rt_list.o(.bss)
    os_dly                                   0x2000a708   Data          24  rt_list.o(.bss)
    __libspace_start                         0x2000a720   Data          96  libspace.o(.bss)
    __stdin                                  0x2000a780   Data          84  stdio_streams.o(.bss)
    __temporary_stack_top$libspace           0x2000a780   Data           0  libspace.o(.bss)
    __stdout                                 0x2000a7d4   Data          84  stdio_streams.o(.bss)
    __stderr                                 0x2000a828   Data          84  stdio_streams.o(.bss)
    std::basic_string<char, std::char_traits<char>, std::allocator<char>>::__nullref 0x2000a8c4   Data          16  vendor.o(.bss__ZNSs9__nullrefE)



==============================================================================

Memory Map of the image

  Image Entry point : 0x08000189

  Load Region LR_IROM1 (Base: 0x08000000, Size: 0x0001c438, Max: 0x00100000, ABSOLUTE)

    Execution Region ER_IROM1 (Base: 0x08000000, Size: 0x0001c32c, Max: 0x00100000, ABSOLUTE)

    Base Addr    Size         Type   Attr      Idx    E Section Name        Object

    0x08000000   0x00000188   Data   RO         1455    RESET               startup_stm32f407xx.o
    0x08000188   0x00000008   Code   RO         3282  * !!!main             c_w.l(__main.o)
    0x08000190   0x00000034   Code   RO         5093    !!!scatter          c_w.l(__scatter.o)
    0x080001c4   0x0000001a   Code   RO         5095    !!handler_copy      c_w.l(__scatter_copy.o)
    0x080001de   0x00000002   PAD
    0x080001e0   0x0000001c   Code   RO         5097    !!handler_zi        c_w.l(__scatter_zi.o)
    0x080001fc   0x00000000   Code   RO         4581    .ARM.Collect$$_printf_percent$$00000000  c_w.l(_printf_percent.o)
    0x080001fc   0x00000006   Code   RO         4570    .ARM.Collect$$_printf_percent$$00000001  c_w.l(_printf_n.o)
    0x08000202   0x00000006   Code   RO         4572    .ARM.Collect$$_printf_percent$$00000002  c_w.l(_printf_p.o)
    0x08000208   0x00000006   Code   RO         4577    .ARM.Collect$$_printf_percent$$00000003  c_w.l(_printf_f.o)
    0x0800020e   0x00000006   Code   RO         4578    .ARM.Collect$$_printf_percent$$00000004  c_w.l(_printf_e.o)
    0x08000214   0x00000006   Code   RO         4579    .ARM.Collect$$_printf_percent$$00000005  c_w.l(_printf_g.o)
    0x0800021a   0x00000006   Code   RO         4580    .ARM.Collect$$_printf_percent$$00000006  c_w.l(_printf_a.o)
    0x08000220   0x0000000a   Code   RO         4585    .ARM.Collect$$_printf_percent$$00000007  c_w.l(_printf_ll.o)
    0x0800022a   0x00000006   Code   RO         4574    .ARM.Collect$$_printf_percent$$00000008  c_w.l(_printf_i.o)
    0x08000230   0x00000006   Code   RO         4575    .ARM.Collect$$_printf_percent$$00000009  c_w.l(_printf_d.o)
    0x08000236   0x00000006   Code   RO         4576    .ARM.Collect$$_printf_percent$$0000000A  c_w.l(_printf_u.o)
    0x0800023c   0x00000006   Code   RO         4573    .ARM.Collect$$_printf_percent$$0000000B  c_w.l(_printf_o.o)
    0x08000242   0x00000006   Code   RO         4571    .ARM.Collect$$_printf_percent$$0000000C  c_w.l(_printf_x.o)
    0x08000248   0x00000006   Code   RO         4582    .ARM.Collect$$_printf_percent$$0000000D  c_w.l(_printf_lli.o)
    0x0800024e   0x00000006   Code   RO         4583    .ARM.Collect$$_printf_percent$$0000000E  c_w.l(_printf_lld.o)
    0x08000254   0x00000006   Code   RO         4584    .ARM.Collect$$_printf_percent$$0000000F  c_w.l(_printf_llu.o)
    0x0800025a   0x00000006   Code   RO         4589    .ARM.Collect$$_printf_percent$$00000010  c_w.l(_printf_llo.o)
    0x08000260   0x00000006   Code   RO         4590    .ARM.Collect$$_printf_percent$$00000011  c_w.l(_printf_llx.o)
    0x08000266   0x0000000a   Code   RO         4586    .ARM.Collect$$_printf_percent$$00000012  c_w.l(_printf_l.o)
    0x08000270   0x00000006   Code   RO         4568    .ARM.Collect$$_printf_percent$$00000013  c_w.l(_printf_c.o)
    0x08000276   0x00000006   Code   RO         4569    .ARM.Collect$$_printf_percent$$00000014  c_w.l(_printf_s.o)
    0x0800027c   0x00000006   Code   RO         4587    .ARM.Collect$$_printf_percent$$00000015  c_w.l(_printf_lc.o)
    0x08000282   0x00000006   Code   RO         4588    .ARM.Collect$$_printf_percent$$00000016  c_w.l(_printf_ls.o)
    0x08000288   0x00000004   Code   RO         4845    .ARM.Collect$$_printf_percent$$00000017  c_w.l(_printf_percent_end.o)
    0x0800028c   0x00000002   Code   RO         3281    .ARM.Collect$$libinit$$00000000  c_w.l(libinit.o)
    0x0800028e   0x00000004   Code   RO         3460    .ARM.Collect$$libinit$$00000001  c_w.l(libinit2.o)
    0x08000292   0x00000000   Code   RO         3463    .ARM.Collect$$libinit$$00000004  c_w.l(libinit2.o)
    0x08000292   0x00000008   Code   RO         3464    .ARM.Collect$$libinit$$00000005  c_w.l(libinit2.o)
    0x0800029a   0x00000000   Code   RO         3466    .ARM.Collect$$libinit$$0000000A  c_w.l(libinit2.o)
    0x0800029a   0x00000000   Code   RO         3468    .ARM.Collect$$libinit$$0000000C  c_w.l(libinit2.o)
    0x0800029a   0x00000000   Code   RO         3470    .ARM.Collect$$libinit$$0000000E  c_w.l(libinit2.o)
    0x0800029a   0x00000006   Code   RO         3471    .ARM.Collect$$libinit$$0000000F  c_w.l(libinit2.o)
    0x080002a0   0x00000000   Code   RO         3473    .ARM.Collect$$libinit$$00000011  c_w.l(libinit2.o)
    0x080002a0   0x0000000c   Code   RO         3474    .ARM.Collect$$libinit$$00000012  c_w.l(libinit2.o)
    0x080002ac   0x00000000   Code   RO         3475    .ARM.Collect$$libinit$$00000013  c_w.l(libinit2.o)
    0x080002ac   0x00000000   Code   RO         3477    .ARM.Collect$$libinit$$00000015  c_w.l(libinit2.o)
    0x080002ac   0x0000000a   Code   RO         3478    .ARM.Collect$$libinit$$00000016  c_w.l(libinit2.o)
    0x080002b6   0x00000000   Code   RO         3479    .ARM.Collect$$libinit$$00000017  c_w.l(libinit2.o)
    0x080002b6   0x00000000   Code   RO         3481    .ARM.Collect$$libinit$$00000019  c_w.l(libinit2.o)
    0x080002b6   0x00000000   Code   RO         3483    .ARM.Collect$$libinit$$0000001B  c_w.l(libinit2.o)
    0x080002b6   0x00000000   Code   RO         3485    .ARM.Collect$$libinit$$0000001D  c_w.l(libinit2.o)
    0x080002b6   0x00000000   Code   RO         3487    .ARM.Collect$$libinit$$0000001F  c_w.l(libinit2.o)
    0x080002b6   0x00000000   Code   RO         3489    .ARM.Collect$$libinit$$00000021  c_w.l(libinit2.o)
    0x080002b6   0x00000000   Code   RO         3491    .ARM.Collect$$libinit$$00000023  c_w.l(libinit2.o)
    0x080002b6   0x00000004   Code   RO         3492    .ARM.Collect$$libinit$$00000024  c_w.l(libinit2.o)
    0x080002ba   0x00000000   Code   RO         3493    .ARM.Collect$$libinit$$00000025  c_w.l(libinit2.o)
    0x080002ba   0x00000000   Code   RO         3497    .ARM.Collect$$libinit$$0000002C  c_w.l(libinit2.o)
    0x080002ba   0x00000000   Code   RO         3499    .ARM.Collect$$libinit$$0000002E  c_w.l(libinit2.o)
    0x080002ba   0x00000000   Code   RO         3501    .ARM.Collect$$libinit$$00000030  c_w.l(libinit2.o)
    0x080002ba   0x00000004   Code   RO         3502    .ARM.Collect$$libinit$$00000031  c_w.l(libinit2.o)
    0x080002be   0x00000000   Code   RO         3503    .ARM.Collect$$libinit$$00000032  c_w.l(libinit2.o)
    0x080002be   0x00000002   Code   RO         3504    .ARM.Collect$$libinit$$00000033  c_w.l(libinit2.o)
    0x080002c0   0x00000002   Code   RO         4657    .ARM.Collect$$libshutdown$$00000000  c_w.l(libshutdown.o)
    0x080002c2   0x00000006   Code   RO         3888    .ARM.Collect$$libshutdown$$00000001  c_w.l(libshutdown2.o)
    0x080002c8   0x00000004   Code   RO         3889    .ARM.Collect$$libshutdown$$00000002  c_w.l(libshutdown2.o)
    0x080002cc   0x00000000   Code   RO         3890    .ARM.Collect$$libshutdown$$00000003  c_w.l(libshutdown2.o)
    0x080002cc   0x00000000   Code   RO         3893    .ARM.Collect$$libshutdown$$00000006  c_w.l(libshutdown2.o)
    0x080002cc   0x00000000   Code   RO         3896    .ARM.Collect$$libshutdown$$00000009  c_w.l(libshutdown2.o)
    0x080002cc   0x00000000   Code   RO         3898    .ARM.Collect$$libshutdown$$0000000B  c_w.l(libshutdown2.o)
    0x080002cc   0x00000000   Code   RO         3901    .ARM.Collect$$libshutdown$$0000000E  c_w.l(libshutdown2.o)
    0x080002cc   0x00000002   Code   RO         3902    .ARM.Collect$$libshutdown$$0000000F  c_w.l(libshutdown2.o)
    0x080002ce   0x00000002   Code   RO         3438    .ARM.Collect$$rtexit$$00000000  c_w.l(rtexit.o)
    0x080002d0   0x00000000   Code   RO         3765    .ARM.Collect$$rtexit$$00000002  c_w.l(rtexit2.o)
    0x080002d0   0x00000004   Code   RO         3766    .ARM.Collect$$rtexit$$00000003  c_w.l(rtexit2.o)
    0x080002d4   0x00000006   Code   RO         3767    .ARM.Collect$$rtexit$$00000004  c_w.l(rtexit2.o)
    0x080002da   0x00000002   PAD
    0x080002dc   0x00000024   Code   RO         1044    .emb_text           rtx_conf_cm.o
    0x08000300   0x00000180   Code   RO         2848    .emb_text           RTX_CM4.lib(hal_cm4.o)
    0x08000480   0x00000000   Code   RO         4816    .emb_text           c_w.l(maybetermalloc1.o)
    0x08000480   0x000000b0   Code   RO            4    .text               diskio.o
    0x08000530   0x0000359a   Code   RO          145    .text               ff.o
    0x08003aca   0x00000002   PAD
    0x08003acc   0x00000088   Code   RO          194    .text               ff_gen_drv.o
    0x08003b54   0x000000e8   Code   RO          221    .text               sd_diskio.o
    0x08003c3c   0x000005ec   Code   RO          252    .text               stm32_bsp_sd.o
    0x08004228   0x0000022c   Code   RO          293    .text               stm32f4xx_sd_io.o
    0x08004454   0x00000080   Code   RO          321    .text               unicode.o
    0x080044d4   0x000000f4   Code   RO          365    .text               led.o
    0x080045c8   0x000001e8   Code   RO          477    .text               main.o
    0x080047b0   0x00000128   Code   RO          882    .text               sd_storage.o
    0x080048d8   0x00000060   Code   RO          946    .text               consol.o
    0x08004938   0x00000164   Code   RO          984    .text               stm32f4xx_it.o
    0x08004a9c   0x000000bc   Code   RO         1017    .text               stm32f4xx_uart_io.o
    0x08004b58   0x000000a4   Code   RO         1045    .text               rtx_conf_cm.o
    0x08004bfc   0x00000b8c   Code   RO         1078    .text               spi_stm32f4xx.o
    0x08005788   0x00001358   Code   RO         1121    .text               usart_stm32f4xx.o
    0x08006ae0   0x00000180   Code   RO         1159    .text               stm32f4xx_hal.o
    0x08006c60   0x000002a8   Code   RO         1185    .text               stm32f4xx_hal_cortex.o
    0x08006f08   0x00005ee8   Code   RO         1213    .text               stm32f4xx_hal_dma.o
    0x0800cdf0   0x0000033c   Code   RO         1261    .text               stm32f4xx_hal_gpio.o
    0x0800d12c   0x00000a3c   Code   RO         1333    .text               stm32f4xx_hal_rcc.o
    0x0800db68   0x000015ac   Code   RO         1384    .text               stm32f4xx_hal_spi.o
    0x0800f114   0x00000f5e   Code   RO         1408    .text               stm32f4xx_hal_uart.o
    0x08010072   0x00000002   PAD
    0x08010074   0x00000040   Code   RO         1456    .text               startup_stm32f407xx.o
    0x080100b4   0x00000120   Code   RO         1463    .text               system_stm32f4xx.o
    0x080101d4   0x00000260   Code   RO         1490    .text               fs_config.o
    0x08010434   0x00000008   Code   RO         3247    .text               c_w.l(libspace.o)
    0x0801043c   0x00000002   Code   RO         3250    .text               c_w.l(use_no_semi.o)
    0x0801043e   0x0000004a   Code   RO         3252    .text               c_w.l(sys_stackheap_outer.o)
    0x08010488   0x00000018   Code   RO         3256    .text               c_w.l(__2printf.o)
    0x080104a0   0x0000000c   Code   RO         3261    .text               c_w.l(exit.o)
    0x080104ac   0x00000032   Code   RO         3263    .text               c_w.l(strncasecmp.o)
    0x080104de   0x0000003e   Code   RO         3265    .text               c_w.l(strlen.o)
    0x0801051c   0x0000008a   Code   RO         3267    .text               c_w.l(rt_memcpy_v6.o)
    0x080105a6   0x00000064   Code   RO         3269    .text               c_w.l(rt_memcpy_w.o)
    0x0801060a   0x00000044   Code   RO         3273    .text               c_w.l(rt_memclr.o)
    0x0801064e   0x0000004e   Code   RO         3275    .text               c_w.l(rt_memclr_w.o)
    0x0801069c   0x00000080   Code   RO         3277    .text               c_w.l(strcmpv7m.o)
    0x0801071c   0x00000006   Code   RO         3279    .text               c_w.l(heapauxi.o)
    0x08010722   0x0000001a   Code   RO         3444    .text               c_w.l(tolower.o)
    0x0801073c   0x000001c8   Code   RO         3456    .text               c_w.l(initio_locked.o)
    0x08010904   0x00000084   Code   RO         3458    .text               c_w.l(rt_memmove_v6.o)
    0x08010988   0x00000010   Code   RO         3771    .text               c_w.l(rt_ctype_table.o)
    0x08010998   0x0000000a   Code   RO         3780    .text               c_w.l(rt_new_handler_addr_twolibspace.o)
    0x080109a2   0x0000009e   Code   RO         3790    .text               c_w.l(h1_alloc_mt.o)
    0x08010a40   0x00000076   Code   RO         3792    .text               c_w.l(h1_free_mt.o)
    0x08010ab6   0x00000014   Code   RO         3844    .text               c_w.l(fprintf.o)
    0x08010aca   0x00000002   PAD
    0x08010acc   0x00000034   Code   RO         3846    .text               c_w.l(vsnprintf.o)
    0x08010b00   0x00000030   Code   RO         3848    .text               c_w.l(_printf_char_common.o)
    0x08010b30   0x0000003c   Code   RO         3850    .text               c_w.l(sscanf.o)
    0x08010b6c   0x0000004c   Code   RO         3862    .text               c_w.l(fclose.o)
    0x08010bb8   0x00000068   Code   RO         3868    .text               c_w.l(setvbuf_locked.o)
    0x08010c20   0x00000144   Code   RO         3870    .text               c_w.l(fopen_locked.o)
    0x08010d64   0x00000010   Code   RO         3872    .text               c_w.l(abort.o)
    0x08010d74   0x0000000e   Code   RO         3874    .text               c_w.l(defsig_rtred_outer.o)
    0x08010d82   0x00000048   Code   RO         3878    .text               c_w.l(strcpy.o)
    0x08010dca   0x00000016   Code   RO         3880    .text               c_w.l(strrchr.o)
    0x08010de0   0x00000018   Code   RO         3882    .text               c_w.l(strcat.o)
    0x08010df8   0x0000007a   Code   RO         3884    .text               c_w.l(rt_memmove_w.o)
    0x08010e72   0x00000004   Code   RO         4398    .text               cpprt_w.l(arm_newhandler_noexceptions.o)
    0x08010e76   0x0000000e   Code   RO         4434    .text               cpprt_w.l(aeabi_vec_delete_noexceptions.o)
    0x08010e84   0x0000001a   Code   RO         4444    .text               cpprt_w.l(arm_exceptions_terminate.o)
    0x08010e9e   0x00000002   PAD
    0x08010ea0   0x00000050   Code   RO         4447    .text               cpprt_w.l(arm_exceptions_globs.o)
    0x08010ef0   0x0000000a   Code   RO         4462    .text               c_w.l(rt_heap_descriptor_twolibspace.o)
    0x08010efa   0x0000000a   Code   RO         4469    .text               c_w.l(rt_locale_twolibspace.o)
    0x08010f04   0x0000000a   Code   RO         4476    .text               c_w.l(rt_eh_globals_addr_twolibspace.o)
    0x08010f0e   0x00000004   Code   RO         4478    .text               c_w.l(hguard.o)
    0x08010f12   0x0000008a   Code   RO         4480    .text               c_w.l(init_alloc.o)
    0x08010f9c   0x00000012   Code   RO         4486    .text               c_w.l(h1_init_mt.o)
    0x08010fae   0x0000004e   Code   RO         4500    .text               c_w.l(_printf_pad.o)
    0x08010ffc   0x00000024   Code   RO         4502    .text               c_w.l(_printf_truncate.o)
    0x08011020   0x00000052   Code   RO         4504    .text               c_w.l(_printf_str.o)
    0x08011072   0x00000002   PAD
    0x08011074   0x00000078   Code   RO         4506    .text               c_w.l(_printf_dec.o)
    0x080110ec   0x00000028   Code   RO         4508    .text               c_w.l(_printf_charcount.o)
    0x08011114   0x0000000a   Code   RO         4510    .text               c_w.l(_sputc.o)
    0x0801111e   0x00000010   Code   RO         4512    .text               c_w.l(_snputc.o)
    0x0801112e   0x00000002   PAD
    0x08011130   0x000000bc   Code   RO         4516    .text               c_w.l(_printf_wctomb.o)
    0x080111ec   0x0000007c   Code   RO         4519    .text               c_w.l(_printf_longlong_dec.o)
    0x08011268   0x00000070   Code   RO         4525    .text               c_w.l(_printf_oct_int_ll.o)
    0x080112d8   0x00000094   Code   RO         4545    .text               c_w.l(_printf_hex_int_ll_ptr.o)
    0x0801136c   0x00000188   Code   RO         4565    .text               c_w.l(__printf_flags_ss_wp.o)
    0x080114f4   0x00000156   Code   RO         4591    .text               c_w.l(_scanf_longlong.o)
    0x0801164a   0x0000014c   Code   RO         4593    .text               c_w.l(_scanf_int.o)
    0x08011796   0x000000e0   Code   RO         4595    .text               c_w.l(_scanf_str.o)
    0x08011876   0x00000002   PAD
    0x08011878   0x0000002c   Code   RO         4597    .text               c_w.l(scanf_char.o)
    0x080118a4   0x00000040   Code   RO         4599    .text               c_w.l(_sgetc.o)
    0x080118e4   0x00000114   Code   RO         4601    .text               c_w.l(_scanf_mbtowc.o)
    0x080119f8   0x000000e8   Code   RO         4603    .text               c_w.l(_scanf_wctomb.o)
    0x08011ae0   0x000000d0   Code   RO         4605    .text               c_w.l(_scanf_wstr.o)
    0x08011bb0   0x000001d6   Code   RO         4607    .text               c_w.l(flsbuf.o)
    0x08011d86   0x00000002   PAD
    0x08011d88   0x000000f8   Code   RO         4609    .text               c_w.l(fseek.o)
    0x08011e80   0x000000f0   Code   RO         4611    .text               c_w.l(stdio.o)
    0x08011f70   0x00000010   Code   RO         4613    .text               c_w.l(locale.o)
    0x08011f80   0x0000000a   Code   RO         4631    .text               c_w.l(defsig_exit.o)
    0x08011f8a   0x0000000e   Code   RO         4633    .text               c_w.l(defsig_abrt_outer.o)
    0x08011f98   0x00000034   Code   RO         4641    .text               c_w.l(defsig_rtred_inner.o)
    0x08011fcc   0x00000008   Code   RO         4647    .text               c_w.l(memcpy.o)
    0x08011fd4   0x0000003c   Code   RO         4782    .text               cpprt_w.l(arm_exceptions_mem.o)
    0x08012010   0x0000000a   Code   RO         4805    .text               c_w.l(rt_ddtor_pointer_addr_twolibspace.o)
    0x0801201a   0x00000004   Code   RO         4812    .text               c_w.l(rt_errno_addr_twolibspace.o)
    0x0801201e   0x0000003e   Code   RO         4820    .text               c_w.l(h1_extend_mt.o)
    0x0801205c   0x0000008a   Code   RO         4822    .text               c_w.l(lludiv10.o)
    0x080120e6   0x00000012   Code   RO         4824    .text               c_w.l(isspace.o)
    0x080120f8   0x000000b2   Code   RO         4832    .text               c_w.l(_printf_intcommon.o)
    0x080121aa   0x0000041a   Code   RO         4834    .text               c_w.l(_printf_fp_dec.o)
    0x080125c4   0x000002fc   Code   RO         4836    .text               c_w.l(_printf_fp_hex.o)
    0x080128c0   0x0000002c   Code   RO         4839    .text               c_w.l(_printf_char.o)
    0x080128ec   0x00000040   Code   RO         4841    .text               c_w.l(_printf_char_file_locked.o)
    0x0801292c   0x0000002c   Code   RO         4843    .text               c_w.l(_printf_wchar.o)
    0x08012958   0x0000001c   Code   RO         4846    .text               c_w.l(_chval.o)
    0x08012974   0x00000374   Code   RO         4848    .text               c_w.l(_scanf.o)
    0x08012ce8   0x000004a4   Code   RO         4850    .text               c_w.l(scanf_fp.o)
    0x0801318c   0x0000001e   Code   RO         4854    .text               c_w.l(_scanf_wcharmap.o)
    0x080131aa   0x00000042   Code   RO         4856    .text               c_w.l(ftell.o)
    0x080131ec   0x000001ac   Code   RO         4864    .text               c_w.l(locale_r.o)
    0x08013398   0x0000003c   Code   RO         4866    .text               c_w.l(_mbrtowc.o)
    0x080133d4   0x00000040   Code   RO         4868    .text               c_w.l(_wcrtomb.o)
    0x08013414   0x00000032   Code   RO         4877    .text               c_w.l(defsig_general.o)
    0x08013446   0x00000002   PAD
    0x08013448   0x00000030   Code   RO         4879    .text               c_w.l(defsig_abrt_inner.o)
    0x08013478   0x0000000e   Code   RO         4883    .text               c_w.l(defsig_rtmem_outer.o)
    0x08013486   0x00000002   Code   RO         4892    .text               cpprt_w.l(arm_rethrow_noexceptions.o)
    0x08013488   0x00000022   Code   RO         4904    .text               cpprt_w.l(aeabi_vec_dtor_noexceptions.o)
    0x080134aa   0x00000002   PAD
    0x080134ac   0x00000080   Code   RO         4914    .text               c_w.l(_printf_fp_infnan.o)
    0x0801352c   0x000000dc   Code   RO         4918    .text               c_w.l(bigflt0.o)
    0x08013608   0x00000050   Code   RO         4958    .text               c_w.l(defsig_rtmem_inner.o)
    0x08013658   0x00000016   Code   RO         4998    .text               c_w.l(_rserrno.o)
    0x0801366e   0x00000002   PAD
    0x08013670   0x00000318   Code   RO         5000    .text               c_w.l(scanf_hexfp.o)
    0x08013988   0x00000134   Code   RO         5002    .text               c_w.l(scanf_infnan.o)
    0x08013abc   0x0000001c   Code   RO         5016    .text               cpprt_w.l(ARM_vec_cleanup_noexceptions.o)
    0x08013ad8   0x00000026   Code   RO         5029    .text               c_w.l(llshl.o)
    0x08013afe   0x00000002   PAD
    0x08013b00   0x00000024   Code   RO         5089    .text               c_w.l(init_aeabi.o)
    0x08013b24   0x0000003e   Code   RO         4921    CL$$btod_d2e        c_w.l(btod.o)
    0x08013b62   0x00000046   Code   RO         4923    CL$$btod_d2e_denorm_low  c_w.l(btod.o)
    0x08013ba8   0x00000060   Code   RO         4922    CL$$btod_d2e_norm_op1  c_w.l(btod.o)
    0x08013c08   0x00000338   Code   RO         4931    CL$$btod_div_common  c_w.l(btod.o)
    0x08013f40   0x00000054   Code   RO         4929    CL$$btod_e2d        c_w.l(btod.o)
    0x08013f94   0x000000c6   Code   RO         4928    CL$$btod_e2e        c_w.l(btod.o)
    0x0801405a   0x00000028   Code   RO         4925    CL$$btod_ediv       c_w.l(btod.o)
    0x08014082   0x00000028   Code   RO         4927    CL$$btod_edivd      c_w.l(btod.o)
    0x080140aa   0x00000028   Code   RO         4924    CL$$btod_emul       c_w.l(btod.o)
    0x080140d2   0x00000028   Code   RO         4926    CL$$btod_emuld      c_w.l(btod.o)
    0x080140fa   0x00000244   Code   RO         4930    CL$$btod_mult_common  c_w.l(btod.o)
    0x0801433e   0x00000002   PAD
    0x08014340   0x00000004   Code   RO         3176    SVC_TABLE           RTX_CM4.lib(svc_table.o)
    0x08014344   0x00000014   Code   RO         4161    i.<Func5>           cpp_ws.l(locale.o)
    0x08014358   0x00000078   Code   RO         3217    i.SetBuf            FS_LFN_CM3_L.lib(fs_journal.o)
    0x080143d0   0x00000020   Code   RO         4666    i._Z7catgetsPN4__rw8__rw_catEiiPKc  cpp_ws.l(rwcats.o)
    0x080143f0   0x00000022   Code   RO         4667    i._Z7catopenPKci    cpp_ws.l(rwcats.o)
    0x08014412   0x00000058   Code   RO         3509    i._ZN37_INTERNAL_15_rwstdexcept_cpp_8697b68a4__rw13__rw_vfmatstrEPcjPKcSt9__va_list  cpp_ws.l(rwstdexcept.o)
    0x0801446a   0x00000002   PAD
    0x0801446c   0x0000014c   Code   RO         3510    i._ZN37_INTERNAL_15_rwstdexcept_cpp_8697b68a4__rw13__rw_vfmatstrEPcjiSt9__va_list  cpp_ws.l(rwstdexcept.o)
    0x080145b8   0x0000005c   Code   RO         3512    i._ZN4__rw10__rw_throwEiz  cpp_ws.l(rwstdexcept.o)
    0x08014614   0x00000020   Code   RO         3284    i._ZN4__rw13__rw_allocateEji  cpp_ws.l(rwalloc.o)
    0x08014634   0x00000004   Code   RO         3285    i._ZN4__rw15__rw_deallocateEPvji  cpp_ws.l(rwalloc.o)
    0x08014638   0x00000002   Code   RO         4108    i._ZN4__rw15__rw_facet_base12_C_initfacetERKSt6locale  cpp_ws.l(char.o)
    0x0801463a   0x00000002   PAD
    0x0801463c   0x000000ec   Code   RO         4264    i._ZN4__rw15__rw_locale_impC1EPKcjj  cpp_ws.l(locale.o)
    0x08014728   0x0000001a   Code   RO         4302    i._ZN4__rw15__rw_locale_impD1Ev  cpp_ws.l(locale.o)
    0x08014742   0x0000003a   Code   RO         4162    i._ZN4__rw21__rw_use_c_lib_localeC1EPKci  cpp_ws.l(locale.o)
    0x0801477c   0x00000018   Code   RO         4078    i._ZN4__rw21__rw_use_c_lib_localeD1Ev  cpp_ws.l(char.o)
    0x08014794   0x00000098   Code   RO         4690    i._ZN4__rw25__rw_throw_exception_noexEiPc  cpp_ws.l(rwthrowproc_impl_noex.o)
    0x0801482c   0x00000030   Code   RO         4670    i._ZN4__rw9__catfindEPNS_8__rw_catE  cpp_ws.l(rwcats.o)
    0x0801485c   0x00000004   Code   RO         3631    i._ZNKSt14__rw_exception4whatEv  cpp_ws.l(rwstdexcept.o)
    0x08014860   0x00000072   Code   RO         4339    i._ZNKSt18__rw_messages_base11_C_cat_openERKSsRKSt6locale  cpp_ws.l(messages.o)
    0x080148d2   0x00000020   Code   RO         4342    i._ZNKSt18__rw_messages_base13_C_get_localeEi  cpp_ws.l(messages.o)
    0x080148f2   0x00000034   Code   RO         4343    i._ZNKSt18__rw_messages_base14_C_get_messageEiii  cpp_ws.l(messages.o)
    0x08014926   0x0000000e   Code   RO         4048    i._ZNKSt5ctypeIcE2isENSt10ctype_base4maskEc  cpp_ws.l(char.o)
    0x08014934   0x00000108   Code   RO         4167    i._ZNKSt6locale13_C_make_facetERKNS_2idEbiPFPN4__rw15__rw_facet_baseEiPKcjE  cpp_ws.l(locale.o)
    0x08014a3c   0x00000074   Code   RO         4169    i._ZNKSt6locale16_C_install_facetEPN4__rw15__rw_facet_baseERKNS_2idE  cpp_ws.l(locale.o)
    0x08014ab0   0x00000030   Code   RO         4170    i._ZNKSt6locale4nameEv  cpp_ws.l(locale.o)
    0x08014ae0   0x0000000c   Code   RO         4023    i._ZNSt11char_traitsIcE4copyEPcPKcj  cpp_ws.l(char.o)
    0x08014aec   0x000000cc   Code   RO         3909    i._ZNSt12ctype_bynameIcE17_C_get_mask_tableEPKc  cpp_ws.l(char.o)
    0x08014bb8   0x00000120   Code   RO         3911    i._ZNSt12ctype_bynameIcEC1EPKcj  cpp_ws.l(char.o)
    0x08014cd8   0x0000000e   Code   RO         4155    i._ZNSt12ctype_bynameIcED0Ev  cpp_ws.l(char.o)
    0x08014ce6   0x00000008   Code   RO         4152    i._ZNSt12ctype_bynameIcED1Ev  cpp_ws.l(char.o)
    0x08014cee   0x00000002   PAD
    0x08014cf0   0x00000084   Code   RO         3515    i._ZNSt14__rw_exception10_C_vformatEiSt9__va_list  cpp_ws.l(rwstdexcept.o)
    0x08014d74   0x00000014   Code   RO         3581    i._ZNSt14__rw_exceptionC1Ev  cpp_ws.l(rwstdexcept.o)
    0x08014d88   0x0000001c   Code   RO         3625    i._ZNSt14__rw_exceptionD1Ev  cpp_ws.l(rwstdexcept.o)
    0x08014da4   0x00000008   Code   RO         3578    i._ZNSt18__rw_messages_baseD1Ev  cpp_ws.l(rwstdexcept.o)
    0x08014dac   0x0000001a   Code   RO         4379    i._ZNSt18__rw_open_cat_dataC1Ev  cpp_ws.l(messages.o)
    0x08014dc6   0x0000000c   Code   RO         4376    i._ZNSt18__rw_open_cat_dataD1Ev  cpp_ws.l(messages.o)
    0x08014dd2   0x00000012   Code   RO         4382    i._ZNSt18__rw_open_cat_dataaSERKS_  cpp_ws.l(messages.o)
    0x08014de4   0x000000fa   Code   RO         3913    i._ZNSt5ctypeIcE12_C_initfacetERKSt6locale  cpp_ws.l(char.o)
    0x08014ede   0x00000002   PAD
    0x08014ee0   0x00000118   Code   RO         3915    i._ZNSt5ctypeIcEC1EPKNSt10ctype_base4maskEbj  cpp_ws.l(char.o)
    0x08014ff8   0x0000000e   Code   RO         4051    i._ZNSt5ctypeIcED0Ev  cpp_ws.l(char.o)
    0x08015006   0x00000002   PAD
    0x08015008   0x0000002c   Code   RO         3980    i._ZNSt5ctypeIcED1Ev  cpp_ws.l(char.o)
    0x08015034   0x0000000e   Code   RO         3622    i._ZNSt6locale5facetD0Ev  cpp_ws.l(rwstdexcept.o)
    0x08015042   0x00000002   PAD
    0x08015044   0x00000084   Code   RO         4173    i._ZNSt6locale7_C_initEv  cpp_ws.l(locale.o)
    0x080150c8   0x00000044   Code   RO         4175    i._ZNSt6locale7classicEv  cpp_ws.l(locale.o)
    0x0801510c   0x00000020   Code   RO         4305    i._ZNSt6localeC1EPN4__rw15__rw_locale_impE  cpp_ws.l(locale.o)
    0x0801512c   0x0000000c   Code   RO         4385    i._ZNSt6localeC1ERKS_  cpp_ws.l(messages.o)
    0x08015138   0x00000020   Code   RO         3574    i._ZNSt6localeC1Ev  cpp_ws.l(rwstdexcept.o)
    0x08015158   0x00000020   Code   RO         4280    i._ZNSt6localeD1Ev  cpp_ws.l(locale.o)
    0x08015178   0x00000032   Code   RO         4183    i._ZNSt6localeaSERKS_  cpp_ws.l(locale.o)
    0x080151aa   0x0000000e   Code   RO         3596    i._ZNSt8messagesIcED0Ev  cpp_ws.l(rwstdexcept.o)
    0x080151b8   0x00000010   Code   RO         3565    i._ZNSt8messagesIcED1Ev  cpp_ws.l(rwstdexcept.o)
    0x080151c8   0x0000000c   Code   RO         4411    i._ZNSt9exceptionC1Ev  cpprt_w.l(exception_ctor.o)
    0x080151d4   0x0000003c   Code   RO         4360    i._ZSt13__rw_get_catsv  cpp_ws.l(messages.o)
    0x08015210   0x00000008   Code   RO         4391    i._ZdaPv            cpprt_w.l(array_del.o)
    0x08015218   0x00000008   Code   RO         3634    i._ZdlPv            cpprt_w.l(delete.o)
    0x08015220   0x00000008   Code   RO         4394    i._Znaj             cpprt_w.l(array_new.o)
    0x08015228   0x00000028   Code   RO         3637    i._Znwj             cpprt_w.l(new.o)
    0x08015250   0x00000092   Code   RO         4962    i.__ARM_array_new_general  cpprt_w.l(array_new_general.o)
    0x080152e2   0x00000030   Code   RO         4984    i.__ARM_fpclassify  m_wm.l(fpclassify.o)
    0x08015312   0x00000032   Code   RO         4773    i.__aeabi_atexit    cpprt_w.l(aeabi_atexit.o)
    0x08015344   0x00000010   Code   RO         4779    i.__aeabi_vec_dtor_cookie  cpprt_w.l(aeabi_vec_dtor_cookie.o)
    0x08015354   0x00000014   Code   RO         4776    i.__aeabi_vec_new_cookie  cpprt_w.l(aeabi_vec_new_cookie.o)
    0x08015368   0x00000042   Code   RO         4898    i.__cxa_finalize    cpprt_w.l(cxa_finalize.o)
    0x080153aa   0x00000010   Code   RO         4761    i.__cxa_guard_acquire  cpprt_w.l(cxa_guard_acquire.o)
    0x080153ba   0x00000002   PAD
    0x080153bc   0x00000018   Code   RO         4901    i.__cxa_vec_new     cpprt_w.l(cxa_vec_new.o)
    0x080153d4   0x00000004   PAD
    0x080153d8   0x000000d0   Code   RO         5035    i.__hardfp_ldexp    m_wm.l(ldexp.o)
    0x080154a8   0x00000020   Code   RO         5059    i.__mathlib_dbl_overflow  m_wm.l(dunder.o)
    0x080154c8   0x00000020   Code   RO         5061    i.__mathlib_dbl_underflow  m_wm.l(dunder.o)
    0x080154e8   0x000000b8   Code   RO         4987    i.__mathlib_narrow  m_wm.l(narrow.o)
    0x080155a0   0x00000010   Code   RO         4184    i.__sti___10_locale_cpp_ff99fc7b  cpp_ws.l(locale.o)
    0x080155b0   0x00000038   Code   RO         4671    i.__sti___10_rwcats_cpp_64e8068e  cpp_ws.l(rwcats.o)
    0x080155e8   0x00000010   Code   RO         3917    i.__sti___8_char_cpp_a3dc957a  cpp_ws.l(char.o)
    0x080155f8   0x00000014   Code   RO         5037    i.__support_ldexp   m_wm.l(ldexp.o)
    0x0801560c   0x00000050   Code   RO         2401    i.__sys_close       FS_LFN_CM3_L.lib(fs_sys.o)
    0x0801565c   0x0000003c   Code   RO         2402    i.__sys_ensure      FS_LFN_CM3_L.lib(fs_sys.o)
    0x08015698   0x00000040   Code   RO         2403    i.__sys_flen        FS_LFN_CM3_L.lib(fs_sys.o)
    0x080156d8   0x0000008c   Code   RO         2404    i.__sys_open        FS_LFN_CM3_L.lib(fs_sys.o)
    0x08015764   0x00000060   Code   RO         2405    i.__sys_read        FS_LFN_CM3_L.lib(fs_sys.o)
    0x080157c4   0x00000048   Code   RO         2406    i.__sys_seek        FS_LFN_CM3_L.lib(fs_sys.o)
    0x0801580c   0x00000058   Code   RO         2407    i.__sys_write       FS_LFN_CM3_L.lib(fs_sys.o)
    0x08015864   0x00000080   Code   RO         2290    i._fdelete          FS_LFN_CM3_L.lib(fs_mapi.o)
    0x080158e4   0x00000046   Code   RO         2742    i._init_box         RTX_CM4.lib(rt_membox.o)
    0x0801592a   0x0000000e   Code   RO         4558    i._is_digit         c_w.l(__printf_wp.o)
    0x08015938   0x0000005e   Code   RO         2970    i.alloc_clus        FS_LFN_CM3_L.lib(fs_fat.o)
    0x08015996   0x00000098   Code   RO         2971    i.alloc_table_read  FS_LFN_CM3_L.lib(fs_fat.o)
    0x08015a2e   0x000000d8   Code   RO         2972    i.alloc_table_write  FS_LFN_CM3_L.lib(fs_fat.o)
    0x08015b06   0x00000092   Code   RO         2975    i.cache_fat         FS_LFN_CM3_L.lib(fs_fat.o)
    0x08015b98   0x00000060   Code   RO         2976    i.char_validate     FS_LFN_CM3_L.lib(fs_fat.o)
    0x08015bf8   0x00000042   Code   RO         2977    i.clear_clus        FS_LFN_CM3_L.lib(fs_fat.o)
    0x08015c3a   0x00000024   Code   RO         2978    i.clus_to_sect      FS_LFN_CM3_L.lib(fs_fat.o)
    0x08015c5e   0x00000002   PAD
    0x08015c60   0x000000d4   Code   RO         2980    i.create_dot_entries  FS_LFN_CM3_L.lib(fs_fat.o)
    0x08015d34   0x000000e4   Code   RO         2981    i.create_lfn_entry  FS_LFN_CM3_L.lib(fs_fat.o)
    0x08015e18   0x0000008a   Code   RO         2982    i.create_sfn_entry  FS_LFN_CM3_L.lib(fs_fat.o)
    0x08015ea2   0x00000002   PAD
    0x08015ea4   0x00000030   Code   RO         2795    i.dbg_init          RTX_CM4.lib(hal_cm.o)
    0x08015ed4   0x00000020   Code   RO         2796    i.dbg_task_notify   RTX_CM4.lib(hal_cm.o)
    0x08015ef4   0x00000010   Code   RO         2797    i.dbg_task_switch   RTX_CM4.lib(hal_cm.o)
    0x08015f04   0x0000002c   Code   RO         3179    i.delete_list_add   FS_LFN_CM3_L.lib(fs_fat_elink.o)
    0x08015f30   0x00000046   Code   RO         3180    i.delete_list_discon  FS_LFN_CM3_L.lib(fs_fat_elink.o)
    0x08015f76   0x00000024   Code   RO         3181    i.delete_list_update  FS_LFN_CM3_L.lib(fs_fat_elink.o)
    0x08015f9a   0x0000009c   Code   RO         3182    i.elink_alloc       FS_LFN_CM3_L.lib(fs_fat_elink.o)
    0x08016036   0x000000a4   Code   RO         3183    i.elink_cmd         FS_LFN_CM3_L.lib(fs_fat_elink.o)
    0x080160da   0x00000056   Code   RO         3184    i.elink_con         FS_LFN_CM3_L.lib(fs_fat_elink.o)
    0x08016130   0x00000042   Code   RO         3185    i.elink_delete      FS_LFN_CM3_L.lib(fs_fat_elink.o)
    0x08016172   0x00000032   Code   RO         3186    i.elink_discon      FS_LFN_CM3_L.lib(fs_fat_elink.o)
    0x080161a4   0x00000018   Code   RO         3187    i.elink_exist       FS_LFN_CM3_L.lib(fs_fat_elink.o)
    0x080161bc   0x00000026   Code   RO         3190    i.elink_init_path   FS_LFN_CM3_L.lib(fs_fat_elink.o)
    0x080161e2   0x0000011e   Code   RO         3191    i.elink_insert      FS_LFN_CM3_L.lib(fs_fat_elink.o)
    0x08016300   0x0000005e   Code   RO         3192    i.elink_scan        FS_LFN_CM3_L.lib(fs_fat_elink.o)
    0x0801635e   0x0000001c   Code   RO         3193    i.elink_step_dir    FS_LFN_CM3_L.lib(fs_fat_elink.o)
    0x0801637a   0x00000030   Code   RO         2983    i.entry_flush       FS_LFN_CM3_L.lib(fs_fat.o)
    0x080163aa   0x0000001c   Code   RO         2984    i.entry_pos_comp    FS_LFN_CM3_L.lib(fs_fat.o)
    0x080163c6   0x0000005e   Code   RO         2985    i.entry_pos_inc     FS_LFN_CM3_L.lib(fs_fat.o)
    0x08016424   0x0000003c   Code   RO         2986    i.entry_read        FS_LFN_CM3_L.lib(fs_fat.o)
    0x08016460   0x0000002e   Code   RO         2987    i.entry_type        FS_LFN_CM3_L.lib(fs_fat.o)
    0x0801648e   0x00000002   PAD
    0x08016490   0x000000f4   Code   RO         2990    i.fat_close         FS_LFN_CM3_L.lib(fs_fat.o)
    0x08016584   0x00000030   Code   RO         2991    i.fat_crc32         FS_LFN_CM3_L.lib(fs_fat.o)
    0x080165b4   0x000001b0   Code   RO         2992    i.fat_delete        FS_LFN_CM3_L.lib(fs_fat.o)
    0x08016764   0x00000020   Code   RO         2995    i.fat_flen          FS_LFN_CM3_L.lib(fs_fat.o)
    0x08016784   0x00000038   Code   RO         2998    i.fat_handle_get    FS_LFN_CM3_L.lib(fs_fat.o)
    0x080167bc   0x000001a0   Code   RO         3004    i.fat_open          FS_LFN_CM3_L.lib(fs_fat.o)
    0x0801695c   0x0000010c   Code   RO         3006    i.fat_read          FS_LFN_CM3_L.lib(fs_fat.o)
    0x08016a68   0x000001f4   Code   RO         3011    i.fat_seek          FS_LFN_CM3_L.lib(fs_fat.o)
    0x08016c5c   0x0000006e   Code   RO         3014    i.fat_vol_chk       FS_LFN_CM3_L.lib(fs_fat.o)
    0x08016cca   0x00000002   PAD
    0x08016ccc   0x00000164   Code   RO         3015    i.fat_write         FS_LFN_CM3_L.lib(fs_fat.o)
    0x08016e30   0x00000048   Code   RO         3016    i.file_locked       FS_LFN_CM3_L.lib(fs_fat.o)
    0x08016e78   0x00000050   Code   RO         3017    i.find_param        FS_LFN_CM3_L.lib(fs_fat.o)
    0x08016ec8   0x0000002c   Code   RO         3018    i.format_date       FS_LFN_CM3_L.lib(fs_fat.o)
    0x08016ef4   0x0000002e   Code   RO         3019    i.format_time       FS_LFN_CM3_L.lib(fs_fat.o)
    0x08016f22   0x0000001a   Code   RO         3855    i.fputc             c_w.l(fputc.o)
    0x08016f3c   0x000000ae   Code   RO         3020    i.frec_allocate     FS_LFN_CM3_L.lib(fs_fat.o)
    0x08016fea   0x00000058   Code   RO         3021    i.frec_delete       FS_LFN_CM3_L.lib(fs_fat.o)
    0x08017042   0x00000028   Code   RO         3022    i.frec_delete_elink  FS_LFN_CM3_L.lib(fs_fat.o)
    0x0801706a   0x00000002   PAD
    0x0801706c   0x00000200   Code   RO         3023    i.frec_find         FS_LFN_CM3_L.lib(fs_fat.o)
    0x0801726c   0x0000005a   Code   RO         3024    i.frec_find_elink   FS_LFN_CM3_L.lib(fs_fat.o)
    0x080172c6   0x00000002   PAD
    0x080172c8   0x0000016c   Code   RO         3025    i.frec_next         FS_LFN_CM3_L.lib(fs_fat.o)
    0x08017434   0x00000004   PAD
    0x08017438   0x0000008c   Code   RO         5025    i.frexp             m_wm.l(frexp.o)
    0x080174c4   0x00000094   Code   RO         2859    i.fs_drive_id       FS_LFN_CM3_L.lib(fs_common.o)
    0x08017558   0x0000001a   Code   RO         3237    i.fs_get_time       FS_LFN_CM3_L.lib(fs_time.o)
    0x08017572   0x00000006   Code   RO         2343    i.fs_mc_read_cd     FS_LFN_CM3_L.lib(fs_mc_spi.o)
    0x08017578   0x00000006   Code   RO         2344    i.fs_mc_read_wp     FS_LFN_CM3_L.lib(fs_mc_spi.o)
    0x0801757e   0x00000002   PAD
    0x08017580   0x00000064   Code   RO         3027    i.fsinfo_write      FS_LFN_CM3_L.lib(fs_fat.o)
    0x080175e4   0x000000b8   Code   RO         3220    i.fsj_write         FS_LFN_CM3_L.lib(fs_journal.o)
    0x0801769c   0x00000022   Code   RO         3028    i.get_EOC           FS_LFN_CM3_L.lib(fs_fat.o)
    0x080176be   0x00000032   Code   RO         3030    i.get_fat_sect      FS_LFN_CM3_L.lib(fs_fat.o)
    0x080176f0   0x0000000e   Code   RO         3031    i.get_root_clus     FS_LFN_CM3_L.lib(fs_fat.o)
    0x080176fe   0x0000000a   Code   RO         3032    i.get_u16           FS_LFN_CM3_L.lib(fs_fat.o)
    0x08017708   0x00000016   Code   RO         3033    i.get_u32           FS_LFN_CM3_L.lib(fs_fat.o)
    0x0801771e   0x0000002c   Code   RO         1541    i.isrMessagePut     RTX_CM4.lib(rt_cmsis.o)
    0x0801774a   0x00000002   PAD
    0x0801774c   0x00000050   Code   RO         2630    i.isr_mbx_receive   RTX_CM4.lib(rt_mailbox.o)
    0x0801779c   0x0000000e   Code   RO         2631    i.isr_mbx_send      RTX_CM4.lib(rt_mailbox.o)
    0x080177aa   0x00000004   Code   RO         3043    i.link_clus         FS_LFN_CM3_L.lib(fs_fat.o)
    0x080177ae   0x00000002   PAD
    0x080177b0   0x00000028   Code   RO         3044    i.long_ent_hash     FS_LFN_CM3_L.lib(fs_fat.o)
    0x080177d8   0x000000a8   Code   RO         2345    i.mc_command        FS_LFN_CM3_L.lib(fs_mc_spi.o)
    0x08017880   0x00000082   Code   RO         2346    i.mc_fill_cid       FS_LFN_CM3_L.lib(fs_mc_spi.o)
    0x08017902   0x00000002   PAD
    0x08017904   0x0000008c   Code   RO         2347    i.mc_read_block     FS_LFN_CM3_L.lib(fs_mc_spi.o)
    0x08017990   0x00000046   Code   RO         2348    i.mc_read_cid       FS_LFN_CM3_L.lib(fs_mc_spi.o)
    0x080179d6   0x00000002   PAD
    0x080179d8   0x000000dc   Code   RO         2349    i.mc_read_csd       FS_LFN_CM3_L.lib(fs_mc_spi.o)
    0x08017ab4   0x0000005e   Code   RO         2350    i.mc_read_info      FS_LFN_CM3_L.lib(fs_mc_spi.o)
    0x08017b12   0x00000002   PAD
    0x08017b14   0x00000050   Code   RO         2351    i.mc_receive        FS_LFN_CM3_L.lib(fs_mc_spi.o)
    0x08017b64   0x00000050   Code   RO         2352    i.mc_send           FS_LFN_CM3_L.lib(fs_mc_spi.o)
    0x08017bb4   0x00000064   Code   RO         2353    i.mc_spi_DevCtrl    FS_LFN_CM3_L.lib(fs_mc_spi.o)
    0x08017c18   0x0000000e   Code   RO         2354    i.mc_spi_DrvEvent   FS_LFN_CM3_L.lib(fs_mc_spi.o)
    0x08017c26   0x00000002   PAD
    0x08017c28   0x000002c0   Code   RO         2355    i.mc_spi_Init       FS_LFN_CM3_L.lib(fs_mc_spi.o)
    0x08017ee8   0x00000064   Code   RO         2356    i.mc_spi_ReadInfo   FS_LFN_CM3_L.lib(fs_mc_spi.o)
    0x08017f4c   0x0000007c   Code   RO         2357    i.mc_spi_ReadSector  FS_LFN_CM3_L.lib(fs_mc_spi.o)
    0x08017fc8   0x0000002e   Code   RO         2358    i.mc_spi_UnInit     FS_LFN_CM3_L.lib(fs_mc_spi.o)
    0x08017ff6   0x00000002   PAD
    0x08017ff8   0x00000084   Code   RO         2359    i.mc_spi_WriteSector  FS_LFN_CM3_L.lib(fs_mc_spi.o)
    0x0801807c   0x00000050   Code   RO         2360    i.mc_transfer       FS_LFN_CM3_L.lib(fs_mc_spi.o)
    0x080180cc   0x000000bc   Code   RO         2361    i.mc_write_block    FS_LFN_CM3_L.lib(fs_mc_spi.o)
    0x08018188   0x000000ac   Code   RO         3046    i.name_analyse      FS_LFN_CM3_L.lib(fs_fat.o)
    0x08018234   0x000000b4   Code   RO         3047    i.name_basis_gen    FS_LFN_CM3_L.lib(fs_fat.o)
    0x080182e8   0x00000008   Code   RO         3048    i.name_hash         FS_LFN_CM3_L.lib(fs_fat.o)
    0x080182f0   0x00000128   Code   RO         3049    i.name_nt_gen       FS_LFN_CM3_L.lib(fs_fat.o)
    0x08018418   0x00000052   Code   RO         3050    i.name_strip        FS_LFN_CM3_L.lib(fs_fat.o)
    0x0801846a   0x00000002   PAD
    0x0801846c   0x00000018   Code   RO         1542    i.osDelay           RTX_CM4.lib(rt_cmsis.o)
    0x08018484   0x00000024   Code   RO         1543    i.osKernelInitialize  RTX_CM4.lib(rt_cmsis.o)
    0x080184a8   0x0000006c   Code   RO         1545    i.osKernelStart     RTX_CM4.lib(rt_cmsis.o)
    0x08018514   0x00000018   Code   RO         1546    i.osKernelSysTick   RTX_CM4.lib(rt_cmsis.o)
    0x0801852c   0x00000044   Code   RO         1554    i.osMessageGet      RTX_CM4.lib(rt_cmsis.o)
    0x08018570   0x00000030   Code   RO         1571    i.osThreadCreate    RTX_CM4.lib(rt_cmsis.o)
    0x080185a0   0x00000018   Code   RO         1572    i.osThreadExit      RTX_CM4.lib(rt_cmsis.o)
    0x080185b8   0x0000000c   Code   RO         1578    i.osTimerCall       RTX_CM4.lib(rt_cmsis.o)
    0x080185c4   0x0000002c   Code   RO         1583    i.osTimerThread     RTX_CM4.lib(rt_cmsis.o)
    0x080185f0   0x00000028   Code   RO         2422    i.os_tick_init      RTX_CM4.lib(rt_system.o)
    0x08018618   0x00000002   Code   RO         2423    i.os_tick_irqack    RTX_CM4.lib(rt_system.o)
    0x0801861a   0x00000002   PAD
    0x0801861c   0x00000010   Code   RO         2424    i.os_tick_ovf       RTX_CM4.lib(rt_system.o)
    0x0801862c   0x00000014   Code   RO         2425    i.os_tick_val       RTX_CM4.lib(rt_system.o)
    0x08018640   0x00000220   Code   RO         3051    i.path_create       FS_LFN_CM3_L.lib(fs_fat.o)
    0x08018860   0x00000034   Code   RO         3052    i.path_init         FS_LFN_CM3_L.lib(fs_fat.o)
    0x08018894   0x000000a6   Code   RO         3053    i.path_open         FS_LFN_CM3_L.lib(fs_fat.o)
    0x0801893a   0x00000002   PAD
    0x0801893c   0x0000003c   Code   RO         3054    i.path_validate     FS_LFN_CM3_L.lib(fs_fat.o)
    0x08018978   0x0000007a   Code   RO         3055    i.read_cache        FS_LFN_CM3_L.lib(fs_fat.o)
    0x080189f2   0x00000052   Code   RO         3056    i.read_sector       FS_LFN_CM3_L.lib(fs_fat.o)
    0x08018a44   0x0000001a   Code   RO         2743    i.rt_alloc_box      RTX_CM4.lib(rt_membox.o)
    0x08018a5e   0x0000003c   Code   RO         2771    i.rt_alloc_mem      RTX_CM4.lib(rt_memory.o)
    0x08018a9a   0x00000002   PAD
    0x08018a9c   0x00000038   Code   RO         2143    i.rt_block          RTX_CM4.lib(rt_task.o)
    0x08018ad4   0x00000048   Code   RO         2720    i.rt_chk_robin      RTX_CM4.lib(rt_robin.o)
    0x08018b1c   0x00000070   Code   RO         2554    i.rt_dec_dly        RTX_CM4.lib(rt_list.o)
    0x08018b8c   0x00000044   Code   RO         2144    i.rt_dispatch       RTX_CM4.lib(rt_task.o)
    0x08018bd0   0x00000006   Code   RO         2227    i.rt_dly_wait       RTX_CM4.lib(rt_time.o)
    0x08018bd6   0x00000002   PAD
    0x08018bd8   0x00000050   Code   RO         2515    i.rt_evt_psh        RTX_CM4.lib(rt_event.o)
    0x08018c28   0x00000020   Code   RO         2744    i.rt_free_box       RTX_CM4.lib(rt_membox.o)
    0x08018c48   0x00000028   Code   RO         2772    i.rt_free_mem       RTX_CM4.lib(rt_memory.o)
    0x08018c70   0x00000028   Code   RO         2555    i.rt_get_first      RTX_CM4.lib(rt_list.o)
    0x08018c98   0x00000008   Code   RO         1588    i.rt_id2obj         RTX_CM4.lib(rt_cmsis.o)
    0x08018ca0   0x00000048   Code   RO         2145    i.rt_init_context   RTX_CM4.lib(rt_task.o)
    0x08018ce8   0x0000001a   Code   RO         2773    i.rt_init_mem       RTX_CM4.lib(rt_memory.o)
    0x08018d02   0x00000002   PAD
    0x08018d04   0x00000018   Code   RO         2721    i.rt_init_robin     RTX_CM4.lib(rt_robin.o)
    0x08018d1c   0x00000050   Code   RO         2798    i.rt_init_stack     RTX_CM4.lib(hal_cm.o)
    0x08018d6c   0x00000008   Code   RO         2632    i.rt_mbx_check      RTX_CM4.lib(rt_mailbox.o)
    0x08018d74   0x0000001c   Code   RO         2633    i.rt_mbx_init       RTX_CM4.lib(rt_mailbox.o)
    0x08018d90   0x000000f0   Code   RO         2634    i.rt_mbx_psh        RTX_CM4.lib(rt_mailbox.o)
    0x08018e80   0x000000b0   Code   RO         2636    i.rt_mbx_wait       RTX_CM4.lib(rt_mailbox.o)
    0x08018f30   0x0000003c   Code   RO         1589    i.rt_ms2tick        RTX_CM4.lib(rt_cmsis.o)
    0x08018f6c   0x00000010   Code   RO         2261    i.rt_mut_init       RTX_CM4.lib(rt_mutex.o)
    0x08018f7c   0x000000d8   Code   RO         2262    i.rt_mut_release    RTX_CM4.lib(rt_mutex.o)
    0x08019054   0x00000068   Code   RO         2263    i.rt_mut_wait       RTX_CM4.lib(rt_mutex.o)
    0x080190bc   0x0000007c   Code   RO         2426    i.rt_pop_req        RTX_CM4.lib(rt_system.o)
    0x08019138   0x00000020   Code   RO         2427    i.rt_psh_req        RTX_CM4.lib(rt_system.o)
    0x08019158   0x00000058   Code   RO         2557    i.rt_psq_enq        RTX_CM4.lib(rt_list.o)
    0x080191b0   0x00000048   Code   RO         2558    i.rt_put_dly        RTX_CM4.lib(rt_list.o)
    0x080191f8   0x00000036   Code   RO         2559    i.rt_put_prio       RTX_CM4.lib(rt_list.o)
    0x0801922e   0x00000002   PAD
    0x08019230   0x00000014   Code   RO         2560    i.rt_put_rdy_first  RTX_CM4.lib(rt_list.o)
    0x08019244   0x00000034   Code   RO         2561    i.rt_resort_prio    RTX_CM4.lib(rt_list.o)
    0x08019278   0x00000010   Code   RO         2799    i.rt_ret_regs       RTX_CM4.lib(hal_cm.o)
    0x08019288   0x0000000c   Code   RO         2800    i.rt_ret_val        RTX_CM4.lib(hal_cm.o)
    0x08019294   0x00000010   Code   RO         2801    i.rt_ret_val2       RTX_CM4.lib(hal_cm.o)
    0x080192a4   0x00000028   Code   RO         2562    i.rt_rmv_dly        RTX_CM4.lib(rt_list.o)
    0x080192cc   0x00000030   Code   RO         2563    i.rt_rmv_list       RTX_CM4.lib(rt_list.o)
    0x080192fc   0x00000034   Code   RO         2681    i.rt_sem_psh        RTX_CM4.lib(rt_semaphore.o)
    0x08019330   0x00000024   Code   RO         2429    i.rt_stk_check      RTX_CM4.lib(rt_system.o)
    0x08019354   0x00000028   Code   RO         2146    i.rt_switch_req     RTX_CM4.lib(rt_task.o)
    0x0801937c   0x000000cc   Code   RO         2147    i.rt_sys_init       RTX_CM4.lib(rt_task.o)
    0x08019448   0x00000078   Code   RO         2148    i.rt_sys_start      RTX_CM4.lib(rt_task.o)
    0x080194c0   0x00000040   Code   RO         2431    i.rt_systick        RTX_CM4.lib(rt_system.o)
    0x08019500   0x00000012   Code   RO         1590    i.rt_tid2ptcb       RTX_CM4.lib(rt_cmsis.o)
    0x08019512   0x00000002   PAD
    0x08019514   0x00000038   Code   RO         1591    i.rt_timer_insert   RTX_CM4.lib(rt_cmsis.o)
    0x0801954c   0x00000084   Code   RO         2149    i.rt_tsk_create     RTX_CM4.lib(rt_task.o)
    0x080195d0   0x00000174   Code   RO         2150    i.rt_tsk_delete     RTX_CM4.lib(rt_task.o)
    0x08019744   0x0000007c   Code   RO         2152    i.rt_tsk_prio       RTX_CM4.lib(rt_task.o)
    0x080197c0   0x00000010   Code   RO         2153    i.rt_tsk_self       RTX_CM4.lib(rt_task.o)
    0x080197d0   0x00000008   Code   RO         3057    i.set_u16           FS_LFN_CM3_L.lib(fs_fat.o)
    0x080197d8   0x00000010   Code   RO         3058    i.set_u32           FS_LFN_CM3_L.lib(fs_fat.o)
    0x080197e8   0x00000010   Code   RO         3222    i.set_u32           FS_LFN_CM3_L.lib(fs_journal.o)
    0x080197f8   0x00000048   Code   RO         3059    i.sfn_extract       FS_LFN_CM3_L.lib(fs_fat.o)
    0x08019840   0x0000001a   Code   RO         3060    i.short_ent_hash    FS_LFN_CM3_L.lib(fs_fat.o)
    0x0801985a   0x0000001e   Code   RO         3061    i.sn_chksum         FS_LFN_CM3_L.lib(fs_fat.o)
    0x08019878   0x00000024   Code   RO         2389    i.stdio_getc        FS_LFN_CM3_L.lib(fs_stdio.o)
    0x0801989c   0x00000028   Code   RO         2390    i.stdio_putc        FS_LFN_CM3_L.lib(fs_stdio.o)
    0x080198c4   0x00000014   Code   RO         1593    i.svcDelay          RTX_CM4.lib(rt_cmsis.o)
    0x080198d8   0x00000070   Code   RO         1594    i.svcKernelInitialize  RTX_CM4.lib(rt_cmsis.o)
    0x08019948   0x00000048   Code   RO         1596    i.svcKernelStart    RTX_CM4.lib(rt_cmsis.o)
    0x08019990   0x00000038   Code   RO         1597    i.svcKernelSysTick  RTX_CM4.lib(rt_cmsis.o)
    0x080199c8   0x00000024   Code   RO         1599    i.svcMessageCreate  RTX_CM4.lib(rt_cmsis.o)
    0x080199ec   0x0000003a   Code   RO         1600    i.svcMessageGet     RTX_CM4.lib(rt_cmsis.o)
    0x08019a26   0x00000002   PAD
    0x08019a28   0x00000070   Code   RO         1614    i.svcThreadCreate   RTX_CM4.lib(rt_cmsis.o)
    0x08019a98   0x0000001c   Code   RO         1615    i.svcThreadGetId    RTX_CM4.lib(rt_cmsis.o)
    0x08019ab4   0x00000038   Code   RO         1618    i.svcThreadTerminate  RTX_CM4.lib(rt_cmsis.o)
    0x08019aec   0x00000018   Code   RO         1620    i.svcTimerCall      RTX_CM4.lib(rt_cmsis.o)
    0x08019b04   0x00000054   Code   RO         1629    i.sysTimerTick      RTX_CM4.lib(rt_cmsis.o)
    0x08019b58   0x00000054   Code   RO         3063    i.unlink_clus       FS_LFN_CM3_L.lib(fs_fat.o)
    0x08019bac   0x000000ae   Code   RO         3064    i.write_cache       FS_LFN_CM3_L.lib(fs_fat.o)
    0x08019c5a   0x00000030   Code   RO         3065    i.write_sector      FS_LFN_CM3_L.lib(fs_fat.o)
    0x08019c8a   0x00000002   PAD
    0x08019c8c   0x0000002c   Code   RO         4626    locale$$code        c_w.l(lc_ctype_c.o)
    0x08019cb8   0x0000002c   Code   RO         4956    locale$$code        c_w.l(lc_numeric_c.o)
    0x08019ce4   0x00000014   Code   RO         4032    t._ZN4__rw12__string_refIcSt11char_traitsIcESaIcEE10_C_inc_refEv  cpp_ws.l(char.o)
    0x08019cf8   0x00000046   Code   RO         3587    t._ZN4__rw16__rw_facet_makerISt5ctypeIcEE13_C_maker_funcEiPKcj  cpp_ws.l(rwstdexcept.o)
    0x08019d3e   0x00000056   Code   RO         4283    t._ZN4__rw18__rw_locale_vectorIPNS_15__rw_facet_baseEE6resizeEjRKS2_  cpp_ws.l(locale.o)
    0x08019d94   0x0000000e   Code   RO         4295    t._ZN4__rw18__rw_locale_vectorIPNS_15__rw_facet_baseEED1Ev  cpp_ws.l(locale.o)
    0x08019da2   0x0000000e   Code   RO         4687    t._ZN4__rw18__rw_locale_vectorIPNS_8__rw_catEED1Ev  cpp_ws.l(rwcats.o)
    0x08019db0   0x00000014   Code   RO         4298    t._ZN4__rw18__rw_locale_vectorISsED1Ev  cpp_ws.l(locale.o)
    0x08019dc4   0x00000088   Code   RO         4366    t._ZN4__rw18__rw_locale_vectorISt18__rw_open_cat_dataE6resizeEj  cpp_ws.l(messages.o)
    0x08019e4c   0x00000014   Code   RO         4372    t._ZN4__rw18__rw_locale_vectorISt18__rw_open_cat_dataED1Ev  cpp_ws.l(messages.o)
    0x08019e60   0x00000008   Code   RO          568    t._ZNKSt6vectorIiSaIiEE3endEv  main.o
    0x08019e68   0x00000018   Code   RO          550    t._ZNKSt6vectorIiSaIiEE4sizeEv  main.o
    0x08019e80   0x00000008   Code   RO          562    t._ZNKSt6vectorIiSaIiEE5beginEv  main.o
    0x08019e88   0x0000000c   Code   RO          532    t._ZNKSt6vectorIiSaIiEE8capacityEv  main.o
    0x08019e94   0x00000090   Code   RO         3559    t._ZNKSt8messagesIcE6do_getEiiiRKSs  cpp_ws.l(rwstdexcept.o)
    0x08019f24   0x00000006   Code   RO         3584    t._ZNKSt8messagesIcE7do_openERKSsRKSt6locale  cpp_ws.l(rwstdexcept.o)
    0x08019f2a   0x00000014   Code   RO          538    t._ZNSaIiE10deallocateEPij  main.o
    0x08019f3e   0x00000016   Code   RO          502    t._ZNSaIiE9constructEPiRKi  main.o
    0x08019f54   0x00000032   Code   RO         4252    t._ZNSs11_C_allocateEjjj  cpp_ws.l(locale.o)
    0x08019f86   0x00000018   Code   RO         4292    t._ZNSs7replaceEjjPKcj  cpp_ws.l(locale.o)
    0x08019f9e   0x00000002   PAD
    0x08019fa0   0x00000168   Code   RO         3970    t._ZNSs7replaceEjjPKcjjj  cpp_ws.l(char.o)
    0x0801a108   0x00000074   Code   RO         3958    t._ZNSs9_C_getRepEjj  cpp_ws.l(char.o)
    0x0801a17c   0x00000048   Code   RO         3967    t._ZNSs9_C_unlinkEv  cpp_ws.l(char.o)
    0x0801a1c4   0x00000038   Code   RO         4255    t._ZNSsC1EPKcRKSaIcE  cpp_ws.l(locale.o)
    0x0801a1fc   0x00000010   Code   RO         4289    t._ZNSsC1ERKSaIcE   cpp_ws.l(locale.o)
    0x0801a20c   0x0000003e   Code   RO         3961    t._ZNSsC1ERKSs      cpp_ws.l(char.o)
    0x0801a24a   0x0000000c   Code   RO         4041    t._ZNSsD1Ev         cpp_ws.l(char.o)
    0x0801a256   0x00000002   PAD
    0x0801a258   0x0000004c   Code   RO         4261    t._ZNSsaSEPKc       cpp_ws.l(locale.o)
    0x0801a2a4   0x0000003e   Code   RO         4258    t._ZNSsaSERKSs      cpp_ws.l(locale.o)
    0x0801a2e2   0x00000012   Code   RO          496    t._ZNSt6vectorIiSaIiEE10_C_destroyEPiS2_  main.o
    0x0801a2f4   0x0000012a   Code   RO          514    t._ZNSt6vectorIiSaIiEE13_C_insert_auxEPiRKi  main.o
    0x0801a41e   0x00000008   Code   RO          526    t._ZNSt6vectorIiSaIiEE3endEv  main.o
    0x0801a426   0x00000008   Code   RO          544    t._ZNSt6vectorIiSaIiEE5beginEv  main.o
    0x0801a42e   0x0000006a   Code   RO          556    t._ZNSt6vectorIiSaIiEE5eraseEPiS2_  main.o
    0x0801a498   0x00000038   Code   RO          520    t._ZNSt6vectorIiSaIiEE9push_backERKi  main.o
    0x0801a4d0   0x0000002c   Code   RO          508    t._ZSt18uninitialized_copyIPiS0_SaIiEET0_T_S3_S2_RT1_  main.o
    0x0801a4fc   0x0000000c   Code   RO         4035    t._ZSt3maxIjERKT_S2_S2_  cpp_ws.l(char.o)
    0x0801a508   0x00000062   Code   RO         5019    x$fpl$d2f           fz_wm.l(d2f.o)
    0x0801a56a   0x00000002   PAD
    0x0801a56c   0x00000010   Code   RO         5076    x$fpl$dcheck1       fz_wm.l(dcheck1.o)
    0x0801a57c   0x00000018   Code   RO         4968    x$fpl$dcmpinf       fz_wm.l(dcmpi.o)
    0x0801a594   0x00000078   Code   RO         4907    x$fpl$deqf          fz_wm.l(deqf.o)
    0x0801a60c   0x00000078   Code   RO         4909    x$fpl$dleqf         fz_wm.l(dleqf.o)
    0x0801a684   0x00000154   Code   RO         5031    x$fpl$dmul          fz_wm.l(dmul.o)
    0x0801a7d8   0x0000009c   Code   RO         4970    x$fpl$dnaninf       fz_wm.l(dnaninf.o)
    0x0801a874   0x0000000c   Code   RO         5051    x$fpl$dretinf       fz_wm.l(dretinf.o)
    0x0801a880   0x0000006c   Code   RO         5021    x$fpl$drleqf        fz_wm.l(drleqf.o)
    0x0801a8ec   0x0000000a   Code   RO         4453    x$fpl$fpinit        fz_wm.l(fpinit.o)
    0x0801a8f6   0x0000000a   Code   RO         5033    x$fpl$fretinf       fz_wm.l(fretinf.o)
    0x0801a900   0x00000004   Code   RO         4788    x$fpl$printf1       fz_wm.l(printf1.o)
    0x0801a904   0x00000004   Code   RO         4790    x$fpl$printf2       fz_wm.l(printf2.o)
    0x0801a908   0x00000064   Code   RO         5082    x$fpl$retnan        fz_wm.l(retnan.o)
    0x0801a96c   0x0000005c   Code   RO         5053    x$fpl$scalbn        fz_wm.l(scalbn.o)
    0x0801a9c8   0x00000004   Code   RO         4796    x$fpl$scanf1        fz_wm.l(scanf1.o)
    0x0801a9cc   0x00000008   Code   RO         4977    x$fpl$scanf2        fz_wm.l(scanf2.o)
    0x0801a9d4   0x00000030   Code   RO         5084    x$fpl$trapveneer    fz_wm.l(trapv.o)
    0x0801aa04   0x00000000   Code   RO         4983    x$fpl$usenofp       fz_wm.l(usenofp.o)
    0x0801aa04   0x000000ba   Data   RO          147    .constdata          ff.o
    0x0801aabe   0x000004c0   Data   RO          322    .constdata          unicode.o
    0x0801af7e   0x0000053b   Data   RO          948    .constdata          consol.o
    0x0801b4b9   0x00000003   PAD
    0x0801b4bc   0x00000056   Data   RO         1047    .constdata          rtx_conf_cm.o
    0x0801b512   0x00000002   PAD
    0x0801b514   0x00000084   Data   RO         1080    .constdata          spi_stm32f4xx.o
    0x0801b598   0x00000080   Data   RO         1123    .constdata          usart_stm32f4xx.o
    0x0801b618   0x00000010   Data   RO         1334    .constdata          stm32f4xx_hal_rcc.o
    0x0801b628   0x00000040   Data   RO         1492    .constdata          fs_config.o
    0x0801b668   0x00000010   Data   RO         2362    .constdata          FS_LFN_CM3_L.lib(fs_mc_spi.o)
    0x0801b678   0x000004ac   Data   RO         3066    .constdata          FS_LFN_CM3_L.lib(fs_fat.o)
    0x0801bb24   0x0000005c   Data   RO         3535    .constdata          cpp_ws.l(rwstdexcept.o)
    0x0801bb80   0x00000200   Data   RO         3937    .constdata          cpp_ws.l(char.o)
    0x0801bd80   0x00000008   Data   RO         4517    .constdata          c_w.l(_printf_wctomb.o)
    0x0801bd88   0x00000028   Data   RO         4546    .constdata          c_w.l(_printf_hex_int_ll_ptr.o)
    0x0801bdb0   0x00000011   Data   RO         4566    .constdata          c_w.l(__printf_flags_ss_wp.o)
    0x0801bdc1   0x00000026   Data   RO         4837    .constdata          c_w.l(_printf_fp_hex.o)
    0x0801bde7   0x00000001   PAD
    0x0801bde8   0x00000094   Data   RO         4919    .constdata          c_w.l(bigflt0.o)
    0x0801be7c   0x00000014   Data   RO         3610    .constdata__ZTVNSt6locale5facetE  cpp_ws.l(rwstdexcept.o)
    0x0801be90   0x00000034   Data   RO         4119    .constdata__ZTVSt12ctype_bynameIcE  cpp_ws.l(char.o)
    0x0801bec4   0x00000014   Data   RO         3612    .constdata__ZTVSt14__rw_exception  cpp_ws.l(rwstdexcept.o)
    0x0801bed8   0x00000034   Data   RO         3948    .constdata__ZTVSt5ctypeIcE  cpp_ws.l(char.o)
    0x0801bf0c   0x00000020   Data   RO         3548    .constdata__ZTVSt8messagesIcE  cpp_ws.l(rwstdexcept.o)
    0x0801bf2c   0x00000014   Data   RO         4421    .constdata__ZTVSt9exception  cpprt_w.l(exception_dtor.o)
    0x0801bf40   0x00000001   Data   RO         4249    .constdata__ZZNK4__rw15__rw_locale_imp16_C_category_nameEiEs  cpp_ws.l(locale.o)
    0x0801bf41   0x00000001   Data   RO         3956    .constdata__ZZNSs7replaceEjjPKcjjjEs  cpp_ws.l(char.o)
    0x0801bf42   0x00000001   Data   RO         3957    .constdata__ZZNSs9_C_getRepEjjEs  cpp_ws.l(char.o)
    0x0801bf43   0x00000002   Data   RO         3549    .constdata__ZZNSt8messagesIcEC1EjEs  cpp_ws.l(rwstdexcept.o)
    0x0801bf45   0x00000003   PAD
    0x0801bf48   0x00000272   Data   RO         3536    .conststring        cpp_ws.l(rwstdexcept.o)
    0x0801c1ba   0x00000002   PAD
    0x0801c1bc   0x00000020   Data   RO         5092    Region$$Table       anon$$obj.o
    0x0801c1dc   0x00000008   Data   RO         4972    c$$dinf             fz_wm.l(fpconst.o)
    0x0801c1e4   0x00000110   Data   RO         4625    locale$$data        c_w.l(lc_ctype_c.o)
    0x0801c2f4   0x00000010   Data   RO         4951    locale$$data        c_w.l(null_locale.o)
    0x0801c304   0x0000001c   Data   RO         4955    locale$$data        c_w.l(lc_numeric_c.o)
    0x0801c320   0x00000004   Data   RO         3939    .init_array         cpp_ws.l(char.o)
    0x0801c324   0x00000004   Data   RO         4232    .init_array         cpp_ws.l(locale.o)
    0x0801c328   0x00000004   Data   RO         4681    .init_array         cpp_ws.l(rwcats.o)


    Execution Region RW_IRAM1 (Base: 0x20000000, Size: 0x0000aed8, Max: 0x00020000, ABSOLUTE)

    Base Addr    Size         Type   Attr      Idx    E Section Name        Object

    0x20000000   0x00000006   Data   RW          148    .data               ff.o
    0x20000006   0x00000002   PAD
    0x20000008   0x00000018   Data   RW          222    .data               sd_diskio.o
    0x20000020   0x00000001   Data   RW          253    .data               stm32_bsp_sd.o
    0x20000021   0x00000003   PAD
    0x20000024   0x00000004   Data   RW          295    .data               stm32f4xx_sd_io.o
    0x20000028   0x00000004   Data   RW          885    .data               sd_storage.o
    0x2000002c   0x00000024   Data   RW         1048    .data               rtx_conf_cm.o
    0x20000050   0x00000004   Data   RW         1160    .data               stm32f4xx_hal.o
    0x20000054   0x00000014   Data   RW         1464    .data               system_stm32f4xx.o
    0x20000068   0x00000010   Data   RW         1493    .data               fs_config.o
    0x20000078   0x00000008   Data   RW         1632    .data               RTX_CM4.lib(rt_cmsis.o)
    0x20000080   0x00000008   Data   RW         2155    .data               RTX_CM4.lib(rt_task.o)
    0x20000088   0x00000004   Data   RW         2231    .data               RTX_CM4.lib(rt_time.o)
    0x2000008c   0x00000004   Data   RW         2391    .data               FS_LFN_CM3_L.lib(fs_stdio.o)
    0x20000090   0x00000008   Data   RW         2434    .data               RTX_CM4.lib(rt_system.o)
    0x20000098   0x00000008   Data   RW         2722    .data               RTX_CM4.lib(rt_robin.o)
    0x200000a0   0x00000001   Data   RW         2802    .data               RTX_CM4.lib(hal_cm.o)
    0x200000a1   0x00000001   Data   RW         2864    .data               FS_LFN_CM3_L.lib(fs_common.o)
    0x200000a2   0x00000002   PAD
    0x200000a4   0x00000004   Data   RW         3260    .data               c_w.l(streamlock.o)
    0x200000a8   0x00000004   Data   RW         3453    .data               c_w.l(stdio_streams.o)
    0x200000ac   0x00000004   Data   RW         3454    .data               c_w.l(stdio_streams.o)
    0x200000b0   0x00000004   Data   RW         3455    .data               c_w.l(stdio_streams.o)
    0x200000b4   0x00000017   Data   RW         3537    .data               cpp_ws.l(rwstdexcept.o)
    0x200000cb   0x00000001   PAD
    0x200000cc   0x00000008   Data   RW         3938    .data               cpp_ws.l(char.o)
    0x200000d4   0x0000001c   Data   RW         4231    .data               cpp_ws.l(locale.o)
    0x200000f0   0x00000004   Data   RW         4390    .data               cpp_ws.l(rwthrowproc_noex.o)
    0x200000f4   0x00000008   Data   RW         4680    .data               cpp_ws.l(rwcats.o)
    0x200000fc   0x00000004   Data   RW         4332    .data__ZZNKSt6locale2id7_C_initEvE9_C_id_gen  cpp_ws.l(locale.o)
    0x20000100   0x0000000c   Data   RW         4388    .data__ZZSt13__rw_get_catsvE11__open_cats  cpp_ws.l(messages.o)
    0x2000010c   0x00000218   Zero   RW          146    .bss                ff.o
    0x20000324   0x0000000c   Zero   RW          195    .bss                ff_gen_drv.o
    0x20000330   0x00000054   Zero   RW          294    .bss                stm32f4xx_sd_io.o
    0x20000384   0x0000045c   Zero   RW          884    .bss                sd_storage.o
    0x200007e0   0x0000003c   Zero   RW         1019    .bss                stm32f4xx_uart_io.o
    0x2000081c   0x00000004   PAD
    0x20000820   0x00007d88   Zero   RW         1046    .bss                rtx_conf_cm.o
    0x200085a8   0x0000002c   Zero   RW         1079    .bss                spi_stm32f4xx.o
    0x200085d4   0x00000038   Zero   RW         1122    .bss                usart_stm32f4xx.o
    0x2000860c   0x000020b0   Zero   RW         1491    .bss                fs_config.o
    0x2000a6bc   0x00000034   Zero   RW         2154    .bss                RTX_CM4.lib(rt_task.o)
    0x2000a6f0   0x00000030   Zero   RW         2564    .bss                RTX_CM4.lib(rt_list.o)
    0x2000a720   0x00000060   Zero   RW         3248    .bss                c_w.l(libspace.o)
    0x2000a780   0x00000054   Zero   RW         3450    .bss                c_w.l(stdio_streams.o)
    0x2000a7d4   0x00000054   Zero   RW         3451    .bss                c_w.l(stdio_streams.o)
    0x2000a828   0x00000054   Zero   RW         3452    .bss                c_w.l(stdio_streams.o)
    0x2000a87c   0x00000004   PAD
    0x2000a880   0x00000018   Zero   RW         3534    .bss                cpp_ws.l(rwstdexcept.o)
    0x2000a898   0x0000002a   Zero   RW         4614    .bss                c_w.l(locale.o)
    0x2000a8c2   0x00000002   PAD
    0x2000a8c4   0x00000010   Zero   RW         4754    .bss__ZNSs9__nullrefE  cpp_ws.l(vendor.o)
    0x2000a8d4   0x00000004   PAD
    0x2000a8d8   0x00000200   Zero   RW         1454    HEAP                startup_stm32f407xx.o
    0x2000aad8   0x00000400   Zero   RW         1453    STACK               startup_stm32f407xx.o


==============================================================================

Image component sizes


      Code (inc. data)   RO Data    RW Data    ZI Data      Debug   Object Name

        96         32       1339          0          0       1656   consol.o
       176          6          0          0          0     302090   diskio.o
     13722        148        186          6        536      62920   ff.o
       136          6          0          0         12       1393   ff_gen_drv.o
       608         48         64         16       8368      31840   fs_config.o
       244         10          0          0          0     271349   led.o
      1120         72          0          0          0      54569   main.o
       200         34         86         36      32136       8801   rtx_conf_cm.o
       232          6          0         24          0       2180   sd_diskio.o
       296         30          0          4       1116       7868   sd_storage.o
      2956         64        132          0         44      15247   spi_stm32f4xx.o
        64         26        392          0       1536        884   startup_stm32f407xx.o
      1516         20          0          1          0       5518   stm32_bsp_sd.o
       384         24          0          4          0       4648   stm32f4xx_hal.o
       680         20          0          0          0      31854   stm32f4xx_hal_cortex.o
     24296        262          0          0          0      17240   stm32f4xx_hal_dma.o
       828         52          0          0          0       4455   stm32f4xx_hal_gpio.o
      2620         80         16          0          0       5774   stm32f4xx_hal_rcc.o
      5548         52          0          0          0      12896   stm32f4xx_hal_spi.o
      3934         28          0          0          0      12019   stm32f4xx_hal_uart.o
       356          0          0          0          0       9759   stm32f4xx_it.o
       556         26          0          4         84       3880   stm32f4xx_sd_io.o
       188         16          0          0         60       1769   stm32f4xx_uart_io.o
       288         32          0         20          0       1759   system_stm32f4xx.o
       128         12       1216          0          0       2025   unicode.o
      4952        112        128          0         56      46675   usart_stm32f4xx.o

    ----------------------------------------------------------------------
     66128       1218       3596        120      43952     921068   Object Totals
         0          0         32          0          0          0   (incl. Generated)
         4          0          5          5          4          0   (incl. Padding)

    ----------------------------------------------------------------------

      Code (inc. data)   RO Data    RW Data    ZI Data      Debug   Library Member Name

       148         14          0          1          0         84   fs_common.o
      8128        138       1196          0          0       5052   fs_fat.o
      1142          8          0          0          0       1004   fs_fat_elink.o
       320         20          0          0          0        244   fs_journal.o
       128         10          0          0          0         80   fs_mapi.o
      2482         62         16          0          0       1548   fs_mc_spi.o
        76         14          0          4          0        136   fs_stdio.o
       600         46          0          0          0        572   fs_sys.o
        26          0          0          0          0         68   fs_time.o
       220         24          0          1          0       3428   hal_cm.o
       384         28          0          0          0        720   hal_cm4.o
      1232        164          0          8          0      29136   rt_cmsis.o
        80          4          0          0          0        541   rt_event.o
       526         36          0          0         48       6945   rt_list.o
       546         10          0          0          0       3225   rt_mailbox.o
       128          0          0          0          0       1585   rt_membox.o
       126          0          0          0          0       1895   rt_memory.o
       336         12          0          0          0       1757   rt_mutex.o
        96         22          0          8          0       1014   rt_robin.o
        52          4          0          0          0        485   rt_semaphore.o
       334         66          0          8          0       6367   rt_system.o
      1204        176          0          8         52       8309   rt_task.o
         6          0          0          4          0        524   rt_time.o
         4          4          0          0          0        124   svc_table.o
        24          4          0          0          0         84   __2printf.o
         8          0          0          0          0         68   __main.o
       392          4         17          0          0         92   __printf_flags_ss_wp.o
        14          0          0          0          0         68   __printf_wp.o
        52          8          0          0          0          0   __scatter.o
        26          0          0          0          0          0   __scatter_copy.o
        28          0          0          0          0          0   __scatter_zi.o
        28          0          0          0          0         68   _chval.o
        60          0          0          0          0         92   _mbrtowc.o
         6          0          0          0          0          0   _printf_a.o
         6          0          0          0          0          0   _printf_c.o
        44          0          0          0          0        108   _printf_char.o
        48          6          0          0          0         96   _printf_char_common.o
        64          6          0          0          0         84   _printf_char_file_locked.o
        40          0          0          0          0         68   _printf_charcount.o
         6          0          0          0          0          0   _printf_d.o
       120         16          0          0          0         92   _printf_dec.o
         6          0          0          0          0          0   _printf_e.o
         6          0          0          0          0          0   _printf_f.o
      1050          0          0          0          0        216   _printf_fp_dec.o
       764         10         38          0          0        100   _printf_fp_hex.o
       128         16          0          0          0         84   _printf_fp_infnan.o
         6          0          0          0          0          0   _printf_g.o
       148          4         40          0          0        160   _printf_hex_int_ll_ptr.o
         6          0          0          0          0          0   _printf_i.o
       178          0          0          0          0         88   _printf_intcommon.o
        10          0          0          0          0          0   _printf_l.o
         6          0          0          0          0          0   _printf_lc.o
        10          0          0          0          0          0   _printf_ll.o
         6          0          0          0          0          0   _printf_lld.o
         6          0          0          0          0          0   _printf_lli.o
         6          0          0          0          0          0   _printf_llo.o
         6          0          0          0          0          0   _printf_llu.o
         6          0          0          0          0          0   _printf_llx.o
       124         16          0          0          0         92   _printf_longlong_dec.o
         6          0          0          0          0          0   _printf_ls.o
         6          0          0          0          0          0   _printf_n.o
         6          0          0          0          0          0   _printf_o.o
       112          8          0          0          0        124   _printf_oct_int_ll.o
         6          0          0          0          0          0   _printf_p.o
        78          0          0          0          0        108   _printf_pad.o
         0          0          0          0          0          0   _printf_percent.o
         4          0          0          0          0          0   _printf_percent_end.o
         6          0          0          0          0          0   _printf_s.o
        82          0          0          0          0         80   _printf_str.o
        36          0          0          0          0         84   _printf_truncate.o
         6          0          0          0          0          0   _printf_u.o
        44          0          0          0          0        108   _printf_wchar.o
       188          6          8          0          0         92   _printf_wctomb.o
         6          0          0          0          0          0   _printf_x.o
        22          0          0          0          0        100   _rserrno.o
       884          6          0          0          0        100   _scanf.o
       332          0          0          0          0         96   _scanf_int.o
       342          0          0          0          0        100   _scanf_longlong.o
       276          0          0          0          0        100   _scanf_mbtowc.o
       224          0          0          0          0         96   _scanf_str.o
        30          0          0          0          0         76   _scanf_wcharmap.o
       232          0          0          0          0        100   _scanf_wctomb.o
       208          0          0          0          0         96   _scanf_wstr.o
        64          0          0          0          0         84   _sgetc.o
        16          0          0          0          0         68   _snputc.o
        10          0          0          0          0         68   _sputc.o
        64          0          0          0          0         92   _wcrtomb.o
        16          0          0          0          0         72   abort.o
       220          4        148          0          0         96   bigflt0.o
      2074        132          0          0          0        940   btod.o
        48         34          0          0          0         76   defsig_abrt_inner.o
        14          0          0          0          0         80   defsig_abrt_outer.o
        10          0          0          0          0         68   defsig_exit.o
        50          0          0          0          0         88   defsig_general.o
        80         58          0          0          0         76   defsig_rtmem_inner.o
        14          0          0          0          0         80   defsig_rtmem_outer.o
        52         38          0          0          0         76   defsig_rtred_inner.o
        14          0          0          0          0         80   defsig_rtred_outer.o
        12          0          0          0          0         72   exit.o
        76          0          0          0          0         88   fclose.o
       470          0          0          0          0         88   flsbuf.o
       324          8          0          0          0        152   fopen_locked.o
        20          0          0          0          0         84   fprintf.o
        26          0          0          0          0         68   fputc.o
       248          6          0          0          0         84   fseek.o
        66          0          0          0          0         76   ftell.o
       158          0          0          0          0        128   h1_alloc_mt.o
        62          0          0          0          0         80   h1_extend_mt.o
       118          0          0          0          0        108   h1_free_mt.o
        18          0          0          0          0         84   h1_init_mt.o
         6          0          0          0          0        152   heapauxi.o
         4          0          0          0          0        136   hguard.o
        36         10          0          0          0         80   init_aeabi.o
       138          0          0          0          0        168   init_alloc.o
       456         48          0          0          0        116   initio_locked.o
        18          0          0          0          0         76   isspace.o
        44         10        272          0          0         76   lc_ctype_c.o
        44         10         28          0          0         76   lc_numeric_c.o
         2          0          0          0          0          0   libinit.o
        50          0          0          0          0          0   libinit2.o
         2          0          0          0          0          0   libshutdown.o
        12          0          0          0          0          0   libshutdown2.o
         8          4          0          0         96         68   libspace.o
        38          0          0          0          0         68   llshl.o
       138          0          0          0          0         80   lludiv10.o
        16          6          0          0         42         68   locale.o
       428         10          0          0          0        188   locale_r.o
         0          0          0          0          0          0   maybetermalloc1.o
         8          0          0          0          0         76   memcpy.o
         0          0         16          0          0          0   null_locale.o
        16          4          0          0          0         76   rt_ctype_table.o
        10          0          0          0          0         76   rt_ddtor_pointer_addr_twolibspace.o
        10          0          0          0          0         76   rt_eh_globals_addr_twolibspace.o
         4          0          0          0          0         68   rt_errno_addr_twolibspace.o
        10          0          0          0          0         76   rt_heap_descriptor_twolibspace.o
        10          0          0          0          0         76   rt_locale_twolibspace.o
        68          0          0          0          0         68   rt_memclr.o
        78          0          0          0          0         80   rt_memclr_w.o
       138          0          0          0          0         68   rt_memcpy_v6.o
       100          0          0          0          0         80   rt_memcpy_w.o
       132          0          0          0          0         68   rt_memmove_v6.o
       122          0          0          0          0         80   rt_memmove_w.o
        10          0          0          0          0         76   rt_new_handler_addr_twolibspace.o
         2          0          0          0          0          0   rtexit.o
        10          0          0          0          0          0   rtexit2.o
        44          8          0          0          0         84   scanf_char.o
      1188         12          0          0          0        148   scanf_fp.o
       792         14          0          0          0        100   scanf_hexfp.o
       308         16          0          0          0        100   scanf_infnan.o
       104          0          0          0          0         88   setvbuf_locked.o
        60          8          0          0          0         84   sscanf.o
       240          6          0          0          0        156   stdio.o
         0          0          0         12        252          0   stdio_streams.o
        24          0          0          0          0         68   strcat.o
       128          0          0          0          0         68   strcmpv7m.o
        72          0          0          0          0         80   strcpy.o
         0          0          0          4          0          0   streamlock.o
        62          0          0          0          0         76   strlen.o
        50          0          0          0          0         84   strncasecmp.o
        22          0          0          0          0         68   strrchr.o
        74          0          0          0          0         80   sys_stackheap_outer.o
        26          0          0          0          0         76   tolower.o
         2          0          0          0          0         68   use_no_semi.o
        52          4          0          0          0         80   vsnprintf.o
      1824         74        622          8          0       1552   char.o
      1502         82          5         32          0       1760   locale.o
       482         34          0         12          0        784   messages.o
        36          0          0          0          0        144   rwalloc.o
       184         24          4          8          0        400   rwcats.o
      1000         68        792         23         24       1220   rwstdexcept.o
       152         94          0          0          0         72   rwthrowproc_impl_noex.o
         0          0          0          4          0          0   rwthrowproc_noex.o
         0          0          0          0         16          0   vendor.o
        28          0          0          0          0         84   ARM_vec_cleanup_noexceptions.o
        50          0          0          0          0         84   aeabi_atexit.o
        14          0          0          0          0         80   aeabi_vec_delete_noexceptions.o
        16          0          0          0          0         68   aeabi_vec_dtor_cookie.o
        34          0          0          0          0         84   aeabi_vec_dtor_noexceptions.o
        20          0          0          0          0         80   aeabi_vec_new_cookie.o
        80         12          0          0          0        104   arm_exceptions_globs.o
        60          0          0          0          0        108   arm_exceptions_mem.o
        26          0          0          0          0         76   arm_exceptions_terminate.o
         4          0          0          0          0         68   arm_newhandler_noexceptions.o
         2          0          0          0          0         68   arm_rethrow_noexceptions.o
         8          0          0          0          0         76   array_del.o
         8          0          0          0          0         76   array_new.o
       146          0          0          0          0         96   array_new_general.o
        66          0          0          0          0         84   cxa_finalize.o
        16          0          0          0          0         68   cxa_guard_acquire.o
        24          6          0          0          0         84   cxa_vec_new.o
         8          0          0          0          0         76   delete.o
        12          6          0          0          0         68   exception_ctor.o
         0          0         20          0          0          0   exception_dtor.o
        40          6          0          0          0         76   new.o
        98          4          0          0          0        140   d2f.o
        16          4          0          0          0        116   dcheck1.o
        24          0          0          0          0        116   dcmpi.o
       120          4          0          0          0        140   deqf.o
       120          4          0          0          0        140   dleqf.o
       340         12          0          0          0        152   dmul.o
       156          4          0          0          0        140   dnaninf.o
        12          0          0          0          0        116   dretinf.o
       108          0          0          0          0        128   drleqf.o
         0          0          8          0          0          0   fpconst.o
        10          0          0          0          0        116   fpinit.o
        10          0          0          0          0        116   fretinf.o
         4          0          0          0          0        116   printf1.o
         4          0          0          0          0        116   printf2.o
       100          0          0          0          0        116   retnan.o
        92          0          0          0          0        116   scalbn.o
         4          0          0          0          0        116   scanf1.o
         8          0          0          0          0        132   scanf2.o
        48          0          0          0          0        116   trapv.o
         0          0          0          0          0          0   usenofp.o
        64         16          0          0          0        248   dunder.o
        48          0          0          0          0        124   fpclassify.o
       140         22          0          0          0        132   frexp.o
       228          8          0          0          0        308   ldexp.o
       184         18          0          0          0        152   narrow.o

    ----------------------------------------------------------------------
     42540       1932       3236        148        540      95775   Library Totals
       102          8          6          3         10          0   (incl. Padding)

    ----------------------------------------------------------------------

      Code (inc. data)   RO Data    RW Data    ZI Data      Debug   Library Name

     13050        312       1212          5          0       8788   FS_LFN_CM3_L.lib
      5274        550          0         37        100      66055   RTX_CM4.lib
     16334        560        567         16        390      10180   c_w.l
      5180        376       1423         87         40       5932   cpp_ws.l
       662         30         20          0          0       1608   cpprt_w.l
      1274         32          8          0          0       2248   fz_wm.l
       664         64          0          0          0        964   m_wm.l

    ----------------------------------------------------------------------
     42540       1932       3236        148        540      95775   Library Totals

    ----------------------------------------------------------------------

==============================================================================


      Code (inc. data)   RO Data    RW Data    ZI Data      Debug   

    108668       3150       6832        268      44492     983967   Grand Totals
    108668       3150       6832        268      44492     983967   ELF Image Totals
    108668       3150       6832        268          0          0   ROM Totals

==============================================================================

    Total RO  Size (Code + RO Data)               115500 ( 112.79kB)
    Total RW  Size (RW Data + ZI Data)             44760 (  43.71kB)
    Total ROM Size (Code + RO Data + RW Data)     115768 ( 113.05kB)

==============================================================================

