<!doctype html public "-//w3c//dtd html 4.0 transitional//en">
<html><head>
<title>Static Call Graph - [.\Objects\Display.axf]</title></head>
<body><HR>
<H1>Static Call Graph for image .\Objects\Display.axf</H1><HR>
<BR><P>#&#060CALLGRAPH&#062# ARM Linker, 5050106: Last Updated: Tue Mar 24 19:26:37 2015
<BR><P>
<H3>Maximum Stack Usage =       1024 bytes + Unknown(Functions without stacksize, Cycles, Untraceable Function Pointers)</H3><H3>
Call chain for Maximum Stack Depth:</H3>
main &rArr; StorageWriteLn &rArr; f_open &rArr; dir_register &rArr; dir_find &rArr; dir_next &rArr; create_chain &rArr; put_fat &rArr; move_window &rArr; sync_window &rArr; disk_write
<P>
<H3>
Functions with no stack information
</H3><UL>
 <LI><a href="#[236]">__user_initial_stackheap</a>
</UL>
</UL>
<P>
<H3>
Mutually Recursive functions
</H3> <LI><a href="#[76]">rt_alloc_box</a>&nbsp;&nbsp;&nbsp;&rArr;&nbsp;&nbsp;&nbsp;<a href="#[76]">rt_alloc_box</a><BR>
 <LI><a href="#[399]">std::basic_string&lang;char, std::char_traits&lang;char&rang;, std::allocator&lang;char&rang;&rang;::replace(unsigned, unsigned, const char*, unsigned, unsigned, unsigned)</a>&nbsp;&nbsp;&nbsp;&rArr;&nbsp;&nbsp;&nbsp;<a href="#[2bd]">__rw::__rw_throw(int, ...)</a><BR>
 <LI><a href="#[397]">std::basic_string&lang;char, std::char_traits&lang;char&rang;, std::allocator&lang;char&rang;&rang;::_C_getRep(unsigned, unsigned)</a>&nbsp;&nbsp;&nbsp;&rArr;&nbsp;&nbsp;&nbsp;<a href="#[2c0]">__rw::__rw_allocate(unsigned, int)</a><BR>
 <LI><a href="#[123]">_sys_exit</a>&nbsp;&nbsp;&nbsp;&rArr;&nbsp;&nbsp;&nbsp;<a href="#[123]">_sys_exit</a><BR>
 <LI><a href="#[55]">FMC_IRQHandler</a>&nbsp;&nbsp;&nbsp;&rArr;&nbsp;&nbsp;&nbsp;<a href="#[55]">FMC_IRQHandler</a><BR>
 <LI><a href="#[1d1]">USART_Receive</a>&nbsp;&nbsp;&nbsp;&rArr;&nbsp;&nbsp;&nbsp;<a href="#[1d2]">USART_Send</a><BR>
</UL>
<P>
<H3>
Function Pointers
</H3><UL>
 <LI><a href="#[96]">&lang;Func5&rang;</a> from locale.o(i.<Func5>) referenced from locale.o(i._ZN4__rw15__rw_locale_impC1EPKcjj)
 <LI><a href="#[37]">ADC_IRQHandler</a> from stm32f4xx_it.o(.text) referenced from startup_stm32f407xx.o(RESET)
 <LI><a href="#[1f]">BusFault_Handler</a> from stm32f4xx_it.o(.text) referenced from startup_stm32f407xx.o(RESET)
 <LI><a href="#[39]">CAN1_RX0_IRQHandler</a> from stm32f4xx_it.o(.text) referenced from startup_stm32f407xx.o(RESET)
 <LI><a href="#[3a]">CAN1_RX1_IRQHandler</a> from stm32f4xx_it.o(.text) referenced from startup_stm32f407xx.o(RESET)
 <LI><a href="#[3b]">CAN1_SCE_IRQHandler</a> from stm32f4xx_it.o(.text) referenced from startup_stm32f407xx.o(RESET)
 <LI><a href="#[38]">CAN1_TX_IRQHandler</a> from stm32f4xx_it.o(.text) referenced from startup_stm32f407xx.o(RESET)
 <LI><a href="#[65]">CAN2_RX0_IRQHandler</a> from stm32f4xx_it.o(.text) referenced from startup_stm32f407xx.o(RESET)
 <LI><a href="#[66]">CAN2_RX1_IRQHandler</a> from stm32f4xx_it.o(.text) referenced from startup_stm32f407xx.o(RESET)
 <LI><a href="#[67]">CAN2_SCE_IRQHandler</a> from stm32f4xx_it.o(.text) referenced from startup_stm32f407xx.o(RESET)
 <LI><a href="#[64]">CAN2_TX_IRQHandler</a> from stm32f4xx_it.o(.text) referenced from startup_stm32f407xx.o(RESET)
 <LI><a href="#[73]">DCMI_IRQHandler</a> from stm32f4xx_it.o(.text) referenced from startup_stm32f407xx.o(RESET)
 <LI><a href="#[30]">DMA1_Stream0_IRQHandler</a> from stm32f4xx_it.o(.text) referenced from startup_stm32f407xx.o(RESET)
 <LI><a href="#[31]">DMA1_Stream1_IRQHandler</a> from stm32f4xx_it.o(.text) referenced from startup_stm32f407xx.o(RESET)
 <LI><a href="#[32]">DMA1_Stream2_IRQHandler</a> from stm32f4xx_it.o(.text) referenced from startup_stm32f407xx.o(RESET)
 <LI><a href="#[33]">DMA1_Stream3_IRQHandler</a> from stm32f4xx_it.o(.text) referenced from startup_stm32f407xx.o(RESET)
 <LI><a href="#[34]">DMA1_Stream4_IRQHandler</a> from stm32f4xx_it.o(.text) referenced from startup_stm32f407xx.o(RESET)
 <LI><a href="#[35]">DMA1_Stream5_IRQHandler</a> from stm32f4xx_it.o(.text) referenced from startup_stm32f407xx.o(RESET)
 <LI><a href="#[36]">DMA1_Stream6_IRQHandler</a> from stm32f4xx_it.o(.text) referenced from startup_stm32f407xx.o(RESET)
 <LI><a href="#[54]">DMA1_Stream7_IRQHandler</a> from stm32f4xx_it.o(.text) referenced from startup_stm32f407xx.o(RESET)
 <LI><a href="#[5d]">DMA2_Stream0_IRQHandler</a> from stm32f4xx_it.o(.text) referenced from startup_stm32f407xx.o(RESET)
 <LI><a href="#[5e]">DMA2_Stream1_IRQHandler</a> from stm32f4xx_it.o(.text) referenced from startup_stm32f407xx.o(RESET)
 <LI><a href="#[5f]">DMA2_Stream2_IRQHandler</a> from stm32f4xx_it.o(.text) referenced from startup_stm32f407xx.o(RESET)
 <LI><a href="#[60]">DMA2_Stream3_IRQHandler</a> from stm32f4xx_it.o(.text) referenced from startup_stm32f407xx.o(RESET)
 <LI><a href="#[61]">DMA2_Stream4_IRQHandler</a> from stm32f4xx_it.o(.text) referenced from startup_stm32f407xx.o(RESET)
 <LI><a href="#[69]">DMA2_Stream5_IRQHandler</a> from stm32f4xx_it.o(.text) referenced from startup_stm32f407xx.o(RESET)
 <LI><a href="#[6a]">DMA2_Stream6_IRQHandler</a> from stm32f4xx_it.o(.text) referenced from startup_stm32f407xx.o(RESET)
 <LI><a href="#[6b]">DMA2_Stream7_IRQHandler</a> from stm32f4xx_it.o(.text) referenced from startup_stm32f407xx.o(RESET)
 <LI><a href="#[22]">DebugMon_Handler</a> from stm32f4xx_it.o(.text) referenced from startup_stm32f407xx.o(RESET)
 <LI><a href="#[62]">ETH_IRQHandler</a> from stm32f4xx_it.o(.text) referenced from startup_stm32f407xx.o(RESET)
 <LI><a href="#[63]">ETH_WKUP_IRQHandler</a> from stm32f4xx_it.o(.text) referenced from startup_stm32f407xx.o(RESET)
 <LI><a href="#[2b]">EXTI0_IRQHandler</a> from stm32f4xx_it.o(.text) referenced from startup_stm32f407xx.o(RESET)
 <LI><a href="#[4d]">EXTI15_10_IRQHandler</a> from stm32f4xx_it.o(.text) referenced from startup_stm32f407xx.o(RESET)
 <LI><a href="#[2c]">EXTI1_IRQHandler</a> from stm32f4xx_it.o(.text) referenced from startup_stm32f407xx.o(RESET)
 <LI><a href="#[2d]">EXTI2_IRQHandler</a> from stm32f4xx_it.o(.text) referenced from startup_stm32f407xx.o(RESET)
 <LI><a href="#[2e]">EXTI3_IRQHandler</a> from stm32f4xx_it.o(.text) referenced from startup_stm32f407xx.o(RESET)
 <LI><a href="#[2f]">EXTI4_IRQHandler</a> from stm32f4xx_it.o(.text) referenced from startup_stm32f407xx.o(RESET)
 <LI><a href="#[3c]">EXTI9_5_IRQHandler</a> from stm32f4xx_it.o(.text) referenced from startup_stm32f407xx.o(RESET)
 <LI><a href="#[29]">FLASH_IRQHandler</a> from stm32f4xx_it.o(.text) referenced from startup_stm32f407xx.o(RESET)
 <LI><a href="#[55]">FMC_IRQHandler</a> from startup_stm32f407xx.o(.text) referenced from startup_stm32f407xx.o(RESET)
 <LI><a href="#[75]">FPU_IRQHandler</a> from stm32f4xx_it.o(.text) referenced from startup_stm32f407xx.o(RESET)
 <LI><a href="#[b7]">HAL_RCC_GetPCLK1Freq</a> from stm32f4xx_hal_rcc.o(.text) referenced from usart_stm32f4xx.o(.constdata)
 <LI><a href="#[ab]">HAL_RCC_GetPCLK2Freq</a> from stm32f4xx_hal_rcc.o(.text) referenced from spi_stm32f4xx.o(.constdata)
 <LI><a href="#[74]">HASH_RNG_IRQHandler</a> from stm32f4xx_it.o(.text) referenced from startup_stm32f407xx.o(RESET)
 <LI><a href="#[1d]">HardFault_Handler</a> from stm32f4xx_it.o(.text) referenced from startup_stm32f407xx.o(RESET)
 <LI><a href="#[45]">I2C1_ER_IRQHandler</a> from stm32f4xx_it.o(.text) referenced from startup_stm32f407xx.o(RESET)
 <LI><a href="#[44]">I2C1_EV_IRQHandler</a> from stm32f4xx_it.o(.text) referenced from startup_stm32f407xx.o(RESET)
 <LI><a href="#[47]">I2C2_ER_IRQHandler</a> from stm32f4xx_it.o(.text) referenced from startup_stm32f407xx.o(RESET)
 <LI><a href="#[46]">I2C2_EV_IRQHandler</a> from stm32f4xx_it.o(.text) referenced from startup_stm32f407xx.o(RESET)
 <LI><a href="#[6e]">I2C3_ER_IRQHandler</a> from stm32f4xx_it.o(.text) referenced from startup_stm32f407xx.o(RESET)
 <LI><a href="#[6d]">I2C3_EV_IRQHandler</a> from stm32f4xx_it.o(.text) referenced from startup_stm32f407xx.o(RESET)
 <LI><a href="#[8b]">MC0_SPI_SignalEvent</a> from fs_config.o(.text) referenced from fs_config.o(.text)
 <LI><a href="#[1e]">MemManage_Handler</a> from stm32f4xx_it.o(.text) referenced from startup_stm32f407xx.o(RESET)
 <LI><a href="#[1c]">NMI_Handler</a> from stm32f4xx_it.o(.text) referenced from startup_stm32f407xx.o(RESET)
 <LI><a href="#[68]">OTG_FS_IRQHandler</a> from stm32f4xx_it.o(.text) referenced from startup_stm32f407xx.o(RESET)
 <LI><a href="#[4f]">OTG_FS_WKUP_IRQHandler</a> from stm32f4xx_it.o(.text) referenced from startup_stm32f407xx.o(RESET)
 <LI><a href="#[70]">OTG_HS_EP1_IN_IRQHandler</a> from stm32f4xx_it.o(.text) referenced from startup_stm32f407xx.o(RESET)
 <LI><a href="#[6f]">OTG_HS_EP1_OUT_IRQHandler</a> from stm32f4xx_it.o(.text) referenced from startup_stm32f407xx.o(RESET)
 <LI><a href="#[72]">OTG_HS_IRQHandler</a> from stm32f4xx_it.o(.text) referenced from startup_stm32f407xx.o(RESET)
 <LI><a href="#[71]">OTG_HS_WKUP_IRQHandler</a> from stm32f4xx_it.o(.text) referenced from startup_stm32f407xx.o(RESET)
 <LI><a href="#[26]">PVD_IRQHandler</a> from stm32f4xx_it.o(.text) referenced from startup_stm32f407xx.o(RESET)
 <LI><a href="#[23]">PendSV_Handler</a> from hal_cm4.o(.emb_text) referenced from startup_stm32f407xx.o(RESET)
 <LI><a href="#[2a]">RCC_IRQHandler</a> from stm32f4xx_it.o(.text) referenced from startup_stm32f407xx.o(RESET)
 <LI><a href="#[4e]">RTC_Alarm_IRQHandler</a> from stm32f4xx_it.o(.text) referenced from startup_stm32f407xx.o(RESET)
 <LI><a href="#[28]">RTC_WKUP_IRQHandler</a> from stm32f4xx_it.o(.text) referenced from startup_stm32f407xx.o(RESET)
 <LI><a href="#[1b]">Reset_Handler</a> from startup_stm32f407xx.o(.text) referenced from startup_stm32f407xx.o(RESET)
 <LI><a href="#[56]">SDIO_IRQHandler</a> from stm32f4xx_it.o(.text) referenced from startup_stm32f407xx.o(RESET)
 <LI><a href="#[dc]">SD_initialize</a> from sd_diskio.o(.text) referenced from sd_diskio.o(.data)
 <LI><a href="#[e0]">SD_ioctl</a> from sd_diskio.o(.text) referenced from sd_diskio.o(.data)
 <LI><a href="#[de]">SD_read</a> from sd_diskio.o(.text) referenced from sd_diskio.o(.data)
 <LI><a href="#[dd]">SD_status</a> from sd_diskio.o(.text) referenced from sd_diskio.o(.data)
 <LI><a href="#[df]">SD_write</a> from sd_diskio.o(.text) referenced from sd_diskio.o(.data)
 <LI><a href="#[b5]">SPI1_Control</a> from spi_stm32f4xx.o(.text) referenced from spi_stm32f4xx.o(.constdata)
 <LI><a href="#[b4]">SPI1_GetDataCount</a> from spi_stm32f4xx.o(.text) referenced from spi_stm32f4xx.o(.constdata)
 <LI><a href="#[b6]">SPI1_GetStatus</a> from spi_stm32f4xx.o(.text) referenced from spi_stm32f4xx.o(.constdata)
 <LI><a href="#[48]">SPI1_IRQHandler</a> from spi_stm32f4xx.o(.text) referenced from startup_stm32f407xx.o(RESET)
 <LI><a href="#[ae]">SPI1_Initialize</a> from spi_stm32f4xx.o(.text) referenced from spi_stm32f4xx.o(.constdata)
 <LI><a href="#[b0]">SPI1_PowerControl</a> from spi_stm32f4xx.o(.text) referenced from spi_stm32f4xx.o(.constdata)
 <LI><a href="#[b2]">SPI1_Receive</a> from spi_stm32f4xx.o(.text) referenced from spi_stm32f4xx.o(.constdata)
 <LI><a href="#[b1]">SPI1_Send</a> from spi_stm32f4xx.o(.text) referenced from spi_stm32f4xx.o(.constdata)
 <LI><a href="#[b3]">SPI1_Transfer</a> from spi_stm32f4xx.o(.text) referenced from spi_stm32f4xx.o(.constdata)
 <LI><a href="#[af]">SPI1_Uninitialize</a> from spi_stm32f4xx.o(.text) referenced from spi_stm32f4xx.o(.constdata)
 <LI><a href="#[49]">SPI2_IRQHandler</a> from stm32f4xx_it.o(.text) referenced from startup_stm32f407xx.o(RESET)
 <LI><a href="#[58]">SPI3_IRQHandler</a> from stm32f4xx_it.o(.text) referenced from startup_stm32f407xx.o(RESET)
 <LI><a href="#[ad]">SPIX_GetCapabilities</a> from spi_stm32f4xx.o(.text) referenced from spi_stm32f4xx.o(.constdata)
 <LI><a href="#[ac]">SPIX_GetVersion</a> from spi_stm32f4xx.o(.text) referenced from spi_stm32f4xx.o(.constdata)
 <LI><a href="#[7b]">SPI_2LinesRxISR</a> from stm32f4xx_hal_spi.o(.text) referenced from stm32f4xx_hal_spi.o(.text)
 <LI><a href="#[7f]">SPI_DMAError</a> from stm32f4xx_hal_spi.o(.text) referenced 2 times from stm32f4xx_hal_spi.o(.text)
 <LI><a href="#[80]">SPI_DMAHalfReceiveCplt</a> from stm32f4xx_hal_spi.o(.text) referenced 2 times from stm32f4xx_hal_spi.o(.text)
 <LI><a href="#[7d]">SPI_DMAHalfTransmitCplt</a> from stm32f4xx_hal_spi.o(.text) referenced from stm32f4xx_hal_spi.o(.text)
 <LI><a href="#[82]">SPI_DMAHalfTransmitReceiveCplt</a> from stm32f4xx_hal_spi.o(.text) referenced from stm32f4xx_hal_spi.o(.text)
 <LI><a href="#[81]">SPI_DMAReceiveCplt</a> from stm32f4xx_hal_spi.o(.text) referenced 2 times from stm32f4xx_hal_spi.o(.text)
 <LI><a href="#[7e]">SPI_DMATransmitCplt</a> from stm32f4xx_hal_spi.o(.text) referenced from stm32f4xx_hal_spi.o(.text)
 <LI><a href="#[83]">SPI_DMATransmitReceiveCplt</a> from stm32f4xx_hal_spi.o(.text) referenced from stm32f4xx_hal_spi.o(.text)
 <LI><a href="#[7c]">SPI_RxISR</a> from stm32f4xx_hal_spi.o(.text) referenced from stm32f4xx_hal_spi.o(.text)
 <LI><a href="#[7a]">SPI_TxISR</a> from stm32f4xx_hal_spi.o(.text) referenced from stm32f4xx_hal_spi.o(.text)
 <LI><a href="#[21]">SVC_Handler</a> from hal_cm4.o(.emb_text) referenced from startup_stm32f407xx.o(RESET)
 <LI><a href="#[24]">SysTick_Handler</a> from hal_cm4.o(.emb_text) referenced from startup_stm32f407xx.o(RESET)
 <LI><a href="#[89]">SystemInit</a> from system_stm32f4xx.o(.text) referenced from startup_stm32f407xx.o(.text)
 <LI><a href="#[27]">TAMP_STAMP_IRQHandler</a> from stm32f4xx_it.o(.text) referenced from startup_stm32f407xx.o(RESET)
 <LI><a href="#[3d]">TIM1_BRK_TIM9_IRQHandler</a> from stm32f4xx_it.o(.text) referenced from startup_stm32f407xx.o(RESET)
 <LI><a href="#[40]">TIM1_CC_IRQHandler</a> from stm32f4xx_it.o(.text) referenced from startup_stm32f407xx.o(RESET)
 <LI><a href="#[3f]">TIM1_TRG_COM_TIM11_IRQHandler</a> from stm32f4xx_it.o(.text) referenced from startup_stm32f407xx.o(RESET)
 <LI><a href="#[3e]">TIM1_UP_TIM10_IRQHandler</a> from stm32f4xx_it.o(.text) referenced from startup_stm32f407xx.o(RESET)
 <LI><a href="#[41]">TIM2_IRQHandler</a> from stm32f4xx_it.o(.text) referenced from startup_stm32f407xx.o(RESET)
 <LI><a href="#[42]">TIM3_IRQHandler</a> from stm32f4xx_it.o(.text) referenced from startup_stm32f407xx.o(RESET)
 <LI><a href="#[43]">TIM4_IRQHandler</a> from stm32f4xx_it.o(.text) referenced from startup_stm32f407xx.o(RESET)
 <LI><a href="#[57]">TIM5_IRQHandler</a> from stm32f4xx_it.o(.text) referenced from startup_stm32f407xx.o(RESET)
 <LI><a href="#[5b]">TIM6_DAC_IRQHandler</a> from stm32f4xx_it.o(.text) referenced from startup_stm32f407xx.o(RESET)
 <LI><a href="#[5c]">TIM7_IRQHandler</a> from stm32f4xx_it.o(.text) referenced from startup_stm32f407xx.o(RESET)
 <LI><a href="#[50]">TIM8_BRK_TIM12_IRQHandler</a> from stm32f4xx_it.o(.text) referenced from startup_stm32f407xx.o(RESET)
 <LI><a href="#[53]">TIM8_CC_IRQHandler</a> from stm32f4xx_it.o(.text) referenced from startup_stm32f407xx.o(RESET)
 <LI><a href="#[52]">TIM8_TRG_COM_TIM14_IRQHandler</a> from stm32f4xx_it.o(.text) referenced from startup_stm32f407xx.o(RESET)
 <LI><a href="#[51]">TIM8_UP_TIM13_IRQHandler</a> from stm32f4xx_it.o(.text) referenced from startup_stm32f407xx.o(RESET)
 <LI><a href="#[59]">UART4_IRQHandler</a> from usart_stm32f4xx.o(.text) referenced from startup_stm32f407xx.o(RESET)
 <LI><a href="#[5a]">UART5_IRQHandler</a> from stm32f4xx_it.o(.text) referenced from startup_stm32f407xx.o(RESET)
 <LI><a href="#[86]">UART_DMAError</a> from stm32f4xx_hal_uart.o(.text) referenced from stm32f4xx_hal_uart.o(.text)
 <LI><a href="#[87]">UART_DMAReceiveCplt</a> from stm32f4xx_hal_uart.o(.text) referenced from stm32f4xx_hal_uart.o(.text)
 <LI><a href="#[88]">UART_DMARxHalfCplt</a> from stm32f4xx_hal_uart.o(.text) referenced from stm32f4xx_hal_uart.o(.text)
 <LI><a href="#[84]">UART_DMATransmitCplt</a> from stm32f4xx_hal_uart.o(.text) referenced from stm32f4xx_hal_uart.o(.text)
 <LI><a href="#[85]">UART_DMATxHalfCplt</a> from stm32f4xx_hal_uart.o(.text) referenced from stm32f4xx_hal_uart.o(.text)
 <LI><a href="#[4a]">USART1_IRQHandler</a> from stm32f4xx_it.o(.text) referenced from startup_stm32f407xx.o(RESET)
 <LI><a href="#[4b]">USART2_IRQHandler</a> from stm32f4xx_it.o(.text) referenced from startup_stm32f407xx.o(RESET)
 <LI><a href="#[4c]">USART3_IRQHandler</a> from stm32f4xx_it.o(.text) referenced from startup_stm32f407xx.o(RESET)
 <LI><a href="#[c2]">USART4_Control</a> from usart_stm32f4xx.o(.text) referenced from usart_stm32f4xx.o(.constdata)
 <LI><a href="#[b9]">USART4_GetCapabilities</a> from usart_stm32f4xx.o(.text) referenced from usart_stm32f4xx.o(.constdata)
 <LI><a href="#[c5]">USART4_GetModemStatus</a> from usart_stm32f4xx.o(.text) referenced from usart_stm32f4xx.o(.constdata)
 <LI><a href="#[c1]">USART4_GetRxCount</a> from usart_stm32f4xx.o(.text) referenced from usart_stm32f4xx.o(.constdata)
 <LI><a href="#[c3]">USART4_GetStatus</a> from usart_stm32f4xx.o(.text) referenced from usart_stm32f4xx.o(.constdata)
 <LI><a href="#[c0]">USART4_GetTxCount</a> from usart_stm32f4xx.o(.text) referenced from usart_stm32f4xx.o(.constdata)
 <LI><a href="#[ba]">USART4_Initialize</a> from usart_stm32f4xx.o(.text) referenced from usart_stm32f4xx.o(.constdata)
 <LI><a href="#[bc]">USART4_PowerControl</a> from usart_stm32f4xx.o(.text) referenced from usart_stm32f4xx.o(.constdata)
 <LI><a href="#[be]">USART4_Receive</a> from usart_stm32f4xx.o(.text) referenced from usart_stm32f4xx.o(.constdata)
 <LI><a href="#[bd]">USART4_Send</a> from usart_stm32f4xx.o(.text) referenced from usart_stm32f4xx.o(.constdata)
 <LI><a href="#[c4]">USART4_SetModemControl</a> from usart_stm32f4xx.o(.text) referenced from usart_stm32f4xx.o(.constdata)
 <LI><a href="#[bf]">USART4_Transfer</a> from usart_stm32f4xx.o(.text) referenced from usart_stm32f4xx.o(.constdata)
 <LI><a href="#[bb]">USART4_Uninitialize</a> from usart_stm32f4xx.o(.text) referenced from usart_stm32f4xx.o(.constdata)
 <LI><a href="#[6c]">USART6_IRQHandler</a> from stm32f4xx_it.o(.text) referenced from startup_stm32f407xx.o(RESET)
 <LI><a href="#[b8]">USARTx_GetVersion</a> from usart_stm32f4xx.o(.text) referenced from usart_stm32f4xx.o(.constdata)
 <LI><a href="#[20]">UsageFault_Handler</a> from stm32f4xx_it.o(.text) referenced from startup_stm32f407xx.o(RESET)
 <LI><a href="#[25]">WWDG_IRQHandler</a> from stm32f4xx_it.o(.text) referenced from startup_stm32f407xx.o(RESET)
 <LI><a href="#[99]">__default_new_handler()</a> from arm_newhandler_noexceptions.o(.text) referenced from new.o(i._Znwj)
 <LI><a href="#[91]">[local to arm_exceptions_c]::__default_terminate_handler()</a> from arm_exceptions_globs.o(.text) referenced from arm_exceptions_globs.o(.text)
 <LI><a href="#[cd]">__rw::__rw_facet_base::_C_initfacet(const std::locale&)</a> from char.o(i._ZN4__rw15__rw_facet_base12_C_initfacetERKSt6locale) referenced from rwstdexcept.o(.constdata__ZTVNSt6locale5facetE)
 <LI><a href="#[cd]">__rw::__rw_facet_base::_C_initfacet(const std::locale&)</a> from char.o(i._ZN4__rw15__rw_facet_base12_C_initfacetERKSt6locale) referenced from rwstdexcept.o(.constdata__ZTVSt8messagesIcE)
 <LI><a href="#[a9]">__rw::__rw_facet_maker&lang;std::ctype&lang;char&rang;&rang;::_C_maker_func(int, const char*, unsigned)</a> from rwstdexcept.o(t._ZN4__rw16__rw_facet_makerISt5ctypeIcEE13_C_maker_funcEiPKcj) referenced from rwstdexcept.o(t._ZNKSt8messagesIcE6do_getEiiiRKSs)
 <LI><a href="#[9b]">__rw::__rw_locale_vector&lang;__rw::__rw_cat*&rang;::~__rw_locale_vector()</a> from rwcats.o(t._ZN4__rw18__rw_locale_vectorIPNS_8__rw_catEED1Ev) referenced from rwcats.o(i.__sti___10_rwcats_cpp_64e8068e)
 <LI><a href="#[98]">__rw::__rw_locale_vector&lang;std::__rw_open_cat_data&rang;::~__rw_locale_vector()</a> from messages.o(t._ZN4__rw18__rw_locale_vectorISt18__rw_open_cat_dataED1Ev) referenced from messages.o(i._ZSt13__rw_get_catsv)
 <LI><a href="#[e2]">__rw::__rw_throw_exception_noex(int, char*)</a> from rwthrowproc_impl_noex.o(i._ZN4__rw25__rw_throw_exception_noexEiPc) referenced from rwthrowproc_noex.o(.data)
 <LI><a href="#[d2]">std::__rw_exception::what() const</a> from rwstdexcept.o(i._ZNKSt14__rw_exception4whatEv) referenced from rwstdexcept.o(.constdata__ZTVSt14__rw_exception)
 <LI><a href="#[d8]">std::messages&lang;char&rang;::do_get(int, int, int, const std::basic_string&lang;char, std::char_traits&lang;char&rang;, std::allocator&lang;char&rang;&rang;&) const</a> from rwstdexcept.o(t._ZNKSt8messagesIcE6do_getEiiiRKSs) referenced from rwstdexcept.o(.constdata__ZTVSt8messagesIcE)
 <LI><a href="#[d7]">std::messages&lang;char&rang;::do_open(const std::basic_string&lang;char, std::char_traits&lang;char&rang;, std::allocator&lang;char&rang;&rang;&, const std::locale&) const</a> from rwstdexcept.o(t._ZNKSt8messagesIcE7do_openERKSsRKSt6locale) referenced from rwstdexcept.o(.constdata__ZTVSt8messagesIcE)
 <LI><a href="#[95]">std::basic_string&lang;char, std::char_traits&lang;char&rang;, std::allocator&lang;char&rang;&rang;::~basic_string()</a> from char.o(t._ZNSsD1Ev) referenced from locale.o(i._ZN4__rw15__rw_locale_impC1EPKcjj)
 <LI><a href="#[95]">std::basic_string&lang;char, std::char_traits&lang;char&rang;, std::allocator&lang;char&rang;&rang;::~basic_string()</a> from char.o(t._ZNSsD1Ev) referenced from locale.o(t._ZN4__rw18__rw_locale_vectorISsED1Ev)
 <LI><a href="#[cf]">std::ctype_byname&lang;char&rang;::~ctype_byname__deallocating()</a> from char.o(i._ZNSt12ctype_bynameIcED0Ev) referenced from char.o(.constdata__ZTVSt12ctype_bynameIcE)
 <LI><a href="#[ce]">std::ctype_byname&lang;char&rang;::~ctype_byname()</a> from char.o(i._ZNSt12ctype_bynameIcED1Ev) referenced from char.o(.constdata__ZTVSt12ctype_bynameIcE)
 <LI><a href="#[d1]">std::__rw_exception::~__rw_exception()</a> from rwstdexcept.o(i._ZNSt14__rw_exceptionD1Ev) referenced from rwstdexcept.o(.constdata__ZTVSt14__rw_exception)
 <LI><a href="#[a8]">std::__rw_open_cat_data::__rw_open_cat_data()</a> from messages.o(i._ZNSt18__rw_open_cat_dataC1Ev) referenced from messages.o(t._ZN4__rw18__rw_locale_vectorISt18__rw_open_cat_dataE6resizeEj)
 <LI><a href="#[a7]">std::__rw_open_cat_data::~__rw_open_cat_data()</a> from messages.o(i._ZNSt18__rw_open_cat_dataD1Ev) referenced from messages.o(t._ZN4__rw18__rw_locale_vectorISt18__rw_open_cat_dataE6resizeEj)
 <LI><a href="#[a7]">std::__rw_open_cat_data::~__rw_open_cat_data()</a> from messages.o(i._ZNSt18__rw_open_cat_dataD1Ev) referenced from messages.o(t._ZN4__rw18__rw_locale_vectorISt18__rw_open_cat_dataED1Ev)
 <LI><a href="#[d0]">std::ctype&lang;char&rang;::_C_initfacet(const std::locale&)</a> from char.o(i._ZNSt5ctypeIcE12_C_initfacetERKSt6locale) referenced from char.o(.constdata__ZTVSt12ctype_bynameIcE)
 <LI><a href="#[d0]">std::ctype&lang;char&rang;::_C_initfacet(const std::locale&)</a> from char.o(i._ZNSt5ctypeIcE12_C_initfacetERKSt6locale) referenced from char.o(.constdata__ZTVSt5ctypeIcE)
 <LI><a href="#[d4]">std::ctype&lang;char&rang;::~ctype__deallocating()</a> from char.o(i._ZNSt5ctypeIcED0Ev) referenced from char.o(.constdata__ZTVSt5ctypeIcE)
 <LI><a href="#[d3]">std::ctype&lang;char&rang;::~ctype()</a> from char.o(i._ZNSt5ctypeIcED1Ev) referenced from char.o(.constdata__ZTVSt5ctypeIcE)
 <LI><a href="#[cc]">std::locale::facet::~facet__deallocating()</a> from rwstdexcept.o(i._ZNSt6locale5facetD0Ev) referenced from rwstdexcept.o(.constdata__ZTVNSt6locale5facetE)
 <LI><a href="#[97]">std::locale::~locale()</a> from locale.o(i._ZNSt6localeD1Ev) referenced from locale.o(i._ZNSt6locale7classicEv)
 <LI><a href="#[d6]">std::messages&lang;char&rang;::~messages__deallocating()</a> from rwstdexcept.o(i._ZNSt8messagesIcED0Ev) referenced from rwstdexcept.o(.constdata__ZTVSt8messagesIcE)
 <LI><a href="#[d5]">std::messages&lang;char&rang;::~messages()</a> from rwstdexcept.o(i._ZNSt8messagesIcED1Ev) referenced from rwstdexcept.o(.constdata__ZTVSt8messagesIcE)
 <LI><a href="#[9a]">operator delete[] (void*)</a> from array_del.o(i._ZdaPv) referenced from cxa_vec_new.o(i.__cxa_vec_new)
 <LI><a href="#[e3]">__main</a> from __main.o(!!!main) referenced from startup_stm32f407xx.o(.text)
 <LI><a href="#[da]">__sti___10_locale_cpp_ff99fc7b</a> from locale.o(i.__sti___10_locale_cpp_ff99fc7b) referenced from locale.o(.init_array)
 <LI><a href="#[db]">__sti___10_rwcats_cpp_64e8068e</a> from rwcats.o(i.__sti___10_rwcats_cpp_64e8068e) referenced from rwcats.o(.init_array)
 <LI><a href="#[d9]">__sti___8_char_cpp_a3dc957a</a> from char.o(i.__sti___8_char_cpp_a3dc957a) referenced from char.o(.init_array)
 <LI><a href="#[94]">_fputc$unlocked</a> from fputc.o(i.fputc) referenced from _printf_char_file_locked.o(.text)
 <LI><a href="#[8c]">_get_lc_ctype</a> from lc_ctype_c.o(locale$$code) referenced from rt_ctype_table.o(.text)
 <LI><a href="#[8e]">_printf_input_char</a> from _printf_char_common.o(.text) referenced from _printf_char_common.o(.text)
 <LI><a href="#[90]">_sbackspace</a> from _sgetc.o(.text) referenced from sscanf.o(.text)
 <LI><a href="#[92]">_scanf_char_input</a> from scanf_char.o(.text) referenced from scanf_char.o(.text)
 <LI><a href="#[8f]">_sgetc</a> from _sgetc.o(.text) referenced from sscanf.o(.text)
 <LI><a href="#[8d]">_snputc</a> from _snputc.o(.text) referenced from vsnprintf.o(.text)
 <LI><a href="#[93]">isspace</a> from isspace.o(.text) referenced from scanf_char.o(.text)
 <LI><a href="#[e1]">main</a> from main.o(.text) referenced from rtx_conf_cm.o(.data)
 <LI><a href="#[cb]">mc0_DevCtrl</a> from fs_config.o(.text) referenced from fs_config.o(.constdata)
 <LI><a href="#[c6]">mc0_Init</a> from fs_config.o(.text) referenced from fs_config.o(.constdata)
 <LI><a href="#[ca]">mc0_RdInfo</a> from fs_config.o(.text) referenced from fs_config.o(.constdata)
 <LI><a href="#[c8]">mc0_RdSect</a> from fs_config.o(.text) referenced from fs_config.o(.constdata)
 <LI><a href="#[c7]">mc0_UnInit</a> from fs_config.o(.text) referenced from fs_config.o(.constdata)
 <LI><a href="#[c9]">mc0_WrSect</a> from fs_config.o(.text) referenced from fs_config.o(.constdata)
 <LI><a href="#[a6]">osThreadExit</a> from rt_cmsis.o(i.osThreadExit) referenced from rt_cmsis.o(i.svcThreadCreate)
 <LI><a href="#[aa]">osTimerThread</a> from rt_cmsis.o(i.osTimerThread) referenced from rtx_conf_cm.o(.constdata)
 <LI><a href="#[a5]">os_idle_demon</a> from rtx_conf_cm.o(.text) referenced from rt_task.o(i.rt_sys_init)
 <LI><a href="#[76]">rt_alloc_box</a> from rt_membox.o(i.rt_alloc_box) referenced from hal_cm4.o(.emb_text)
 <LI><a href="#[77]">rt_free_box</a> from rt_membox.o(i.rt_free_box) referenced from hal_cm4.o(.emb_text)
 <LI><a href="#[79]">rt_mut_release</a> from rt_mutex.o(i.rt_mut_release) referenced from rtx_conf_cm.o(.text)
 <LI><a href="#[78]">rt_mut_wait</a> from rt_mutex.o(i.rt_mut_wait) referenced from rtx_conf_cm.o(.text)
 <LI><a href="#[9c]">svcDelay</a> from rt_cmsis.o(i.svcDelay) referenced from rt_cmsis.o(i.osDelay)
 <LI><a href="#[9d]">svcKernelInitialize</a> from rt_cmsis.o(i.svcKernelInitialize) referenced from rt_cmsis.o(i.osKernelInitialize)
 <LI><a href="#[9e]">svcKernelStart</a> from rt_cmsis.o(i.svcKernelStart) referenced from rt_cmsis.o(i.osKernelStart)
 <LI><a href="#[9f]">svcKernelSysTick</a> from rt_cmsis.o(i.svcKernelSysTick) referenced from rt_cmsis.o(i.osKernelSysTick)
 <LI><a href="#[a0]">svcMessageGet</a> from rt_cmsis.o(i.svcMessageGet) referenced from rt_cmsis.o(i.osMessageGet)
 <LI><a href="#[a1]">svcThreadCreate</a> from rt_cmsis.o(i.svcThreadCreate) referenced from rt_cmsis.o(i.osThreadCreate)
 <LI><a href="#[a2]">svcThreadGetId</a> from rt_cmsis.o(i.svcThreadGetId) referenced from rt_cmsis.o(i.osThreadExit)
 <LI><a href="#[a3]">svcThreadTerminate</a> from rt_cmsis.o(i.svcThreadTerminate) referenced from rt_cmsis.o(i.osThreadExit)
 <LI><a href="#[a4]">svcTimerCall</a> from rt_cmsis.o(i.svcTimerCall) referenced from rt_cmsis.o(i.osTimerCall)
</UL>
<P>
<H3>
Global Symbols
</H3>
<P><STRONG><a name="[e3]"></a>__main</STRONG> (Thumb, 8 bytes, Stack size 0 bytes, __main.o(!!!main))
<BR><BR>[Stack]<UL><LI>Max Depth = 76 + Unknown Stack Size
<LI>Call Chain = __main &rArr; __rt_entry &rArr; osKernelInitialize &rArr; svcKernelInitialize &rArr; svcThreadCreate &rArr; rt_tsk_create &rArr; rt_dispatch &rArr; rt_put_prio
</UL>
<BR>[Calls]<UL><LI><a href="#[eb]">&gt;&gt;</a>&nbsp;&nbsp;&nbsp;__rt_entry
<LI><a href="#[ea]">&gt;&gt;</a>&nbsp;&nbsp;&nbsp;__scatterload
</UL>

<P><STRONG><a name="[ea]"></a>__scatterload</STRONG> (Thumb, 0 bytes, Stack size unknown bytes, __scatter.o(!!!scatter))
<BR><BR>[Called By]<UL><LI><a href="#[e3]">&gt;&gt;</a>&nbsp;&nbsp;&nbsp;__main
</UL>

<P><STRONG><a name="[ec]"></a>__scatterload_rt2</STRONG> (Thumb, 44 bytes, Stack size unknown bytes, __scatter.o(!!!scatter), UNUSED)
<BR><BR>[Calls]<UL><LI><a href="#[eb]">&gt;&gt;</a>&nbsp;&nbsp;&nbsp;__rt_entry
</UL>

<P><STRONG><a name="[3b0]"></a>__scatterload_rt2_thumb_only</STRONG> (Thumb, 0 bytes, Stack size unknown bytes, __scatter.o(!!!scatter), UNUSED)

<P><STRONG><a name="[3b1]"></a>__scatterload_null</STRONG> (Thumb, 0 bytes, Stack size unknown bytes, __scatter.o(!!!scatter), UNUSED)

<P><STRONG><a name="[ed]"></a>__scatterload_copy</STRONG> (Thumb, 26 bytes, Stack size unknown bytes, __scatter_copy.o(!!handler_copy), UNUSED)
<BR><BR>[Calls]<UL><LI><a href="#[ed]">&gt;&gt;</a>&nbsp;&nbsp;&nbsp;__scatterload_copy
</UL>
<BR>[Called By]<UL><LI><a href="#[ed]">&gt;&gt;</a>&nbsp;&nbsp;&nbsp;__scatterload_copy
</UL>

<P><STRONG><a name="[3b2]"></a>__scatterload_zeroinit</STRONG> (Thumb, 28 bytes, Stack size unknown bytes, __scatter_zi.o(!!handler_zi), UNUSED)

<P><STRONG><a name="[ee]"></a>_printf_n</STRONG> (Thumb, 0 bytes, Stack size unknown bytes, _printf_n.o(.ARM.Collect$$_printf_percent$$00000001))
<BR><BR>[Calls]<UL><LI><a href="#[ef]">&gt;&gt;</a>&nbsp;&nbsp;&nbsp;_printf_charcount
</UL>

<P><STRONG><a name="[274]"></a>_printf_percent</STRONG> (Thumb, 0 bytes, Stack size unknown bytes, _printf_percent.o(.ARM.Collect$$_printf_percent$$00000000))
<BR><BR>[Called By]<UL><LI><a href="#[252]">&gt;&gt;</a>&nbsp;&nbsp;&nbsp;__printf
</UL>

<P><STRONG><a name="[f0]"></a>_printf_p</STRONG> (Thumb, 0 bytes, Stack size unknown bytes, _printf_p.o(.ARM.Collect$$_printf_percent$$00000002))
<BR><BR>[Stack]<UL><LI>Max Depth = 64 + Unknown Stack Size
<LI>Call Chain = _printf_p &rArr; _printf_hex_ptr &rArr; _printf_longlong_hex &rArr; _printf_int_common &rArr; _printf_post_padding
</UL>
<BR>[Calls]<UL><LI><a href="#[f1]">&gt;&gt;</a>&nbsp;&nbsp;&nbsp;_printf_hex_ptr
</UL>

<P><STRONG><a name="[f2]"></a>_printf_f</STRONG> (Thumb, 0 bytes, Stack size unknown bytes, _printf_f.o(.ARM.Collect$$_printf_percent$$00000003))
<BR><BR>[Stack]<UL><LI>Max Depth = 320 + Unknown Stack Size
<LI>Call Chain = _printf_f &rArr; _printf_fp_dec &rArr; _printf_fp_dec_real &rArr; _fp_digits &rArr; _btod_etento &rArr; _btod_emul &rArr; _e2e
</UL>
<BR>[Calls]<UL><LI><a href="#[f3]">&gt;&gt;</a>&nbsp;&nbsp;&nbsp;_printf_fp_dec
</UL>

<P><STRONG><a name="[f4]"></a>_printf_e</STRONG> (Thumb, 0 bytes, Stack size unknown bytes, _printf_e.o(.ARM.Collect$$_printf_percent$$00000004))
<BR><BR>[Stack]<UL><LI>Max Depth = 320 + Unknown Stack Size
<LI>Call Chain = _printf_e &rArr; _printf_fp_dec &rArr; _printf_fp_dec_real &rArr; _fp_digits &rArr; _btod_etento &rArr; _btod_emul &rArr; _e2e
</UL>
<BR>[Calls]<UL><LI><a href="#[f3]">&gt;&gt;</a>&nbsp;&nbsp;&nbsp;_printf_fp_dec
</UL>

<P><STRONG><a name="[f5]"></a>_printf_g</STRONG> (Thumb, 0 bytes, Stack size unknown bytes, _printf_g.o(.ARM.Collect$$_printf_percent$$00000005))
<BR><BR>[Stack]<UL><LI>Max Depth = 320 + Unknown Stack Size
<LI>Call Chain = _printf_g &rArr; _printf_fp_dec &rArr; _printf_fp_dec_real &rArr; _fp_digits &rArr; _btod_etento &rArr; _btod_emul &rArr; _e2e
</UL>
<BR>[Calls]<UL><LI><a href="#[f3]">&gt;&gt;</a>&nbsp;&nbsp;&nbsp;_printf_fp_dec
</UL>

<P><STRONG><a name="[f6]"></a>_printf_a</STRONG> (Thumb, 0 bytes, Stack size unknown bytes, _printf_a.o(.ARM.Collect$$_printf_percent$$00000006))
<BR><BR>[Stack]<UL><LI>Max Depth = 112 + Unknown Stack Size
<LI>Call Chain = _printf_a &rArr; _printf_fp_hex &rArr; _printf_fp_hex_real &rArr; _printf_fp_infnan &rArr; _printf_post_padding
</UL>
<BR>[Calls]<UL><LI><a href="#[f7]">&gt;&gt;</a>&nbsp;&nbsp;&nbsp;_printf_fp_hex
</UL>

<P><STRONG><a name="[3b3]"></a>_printf_ll</STRONG> (Thumb, 0 bytes, Stack size unknown bytes, _printf_ll.o(.ARM.Collect$$_printf_percent$$00000007))

<P><STRONG><a name="[f8]"></a>_printf_i</STRONG> (Thumb, 0 bytes, Stack size unknown bytes, _printf_i.o(.ARM.Collect$$_printf_percent$$00000008))
<BR><BR>[Stack]<UL><LI>Max Depth = 72 + Unknown Stack Size
<LI>Call Chain = _printf_i &rArr; _printf_int_dec &rArr; _printf_int_common &rArr; _printf_post_padding
</UL>
<BR>[Calls]<UL><LI><a href="#[f9]">&gt;&gt;</a>&nbsp;&nbsp;&nbsp;_printf_int_dec
</UL>

<P><STRONG><a name="[fa]"></a>_printf_d</STRONG> (Thumb, 0 bytes, Stack size unknown bytes, _printf_d.o(.ARM.Collect$$_printf_percent$$00000009))
<BR><BR>[Stack]<UL><LI>Max Depth = 72 + Unknown Stack Size
<LI>Call Chain = _printf_d &rArr; _printf_int_dec &rArr; _printf_int_common &rArr; _printf_post_padding
</UL>
<BR>[Calls]<UL><LI><a href="#[f9]">&gt;&gt;</a>&nbsp;&nbsp;&nbsp;_printf_int_dec
</UL>

<P><STRONG><a name="[fb]"></a>_printf_u</STRONG> (Thumb, 0 bytes, Stack size unknown bytes, _printf_u.o(.ARM.Collect$$_printf_percent$$0000000A))
<BR><BR>[Stack]<UL><LI>Max Depth = 72 + Unknown Stack Size
<LI>Call Chain = _printf_u &rArr; _printf_int_dec &rArr; _printf_int_common &rArr; _printf_post_padding
</UL>
<BR>[Calls]<UL><LI><a href="#[f9]">&gt;&gt;</a>&nbsp;&nbsp;&nbsp;_printf_int_dec
</UL>

<P><STRONG><a name="[fc]"></a>_printf_o</STRONG> (Thumb, 0 bytes, Stack size unknown bytes, _printf_o.o(.ARM.Collect$$_printf_percent$$0000000B))
<BR><BR>[Stack]<UL><LI>Max Depth = 64 + Unknown Stack Size
<LI>Call Chain = _printf_o &rArr; _printf_int_oct &rArr; _printf_longlong_oct &rArr; _printf_int_common &rArr; _printf_post_padding
</UL>
<BR>[Calls]<UL><LI><a href="#[fd]">&gt;&gt;</a>&nbsp;&nbsp;&nbsp;_printf_int_oct
</UL>

<P><STRONG><a name="[fe]"></a>_printf_x</STRONG> (Thumb, 0 bytes, Stack size unknown bytes, _printf_x.o(.ARM.Collect$$_printf_percent$$0000000C))
<BR><BR>[Stack]<UL><LI>Max Depth = 80 + Unknown Stack Size
<LI>Call Chain = _printf_x &rArr; _printf_int_hex &rArr; _printf_longlong_hex &rArr; _printf_int_common &rArr; _printf_post_padding
</UL>
<BR>[Calls]<UL><LI><a href="#[ff]">&gt;&gt;</a>&nbsp;&nbsp;&nbsp;_printf_int_hex
</UL>

<P><STRONG><a name="[100]"></a>_printf_lli</STRONG> (Thumb, 0 bytes, Stack size unknown bytes, _printf_lli.o(.ARM.Collect$$_printf_percent$$0000000D))
<BR><BR>[Stack]<UL><LI>Max Depth = 72 + Unknown Stack Size
<LI>Call Chain = _printf_lli &rArr; _printf_longlong_dec &rArr; _printf_int_common &rArr; _printf_post_padding
</UL>
<BR>[Calls]<UL><LI><a href="#[101]">&gt;&gt;</a>&nbsp;&nbsp;&nbsp;_printf_longlong_dec
</UL>

<P><STRONG><a name="[102]"></a>_printf_lld</STRONG> (Thumb, 0 bytes, Stack size unknown bytes, _printf_lld.o(.ARM.Collect$$_printf_percent$$0000000E))
<BR><BR>[Stack]<UL><LI>Max Depth = 72 + Unknown Stack Size
<LI>Call Chain = _printf_lld &rArr; _printf_longlong_dec &rArr; _printf_int_common &rArr; _printf_post_padding
</UL>
<BR>[Calls]<UL><LI><a href="#[101]">&gt;&gt;</a>&nbsp;&nbsp;&nbsp;_printf_longlong_dec
</UL>

<P><STRONG><a name="[103]"></a>_printf_llu</STRONG> (Thumb, 0 bytes, Stack size unknown bytes, _printf_llu.o(.ARM.Collect$$_printf_percent$$0000000F))
<BR><BR>[Stack]<UL><LI>Max Depth = 72 + Unknown Stack Size
<LI>Call Chain = _printf_llu &rArr; _printf_longlong_dec &rArr; _printf_int_common &rArr; _printf_post_padding
</UL>
<BR>[Calls]<UL><LI><a href="#[101]">&gt;&gt;</a>&nbsp;&nbsp;&nbsp;_printf_longlong_dec
</UL>

<P><STRONG><a name="[104]"></a>_printf_llo</STRONG> (Thumb, 0 bytes, Stack size unknown bytes, _printf_llo.o(.ARM.Collect$$_printf_percent$$00000010))
<BR><BR>[Stack]<UL><LI>Max Depth = 56 + Unknown Stack Size
<LI>Call Chain = _printf_llo &rArr; _printf_ll_oct &rArr; _printf_longlong_oct &rArr; _printf_int_common &rArr; _printf_post_padding
</UL>
<BR>[Calls]<UL><LI><a href="#[105]">&gt;&gt;</a>&nbsp;&nbsp;&nbsp;_printf_ll_oct
</UL>

<P><STRONG><a name="[106]"></a>_printf_llx</STRONG> (Thumb, 0 bytes, Stack size unknown bytes, _printf_llx.o(.ARM.Collect$$_printf_percent$$00000011))
<BR><BR>[Stack]<UL><LI>Max Depth = 64 + Unknown Stack Size
<LI>Call Chain = _printf_llx &rArr; _printf_ll_hex &rArr; _printf_longlong_hex &rArr; _printf_int_common &rArr; _printf_post_padding
</UL>
<BR>[Calls]<UL><LI><a href="#[107]">&gt;&gt;</a>&nbsp;&nbsp;&nbsp;_printf_ll_hex
</UL>

<P><STRONG><a name="[3b4]"></a>_printf_l</STRONG> (Thumb, 0 bytes, Stack size unknown bytes, _printf_l.o(.ARM.Collect$$_printf_percent$$00000012))

<P><STRONG><a name="[108]"></a>_printf_c</STRONG> (Thumb, 0 bytes, Stack size unknown bytes, _printf_c.o(.ARM.Collect$$_printf_percent$$00000013))
<BR><BR>[Stack]<UL><LI>Max Depth = 40 + Unknown Stack Size
<LI>Call Chain = _printf_c &rArr; _printf_char &rArr; _printf_cs_common &rArr; _printf_str &rArr; _printf_post_padding
</UL>
<BR>[Calls]<UL><LI><a href="#[109]">&gt;&gt;</a>&nbsp;&nbsp;&nbsp;_printf_char
</UL>

<P><STRONG><a name="[10a]"></a>_printf_s</STRONG> (Thumb, 0 bytes, Stack size unknown bytes, _printf_s.o(.ARM.Collect$$_printf_percent$$00000014))
<BR><BR>[Stack]<UL><LI>Max Depth = 40 + Unknown Stack Size
<LI>Call Chain = _printf_s &rArr; _printf_string &rArr; _printf_cs_common &rArr; _printf_str &rArr; _printf_post_padding
</UL>
<BR>[Calls]<UL><LI><a href="#[10b]">&gt;&gt;</a>&nbsp;&nbsp;&nbsp;_printf_string
</UL>

<P><STRONG><a name="[10c]"></a>_printf_lc</STRONG> (Thumb, 0 bytes, Stack size unknown bytes, _printf_lc.o(.ARM.Collect$$_printf_percent$$00000015))
<BR><BR>[Stack]<UL><LI>Max Depth = 96 + Unknown Stack Size
<LI>Call Chain = _printf_lc &rArr; _printf_wchar &rArr; _printf_lcs_common &rArr; _printf_wctomb &rArr; _wcrtomb &rArr; __rt_ctype_table &rArr; __rt_locale
</UL>
<BR>[Calls]<UL><LI><a href="#[10d]">&gt;&gt;</a>&nbsp;&nbsp;&nbsp;_printf_wchar
</UL>

<P><STRONG><a name="[10e]"></a>_printf_ls</STRONG> (Thumb, 0 bytes, Stack size unknown bytes, _printf_ls.o(.ARM.Collect$$_printf_percent$$00000016))
<BR><BR>[Stack]<UL><LI>Max Depth = 96 + Unknown Stack Size
<LI>Call Chain = _printf_ls &rArr; _printf_wstring &rArr; _printf_lcs_common &rArr; _printf_wctomb &rArr; _wcrtomb &rArr; __rt_ctype_table &rArr; __rt_locale
</UL>
<BR>[Calls]<UL><LI><a href="#[10f]">&gt;&gt;</a>&nbsp;&nbsp;&nbsp;_printf_wstring
</UL>

<P><STRONG><a name="[3b5]"></a>_printf_percent_end</STRONG> (Thumb, 0 bytes, Stack size unknown bytes, _printf_percent_end.o(.ARM.Collect$$_printf_percent$$00000017))

<P><STRONG><a name="[125]"></a>__rt_lib_init</STRONG> (Thumb, 0 bytes, Stack size unknown bytes, libinit.o(.ARM.Collect$$libinit$$00000000))
<BR><BR>[Called By]<UL><LI><a href="#[eb]">&gt;&gt;</a>&nbsp;&nbsp;&nbsp;__rt_entry
</UL>

<P><STRONG><a name="[110]"></a>__rt_lib_init_fp_1</STRONG> (Thumb, 0 bytes, Stack size unknown bytes, libinit2.o(.ARM.Collect$$libinit$$00000001))
<BR><BR>[Calls]<UL><LI><a href="#[111]">&gt;&gt;</a>&nbsp;&nbsp;&nbsp;_fp_init
</UL>

<P><STRONG><a name="[112]"></a>__rt_lib_init_heap_2</STRONG> (Thumb, 0 bytes, Stack size unknown bytes, libinit2.o(.ARM.Collect$$libinit$$00000005))
<BR><BR>[Stack]<UL><LI>Max Depth = 64 + Unknown Stack Size
<LI>Call Chain = __rt_lib_init_heap_2 &rArr; _init_alloc &rArr; __rt_SIGRTMEM &rArr; __rt_SIGRTMEM_inner &rArr; __default_signal_display &rArr; _ttywrch
</UL>
<BR>[Calls]<UL><LI><a href="#[113]">&gt;&gt;</a>&nbsp;&nbsp;&nbsp;_init_alloc
</UL>

<P><STRONG><a name="[3b6]"></a>__rt_lib_init_preinit_1</STRONG> (Thumb, 0 bytes, Stack size unknown bytes, libinit2.o(.ARM.Collect$$libinit$$00000004))

<P><STRONG><a name="[3b7]"></a>__rt_lib_init_heap_1</STRONG> (Thumb, 0 bytes, Stack size unknown bytes, libinit2.o(.ARM.Collect$$libinit$$0000000A))

<P><STRONG><a name="[114]"></a>__rt_lib_init_lc_common</STRONG> (Thumb, 0 bytes, Stack size unknown bytes, libinit2.o(.ARM.Collect$$libinit$$0000000F))
<BR><BR>[Stack]<UL><LI>Max Depth = 8 + Unknown Stack Size
<LI>Call Chain = __rt_lib_init_lc_common &rArr; __rt_locale
</UL>
<BR>[Calls]<UL><LI><a href="#[115]">&gt;&gt;</a>&nbsp;&nbsp;&nbsp;__rt_locale
</UL>

<P><STRONG><a name="[3b8]"></a>__rt_lib_init_rand_1</STRONG> (Thumb, 0 bytes, Stack size unknown bytes, libinit2.o(.ARM.Collect$$libinit$$0000000E))

<P><STRONG><a name="[3b9]"></a>__rt_lib_init_user_alloc_1</STRONG> (Thumb, 0 bytes, Stack size unknown bytes, libinit2.o(.ARM.Collect$$libinit$$0000000C))

<P><STRONG><a name="[3ba]"></a>__rt_lib_init_lc_collate_1</STRONG> (Thumb, 0 bytes, Stack size unknown bytes, libinit2.o(.ARM.Collect$$libinit$$00000011))

<P><STRONG><a name="[116]"></a>__rt_lib_init_lc_ctype_2</STRONG> (Thumb, 0 bytes, Stack size unknown bytes, libinit2.o(.ARM.Collect$$libinit$$00000012))
<BR><BR>[Stack]<UL><LI>Max Depth = 8 + Unknown Stack Size
<LI>Call Chain = __rt_lib_init_lc_ctype_2 &rArr; _get_lc_ctype
</UL>
<BR>[Calls]<UL><LI><a href="#[8c]">&gt;&gt;</a>&nbsp;&nbsp;&nbsp;_get_lc_ctype
</UL>

<P><STRONG><a name="[3bb]"></a>__rt_lib_init_lc_ctype_1</STRONG> (Thumb, 0 bytes, Stack size unknown bytes, libinit2.o(.ARM.Collect$$libinit$$00000013))

<P><STRONG><a name="[3bc]"></a>__rt_lib_init_lc_monetary_1</STRONG> (Thumb, 0 bytes, Stack size unknown bytes, libinit2.o(.ARM.Collect$$libinit$$00000015))

<P><STRONG><a name="[117]"></a>__rt_lib_init_lc_numeric_2</STRONG> (Thumb, 0 bytes, Stack size unknown bytes, libinit2.o(.ARM.Collect$$libinit$$00000016))
<BR><BR>[Stack]<UL><LI>Max Depth = 8 + Unknown Stack Size
<LI>Call Chain = __rt_lib_init_lc_numeric_2 &rArr; _get_lc_numeric
</UL>
<BR>[Calls]<UL><LI><a href="#[118]">&gt;&gt;</a>&nbsp;&nbsp;&nbsp;_get_lc_numeric
</UL>

<P><STRONG><a name="[3bd]"></a>__rt_lib_init_atexit_1</STRONG> (Thumb, 0 bytes, Stack size unknown bytes, libinit2.o(.ARM.Collect$$libinit$$0000001B))

<P><STRONG><a name="[3be]"></a>__rt_lib_init_clock_1</STRONG> (Thumb, 0 bytes, Stack size unknown bytes, libinit2.o(.ARM.Collect$$libinit$$00000021))

<P><STRONG><a name="[3bf]"></a>__rt_lib_init_fp_trap_1</STRONG> (Thumb, 0 bytes, Stack size unknown bytes, libinit2.o(.ARM.Collect$$libinit$$0000001F))

<P><STRONG><a name="[3c0]"></a>__rt_lib_init_getenv_1</STRONG> (Thumb, 0 bytes, Stack size unknown bytes, libinit2.o(.ARM.Collect$$libinit$$00000023))

<P><STRONG><a name="[3c1]"></a>__rt_lib_init_lc_numeric_1</STRONG> (Thumb, 0 bytes, Stack size unknown bytes, libinit2.o(.ARM.Collect$$libinit$$00000017))

<P><STRONG><a name="[3c2]"></a>__rt_lib_init_lc_time_1</STRONG> (Thumb, 0 bytes, Stack size unknown bytes, libinit2.o(.ARM.Collect$$libinit$$00000019))

<P><STRONG><a name="[3c3]"></a>__rt_lib_init_signal_1</STRONG> (Thumb, 0 bytes, Stack size unknown bytes, libinit2.o(.ARM.Collect$$libinit$$0000001D))

<P><STRONG><a name="[119]"></a>__rt_lib_init_stdio_2</STRONG> (Thumb, 0 bytes, Stack size unknown bytes, libinit2.o(.ARM.Collect$$libinit$$00000024))
<BR><BR>[Stack]<UL><LI>Max Depth = 584 + Unknown Stack Size
<LI>Call Chain = __rt_lib_init_stdio_2 &rArr; _initio &rArr; freopen &rArr; _freopen_locked &rArr; _sys_open &rArr; __sys_open &rArr; fat_open &rArr; path_create &rArr; frec_find &rArr; entry_pos_inc &rArr; alloc_table_read &rArr; cache_fat &rArr; fsj_write &rArr; SetBuf
</UL>
<BR>[Calls]<UL><LI><a href="#[11a]">&gt;&gt;</a>&nbsp;&nbsp;&nbsp;_initio
</UL>

<P><STRONG><a name="[3c4]"></a>__rt_lib_init_alloca_1</STRONG> (Thumb, 0 bytes, Stack size unknown bytes, libinit2.o(.ARM.Collect$$libinit$$0000002E))

<P><STRONG><a name="[3c5]"></a>__rt_lib_init_argv_1</STRONG> (Thumb, 0 bytes, Stack size unknown bytes, libinit2.o(.ARM.Collect$$libinit$$0000002C))

<P><STRONG><a name="[11b]"></a>__rt_lib_init_cpp_2</STRONG> (Thumb, 0 bytes, Stack size unknown bytes, libinit2.o(.ARM.Collect$$libinit$$00000031))
<BR><BR>[Stack]<UL><LI>Max Depth = 16 + Unknown Stack Size
<LI>Call Chain = __rt_lib_init_cpp_2 &rArr; __cpp_initialize__aeabi_
</UL>
<BR>[Calls]<UL><LI><a href="#[e9]">&gt;&gt;</a>&nbsp;&nbsp;&nbsp;__cpp_initialize__aeabi_
</UL>

<P><STRONG><a name="[3c6]"></a>__rt_lib_init_exceptions_1</STRONG> (Thumb, 0 bytes, Stack size unknown bytes, libinit2.o(.ARM.Collect$$libinit$$00000030))

<P><STRONG><a name="[3c7]"></a>__rt_lib_init_stdio_1</STRONG> (Thumb, 0 bytes, Stack size unknown bytes, libinit2.o(.ARM.Collect$$libinit$$00000025))

<P><STRONG><a name="[3c8]"></a>__rt_lib_init_cpp_1</STRONG> (Thumb, 0 bytes, Stack size unknown bytes, libinit2.o(.ARM.Collect$$libinit$$00000032))

<P><STRONG><a name="[3c9]"></a>__rt_lib_init_return</STRONG> (Thumb, 0 bytes, Stack size unknown bytes, libinit2.o(.ARM.Collect$$libinit$$00000033))

<P><STRONG><a name="[121]"></a>__rt_lib_shutdown</STRONG> (Thumb, 0 bytes, Stack size unknown bytes, libshutdown.o(.ARM.Collect$$libshutdown$$00000000))
<BR><BR>[Called By]<UL><LI><a href="#[120]">&gt;&gt;</a>&nbsp;&nbsp;&nbsp;__rt_exit_ls
<LI><a href="#[259]">&gt;&gt;</a>&nbsp;&nbsp;&nbsp;abort
</UL>

<P><STRONG><a name="[11c]"></a>__rt_lib_shutdown_cpp_1</STRONG> (Thumb, 0 bytes, Stack size unknown bytes, libshutdown2.o(.ARM.Collect$$libshutdown$$00000001))
<BR><BR>[Stack]<UL><LI>Max Depth = 48 + Unknown Stack Size
<LI>Call Chain = __rt_lib_shutdown_cpp_1 &rArr; __cxa_finalize &rArr; free &rArr; _free_internal
</UL>
<BR>[Calls]<UL><LI><a href="#[11d]">&gt;&gt;</a>&nbsp;&nbsp;&nbsp;__cxa_finalize
</UL>

<P><STRONG><a name="[11e]"></a>__rt_lib_shutdown_stdio_2</STRONG> (Thumb, 0 bytes, Stack size unknown bytes, libshutdown2.o(.ARM.Collect$$libshutdown$$00000002))
<BR><BR>[Stack]<UL><LI>Max Depth = 336 + Unknown Stack Size
<LI>Call Chain = __rt_lib_shutdown_stdio_2 &rArr; _terminateio &rArr; _fclose_internal &rArr; _fflush &rArr; _writebuf &rArr; _sys_write &rArr; __sys_write &rArr; fat_write &rArr; alloc_clus &rArr; alloc_table_write &rArr; cache_fat &rArr; fsj_write &rArr; SetBuf
</UL>
<BR>[Calls]<UL><LI><a href="#[11f]">&gt;&gt;</a>&nbsp;&nbsp;&nbsp;_terminateio
</UL>

<P><STRONG><a name="[3ca]"></a>__rt_lib_shutdown_fp_trap_1</STRONG> (Thumb, 0 bytes, Stack size unknown bytes, libshutdown2.o(.ARM.Collect$$libshutdown$$00000006))

<P><STRONG><a name="[3cb]"></a>__rt_lib_shutdown_heap_1</STRONG> (Thumb, 0 bytes, Stack size unknown bytes, libshutdown2.o(.ARM.Collect$$libshutdown$$0000000E))

<P><STRONG><a name="[3cc]"></a>__rt_lib_shutdown_return</STRONG> (Thumb, 0 bytes, Stack size unknown bytes, libshutdown2.o(.ARM.Collect$$libshutdown$$0000000F))

<P><STRONG><a name="[3cd]"></a>__rt_lib_shutdown_signal_1</STRONG> (Thumb, 0 bytes, Stack size unknown bytes, libshutdown2.o(.ARM.Collect$$libshutdown$$00000009))

<P><STRONG><a name="[3ce]"></a>__rt_lib_shutdown_stdio_1</STRONG> (Thumb, 0 bytes, Stack size unknown bytes, libshutdown2.o(.ARM.Collect$$libshutdown$$00000003))

<P><STRONG><a name="[3cf]"></a>__rt_lib_shutdown_user_alloc_1</STRONG> (Thumb, 0 bytes, Stack size unknown bytes, libshutdown2.o(.ARM.Collect$$libshutdown$$0000000B))

<P><STRONG><a name="[238]"></a>__rt_exit</STRONG> (Thumb, 0 bytes, Stack size unknown bytes, rtexit.o(.ARM.Collect$$rtexit$$00000000))
<BR><BR>[Called By]<UL><LI><a href="#[129]">&gt;&gt;</a>&nbsp;&nbsp;&nbsp;exit
</UL>

<P><STRONG><a name="[120]"></a>__rt_exit_ls</STRONG> (Thumb, 0 bytes, Stack size unknown bytes, rtexit2.o(.ARM.Collect$$rtexit$$00000003))
<BR><BR>[Calls]<UL><LI><a href="#[121]">&gt;&gt;</a>&nbsp;&nbsp;&nbsp;__rt_lib_shutdown
</UL>

<P><STRONG><a name="[3d0]"></a>__rt_exit_prels_1</STRONG> (Thumb, 0 bytes, Stack size unknown bytes, rtexit2.o(.ARM.Collect$$rtexit$$00000002))

<P><STRONG><a name="[122]"></a>__rt_exit_exit</STRONG> (Thumb, 0 bytes, Stack size unknown bytes, rtexit2.o(.ARM.Collect$$rtexit$$00000004))
<BR><BR>[Calls]<UL><LI><a href="#[123]">&gt;&gt;</a>&nbsp;&nbsp;&nbsp;_sys_exit
</UL>

<P><STRONG><a name="[eb]"></a>__rt_entry</STRONG> (Thumb, 32 bytes, Stack size 0 bytes, rtx_conf_cm.o(.emb_text))
<BR><BR>[Stack]<UL><LI>Max Depth = 76 + Unknown Stack Size
<LI>Call Chain = __rt_entry &rArr; osKernelInitialize &rArr; svcKernelInitialize &rArr; svcThreadCreate &rArr; rt_tsk_create &rArr; rt_dispatch &rArr; rt_put_prio
</UL>
<BR>[Calls]<UL><LI><a href="#[127]">&gt;&gt;</a>&nbsp;&nbsp;&nbsp;osThreadCreate
<LI><a href="#[128]">&gt;&gt;</a>&nbsp;&nbsp;&nbsp;osKernelStart
<LI><a href="#[126]">&gt;&gt;</a>&nbsp;&nbsp;&nbsp;osKernelInitialize
<LI><a href="#[125]">&gt;&gt;</a>&nbsp;&nbsp;&nbsp;__rt_lib_init
<LI><a href="#[129]">&gt;&gt;</a>&nbsp;&nbsp;&nbsp;exit
<LI><a href="#[124]">&gt;&gt;</a>&nbsp;&nbsp;&nbsp;__user_setup_stackheap
</UL>
<BR>[Called By]<UL><LI><a href="#[e3]">&gt;&gt;</a>&nbsp;&nbsp;&nbsp;__main
<LI><a href="#[ec]">&gt;&gt;</a>&nbsp;&nbsp;&nbsp;__scatterload_rt2
</UL>

<P><STRONG><a name="[3d1]"></a>rt_set_PSP</STRONG> (Thumb, 6 bytes, Stack size 0 bytes, hal_cm4.o(.emb_text), UNUSED)

<P><STRONG><a name="[384]"></a>rt_get_PSP</STRONG> (Thumb, 6 bytes, Stack size 0 bytes, hal_cm4.o(.emb_text))
<BR><BR>[Called By]<UL><LI><a href="#[383]">&gt;&gt;</a>&nbsp;&nbsp;&nbsp;rt_tsk_delete
</UL>

<P><STRONG><a name="[3d2]"></a>os_set_env</STRONG> (Thumb, 24 bytes, Stack size 0 bytes, hal_cm4.o(.emb_text), UNUSED)

<P><STRONG><a name="[3d3]"></a>_alloc_box</STRONG> (Thumb, 28 bytes, Stack size 0 bytes, hal_cm4.o(.emb_text), UNUSED)

<P><STRONG><a name="[3d4]"></a>_free_box</STRONG> (Thumb, 28 bytes, Stack size 0 bytes, hal_cm4.o(.emb_text), UNUSED)

<P><STRONG><a name="[21]"></a>SVC_Handler</STRONG> (Thumb, 148 bytes, Stack size 0 bytes, hal_cm4.o(.emb_text))
<BR><BR>[Calls]<UL><LI><a href="#[12a]">&gt;&gt;</a>&nbsp;&nbsp;&nbsp;rt_stk_check
</UL>
<BR>[Address Reference Count : 1]<UL><LI> startup_stm32f407xx.o(RESET)
</UL>
<P><STRONG><a name="[23]"></a>PendSV_Handler</STRONG> (Thumb, 96 bytes, Stack size 0 bytes, hal_cm4.o(.emb_text))
<BR><BR>[Stack]<UL><LI>Max Depth = 56<LI>Call Chain = PendSV_Handler &rArr; rt_pop_req &rArr; rt_mbx_psh &rArr; rt_ret_val2
</UL>
<BR>[Calls]<UL><LI><a href="#[12b]">&gt;&gt;</a>&nbsp;&nbsp;&nbsp;rt_pop_req
<LI><a href="#[12a]">&gt;&gt;</a>&nbsp;&nbsp;&nbsp;rt_stk_check
</UL>
<BR>[Address Reference Count : 1]<UL><LI> startup_stm32f407xx.o(RESET)
</UL>
<P><STRONG><a name="[24]"></a>SysTick_Handler</STRONG> (Thumb, 8 bytes, Stack size 0 bytes, hal_cm4.o(.emb_text))
<BR><BR>[Stack]<UL><LI>Max Depth = 72<LI>Call Chain = SysTick_Handler &rArr; rt_systick &rArr; sysTimerTick &rArr; isrMessagePut &rArr; isr_mbx_send &rArr; rt_psq_enq
</UL>
<BR>[Calls]<UL><LI><a href="#[12c]">&gt;&gt;</a>&nbsp;&nbsp;&nbsp;rt_systick
</UL>
<BR>[Address Reference Count : 1]<UL><LI> startup_stm32f407xx.o(RESET)
</UL>
<P><STRONG><a name="[12d]"></a>OS_Tick_Handler</STRONG> (Thumb, 12 bytes, Stack size 0 bytes, hal_cm4.o(.emb_text), UNUSED)
<BR><BR>[Calls]<UL><LI><a href="#[12e]">&gt;&gt;</a>&nbsp;&nbsp;&nbsp;os_tick_irqack
<LI><a href="#[12c]">&gt;&gt;</a>&nbsp;&nbsp;&nbsp;rt_systick
</UL>

<P><STRONG><a name="[3d5]"></a>_maybe_terminate_alloc</STRONG> (Thumb, 0 bytes, Stack size 16 bytes, maybetermalloc1.o(.emb_text), UNUSED)

<P><STRONG><a name="[154]"></a>disk_initialize</STRONG> (Thumb, 34 bytes, Stack size 16 bytes, diskio.o(.text))
<BR><BR>[Stack]<UL><LI>Max Depth = 16<LI>Call Chain = disk_initialize
</UL>
<BR>[Called By]<UL><LI><a href="#[170]">&gt;&gt;</a>&nbsp;&nbsp;&nbsp;f_mkfs
<LI><a href="#[151]">&gt;&gt;</a>&nbsp;&nbsp;&nbsp;find_volume
</UL>

<P><STRONG><a name="[153]"></a>disk_status</STRONG> (Thumb, 22 bytes, Stack size 16 bytes, diskio.o(.text))
<BR><BR>[Stack]<UL><LI>Max Depth = 16<LI>Call Chain = disk_status
</UL>
<BR>[Called By]<UL><LI><a href="#[156]">&gt;&gt;</a>&nbsp;&nbsp;&nbsp;validate
<LI><a href="#[151]">&gt;&gt;</a>&nbsp;&nbsp;&nbsp;find_volume
</UL>

<P><STRONG><a name="[132]"></a>disk_read</STRONG> (Thumb, 38 bytes, Stack size 24 bytes, diskio.o(.text))
<BR><BR>[Stack]<UL><LI>Max Depth = 24<LI>Call Chain = disk_read
</UL>
<BR>[Called By]<UL><LI><a href="#[164]">&gt;&gt;</a>&nbsp;&nbsp;&nbsp;f_lseek
<LI><a href="#[160]">&gt;&gt;</a>&nbsp;&nbsp;&nbsp;f_write
<LI><a href="#[15e]">&gt;&gt;</a>&nbsp;&nbsp;&nbsp;f_read
<LI><a href="#[131]">&gt;&gt;</a>&nbsp;&nbsp;&nbsp;move_window
</UL>

<P><STRONG><a name="[130]"></a>disk_write</STRONG> (Thumb, 38 bytes, Stack size 24 bytes, diskio.o(.text))
<BR><BR>[Stack]<UL><LI>Max Depth = 24<LI>Call Chain = disk_write
</UL>
<BR>[Called By]<UL><LI><a href="#[170]">&gt;&gt;</a>&nbsp;&nbsp;&nbsp;f_mkfs
<LI><a href="#[16a]">&gt;&gt;</a>&nbsp;&nbsp;&nbsp;f_truncate
<LI><a href="#[164]">&gt;&gt;</a>&nbsp;&nbsp;&nbsp;f_lseek
<LI><a href="#[161]">&gt;&gt;</a>&nbsp;&nbsp;&nbsp;f_sync
<LI><a href="#[160]">&gt;&gt;</a>&nbsp;&nbsp;&nbsp;f_write
<LI><a href="#[15e]">&gt;&gt;</a>&nbsp;&nbsp;&nbsp;f_read
<LI><a href="#[133]">&gt;&gt;</a>&nbsp;&nbsp;&nbsp;sync_fs
<LI><a href="#[12f]">&gt;&gt;</a>&nbsp;&nbsp;&nbsp;sync_window
</UL>

<P><STRONG><a name="[135]"></a>disk_ioctl</STRONG> (Thumb, 34 bytes, Stack size 24 bytes, diskio.o(.text))
<BR><BR>[Stack]<UL><LI>Max Depth = 24<LI>Call Chain = disk_ioctl
</UL>
<BR>[Called By]<UL><LI><a href="#[170]">&gt;&gt;</a>&nbsp;&nbsp;&nbsp;f_mkfs
<LI><a href="#[138]">&gt;&gt;</a>&nbsp;&nbsp;&nbsp;remove_chain
<LI><a href="#[133]">&gt;&gt;</a>&nbsp;&nbsp;&nbsp;sync_fs
</UL>

<P><STRONG><a name="[15b]"></a>get_fattime</STRONG> (Thumb, 4 bytes, Stack size 0 bytes, diskio.o(.text))
<BR><BR>[Called By]<UL><LI><a href="#[170]">&gt;&gt;</a>&nbsp;&nbsp;&nbsp;f_mkfs
<LI><a href="#[16c]">&gt;&gt;</a>&nbsp;&nbsp;&nbsp;f_mkdir
<LI><a href="#[161]">&gt;&gt;</a>&nbsp;&nbsp;&nbsp;f_sync
<LI><a href="#[158]">&gt;&gt;</a>&nbsp;&nbsp;&nbsp;f_open
</UL>

<P><STRONG><a name="[139]"></a>clust2sect</STRONG> (Thumb, 32 bytes, Stack size 0 bytes, ff.o(.text))
<BR><BR>[Called By]<UL><LI><a href="#[16f]">&gt;&gt;</a>&nbsp;&nbsp;&nbsp;f_rename
<LI><a href="#[16c]">&gt;&gt;</a>&nbsp;&nbsp;&nbsp;f_mkdir
<LI><a href="#[164]">&gt;&gt;</a>&nbsp;&nbsp;&nbsp;f_lseek
<LI><a href="#[160]">&gt;&gt;</a>&nbsp;&nbsp;&nbsp;f_write
<LI><a href="#[15e]">&gt;&gt;</a>&nbsp;&nbsp;&nbsp;f_read
<LI><a href="#[13c]">&gt;&gt;</a>&nbsp;&nbsp;&nbsp;dir_next
<LI><a href="#[13b]">&gt;&gt;</a>&nbsp;&nbsp;&nbsp;dir_sdi
<LI><a href="#[138]">&gt;&gt;</a>&nbsp;&nbsp;&nbsp;remove_chain
</UL>

<P><STRONG><a name="[136]"></a>get_fat</STRONG> (Thumb, 228 bytes, Stack size 24 bytes, ff.o(.text))
<BR><BR>[Stack]<UL><LI>Max Depth = 80<LI>Call Chain = get_fat &rArr; move_window &rArr; sync_window &rArr; disk_write
</UL>
<BR>[Calls]<UL><LI><a href="#[131]">&gt;&gt;</a>&nbsp;&nbsp;&nbsp;move_window
</UL>
<BR>[Called By]<UL><LI><a href="#[16a]">&gt;&gt;</a>&nbsp;&nbsp;&nbsp;f_truncate
<LI><a href="#[169]">&gt;&gt;</a>&nbsp;&nbsp;&nbsp;f_getfree
<LI><a href="#[164]">&gt;&gt;</a>&nbsp;&nbsp;&nbsp;f_lseek
<LI><a href="#[15e]">&gt;&gt;</a>&nbsp;&nbsp;&nbsp;f_read
<LI><a href="#[13c]">&gt;&gt;</a>&nbsp;&nbsp;&nbsp;dir_next
<LI><a href="#[13b]">&gt;&gt;</a>&nbsp;&nbsp;&nbsp;dir_sdi
<LI><a href="#[13a]">&gt;&gt;</a>&nbsp;&nbsp;&nbsp;create_chain
<LI><a href="#[138]">&gt;&gt;</a>&nbsp;&nbsp;&nbsp;remove_chain
</UL>

<P><STRONG><a name="[137]"></a>put_fat</STRONG> (Thumb, 310 bytes, Stack size 32 bytes, ff.o(.text))
<BR><BR>[Stack]<UL><LI>Max Depth = 88<LI>Call Chain = put_fat &rArr; move_window &rArr; sync_window &rArr; disk_write
</UL>
<BR>[Calls]<UL><LI><a href="#[131]">&gt;&gt;</a>&nbsp;&nbsp;&nbsp;move_window
</UL>
<BR>[Called By]<UL><LI><a href="#[16a]">&gt;&gt;</a>&nbsp;&nbsp;&nbsp;f_truncate
<LI><a href="#[13a]">&gt;&gt;</a>&nbsp;&nbsp;&nbsp;create_chain
<LI><a href="#[138]">&gt;&gt;</a>&nbsp;&nbsp;&nbsp;remove_chain
</UL>

<P><STRONG><a name="[140]"></a>gen_numname</STRONG> (Thumb, 168 bytes, Stack size 40 bytes, ff.o(.text))
<BR><BR>[Stack]<UL><LI>Max Depth = 56<LI>Call Chain = gen_numname &rArr; mem_cpy
</UL>
<BR>[Calls]<UL><LI><a href="#[141]">&gt;&gt;</a>&nbsp;&nbsp;&nbsp;mem_cpy
</UL>
<BR>[Called By]<UL><LI><a href="#[147]">&gt;&gt;</a>&nbsp;&nbsp;&nbsp;dir_register
</UL>

<P><STRONG><a name="[157]"></a>f_mount</STRONG> (Thumb, 96 bytes, Stack size 40 bytes, ff.o(.text))
<BR><BR>[Stack]<UL><LI>Max Depth = 192<LI>Call Chain = f_mount &rArr; find_volume &rArr; check_fs &rArr; move_window &rArr; sync_window &rArr; disk_write
</UL>
<BR>[Calls]<UL><LI><a href="#[151]">&gt;&gt;</a>&nbsp;&nbsp;&nbsp;find_volume
<LI><a href="#[152]">&gt;&gt;</a>&nbsp;&nbsp;&nbsp;get_ldnumber
<LI><a href="#[155]">&gt;&gt;</a>&nbsp;&nbsp;&nbsp;clear_lock
</UL>
<BR>[Called By]<UL><LI><a href="#[17b]">&gt;&gt;</a>&nbsp;&nbsp;&nbsp;BSP_SD_MountCardDetect
<LI><a href="#[1ac]">&gt;&gt;</a>&nbsp;&nbsp;&nbsp;StorageDisconnect
</UL>

<P><STRONG><a name="[158]"></a>f_open</STRONG> (Thumb, 448 bytes, Stack size 608 bytes, ff.o(.text))
<BR><BR>[Stack]<UL><LI>Max Depth = 832<LI>Call Chain = f_open &rArr; dir_register &rArr; dir_find &rArr; dir_next &rArr; create_chain &rArr; put_fat &rArr; move_window &rArr; sync_window &rArr; disk_write
</UL>
<BR>[Calls]<UL><LI><a href="#[151]">&gt;&gt;</a>&nbsp;&nbsp;&nbsp;find_volume
<LI><a href="#[14e]">&gt;&gt;</a>&nbsp;&nbsp;&nbsp;follow_path
<LI><a href="#[147]">&gt;&gt;</a>&nbsp;&nbsp;&nbsp;dir_register
<LI><a href="#[15c]">&gt;&gt;</a>&nbsp;&nbsp;&nbsp;st_clust
<LI><a href="#[14f]">&gt;&gt;</a>&nbsp;&nbsp;&nbsp;ld_clust
<LI><a href="#[138]">&gt;&gt;</a>&nbsp;&nbsp;&nbsp;remove_chain
<LI><a href="#[131]">&gt;&gt;</a>&nbsp;&nbsp;&nbsp;move_window
<LI><a href="#[15d]">&gt;&gt;</a>&nbsp;&nbsp;&nbsp;inc_lock
<LI><a href="#[15a]">&gt;&gt;</a>&nbsp;&nbsp;&nbsp;enq_lock
<LI><a href="#[159]">&gt;&gt;</a>&nbsp;&nbsp;&nbsp;chk_lock
<LI><a href="#[15b]">&gt;&gt;</a>&nbsp;&nbsp;&nbsp;get_fattime
</UL>
<BR>[Called By]<UL><LI><a href="#[1ab]">&gt;&gt;</a>&nbsp;&nbsp;&nbsp;StorageWriteLn
</UL>

<P><STRONG><a name="[15e]"></a>f_read</STRONG> (Thumb, 528 bytes, Stack size 64 bytes, ff.o(.text), UNUSED)
<BR><BR>[Calls]<UL><LI><a href="#[136]">&gt;&gt;</a>&nbsp;&nbsp;&nbsp;get_fat
<LI><a href="#[139]">&gt;&gt;</a>&nbsp;&nbsp;&nbsp;clust2sect
<LI><a href="#[156]">&gt;&gt;</a>&nbsp;&nbsp;&nbsp;validate
<LI><a href="#[15f]">&gt;&gt;</a>&nbsp;&nbsp;&nbsp;clmt_clust
<LI><a href="#[141]">&gt;&gt;</a>&nbsp;&nbsp;&nbsp;mem_cpy
<LI><a href="#[130]">&gt;&gt;</a>&nbsp;&nbsp;&nbsp;disk_write
<LI><a href="#[132]">&gt;&gt;</a>&nbsp;&nbsp;&nbsp;disk_read
</UL>
<BR>[Called By]<UL><LI><a href="#[171]">&gt;&gt;</a>&nbsp;&nbsp;&nbsp;f_gets
</UL>

<P><STRONG><a name="[160]"></a>f_write</STRONG> (Thumb, 604 bytes, Stack size 64 bytes, ff.o(.text))
<BR><BR>[Stack]<UL><LI>Max Depth = 184<LI>Call Chain = f_write &rArr; create_chain &rArr; put_fat &rArr; move_window &rArr; sync_window &rArr; disk_write
</UL>
<BR>[Calls]<UL><LI><a href="#[139]">&gt;&gt;</a>&nbsp;&nbsp;&nbsp;clust2sect
<LI><a href="#[156]">&gt;&gt;</a>&nbsp;&nbsp;&nbsp;validate
<LI><a href="#[15f]">&gt;&gt;</a>&nbsp;&nbsp;&nbsp;clmt_clust
<LI><a href="#[13a]">&gt;&gt;</a>&nbsp;&nbsp;&nbsp;create_chain
<LI><a href="#[141]">&gt;&gt;</a>&nbsp;&nbsp;&nbsp;mem_cpy
<LI><a href="#[130]">&gt;&gt;</a>&nbsp;&nbsp;&nbsp;disk_write
<LI><a href="#[132]">&gt;&gt;</a>&nbsp;&nbsp;&nbsp;disk_read
</UL>
<BR>[Called By]<UL><LI><a href="#[175]">&gt;&gt;</a>&nbsp;&nbsp;&nbsp;f_printf
<LI><a href="#[174]">&gt;&gt;</a>&nbsp;&nbsp;&nbsp;f_puts
<LI><a href="#[173]">&gt;&gt;</a>&nbsp;&nbsp;&nbsp;f_putc
<LI><a href="#[172]">&gt;&gt;</a>&nbsp;&nbsp;&nbsp;putc_bfd
<LI><a href="#[1ab]">&gt;&gt;</a>&nbsp;&nbsp;&nbsp;StorageWriteLn
</UL>

<P><STRONG><a name="[161]"></a>f_sync</STRONG> (Thumb, 202 bytes, Stack size 24 bytes, ff.o(.text))
<BR><BR>[Stack]<UL><LI>Max Depth = 80<LI>Call Chain = f_sync &rArr; sync_fs &rArr; sync_window &rArr; disk_write
</UL>
<BR>[Calls]<UL><LI><a href="#[156]">&gt;&gt;</a>&nbsp;&nbsp;&nbsp;validate
<LI><a href="#[15c]">&gt;&gt;</a>&nbsp;&nbsp;&nbsp;st_clust
<LI><a href="#[133]">&gt;&gt;</a>&nbsp;&nbsp;&nbsp;sync_fs
<LI><a href="#[131]">&gt;&gt;</a>&nbsp;&nbsp;&nbsp;move_window
<LI><a href="#[15b]">&gt;&gt;</a>&nbsp;&nbsp;&nbsp;get_fattime
<LI><a href="#[130]">&gt;&gt;</a>&nbsp;&nbsp;&nbsp;disk_write
</UL>
<BR>[Called By]<UL><LI><a href="#[162]">&gt;&gt;</a>&nbsp;&nbsp;&nbsp;f_close
<LI><a href="#[1ab]">&gt;&gt;</a>&nbsp;&nbsp;&nbsp;StorageWriteLn
</UL>

<P><STRONG><a name="[162]"></a>f_close</STRONG> (Thumb, 46 bytes, Stack size 16 bytes, ff.o(.text))
<BR><BR>[Stack]<UL><LI>Max Depth = 96<LI>Call Chain = f_close &rArr; f_sync &rArr; sync_fs &rArr; sync_window &rArr; disk_write
</UL>
<BR>[Calls]<UL><LI><a href="#[161]">&gt;&gt;</a>&nbsp;&nbsp;&nbsp;f_sync
<LI><a href="#[156]">&gt;&gt;</a>&nbsp;&nbsp;&nbsp;validate
<LI><a href="#[163]">&gt;&gt;</a>&nbsp;&nbsp;&nbsp;dec_lock
</UL>
<BR>[Called By]<UL><LI><a href="#[1ab]">&gt;&gt;</a>&nbsp;&nbsp;&nbsp;StorageWriteLn
</UL>

<P><STRONG><a name="[164]"></a>f_lseek</STRONG> (Thumb, 804 bytes, Stack size 48 bytes, ff.o(.text))
<BR><BR>[Stack]<UL><LI>Max Depth = 168<LI>Call Chain = f_lseek &rArr; create_chain &rArr; put_fat &rArr; move_window &rArr; sync_window &rArr; disk_write
</UL>
<BR>[Calls]<UL><LI><a href="#[136]">&gt;&gt;</a>&nbsp;&nbsp;&nbsp;get_fat
<LI><a href="#[139]">&gt;&gt;</a>&nbsp;&nbsp;&nbsp;clust2sect
<LI><a href="#[156]">&gt;&gt;</a>&nbsp;&nbsp;&nbsp;validate
<LI><a href="#[15f]">&gt;&gt;</a>&nbsp;&nbsp;&nbsp;clmt_clust
<LI><a href="#[13a]">&gt;&gt;</a>&nbsp;&nbsp;&nbsp;create_chain
<LI><a href="#[130]">&gt;&gt;</a>&nbsp;&nbsp;&nbsp;disk_write
<LI><a href="#[132]">&gt;&gt;</a>&nbsp;&nbsp;&nbsp;disk_read
</UL>
<BR>[Called By]<UL><LI><a href="#[1ab]">&gt;&gt;</a>&nbsp;&nbsp;&nbsp;StorageWriteLn
</UL>

<P><STRONG><a name="[165]"></a>f_opendir</STRONG> (Thumb, 172 bytes, Stack size 40 bytes, ff.o(.text), UNUSED)
<BR><BR>[Calls]<UL><LI><a href="#[151]">&gt;&gt;</a>&nbsp;&nbsp;&nbsp;find_volume
<LI><a href="#[14e]">&gt;&gt;</a>&nbsp;&nbsp;&nbsp;follow_path
<LI><a href="#[14f]">&gt;&gt;</a>&nbsp;&nbsp;&nbsp;ld_clust
<LI><a href="#[13b]">&gt;&gt;</a>&nbsp;&nbsp;&nbsp;dir_sdi
<LI><a href="#[15d]">&gt;&gt;</a>&nbsp;&nbsp;&nbsp;inc_lock
</UL>

<P><STRONG><a name="[166]"></a>f_closedir</STRONG> (Thumb, 42 bytes, Stack size 16 bytes, ff.o(.text), UNUSED)
<BR><BR>[Calls]<UL><LI><a href="#[156]">&gt;&gt;</a>&nbsp;&nbsp;&nbsp;validate
<LI><a href="#[163]">&gt;&gt;</a>&nbsp;&nbsp;&nbsp;dec_lock
</UL>

<P><STRONG><a name="[167]"></a>f_readdir</STRONG> (Thumb, 98 bytes, Stack size 32 bytes, ff.o(.text), UNUSED)
<BR><BR>[Calls]<UL><LI><a href="#[156]">&gt;&gt;</a>&nbsp;&nbsp;&nbsp;validate
<LI><a href="#[14d]">&gt;&gt;</a>&nbsp;&nbsp;&nbsp;get_fileinfo
<LI><a href="#[145]">&gt;&gt;</a>&nbsp;&nbsp;&nbsp;dir_read
<LI><a href="#[13c]">&gt;&gt;</a>&nbsp;&nbsp;&nbsp;dir_next
<LI><a href="#[13b]">&gt;&gt;</a>&nbsp;&nbsp;&nbsp;dir_sdi
</UL>

<P><STRONG><a name="[168]"></a>f_stat</STRONG> (Thumb, 68 bytes, Stack size 584 bytes, ff.o(.text))
<BR><BR>[Stack]<UL><LI>Max Depth = 792<LI>Call Chain = f_stat &rArr; follow_path &rArr; dir_find &rArr; dir_next &rArr; create_chain &rArr; put_fat &rArr; move_window &rArr; sync_window &rArr; disk_write
</UL>
<BR>[Calls]<UL><LI><a href="#[151]">&gt;&gt;</a>&nbsp;&nbsp;&nbsp;find_volume
<LI><a href="#[14e]">&gt;&gt;</a>&nbsp;&nbsp;&nbsp;follow_path
<LI><a href="#[14d]">&gt;&gt;</a>&nbsp;&nbsp;&nbsp;get_fileinfo
</UL>
<BR>[Called By]<UL><LI><a href="#[1ab]">&gt;&gt;</a>&nbsp;&nbsp;&nbsp;StorageWriteLn
</UL>

<P><STRONG><a name="[169]"></a>f_getfree</STRONG> (Thumb, 274 bytes, Stack size 56 bytes, ff.o(.text), UNUSED)
<BR><BR>[Calls]<UL><LI><a href="#[136]">&gt;&gt;</a>&nbsp;&nbsp;&nbsp;get_fat
<LI><a href="#[151]">&gt;&gt;</a>&nbsp;&nbsp;&nbsp;find_volume
<LI><a href="#[131]">&gt;&gt;</a>&nbsp;&nbsp;&nbsp;move_window
</UL>

<P><STRONG><a name="[16a]"></a>f_truncate</STRONG> (Thumb, 236 bytes, Stack size 16 bytes, ff.o(.text), UNUSED)
<BR><BR>[Calls]<UL><LI><a href="#[137]">&gt;&gt;</a>&nbsp;&nbsp;&nbsp;put_fat
<LI><a href="#[136]">&gt;&gt;</a>&nbsp;&nbsp;&nbsp;get_fat
<LI><a href="#[156]">&gt;&gt;</a>&nbsp;&nbsp;&nbsp;validate
<LI><a href="#[138]">&gt;&gt;</a>&nbsp;&nbsp;&nbsp;remove_chain
<LI><a href="#[130]">&gt;&gt;</a>&nbsp;&nbsp;&nbsp;disk_write
</UL>

<P><STRONG><a name="[16b]"></a>f_unlink</STRONG> (Thumb, 216 bytes, Stack size 1136 bytes, ff.o(.text), UNUSED)
<BR><BR>[Calls]<UL><LI><a href="#[151]">&gt;&gt;</a>&nbsp;&nbsp;&nbsp;find_volume
<LI><a href="#[14e]">&gt;&gt;</a>&nbsp;&nbsp;&nbsp;follow_path
<LI><a href="#[149]">&gt;&gt;</a>&nbsp;&nbsp;&nbsp;dir_remove
<LI><a href="#[145]">&gt;&gt;</a>&nbsp;&nbsp;&nbsp;dir_read
<LI><a href="#[14f]">&gt;&gt;</a>&nbsp;&nbsp;&nbsp;ld_clust
<LI><a href="#[13b]">&gt;&gt;</a>&nbsp;&nbsp;&nbsp;dir_sdi
<LI><a href="#[138]">&gt;&gt;</a>&nbsp;&nbsp;&nbsp;remove_chain
<LI><a href="#[133]">&gt;&gt;</a>&nbsp;&nbsp;&nbsp;sync_fs
<LI><a href="#[159]">&gt;&gt;</a>&nbsp;&nbsp;&nbsp;chk_lock
<LI><a href="#[141]">&gt;&gt;</a>&nbsp;&nbsp;&nbsp;mem_cpy
</UL>

<P><STRONG><a name="[16c]"></a>f_mkdir</STRONG> (Thumb, 362 bytes, Stack size 600 bytes, ff.o(.text), UNUSED)
<BR><BR>[Calls]<UL><LI><a href="#[139]">&gt;&gt;</a>&nbsp;&nbsp;&nbsp;clust2sect
<LI><a href="#[151]">&gt;&gt;</a>&nbsp;&nbsp;&nbsp;find_volume
<LI><a href="#[14e]">&gt;&gt;</a>&nbsp;&nbsp;&nbsp;follow_path
<LI><a href="#[147]">&gt;&gt;</a>&nbsp;&nbsp;&nbsp;dir_register
<LI><a href="#[15c]">&gt;&gt;</a>&nbsp;&nbsp;&nbsp;st_clust
<LI><a href="#[13a]">&gt;&gt;</a>&nbsp;&nbsp;&nbsp;create_chain
<LI><a href="#[138]">&gt;&gt;</a>&nbsp;&nbsp;&nbsp;remove_chain
<LI><a href="#[133]">&gt;&gt;</a>&nbsp;&nbsp;&nbsp;sync_fs
<LI><a href="#[12f]">&gt;&gt;</a>&nbsp;&nbsp;&nbsp;sync_window
<LI><a href="#[134]">&gt;&gt;</a>&nbsp;&nbsp;&nbsp;mem_set
<LI><a href="#[141]">&gt;&gt;</a>&nbsp;&nbsp;&nbsp;mem_cpy
<LI><a href="#[15b]">&gt;&gt;</a>&nbsp;&nbsp;&nbsp;get_fattime
</UL>

<P><STRONG><a name="[16d]"></a>f_chmod</STRONG> (Thumb, 94 bytes, Stack size 600 bytes, ff.o(.text), UNUSED)
<BR><BR>[Calls]<UL><LI><a href="#[151]">&gt;&gt;</a>&nbsp;&nbsp;&nbsp;find_volume
<LI><a href="#[14e]">&gt;&gt;</a>&nbsp;&nbsp;&nbsp;follow_path
<LI><a href="#[133]">&gt;&gt;</a>&nbsp;&nbsp;&nbsp;sync_fs
</UL>

<P><STRONG><a name="[16e]"></a>f_utime</STRONG> (Thumb, 96 bytes, Stack size 592 bytes, ff.o(.text), UNUSED)
<BR><BR>[Calls]<UL><LI><a href="#[151]">&gt;&gt;</a>&nbsp;&nbsp;&nbsp;find_volume
<LI><a href="#[14e]">&gt;&gt;</a>&nbsp;&nbsp;&nbsp;follow_path
<LI><a href="#[133]">&gt;&gt;</a>&nbsp;&nbsp;&nbsp;sync_fs
</UL>

<P><STRONG><a name="[16f]"></a>f_rename</STRONG> (Thumb, 342 bytes, Stack size 1176 bytes, ff.o(.text), UNUSED)
<BR><BR>[Calls]<UL><LI><a href="#[139]">&gt;&gt;</a>&nbsp;&nbsp;&nbsp;clust2sect
<LI><a href="#[151]">&gt;&gt;</a>&nbsp;&nbsp;&nbsp;find_volume
<LI><a href="#[14e]">&gt;&gt;</a>&nbsp;&nbsp;&nbsp;follow_path
<LI><a href="#[149]">&gt;&gt;</a>&nbsp;&nbsp;&nbsp;dir_remove
<LI><a href="#[147]">&gt;&gt;</a>&nbsp;&nbsp;&nbsp;dir_register
<LI><a href="#[15c]">&gt;&gt;</a>&nbsp;&nbsp;&nbsp;st_clust
<LI><a href="#[14f]">&gt;&gt;</a>&nbsp;&nbsp;&nbsp;ld_clust
<LI><a href="#[133]">&gt;&gt;</a>&nbsp;&nbsp;&nbsp;sync_fs
<LI><a href="#[131]">&gt;&gt;</a>&nbsp;&nbsp;&nbsp;move_window
<LI><a href="#[159]">&gt;&gt;</a>&nbsp;&nbsp;&nbsp;chk_lock
<LI><a href="#[141]">&gt;&gt;</a>&nbsp;&nbsp;&nbsp;mem_cpy
</UL>

<P><STRONG><a name="[170]"></a>f_mkfs</STRONG> (Thumb, 1644 bytes, Stack size 120 bytes, ff.o(.text), UNUSED)
<BR><BR>[Calls]<UL><LI><a href="#[152]">&gt;&gt;</a>&nbsp;&nbsp;&nbsp;get_ldnumber
<LI><a href="#[134]">&gt;&gt;</a>&nbsp;&nbsp;&nbsp;mem_set
<LI><a href="#[141]">&gt;&gt;</a>&nbsp;&nbsp;&nbsp;mem_cpy
<LI><a href="#[15b]">&gt;&gt;</a>&nbsp;&nbsp;&nbsp;get_fattime
<LI><a href="#[135]">&gt;&gt;</a>&nbsp;&nbsp;&nbsp;disk_ioctl
<LI><a href="#[130]">&gt;&gt;</a>&nbsp;&nbsp;&nbsp;disk_write
<LI><a href="#[154]">&gt;&gt;</a>&nbsp;&nbsp;&nbsp;disk_initialize
</UL>

<P><STRONG><a name="[171]"></a>f_gets</STRONG> (Thumb, 86 bytes, Stack size 40 bytes, ff.o(.text), UNUSED)
<BR><BR>[Calls]<UL><LI><a href="#[15e]">&gt;&gt;</a>&nbsp;&nbsp;&nbsp;f_read
</UL>

<P><STRONG><a name="[173]"></a>f_putc</STRONG> (Thumb, 64 bytes, Stack size 96 bytes, ff.o(.text), UNUSED)
<BR><BR>[Calls]<UL><LI><a href="#[160]">&gt;&gt;</a>&nbsp;&nbsp;&nbsp;f_write
<LI><a href="#[172]">&gt;&gt;</a>&nbsp;&nbsp;&nbsp;putc_bfd
</UL>

<P><STRONG><a name="[174]"></a>f_puts</STRONG> (Thumb, 74 bytes, Stack size 96 bytes, ff.o(.text), UNUSED)
<BR><BR>[Calls]<UL><LI><a href="#[160]">&gt;&gt;</a>&nbsp;&nbsp;&nbsp;f_write
<LI><a href="#[172]">&gt;&gt;</a>&nbsp;&nbsp;&nbsp;putc_bfd
</UL>

<P><STRONG><a name="[175]"></a>f_printf</STRONG> (Thumb, 628 bytes, Stack size 160 bytes, ff.o(.text), UNUSED)
<BR><BR>[Calls]<UL><LI><a href="#[160]">&gt;&gt;</a>&nbsp;&nbsp;&nbsp;f_write
<LI><a href="#[172]">&gt;&gt;</a>&nbsp;&nbsp;&nbsp;putc_bfd
</UL>

<P><STRONG><a name="[1af]"></a>FATFS_LinkDriver</STRONG> (Thumb, 70 bytes, Stack size 16 bytes, ff_gen_drv.o(.text))
<BR><BR>[Stack]<UL><LI>Max Depth = 16<LI>Call Chain = FATFS_LinkDriver
</UL>
<BR>[Called By]<UL><LI><a href="#[1a9]">&gt;&gt;</a>&nbsp;&nbsp;&nbsp;StorageConnect
</UL>

<P><STRONG><a name="[1b0]"></a>FATFS_UnLinkDriver</STRONG> (Thumb, 54 bytes, Stack size 16 bytes, ff_gen_drv.o(.text))
<BR><BR>[Stack]<UL><LI>Max Depth = 16<LI>Call Chain = FATFS_UnLinkDriver
</UL>
<BR>[Called By]<UL><LI><a href="#[1ac]">&gt;&gt;</a>&nbsp;&nbsp;&nbsp;StorageDisconnect
</UL>

<P><STRONG><a name="[3d6]"></a>FATFS_GetAttachedDriversNbr</STRONG> (Thumb, 6 bytes, Stack size 0 bytes, ff_gen_drv.o(.text), UNUSED)

<P><STRONG><a name="[dc]"></a>SD_initialize</STRONG> (Thumb, 32 bytes, Stack size 8 bytes, sd_diskio.o(.text))
<BR><BR>[Stack]<UL><LI>Max Depth = 196<LI>Call Chain = SD_initialize &rArr; BSP_SD_Init &rArr; SD_GoIdleState &rArr; SD_SendCmd &rArr; SD_IO_WriteCmd &rArr; SD_IO_WaitResponse &rArr; SD_IO_ReadByte &rArr; SPIx_Read &rArr; SPIx_Error &rArr; SPIx_Init &rArr; SPIx_MspInit &rArr; HAL_GPIO_Init
</UL>
<BR>[Calls]<UL><LI><a href="#[176]">&gt;&gt;</a>&nbsp;&nbsp;&nbsp;BSP_SD_Init
</UL>
<BR>[Address Reference Count : 1]<UL><LI> sd_diskio.o(.data)
</UL>
<P><STRONG><a name="[dd]"></a>SD_status</STRONG> (Thumb, 32 bytes, Stack size 8 bytes, sd_diskio.o(.text))
<BR><BR>[Stack]<UL><LI>Max Depth = 188<LI>Call Chain = SD_status &rArr; BSP_SD_GetStatus &rArr; SD_SendCmd &rArr; SD_IO_WriteCmd &rArr; SD_IO_WaitResponse &rArr; SD_IO_ReadByte &rArr; SPIx_Read &rArr; SPIx_Error &rArr; SPIx_Init &rArr; SPIx_MspInit &rArr; HAL_GPIO_Init
</UL>
<BR>[Calls]<UL><LI><a href="#[177]">&gt;&gt;</a>&nbsp;&nbsp;&nbsp;BSP_SD_GetStatus
</UL>
<BR>[Address Reference Count : 1]<UL><LI> sd_diskio.o(.data)
</UL>
<P><STRONG><a name="[de]"></a>SD_read</STRONG> (Thumb, 36 bytes, Stack size 24 bytes, sd_diskio.o(.text))
<BR><BR>[Stack]<UL><LI>Max Depth = 212<LI>Call Chain = SD_read &rArr; BSP_SD_ReadBlocks &rArr; SD_IO_WriteCmd &rArr; SD_IO_WaitResponse &rArr; SD_IO_ReadByte &rArr; SPIx_Read &rArr; SPIx_Error &rArr; SPIx_Init &rArr; SPIx_MspInit &rArr; HAL_GPIO_Init
</UL>
<BR>[Calls]<UL><LI><a href="#[178]">&gt;&gt;</a>&nbsp;&nbsp;&nbsp;BSP_SD_ReadBlocks
</UL>
<BR>[Address Reference Count : 1]<UL><LI> sd_diskio.o(.data)
</UL>
<P><STRONG><a name="[df]"></a>SD_write</STRONG> (Thumb, 36 bytes, Stack size 24 bytes, sd_diskio.o(.text))
<BR><BR>[Stack]<UL><LI>Max Depth = 212<LI>Call Chain = SD_write &rArr; BSP_SD_WriteBlocks &rArr; SD_IO_WriteCmd &rArr; SD_IO_WaitResponse &rArr; SD_IO_ReadByte &rArr; SPIx_Read &rArr; SPIx_Error &rArr; SPIx_Init &rArr; SPIx_MspInit &rArr; HAL_GPIO_Init
</UL>
<BR>[Calls]<UL><LI><a href="#[179]">&gt;&gt;</a>&nbsp;&nbsp;&nbsp;BSP_SD_WriteBlocks
</UL>
<BR>[Address Reference Count : 1]<UL><LI> sd_diskio.o(.data)
</UL>
<P><STRONG><a name="[e0]"></a>SD_ioctl</STRONG> (Thumb, 90 bytes, Stack size 96 bytes, sd_diskio.o(.text))
<BR><BR>[Stack]<UL><LI>Max Depth = 292<LI>Call Chain = SD_ioctl &rArr; BSP_SD_GetCardInfo &rArr; SD_GetCSDRegister &rArr; SD_IO_WriteCmd &rArr; SD_IO_WaitResponse &rArr; SD_IO_ReadByte &rArr; SPIx_Read &rArr; SPIx_Error &rArr; SPIx_Init &rArr; SPIx_MspInit &rArr; HAL_GPIO_Init
</UL>
<BR>[Calls]<UL><LI><a href="#[17a]">&gt;&gt;</a>&nbsp;&nbsp;&nbsp;BSP_SD_GetCardInfo
</UL>
<BR>[Address Reference Count : 1]<UL><LI> sd_diskio.o(.data)
</UL>
<P><STRONG><a name="[17b]"></a>BSP_SD_MountCardDetect</STRONG> (Thumb, 60 bytes, Stack size 8 bytes, stm32_bsp_sd.o(.text))
<BR><BR>[Stack]<UL><LI>Max Depth = 200<LI>Call Chain = BSP_SD_MountCardDetect &rArr; f_mount &rArr; find_volume &rArr; check_fs &rArr; move_window &rArr; sync_window &rArr; disk_write
</UL>
<BR>[Calls]<UL><LI><a href="#[17c]">&gt;&gt;</a>&nbsp;&nbsp;&nbsp;HAL_GPIO_ReadPin
<LI><a href="#[157]">&gt;&gt;</a>&nbsp;&nbsp;&nbsp;f_mount
</UL>
<BR>[Called By]<UL><LI><a href="#[1b7]">&gt;&gt;</a>&nbsp;&nbsp;&nbsp;HAL_GPIO_EXTI_Callback
<LI><a href="#[1a9]">&gt;&gt;</a>&nbsp;&nbsp;&nbsp;StorageConnect
</UL>

<P><STRONG><a name="[176]"></a>BSP_SD_Init</STRONG> (Thumb, 34 bytes, Stack size 8 bytes, stm32_bsp_sd.o(.text))
<BR><BR>[Stack]<UL><LI>Max Depth = 188<LI>Call Chain = BSP_SD_Init &rArr; SD_GoIdleState &rArr; SD_SendCmd &rArr; SD_IO_WriteCmd &rArr; SD_IO_WaitResponse &rArr; SD_IO_ReadByte &rArr; SPIx_Read &rArr; SPIx_Error &rArr; SPIx_Init &rArr; SPIx_MspInit &rArr; HAL_GPIO_Init
</UL>
<BR>[Calls]<UL><LI><a href="#[181]">&gt;&gt;</a>&nbsp;&nbsp;&nbsp;SD_IO_Init
<LI><a href="#[180]">&gt;&gt;</a>&nbsp;&nbsp;&nbsp;SD_GoIdleState
</UL>
<BR>[Called By]<UL><LI><a href="#[dc]">&gt;&gt;</a>&nbsp;&nbsp;&nbsp;SD_initialize
</UL>

<P><STRONG><a name="[17a]"></a>BSP_SD_GetCardInfo</STRONG> (Thumb, 94 bytes, Stack size 16 bytes, stm32_bsp_sd.o(.text))
<BR><BR>[Stack]<UL><LI>Max Depth = 196<LI>Call Chain = BSP_SD_GetCardInfo &rArr; SD_GetCSDRegister &rArr; SD_IO_WriteCmd &rArr; SD_IO_WaitResponse &rArr; SD_IO_ReadByte &rArr; SPIx_Read &rArr; SPIx_Error &rArr; SPIx_Init &rArr; SPIx_MspInit &rArr; HAL_GPIO_Init
</UL>
<BR>[Calls]<UL><LI><a href="#[186]">&gt;&gt;</a>&nbsp;&nbsp;&nbsp;SD_GetCSDRegister
<LI><a href="#[182]">&gt;&gt;</a>&nbsp;&nbsp;&nbsp;SD_GetCIDRegister
</UL>
<BR>[Called By]<UL><LI><a href="#[e0]">&gt;&gt;</a>&nbsp;&nbsp;&nbsp;SD_ioctl
<LI><a href="#[1aa]">&gt;&gt;</a>&nbsp;&nbsp;&nbsp;StorageGetInfo
</UL>

<P><STRONG><a name="[178]"></a>BSP_SD_ReadBlocks</STRONG> (Thumb, 152 bytes, Stack size 40 bytes, stm32_bsp_sd.o(.text))
<BR><BR>[Stack]<UL><LI>Max Depth = 188<LI>Call Chain = BSP_SD_ReadBlocks &rArr; SD_IO_WriteCmd &rArr; SD_IO_WaitResponse &rArr; SD_IO_ReadByte &rArr; SPIx_Read &rArr; SPIx_Error &rArr; SPIx_Init &rArr; SPIx_MspInit &rArr; HAL_GPIO_Init
</UL>
<BR>[Calls]<UL><LI><a href="#[185]">&gt;&gt;</a>&nbsp;&nbsp;&nbsp;SD_IO_WriteDummy
<LI><a href="#[17e]">&gt;&gt;</a>&nbsp;&nbsp;&nbsp;SD_IO_WriteCmd
<LI><a href="#[17f]">&gt;&gt;</a>&nbsp;&nbsp;&nbsp;SD_IO_WriteByte
<LI><a href="#[183]">&gt;&gt;</a>&nbsp;&nbsp;&nbsp;SD_IO_WaitResponse
<LI><a href="#[184]">&gt;&gt;</a>&nbsp;&nbsp;&nbsp;SD_IO_ReadByte
</UL>
<BR>[Called By]<UL><LI><a href="#[de]">&gt;&gt;</a>&nbsp;&nbsp;&nbsp;SD_read
</UL>

<P><STRONG><a name="[179]"></a>BSP_SD_WriteBlocks</STRONG> (Thumb, 140 bytes, Stack size 40 bytes, stm32_bsp_sd.o(.text))
<BR><BR>[Stack]<UL><LI>Max Depth = 188<LI>Call Chain = BSP_SD_WriteBlocks &rArr; SD_IO_WriteCmd &rArr; SD_IO_WaitResponse &rArr; SD_IO_ReadByte &rArr; SPIx_Read &rArr; SPIx_Error &rArr; SPIx_Init &rArr; SPIx_MspInit &rArr; HAL_GPIO_Init
</UL>
<BR>[Calls]<UL><LI><a href="#[185]">&gt;&gt;</a>&nbsp;&nbsp;&nbsp;SD_IO_WriteDummy
<LI><a href="#[17e]">&gt;&gt;</a>&nbsp;&nbsp;&nbsp;SD_IO_WriteCmd
<LI><a href="#[17f]">&gt;&gt;</a>&nbsp;&nbsp;&nbsp;SD_IO_WriteByte
<LI><a href="#[184]">&gt;&gt;</a>&nbsp;&nbsp;&nbsp;SD_IO_ReadByte
<LI><a href="#[187]">&gt;&gt;</a>&nbsp;&nbsp;&nbsp;SD_GetDataResponse
</UL>
<BR>[Called By]<UL><LI><a href="#[df]">&gt;&gt;</a>&nbsp;&nbsp;&nbsp;SD_write
</UL>

<P><STRONG><a name="[177]"></a>BSP_SD_GetStatus</STRONG> (Thumb, 44 bytes, Stack size 8 bytes, stm32_bsp_sd.o(.text))
<BR><BR>[Stack]<UL><LI>Max Depth = 180<LI>Call Chain = BSP_SD_GetStatus &rArr; SD_SendCmd &rArr; SD_IO_WriteCmd &rArr; SD_IO_WaitResponse &rArr; SD_IO_ReadByte &rArr; SPIx_Read &rArr; SPIx_Error &rArr; SPIx_Init &rArr; SPIx_MspInit &rArr; HAL_GPIO_Init
</UL>
<BR>[Calls]<UL><LI><a href="#[185]">&gt;&gt;</a>&nbsp;&nbsp;&nbsp;SD_IO_WriteDummy
<LI><a href="#[184]">&gt;&gt;</a>&nbsp;&nbsp;&nbsp;SD_IO_ReadByte
<LI><a href="#[17d]">&gt;&gt;</a>&nbsp;&nbsp;&nbsp;SD_SendCmd
</UL>
<BR>[Called By]<UL><LI><a href="#[dd]">&gt;&gt;</a>&nbsp;&nbsp;&nbsp;SD_status
</UL>

<P><STRONG><a name="[188]"></a>BSP_SD_Erase</STRONG> (Thumb, 68 bytes, Stack size 16 bytes, stm32_bsp_sd.o(.text), UNUSED)
<BR><BR>[Calls]<UL><LI><a href="#[183]">&gt;&gt;</a>&nbsp;&nbsp;&nbsp;SD_IO_WaitResponse
<LI><a href="#[17d]">&gt;&gt;</a>&nbsp;&nbsp;&nbsp;SD_SendCmd
</UL>

<P><STRONG><a name="[3d7]"></a>BSP_GetVersion</STRONG> (Thumb, 4 bytes, Stack size 0 bytes, stm32f4xx_sd_io.o(.text), UNUSED)

<P><STRONG><a name="[17f]"></a>SD_IO_WriteByte</STRONG> (Thumb, 12 bytes, Stack size 8 bytes, stm32f4xx_sd_io.o(.text))
<BR><BR>[Stack]<UL><LI>Max Depth = 92<LI>Call Chain = SD_IO_WriteByte &rArr; SPIx_Write &rArr; SPIx_Error &rArr; SPIx_Init &rArr; SPIx_MspInit &rArr; HAL_GPIO_Init
</UL>
<BR>[Calls]<UL><LI><a href="#[192]">&gt;&gt;</a>&nbsp;&nbsp;&nbsp;SPIx_Write
</UL>
<BR>[Called By]<UL><LI><a href="#[185]">&gt;&gt;</a>&nbsp;&nbsp;&nbsp;SD_IO_WriteDummy
<LI><a href="#[17e]">&gt;&gt;</a>&nbsp;&nbsp;&nbsp;SD_IO_WriteCmd
<LI><a href="#[181]">&gt;&gt;</a>&nbsp;&nbsp;&nbsp;SD_IO_Init
<LI><a href="#[186]">&gt;&gt;</a>&nbsp;&nbsp;&nbsp;SD_GetCSDRegister
<LI><a href="#[182]">&gt;&gt;</a>&nbsp;&nbsp;&nbsp;SD_GetCIDRegister
<LI><a href="#[17d]">&gt;&gt;</a>&nbsp;&nbsp;&nbsp;SD_SendCmd
<LI><a href="#[179]">&gt;&gt;</a>&nbsp;&nbsp;&nbsp;BSP_SD_WriteBlocks
<LI><a href="#[178]">&gt;&gt;</a>&nbsp;&nbsp;&nbsp;BSP_SD_ReadBlocks
</UL>

<P><STRONG><a name="[181]"></a>SD_IO_Init</STRONG> (Thumb, 76 bytes, Stack size 32 bytes, stm32f4xx_sd_io.o(.text))
<BR><BR>[Stack]<UL><LI>Max Depth = 124<LI>Call Chain = SD_IO_Init &rArr; SD_IO_WriteByte &rArr; SPIx_Write &rArr; SPIx_Error &rArr; SPIx_Init &rArr; SPIx_MspInit &rArr; HAL_GPIO_Init
</UL>
<BR>[Calls]<UL><LI><a href="#[194]">&gt;&gt;</a>&nbsp;&nbsp;&nbsp;HAL_GPIO_WritePin
<LI><a href="#[18a]">&gt;&gt;</a>&nbsp;&nbsp;&nbsp;HAL_GPIO_Init
<LI><a href="#[18b]">&gt;&gt;</a>&nbsp;&nbsp;&nbsp;SPIx_Init
<LI><a href="#[17f]">&gt;&gt;</a>&nbsp;&nbsp;&nbsp;SD_IO_WriteByte
</UL>
<BR>[Called By]<UL><LI><a href="#[176]">&gt;&gt;</a>&nbsp;&nbsp;&nbsp;BSP_SD_Init
</UL>

<P><STRONG><a name="[184]"></a>SD_IO_ReadByte</STRONG> (Thumb, 14 bytes, Stack size 8 bytes, stm32f4xx_sd_io.o(.text))
<BR><BR>[Stack]<UL><LI>Max Depth = 100<LI>Call Chain = SD_IO_ReadByte &rArr; SPIx_Read &rArr; SPIx_Error &rArr; SPIx_Init &rArr; SPIx_MspInit &rArr; HAL_GPIO_Init
</UL>
<BR>[Calls]<UL><LI><a href="#[190]">&gt;&gt;</a>&nbsp;&nbsp;&nbsp;SPIx_Read
</UL>
<BR>[Called By]<UL><LI><a href="#[183]">&gt;&gt;</a>&nbsp;&nbsp;&nbsp;SD_IO_WaitResponse
<LI><a href="#[187]">&gt;&gt;</a>&nbsp;&nbsp;&nbsp;SD_GetDataResponse
<LI><a href="#[186]">&gt;&gt;</a>&nbsp;&nbsp;&nbsp;SD_GetCSDRegister
<LI><a href="#[182]">&gt;&gt;</a>&nbsp;&nbsp;&nbsp;SD_GetCIDRegister
<LI><a href="#[179]">&gt;&gt;</a>&nbsp;&nbsp;&nbsp;BSP_SD_WriteBlocks
<LI><a href="#[178]">&gt;&gt;</a>&nbsp;&nbsp;&nbsp;BSP_SD_ReadBlocks
<LI><a href="#[177]">&gt;&gt;</a>&nbsp;&nbsp;&nbsp;BSP_SD_GetStatus
</UL>

<P><STRONG><a name="[183]"></a>SD_IO_WaitResponse</STRONG> (Thumb, 34 bytes, Stack size 16 bytes, stm32f4xx_sd_io.o(.text))
<BR><BR>[Stack]<UL><LI>Max Depth = 116<LI>Call Chain = SD_IO_WaitResponse &rArr; SD_IO_ReadByte &rArr; SPIx_Read &rArr; SPIx_Error &rArr; SPIx_Init &rArr; SPIx_MspInit &rArr; HAL_GPIO_Init
</UL>
<BR>[Calls]<UL><LI><a href="#[184]">&gt;&gt;</a>&nbsp;&nbsp;&nbsp;SD_IO_ReadByte
</UL>
<BR>[Called By]<UL><LI><a href="#[17e]">&gt;&gt;</a>&nbsp;&nbsp;&nbsp;SD_IO_WriteCmd
<LI><a href="#[188]">&gt;&gt;</a>&nbsp;&nbsp;&nbsp;BSP_SD_Erase
<LI><a href="#[186]">&gt;&gt;</a>&nbsp;&nbsp;&nbsp;SD_GetCSDRegister
<LI><a href="#[182]">&gt;&gt;</a>&nbsp;&nbsp;&nbsp;SD_GetCIDRegister
<LI><a href="#[178]">&gt;&gt;</a>&nbsp;&nbsp;&nbsp;BSP_SD_ReadBlocks
</UL>

<P><STRONG><a name="[17e]"></a>SD_IO_WriteCmd</STRONG> (Thumb, 98 bytes, Stack size 32 bytes, stm32f4xx_sd_io.o(.text))
[...]
<LI><a href="#[343]">&gt;&gt;</a>&nbsp;&nbsp;&nbsp;short_ent_hash
<LI><a href="#[35f]">&gt;&gt;</a>&nbsp;&nbsp;&nbsp;name_strip
<LI><a href="#[360]">&gt;&gt;</a>&nbsp;&nbsp;&nbsp;name_nt_gen
<LI><a href="#[345]">&gt;&gt;</a>&nbsp;&nbsp;&nbsp;name_hash
<LI><a href="#[35c]">&gt;&gt;</a>&nbsp;&nbsp;&nbsp;name_basis_gen
<LI><a href="#[35a]">&gt;&gt;</a>&nbsp;&nbsp;&nbsp;name_analyse
<LI><a href="#[344]">&gt;&gt;</a>&nbsp;&nbsp;&nbsp;frec_find_elink
<LI><a href="#[33f]">&gt;&gt;</a>&nbsp;&nbsp;&nbsp;frec_find
<LI><a href="#[33c]">&gt;&gt;</a>&nbsp;&nbsp;&nbsp;frec_allocate
<LI><a href="#[31e]">&gt;&gt;</a>&nbsp;&nbsp;&nbsp;create_sfn_entry
<LI><a href="#[31c]">&gt;&gt;</a>&nbsp;&nbsp;&nbsp;create_lfn_entry
<LI><a href="#[316]">&gt;&gt;</a>&nbsp;&nbsp;&nbsp;create_dot_entries
<LI><a href="#[313]">&gt;&gt;</a>&nbsp;&nbsp;&nbsp;clear_clus
<LI><a href="#[308]">&gt;&gt;</a>&nbsp;&nbsp;&nbsp;alloc_clus
<LI><a href="#[1a2]">&gt;&gt;</a>&nbsp;&nbsp;&nbsp;__aeabi_memcpy4
<LI><a href="#[245]">&gt;&gt;</a>&nbsp;&nbsp;&nbsp;__aeabi_memcpy
<LI><a href="#[2c3]">&gt;&gt;</a>&nbsp;&nbsp;&nbsp;strlen
</UL>
<BR>[Called By]<UL><LI><a href="#[2fb]">&gt;&gt;</a>&nbsp;&nbsp;&nbsp;fat_open
</UL>

<P><STRONG><a name="[331]"></a>path_init</STRONG> (Thumb, 52 bytes, Stack size 24 bytes, fs_fat.o(i.path_init))
<BR><BR>[Stack]<UL><LI>Max Depth = 24<LI>Call Chain = path_init
</UL>
<BR>[Calls]<UL><LI><a href="#[361]">&gt;&gt;</a>&nbsp;&nbsp;&nbsp;elink_init_path
<LI><a href="#[362]">&gt;&gt;</a>&nbsp;&nbsp;&nbsp;get_root_clus
</UL>
<BR>[Called By]<UL><LI><a href="#[2fb]">&gt;&gt;</a>&nbsp;&nbsp;&nbsp;fat_open
<LI><a href="#[304]">&gt;&gt;</a>&nbsp;&nbsp;&nbsp;fat_delete
</UL>

<P><STRONG><a name="[332]"></a>path_open</STRONG> (Thumb, 166 bytes, Stack size 24 bytes, fs_fat.o(i.path_open))
<BR><BR>[Stack]<UL><LI>Max Depth = 280<LI>Call Chain = path_open &rArr; frec_find &rArr; entry_pos_inc &rArr; alloc_table_read &rArr; cache_fat &rArr; fsj_write &rArr; SetBuf
</UL>
<BR>[Calls]<UL><LI><a href="#[324]">&gt;&gt;</a>&nbsp;&nbsp;&nbsp;elink_cmd
<LI><a href="#[35f]">&gt;&gt;</a>&nbsp;&nbsp;&nbsp;name_strip
<LI><a href="#[35a]">&gt;&gt;</a>&nbsp;&nbsp;&nbsp;name_analyse
<LI><a href="#[30e]">&gt;&gt;</a>&nbsp;&nbsp;&nbsp;get_u16
<LI><a href="#[344]">&gt;&gt;</a>&nbsp;&nbsp;&nbsp;frec_find_elink
<LI><a href="#[33f]">&gt;&gt;</a>&nbsp;&nbsp;&nbsp;frec_find
</UL>
<BR>[Called By]<UL><LI><a href="#[2fb]">&gt;&gt;</a>&nbsp;&nbsp;&nbsp;fat_open
<LI><a href="#[304]">&gt;&gt;</a>&nbsp;&nbsp;&nbsp;fat_delete
</UL>

<P><STRONG><a name="[339]"></a>read_cache</STRONG> (Thumb, 122 bytes, Stack size 16 bytes, fs_fat.o(i.read_cache), UNUSED)
<BR><BR>[Calls]<UL><LI><a href="#[32c]">&gt;&gt;</a>&nbsp;&nbsp;&nbsp;read_sector
<LI><a href="#[245]">&gt;&gt;</a>&nbsp;&nbsp;&nbsp;__aeabi_memcpy
</UL>
<BR>[Called By]<UL><LI><a href="#[2fe]">&gt;&gt;</a>&nbsp;&nbsp;&nbsp;fat_read
</UL>

<P><STRONG><a name="[32c]"></a>read_sector</STRONG> (Thumb, 82 bytes, Stack size 16 bytes, fs_fat.o(i.read_sector))
<BR><BR>[Stack]<UL><LI>Max Depth = 16<LI>Call Chain = read_sector
</UL>
<BR>[Calls]<UL><LI><a href="#[245]">&gt;&gt;</a>&nbsp;&nbsp;&nbsp;__aeabi_memcpy
</UL>
<BR>[Called By]<UL><LI><a href="#[339]">&gt;&gt;</a>&nbsp;&nbsp;&nbsp;read_cache
<LI><a href="#[317]">&gt;&gt;</a>&nbsp;&nbsp;&nbsp;entry_read
<LI><a href="#[302]">&gt;&gt;</a>&nbsp;&nbsp;&nbsp;fat_write
<LI><a href="#[300]">&gt;&gt;</a>&nbsp;&nbsp;&nbsp;fat_seek
</UL>

<P><STRONG><a name="[310]"></a>set_u16</STRONG> (Thumb, 8 bytes, Stack size 0 bytes, fs_fat.o(i.set_u16))
<BR><BR>[Called By]<UL><LI><a href="#[32e]">&gt;&gt;</a>&nbsp;&nbsp;&nbsp;fsinfo_write
<LI><a href="#[31e]">&gt;&gt;</a>&nbsp;&nbsp;&nbsp;create_sfn_entry
<LI><a href="#[316]">&gt;&gt;</a>&nbsp;&nbsp;&nbsp;create_dot_entries
<LI><a href="#[30b]">&gt;&gt;</a>&nbsp;&nbsp;&nbsp;alloc_table_write
<LI><a href="#[2fb]">&gt;&gt;</a>&nbsp;&nbsp;&nbsp;fat_open
<LI><a href="#[2f4]">&gt;&gt;</a>&nbsp;&nbsp;&nbsp;fat_close
</UL>

<P><STRONG><a name="[311]"></a>set_u32</STRONG> (Thumb, 16 bytes, Stack size 0 bytes, fs_fat.o(i.set_u32))
<BR><BR>[Called By]<UL><LI><a href="#[32e]">&gt;&gt;</a>&nbsp;&nbsp;&nbsp;fsinfo_write
<LI><a href="#[30b]">&gt;&gt;</a>&nbsp;&nbsp;&nbsp;alloc_table_write
<LI><a href="#[2f4]">&gt;&gt;</a>&nbsp;&nbsp;&nbsp;fat_close
</UL>

<P><STRONG><a name="[342]"></a>sfn_extract</STRONG> (Thumb, 72 bytes, Stack size 8 bytes, fs_fat.o(i.sfn_extract))
<BR><BR>[Stack]<UL><LI>Max Depth = 8<LI>Call Chain = sfn_extract
</UL>
<BR>[Called By]<UL><LI><a href="#[343]">&gt;&gt;</a>&nbsp;&nbsp;&nbsp;short_ent_hash
<LI><a href="#[333]">&gt;&gt;</a>&nbsp;&nbsp;&nbsp;frec_next
<LI><a href="#[33f]">&gt;&gt;</a>&nbsp;&nbsp;&nbsp;frec_find
</UL>

<P><STRONG><a name="[343]"></a>short_ent_hash</STRONG> (Thumb, 26 bytes, Stack size 24 bytes, fs_fat.o(i.short_ent_hash))
<BR><BR>[Stack]<UL><LI>Max Depth = 36<LI>Call Chain = short_ent_hash &rArr; fat_crc32
</UL>
<BR>[Calls]<UL><LI><a href="#[342]">&gt;&gt;</a>&nbsp;&nbsp;&nbsp;sfn_extract
<LI><a href="#[34c]">&gt;&gt;</a>&nbsp;&nbsp;&nbsp;fat_crc32
</UL>
<BR>[Called By]<UL><LI><a href="#[338]">&gt;&gt;</a>&nbsp;&nbsp;&nbsp;path_create
<LI><a href="#[333]">&gt;&gt;</a>&nbsp;&nbsp;&nbsp;frec_next
<LI><a href="#[33f]">&gt;&gt;</a>&nbsp;&nbsp;&nbsp;frec_find
</UL>

<P><STRONG><a name="[341]"></a>sn_chksum</STRONG> (Thumb, 30 bytes, Stack size 0 bytes, fs_fat.o(i.sn_chksum))
<BR><BR>[Called By]<UL><LI><a href="#[338]">&gt;&gt;</a>&nbsp;&nbsp;&nbsp;path_create
<LI><a href="#[333]">&gt;&gt;</a>&nbsp;&nbsp;&nbsp;frec_next
<LI><a href="#[33f]">&gt;&gt;</a>&nbsp;&nbsp;&nbsp;frec_find
</UL>

<P><STRONG><a name="[334]"></a>unlink_clus</STRONG> (Thumb, 84 bytes, Stack size 24 bytes, fs_fat.o(i.unlink_clus))
<BR><BR>[Stack]<UL><LI>Max Depth = 136<LI>Call Chain = unlink_clus &rArr; alloc_table_write &rArr; cache_fat &rArr; fsj_write &rArr; SetBuf
</UL>
<BR>[Calls]<UL><LI><a href="#[30a]">&gt;&gt;</a>&nbsp;&nbsp;&nbsp;get_EOC
<LI><a href="#[30b]">&gt;&gt;</a>&nbsp;&nbsp;&nbsp;alloc_table_write
<LI><a href="#[309]">&gt;&gt;</a>&nbsp;&nbsp;&nbsp;alloc_table_read
</UL>
<BR>[Called By]<UL><LI><a href="#[2fb]">&gt;&gt;</a>&nbsp;&nbsp;&nbsp;fat_open
<LI><a href="#[304]">&gt;&gt;</a>&nbsp;&nbsp;&nbsp;fat_delete
</UL>

<P><STRONG><a name="[315]"></a>write_cache</STRONG> (Thumb, 174 bytes, Stack size 24 bytes, fs_fat.o(i.write_cache))
<BR><BR>[Stack]<UL><LI>Max Depth = 104<LI>Call Chain = write_cache &rArr; write_sector &rArr; fsj_write &rArr; SetBuf
</UL>
<BR>[Calls]<UL><LI><a href="#[32b]">&gt;&gt;</a>&nbsp;&nbsp;&nbsp;write_sector
<LI><a href="#[245]">&gt;&gt;</a>&nbsp;&nbsp;&nbsp;__aeabi_memcpy
</UL>
<BR>[Called By]<UL><LI><a href="#[32e]">&gt;&gt;</a>&nbsp;&nbsp;&nbsp;fsinfo_write
<LI><a href="#[313]">&gt;&gt;</a>&nbsp;&nbsp;&nbsp;clear_clus
<LI><a href="#[302]">&gt;&gt;</a>&nbsp;&nbsp;&nbsp;fat_write
<LI><a href="#[300]">&gt;&gt;</a>&nbsp;&nbsp;&nbsp;fat_seek
<LI><a href="#[2f4]">&gt;&gt;</a>&nbsp;&nbsp;&nbsp;fat_close
<LI><a href="#[304]">&gt;&gt;</a>&nbsp;&nbsp;&nbsp;fat_delete
</UL>

<P><STRONG><a name="[32b]"></a>write_sector</STRONG> (Thumb, 48 bytes, Stack size 16 bytes, fs_fat.o(i.write_sector))
<BR><BR>[Stack]<UL><LI>Max Depth = 80<LI>Call Chain = write_sector &rArr; fsj_write &rArr; SetBuf
</UL>
<BR>[Calls]<UL><LI><a href="#[312]">&gt;&gt;</a>&nbsp;&nbsp;&nbsp;fsj_write
</UL>
<BR>[Called By]<UL><LI><a href="#[315]">&gt;&gt;</a>&nbsp;&nbsp;&nbsp;write_cache
<LI><a href="#[31b]">&gt;&gt;</a>&nbsp;&nbsp;&nbsp;entry_flush
</UL>

<P><STRONG><a name="[321]"></a>delete_list_add</STRONG> (Thumb, 44 bytes, Stack size 20 bytes, fs_fat_elink.o(i.delete_list_add))
<BR><BR>[Stack]<UL><LI>Max Depth = 20<LI>Call Chain = delete_list_add
</UL>
<BR>[Called By]<UL><LI><a href="#[31f]">&gt;&gt;</a>&nbsp;&nbsp;&nbsp;delete_list_update
<LI><a href="#[326]">&gt;&gt;</a>&nbsp;&nbsp;&nbsp;elink_insert
</UL>

<P><STRONG><a name="[320]"></a>delete_list_discon</STRONG> (Thumb, 70 bytes, Stack size 16 bytes, fs_fat_elink.o(i.delete_list_discon))
<BR><BR>[Stack]<UL><LI>Max Depth = 16<LI>Call Chain = delete_list_discon
</UL>
<BR>[Called By]<UL><LI><a href="#[322]">&gt;&gt;</a>&nbsp;&nbsp;&nbsp;elink_alloc
<LI><a href="#[31f]">&gt;&gt;</a>&nbsp;&nbsp;&nbsp;delete_list_update
<LI><a href="#[325]">&gt;&gt;</a>&nbsp;&nbsp;&nbsp;elink_delete
</UL>

<P><STRONG><a name="[31f]"></a>delete_list_update</STRONG> (Thumb, 36 bytes, Stack size 16 bytes, fs_fat_elink.o(i.delete_list_update))
<BR><BR>[Stack]<UL><LI>Max Depth = 36<LI>Call Chain = delete_list_update &rArr; delete_list_add
</UL>
<BR>[Calls]<UL><LI><a href="#[320]">&gt;&gt;</a>&nbsp;&nbsp;&nbsp;delete_list_discon
<LI><a href="#[321]">&gt;&gt;</a>&nbsp;&nbsp;&nbsp;delete_list_add
</UL>
<BR>[Called By]<UL><LI><a href="#[322]">&gt;&gt;</a>&nbsp;&nbsp;&nbsp;elink_alloc
<LI><a href="#[32a]">&gt;&gt;</a>&nbsp;&nbsp;&nbsp;elink_scan
<LI><a href="#[326]">&gt;&gt;</a>&nbsp;&nbsp;&nbsp;elink_insert
</UL>

<P><STRONG><a name="[322]"></a>elink_alloc</STRONG> (Thumb, 156 bytes, Stack size 24 bytes, fs_fat_elink.o(i.elink_alloc))
<BR><BR>[Stack]<UL><LI>Max Depth = 60<LI>Call Chain = elink_alloc &rArr; delete_list_update &rArr; delete_list_add
</UL>
<BR>[Calls]<UL><LI><a href="#[323]">&gt;&gt;</a>&nbsp;&nbsp;&nbsp;elink_discon
<LI><a href="#[31f]">&gt;&gt;</a>&nbsp;&nbsp;&nbsp;delete_list_update
<LI><a href="#[320]">&gt;&gt;</a>&nbsp;&nbsp;&nbsp;delete_list_discon
<LI><a href="#[2af]">&gt;&gt;</a>&nbsp;&nbsp;&nbsp;__aeabi_memclr
</UL>
<BR>[Called By]<UL><LI><a href="#[324]">&gt;&gt;</a>&nbsp;&nbsp;&nbsp;elink_cmd
</UL>

<P><STRONG><a name="[329]"></a>elink_con</STRONG> (Thumb, 86 bytes, Stack size 0 bytes, fs_fat_elink.o(i.elink_con))
<BR><BR>[Called By]<UL><LI><a href="#[326]">&gt;&gt;</a>&nbsp;&nbsp;&nbsp;elink_insert
</UL>

<P><STRONG><a name="[323]"></a>elink_discon</STRONG> (Thumb, 50 bytes, Stack size 0 bytes, fs_fat_elink.o(i.elink_discon))
<BR><BR>[Called By]<UL><LI><a href="#[322]">&gt;&gt;</a>&nbsp;&nbsp;&nbsp;elink_alloc
<LI><a href="#[325]">&gt;&gt;</a>&nbsp;&nbsp;&nbsp;elink_delete
</UL>

<P><STRONG><a name="[327]"></a>elink_exist</STRONG> (Thumb, 24 bytes, Stack size 0 bytes, fs_fat_elink.o(i.elink_exist))
<BR><BR>[Called By]<UL><LI><a href="#[326]">&gt;&gt;</a>&nbsp;&nbsp;&nbsp;elink_insert
</UL>

<P><STRONG><a name="[328]"></a>elink_step_dir</STRONG> (Thumb, 28 bytes, Stack size 0 bytes, fs_fat_elink.o(i.elink_step_dir))
<BR><BR>[Called By]<UL><LI><a href="#[326]">&gt;&gt;</a>&nbsp;&nbsp;&nbsp;elink_insert
</UL>

<P><STRONG><a name="[2ae]"></a>SetBuf</STRONG> (Thumb, 106 bytes, Stack size 24 bytes, fs_journal.o(i.SetBuf))
<BR><BR>[Stack]<UL><LI>Max Depth = 24<LI>Call Chain = SetBuf
</UL>
<BR>[Calls]<UL><LI><a href="#[2af]">&gt;&gt;</a>&nbsp;&nbsp;&nbsp;__aeabi_memclr
<LI><a href="#[2b0]">&gt;&gt;</a>&nbsp;&nbsp;&nbsp;set_u32
</UL>
<BR>[Called By]<UL><LI><a href="#[312]">&gt;&gt;</a>&nbsp;&nbsp;&nbsp;fsj_write
</UL>

<P><STRONG><a name="[2b0]"></a>set_u32</STRONG> (Thumb, 16 bytes, Stack size 0 bytes, fs_journal.o(i.set_u32))
<BR><BR>[Called By]<UL><LI><a href="#[2ae]">&gt;&gt;</a>&nbsp;&nbsp;&nbsp;SetBuf
</UL>

<P><STRONG><a name="[2b6]"></a>[local to rwstdexcept_cpp]::__rw::__rw_vfmatstr(char*, unsigned, const char*, std::__va_list)</STRONG> (Thumb, 88 bytes, Stack size 24 bytes, rwstdexcept.o(i._ZN37_INTERNAL_15_rwstdexcept_cpp_8697b68a4__rw13__rw_vfmatstrEPcjPKcSt9__va_list))
<BR><BR>[Stack]<UL><LI>Max Depth = 152 + Unknown Stack Size
<LI>Call Chain = [local to rwstdexcept_cpp]::__rw::__rw_vfmatstr(char*, unsigned, const char*, std::__va_list) &rArr; vsnprintf &rArr; _printf_char_common &rArr; __printf
</UL>
<BR>[Calls]<UL><LI><a href="#[2b7]">&gt;&gt;</a>&nbsp;&nbsp;&nbsp;operator new[] (unsigned)
<LI><a href="#[9a]">&gt;&gt;</a>&nbsp;&nbsp;&nbsp;operator delete[] (void*)
<LI><a href="#[24f]">&gt;&gt;</a>&nbsp;&nbsp;&nbsp;vsnprintf
</UL>
<BR>[Called By]<UL><LI><a href="#[2bf]">&gt;&gt;</a>&nbsp;&nbsp;&nbsp;std::__rw_exception::_C_vformat(int, std::__va_list)
<LI><a href="#[2b8]">&gt;&gt;</a>&nbsp;&nbsp;&nbsp;[local to rwstdexcept_cpp]::__rw::__rw_vfmatstr(char*, unsigned, int, std::__va_list)
</UL>

<P><STRONG><a name="[2b8]"></a>[local to rwstdexcept_cpp]::__rw::__rw_vfmatstr(char*, unsigned, int, std::__va_list)</STRONG> (Thumb, 296 bytes, Stack size 88 bytes, rwstdexcept.o(i._ZN37_INTERNAL_15_rwstdexcept_cpp_8697b68a4__rw13__rw_vfmatstrEPcjiSt9__va_list))
<BR><BR>[Stack]<UL><LI>Max Depth = 584 + Unknown Stack Size
<LI>Call Chain = [local to rwstdexcept_cpp]::__rw::__rw_vfmatstr(char*, unsigned, int, std::__va_list) &rArr; sscanf &rArr; __vfscanf_char &rArr; __vfscanf &rArr; _scanf_real &rArr; _scanf_really_real &rArr; _fp_value &rArr; _btod_etento &rArr; _btod_emul &rArr; _e2e
</UL>
<BR>[Calls]<UL><LI><a href="#[2bc]">&gt;&gt;</a>&nbsp;&nbsp;&nbsp;std::locale::locale()
<LI><a href="#[2b6]">&gt;&gt;</a>&nbsp;&nbsp;&nbsp;[local to rwstdexcept_cpp]::__rw::__rw_vfmatstr(char*, unsigned, const char*, std::__va_list)
<LI><a href="#[2ba]">&gt;&gt;</a>&nbsp;&nbsp;&nbsp;std::basic_string&lang;char, std::char_traits&lang;char&rang;, std::allocator&lang;char&rang;&rang;::basic_string(const char*, const std::allocator&lang;char&rang;&)
<LI><a href="#[97]">&gt;&gt;</a>&nbsp;&nbsp;&nbsp;std::locale::~locale()
<LI><a href="#[95]">&gt;&gt;</a>&nbsp;&nbsp;&nbsp;std::basic_string&lang;char, std::char_traits&lang;char&rang;, std::allocator&lang;char&rang;&rang;::~basic_string()
<LI><a href="#[2bb]">&gt;&gt;</a>&nbsp;&nbsp;&nbsp;std::basic_string&lang;char, std::char_traits&lang;char&rang;, std::allocator&lang;char&rang;&rang;::basic_string(const std::basic_string&lang;char, std::char_traits&lang;char&rang;, std::allocator&lang;char&rang;&rang;&)
<LI><a href="#[2b9]">&gt;&gt;</a>&nbsp;&nbsp;&nbsp;strrchr
<LI><a href="#[253]">&gt;&gt;</a>&nbsp;&nbsp;&nbsp;sscanf
</UL>
<BR>[Called By]<UL><LI><a href="#[2bf]">&gt;&gt;</a>&nbsp;&nbsp;&nbsp;std::__rw_exception::_C_vformat(int, std::__va_list)
</UL>

<P><STRONG><a name="[249]"></a>Heap1_SizeAdjust</STRONG> (Thumb, 8 bytes, Stack size 0 bytes, h1_alloc_mt.o(.text))
<BR><BR>[Called By]<UL><LI><a href="#[248]">&gt;&gt;</a>&nbsp;&nbsp;&nbsp;_malloc_internal
</UL>

<P><STRONG><a name="[8e]"></a>_printf_input_char</STRONG> (Thumb, 10 bytes, Stack size 0 bytes, _printf_char_common.o(.text))
<BR>[Address Reference Count : 1]<UL><LI> _printf_char_common.o(.text)
</UL>
<P><STRONG><a name="[256]"></a>_freopen_locked</STRONG> (Thumb, 174 bytes, Stack size 32 bytes, fopen_locked.o(.text))
<BR><BR>[Stack]<UL><LI>Max Depth = 552<LI>Call Chain = _freopen_locked &rArr; _sys_open &rArr; __sys_open &rArr; fat_open &rArr; path_create &rArr; frec_find &rArr; entry_pos_inc &rArr; alloc_table_read &rArr; cache_fat &rArr; fsj_write &rArr; SetBuf
</UL>
<BR>[Calls]<UL><LI><a href="#[e8]">&gt;&gt;</a>&nbsp;&nbsp;&nbsp;_mutex_release
<LI><a href="#[e7]">&gt;&gt;</a>&nbsp;&nbsp;&nbsp;_mutex_acquire
<LI><a href="#[225]">&gt;&gt;</a>&nbsp;&nbsp;&nbsp;_sys_open
<LI><a href="#[242]">&gt;&gt;</a>&nbsp;&nbsp;&nbsp;_fclose_internal
<LI><a href="#[257]">&gt;&gt;</a>&nbsp;&nbsp;&nbsp;_fseek
</UL>
<BR>[Called By]<UL><LI><a href="#[258]">&gt;&gt;</a>&nbsp;&nbsp;&nbsp;_fopen$locked
<LI><a href="#[23f]">&gt;&gt;</a>&nbsp;&nbsp;&nbsp;freopen
</UL>

<P><STRONG><a name="[d9]"></a>__sti___8_char_cpp_a3dc957a</STRONG> (Thumb, 12 bytes, Stack size 0 bytes, char.o(i.__sti___8_char_cpp_a3dc957a))
<BR>[Address Reference Count : 1]<UL><LI> char.o(.init_array)
</UL>
<P><STRONG><a name="[96]"></a>&lang;Func5&rang;</STRONG> (Thumb, 20 bytes, Stack size 16 bytes, locale.o(i.<Func5>))
<BR><BR>[Stack]<UL><LI>Max Depth = 24<LI>Call Chain = &lang;Func5&rang; &rArr; std::basic_string&lang;char, std::char_traits&lang;char&rang;, std::allocator&lang;char&rang;&rang;::basic_string(const std::allocator&lang;char&rang;&)
</UL>
<BR>[Calls]<UL><LI><a href="#[2ad]">&gt;&gt;</a>&nbsp;&nbsp;&nbsp;std::basic_string&lang;char, std::char_traits&lang;char&rang;, std::allocator&lang;char&rang;&rang;::basic_string(const std::allocator&lang;char&rang;&)
</UL>
<BR>[Address Reference Count : 1]<UL><LI> locale.o(i._ZN4__rw15__rw_locale_impC1EPKcjj)
</UL>
<P><STRONG><a name="[da]"></a>__sti___10_locale_cpp_ff99fc7b</STRONG> (Thumb, 12 bytes, Stack size 0 bytes, locale.o(i.__sti___10_locale_cpp_ff99fc7b))
<BR>[Address Reference Count : 1]<UL><LI> locale.o(.init_array)
</UL>
<P><STRONG><a name="[91]"></a>[local to arm_exceptions_c]::__default_terminate_handler()</STRONG> (Thumb, 6 bytes, Stack size 8 bytes, arm_exceptions_globs.o(.text))
<BR><BR>[Stack]<UL><LI>Max Depth = 48 + Unknown Stack Size
<LI>Call Chain = [local to arm_exceptions_c]::__default_terminate_handler() &rArr; abort &rArr; __rt_SIGABRT &rArr; __rt_SIGABRT_inner &rArr; __default_signal_display &rArr; _ttywrch
</UL>
<BR>[Calls]<UL><LI><a href="#[259]">&gt;&gt;</a>&nbsp;&nbsp;&nbsp;abort
</UL>
<BR>[Address Reference Count : 1]<UL><LI> arm_exceptions_globs.o(.text)
</UL>
<P><STRONG><a name="[92]"></a>_scanf_char_input</STRONG> (Thumb, 12 bytes, Stack size 0 bytes, scanf_char.o(.text))
<BR>[Address Reference Count : 1]<UL><LI> scanf_char.o(.text)
</UL>
<P><STRONG><a name="[db]"></a>__sti___10_rwcats_cpp_64e8068e</STRONG> (Thumb, 42 bytes, Stack size 16 bytes, rwcats.o(i.__sti___10_rwcats_cpp_64e8068e))
<BR><BR>[Stack]<UL><LI>Max Depth = 112<LI>Call Chain = __sti___10_rwcats_cpp_64e8068e &rArr; __aeabi_atexit &rArr; malloc &rArr; _malloc_internal &rArr; __Heap_Full &rArr; __Heap_ProvideMemory &rArr; _free_internal
</UL>
<BR>[Calls]<UL><LI><a href="#[2b7]">&gt;&gt;</a>&nbsp;&nbsp;&nbsp;operator new[] (unsigned)
<LI><a href="#[2e5]">&gt;&gt;</a>&nbsp;&nbsp;&nbsp;__aeabi_atexit
</UL>
<BR>[Address Reference Count : 1]<UL><LI> rwcats.o(.init_array)
</UL>
<P><STRONG><a name="[28b]"></a>_fp_digits</STRONG> (Thumb, 428 bytes, Stack size 96 bytes, _printf_fp_dec.o(.text))
<BR><BR>[Stack]<UL><LI>Max Depth = 216<LI>Call Chain = _fp_digits &rArr; _btod_etento &rArr; _btod_emul &rArr; _e2e
</UL>
<BR>[Calls]<UL><LI><a href="#[270]">&gt;&gt;</a>&nbsp;&nbsp;&nbsp;_ll_udiv10
<LI><a href="#[28f]">&gt;&gt;</a>&nbsp;&nbsp;&nbsp;_btod_emul
<LI><a href="#[28e]">&gt;&gt;</a>&nbsp;&nbsp;&nbsp;_btod_ediv
<LI><a href="#[28d]">&gt;&gt;</a>&nbsp;&nbsp;&nbsp;_btod_d2e
<LI><a href="#[28c]">&gt;&gt;</a>&nbsp;&nbsp;&nbsp;_btod_etento
</UL>
<BR>[Called By]<UL><LI><a href="#[290]">&gt;&gt;</a>&nbsp;&nbsp;&nbsp;_printf_fp_dec_real
</UL>

<P><STRONG><a name="[298]"></a>_fp_value</STRONG> (Thumb, 508 bytes, Stack size 88 bytes, scanf_fp.o(.text))
<BR><BR>[Stack]<UL><LI>Max Depth = 208<LI>Call Chain = _fp_value &rArr; _btod_etento &rArr; _btod_emul &rArr; _e2e
</UL>
<BR>[Calls]<UL><LI><a href="#[28a]">&gt;&gt;</a>&nbsp;&nbsp;&nbsp;__aeabi_errno_addr
<LI><a href="#[299]">&gt;&gt;</a>&nbsp;&nbsp;&nbsp;_btod_emuld
<LI><a href="#[29a]">&gt;&gt;</a>&nbsp;&nbsp;&nbsp;_btod_edivd
<LI><a href="#[28c]">&gt;&gt;</a>&nbsp;&nbsp;&nbsp;_btod_etento
</UL>
<BR>[Called By]<UL><LI><a href="#[29b]">&gt;&gt;</a>&nbsp;&nbsp;&nbsp;_scanf_really_real
</UL>

<P><STRONG><a name="[29f]"></a>_locale_name</STRONG> (Thumb, 154 bytes, Stack size 16 bytes, locale_r.o(.text))
<BR><BR>[Stack]<UL><LI>Max Depth = 24<LI>Call Chain = _locale_name &rArr; __rt_locale
</UL>
<BR>[Calls]<UL><LI><a href="#[115]">&gt;&gt;</a>&nbsp;&nbsp;&nbsp;__rt_locale
</UL>
<BR>[Called By]<UL><LI><a href="#[285]">&gt;&gt;</a>&nbsp;&nbsp;&nbsp;_setlocale_r
<LI><a href="#[2a0]">&gt;&gt;</a>&nbsp;&nbsp;&nbsp;_set_locale_byname
</UL>

<P><STRONG><a name="[2a0]"></a>_set_locale_byname</STRONG> (Thumb, 154 bytes, Stack size 24 bytes, locale_r.o(.text))
<BR><BR>[Stack]<UL><LI>Max Depth = 48<LI>Call Chain = _set_locale_byname &rArr; _locale_name &rArr; __rt_locale
</UL>
<BR>[Calls]<UL><LI><a href="#[29f]">&gt;&gt;</a>&nbsp;&nbsp;&nbsp;_locale_name
<LI><a href="#[8c]">&gt;&gt;</a>&nbsp;&nbsp;&nbsp;_get_lc_ctype
<LI><a href="#[115]">&gt;&gt;</a>&nbsp;&nbsp;&nbsp;__rt_locale
<LI><a href="#[118]">&gt;&gt;</a>&nbsp;&nbsp;&nbsp;_get_lc_numeric
</UL>
<BR>[Called By]<UL><LI><a href="#[285]">&gt;&gt;</a>&nbsp;&nbsp;&nbsp;_setlocale_r
</UL>
<P>
<H3>
Undefined Global Symbols
</H3><HR></body></html>
