<!doctype html public "-//w3c//dtd html 4.0 transitional//en">
<html><head>
<title>Static Call Graph - [.\Objects\Display.axf]</title></head>
<body><HR>
<H1>Static Call Graph for image .\Objects\Display.axf</H1><HR>
<BR><P>#&#060CALLGRAPH&#062# ARM Linker, 5050106: Last Updated: Tue Mar 24 19:38:41 2015
<BR><P>
<H3>Maximum Stack Usage =       1024 bytes + Unknown(Functions without stacksize, Cycles, Untraceable Function Pointers)</H3><H3>
Call chain for Maximum Stack Depth:</H3>
main &rArr; StorageWriteLn &rArr; f_open &rArr; dir_register &rArr; dir_find &rArr; dir_next &rArr; create_chain &rArr; put_fat &rArr; move_window &rArr; sync_window &rArr; disk_write
<P>
<H3>
Functions with no stack information
</H3><UL>
 <LI><a href="#[1d5]">__user_initial_stackheap</a>
</UL>
</UL>
<P>
<H3>
Mutually Recursive functions
</H3> <LI><a href="#[62]">rt_alloc_box</a>&nbsp;&nbsp;&nbsp;&rArr;&nbsp;&nbsp;&nbsp;<a href="#[62]">rt_alloc_box</a><BR>
 <LI><a href="#[41]">FMC_IRQHandler</a>&nbsp;&nbsp;&nbsp;&rArr;&nbsp;&nbsp;&nbsp;<a href="#[41]">FMC_IRQHandler</a><BR>
 <LI><a href="#[170]">USART_Receive</a>&nbsp;&nbsp;&nbsp;&rArr;&nbsp;&nbsp;&nbsp;<a href="#[171]">USART_Send</a><BR>
 <LI><a href="#[c6]">_sys_exit</a>&nbsp;&nbsp;&nbsp;&rArr;&nbsp;&nbsp;&nbsp;<a href="#[c6]">_sys_exit</a><BR>
</UL>
<P>
<H3>
Function Pointers
</H3><UL>
 <LI><a href="#[23]">ADC_IRQHandler</a> from stm32f4xx_it.o(.text) referenced from startup_stm32f407xx.o(RESET)
 <LI><a href="#[b]">BusFault_Handler</a> from stm32f4xx_it.o(.text) referenced from startup_stm32f407xx.o(RESET)
 <LI><a href="#[25]">CAN1_RX0_IRQHandler</a> from stm32f4xx_it.o(.text) referenced from startup_stm32f407xx.o(RESET)
 <LI><a href="#[26]">CAN1_RX1_IRQHandler</a> from stm32f4xx_it.o(.text) referenced from startup_stm32f407xx.o(RESET)
 <LI><a href="#[27]">CAN1_SCE_IRQHandler</a> from stm32f4xx_it.o(.text) referenced from startup_stm32f407xx.o(RESET)
 <LI><a href="#[24]">CAN1_TX_IRQHandler</a> from stm32f4xx_it.o(.text) referenced from startup_stm32f407xx.o(RESET)
 <LI><a href="#[51]">CAN2_RX0_IRQHandler</a> from stm32f4xx_it.o(.text) referenced from startup_stm32f407xx.o(RESET)
 <LI><a href="#[52]">CAN2_RX1_IRQHandler</a> from stm32f4xx_it.o(.text) referenced from startup_stm32f407xx.o(RESET)
 <LI><a href="#[53]">CAN2_SCE_IRQHandler</a> from stm32f4xx_it.o(.text) referenced from startup_stm32f407xx.o(RESET)
 <LI><a href="#[50]">CAN2_TX_IRQHandler</a> from stm32f4xx_it.o(.text) referenced from startup_stm32f407xx.o(RESET)
 <LI><a href="#[5f]">DCMI_IRQHandler</a> from stm32f4xx_it.o(.text) referenced from startup_stm32f407xx.o(RESET)
 <LI><a href="#[1c]">DMA1_Stream0_IRQHandler</a> from stm32f4xx_it.o(.text) referenced from startup_stm32f407xx.o(RESET)
 <LI><a href="#[1d]">DMA1_Stream1_IRQHandler</a> from stm32f4xx_it.o(.text) referenced from startup_stm32f407xx.o(RESET)
 <LI><a href="#[1e]">DMA1_Stream2_IRQHandler</a> from stm32f4xx_it.o(.text) referenced from startup_stm32f407xx.o(RESET)
 <LI><a href="#[1f]">DMA1_Stream3_IRQHandler</a> from stm32f4xx_it.o(.text) referenced from startup_stm32f407xx.o(RESET)
 <LI><a href="#[20]">DMA1_Stream4_IRQHandler</a> from stm32f4xx_it.o(.text) referenced from startup_stm32f407xx.o(RESET)
 <LI><a href="#[21]">DMA1_Stream5_IRQHandler</a> from stm32f4xx_it.o(.text) referenced from startup_stm32f407xx.o(RESET)
 <LI><a href="#[22]">DMA1_Stream6_IRQHandler</a> from stm32f4xx_it.o(.text) referenced from startup_stm32f407xx.o(RESET)
 <LI><a href="#[40]">DMA1_Stream7_IRQHandler</a> from stm32f4xx_it.o(.text) referenced from startup_stm32f407xx.o(RESET)
 <LI><a href="#[49]">DMA2_Stream0_IRQHandler</a> from stm32f4xx_it.o(.text) referenced from startup_stm32f407xx.o(RESET)
 <LI><a href="#[4a]">DMA2_Stream1_IRQHandler</a> from stm32f4xx_it.o(.text) referenced from startup_stm32f407xx.o(RESET)
 <LI><a href="#[4b]">DMA2_Stream2_IRQHandler</a> from stm32f4xx_it.o(.text) referenced from startup_stm32f407xx.o(RESET)
 <LI><a href="#[4c]">DMA2_Stream3_IRQHandler</a> from stm32f4xx_it.o(.text) referenced from startup_stm32f407xx.o(RESET)
 <LI><a href="#[4d]">DMA2_Stream4_IRQHandler</a> from stm32f4xx_it.o(.text) referenced from startup_stm32f407xx.o(RESET)
 <LI><a href="#[55]">DMA2_Stream5_IRQHandler</a> from stm32f4xx_it.o(.text) referenced from startup_stm32f407xx.o(RESET)
 <LI><a href="#[56]">DMA2_Stream6_IRQHandler</a> from stm32f4xx_it.o(.text) referenced from startup_stm32f407xx.o(RESET)
 <LI><a href="#[57]">DMA2_Stream7_IRQHandler</a> from stm32f4xx_it.o(.text) referenced from startup_stm32f407xx.o(RESET)
 <LI><a href="#[e]">DebugMon_Handler</a> from stm32f4xx_it.o(.text) referenced from startup_stm32f407xx.o(RESET)
 <LI><a href="#[4e]">ETH_IRQHandler</a> from stm32f4xx_it.o(.text) referenced from startup_stm32f407xx.o(RESET)
 <LI><a href="#[4f]">ETH_WKUP_IRQHandler</a> from stm32f4xx_it.o(.text) referenced from startup_stm32f407xx.o(RESET)
 <LI><a href="#[17]">EXTI0_IRQHandler</a> from stm32f4xx_it.o(.text) referenced from startup_stm32f407xx.o(RESET)
 <LI><a href="#[39]">EXTI15_10_IRQHandler</a> from stm32f4xx_it.o(.text) referenced from startup_stm32f407xx.o(RESET)
 <LI><a href="#[18]">EXTI1_IRQHandler</a> from stm32f4xx_it.o(.text) referenced from startup_stm32f407xx.o(RESET)
 <LI><a href="#[19]">EXTI2_IRQHandler</a> from stm32f4xx_it.o(.text) referenced from startup_stm32f407xx.o(RESET)
 <LI><a href="#[1a]">EXTI3_IRQHandler</a> from stm32f4xx_it.o(.text) referenced from startup_stm32f407xx.o(RESET)
 <LI><a href="#[1b]">EXTI4_IRQHandler</a> from stm32f4xx_it.o(.text) referenced from startup_stm32f407xx.o(RESET)
 <LI><a href="#[28]">EXTI9_5_IRQHandler</a> from stm32f4xx_it.o(.text) referenced from startup_stm32f407xx.o(RESET)
 <LI><a href="#[15]">FLASH_IRQHandler</a> from stm32f4xx_it.o(.text) referenced from startup_stm32f407xx.o(RESET)
 <LI><a href="#[41]">FMC_IRQHandler</a> from startup_stm32f407xx.o(.text) referenced from startup_stm32f407xx.o(RESET)
 <LI><a href="#[61]">FPU_IRQHandler</a> from stm32f4xx_it.o(.text) referenced from startup_stm32f407xx.o(RESET)
 <LI><a href="#[93]">HAL_RCC_GetPCLK1Freq</a> from stm32f4xx_hal_rcc.o(.text) referenced from usart_stm32f4xx.o(.constdata)
 <LI><a href="#[87]">HAL_RCC_GetPCLK2Freq</a> from stm32f4xx_hal_rcc.o(.text) referenced from spi_stm32f4xx.o(.constdata)
 <LI><a href="#[60]">HASH_RNG_IRQHandler</a> from stm32f4xx_it.o(.text) referenced from startup_stm32f407xx.o(RESET)
 <LI><a href="#[9]">HardFault_Handler</a> from stm32f4xx_it.o(.text) referenced from startup_stm32f407xx.o(RESET)
 <LI><a href="#[31]">I2C1_ER_IRQHandler</a> from stm32f4xx_it.o(.text) referenced from startup_stm32f407xx.o(RESET)
 <LI><a href="#[30]">I2C1_EV_IRQHandler</a> from stm32f4xx_it.o(.text) referenced from startup_stm32f407xx.o(RESET)
 <LI><a href="#[33]">I2C2_ER_IRQHandler</a> from stm32f4xx_it.o(.text) referenced from startup_stm32f407xx.o(RESET)
 <LI><a href="#[32]">I2C2_EV_IRQHandler</a> from stm32f4xx_it.o(.text) referenced from startup_stm32f407xx.o(RESET)
 <LI><a href="#[5a]">I2C3_ER_IRQHandler</a> from stm32f4xx_it.o(.text) referenced from startup_stm32f407xx.o(RESET)
 <LI><a href="#[59]">I2C3_EV_IRQHandler</a> from stm32f4xx_it.o(.text) referenced from startup_stm32f407xx.o(RESET)
 <LI><a href="#[77]">MC0_SPI_SignalEvent</a> from fs_config.o(.text) referenced from fs_config.o(.text)
 <LI><a href="#[a]">MemManage_Handler</a> from stm32f4xx_it.o(.text) referenced from startup_stm32f407xx.o(RESET)
 <LI><a href="#[8]">NMI_Handler</a> from stm32f4xx_it.o(.text) referenced from startup_stm32f407xx.o(RESET)
 <LI><a href="#[54]">OTG_FS_IRQHandler</a> from stm32f4xx_it.o(.text) referenced from startup_stm32f407xx.o(RESET)
 <LI><a href="#[3b]">OTG_FS_WKUP_IRQHandler</a> from stm32f4xx_it.o(.text) referenced from startup_stm32f407xx.o(RESET)
 <LI><a href="#[5c]">OTG_HS_EP1_IN_IRQHandler</a> from stm32f4xx_it.o(.text) referenced from startup_stm32f407xx.o(RESET)
 <LI><a href="#[5b]">OTG_HS_EP1_OUT_IRQHandler</a> from stm32f4xx_it.o(.text) referenced from startup_stm32f407xx.o(RESET)
 <LI><a href="#[5e]">OTG_HS_IRQHandler</a> from stm32f4xx_it.o(.text) referenced from startup_stm32f407xx.o(RESET)
 <LI><a href="#[5d]">OTG_HS_WKUP_IRQHandler</a> from stm32f4xx_it.o(.text) referenced from startup_stm32f407xx.o(RESET)
 <LI><a href="#[12]">PVD_IRQHandler</a> from stm32f4xx_it.o(.text) referenced from startup_stm32f407xx.o(RESET)
 <LI><a href="#[f]">PendSV_Handler</a> from hal_cm4.o(.emb_text) referenced from startup_stm32f407xx.o(RESET)
 <LI><a href="#[16]">RCC_IRQHandler</a> from stm32f4xx_it.o(.text) referenced from startup_stm32f407xx.o(RESET)
 <LI><a href="#[3a]">RTC_Alarm_IRQHandler</a> from stm32f4xx_it.o(.text) referenced from startup_stm32f407xx.o(RESET)
 <LI><a href="#[14]">RTC_WKUP_IRQHandler</a> from stm32f4xx_it.o(.text) referenced from startup_stm32f407xx.o(RESET)
 <LI><a href="#[7]">Reset_Handler</a> from startup_stm32f407xx.o(.text) referenced from startup_stm32f407xx.o(RESET)
 <LI><a href="#[42]">SDIO_IRQHandler</a> from stm32f4xx_it.o(.text) referenced from startup_stm32f407xx.o(RESET)
 <LI><a href="#[a8]">SD_initialize</a> from sd_diskio.o(.text) referenced from sd_diskio.o(.data)
 <LI><a href="#[ac]">SD_ioctl</a> from sd_diskio.o(.text) referenced from sd_diskio.o(.data)
 <LI><a href="#[aa]">SD_read</a> from sd_diskio.o(.text) referenced from sd_diskio.o(.data)
 <LI><a href="#[a9]">SD_status</a> from sd_diskio.o(.text) referenced from sd_diskio.o(.data)
 <LI><a href="#[ab]">SD_write</a> from sd_diskio.o(.text) referenced from sd_diskio.o(.data)
 <LI><a href="#[91]">SPI1_Control</a> from spi_stm32f4xx.o(.text) referenced from spi_stm32f4xx.o(.constdata)
 <LI><a href="#[90]">SPI1_GetDataCount</a> from spi_stm32f4xx.o(.text) referenced from spi_stm32f4xx.o(.constdata)
 <LI><a href="#[92]">SPI1_GetStatus</a> from spi_stm32f4xx.o(.text) referenced from spi_stm32f4xx.o(.constdata)
 <LI><a href="#[34]">SPI1_IRQHandler</a> from spi_stm32f4xx.o(.text) referenced from startup_stm32f407xx.o(RESET)
 <LI><a href="#[8a]">SPI1_Initialize</a> from spi_stm32f4xx.o(.text) referenced from spi_stm32f4xx.o(.constdata)
 <LI><a href="#[8c]">SPI1_PowerControl</a> from spi_stm32f4xx.o(.text) referenced from spi_stm32f4xx.o(.constdata)
 <LI><a href="#[8e]">SPI1_Receive</a> from spi_stm32f4xx.o(.text) referenced from spi_stm32f4xx.o(.constdata)
 <LI><a href="#[8d]">SPI1_Send</a> from spi_stm32f4xx.o(.text) referenced from spi_stm32f4xx.o(.constdata)
 <LI><a href="#[8f]">SPI1_Transfer</a> from spi_stm32f4xx.o(.text) referenced from spi_stm32f4xx.o(.constdata)
 <LI><a href="#[8b]">SPI1_Uninitialize</a> from spi_stm32f4xx.o(.text) referenced from spi_stm32f4xx.o(.constdata)
 <LI><a href="#[35]">SPI2_IRQHandler</a> from stm32f4xx_it.o(.text) referenced from startup_stm32f407xx.o(RESET)
 <LI><a href="#[44]">SPI3_IRQHandler</a> from stm32f4xx_it.o(.text) referenced from startup_stm32f407xx.o(RESET)
 <LI><a href="#[89]">SPIX_GetCapabilities</a> from spi_stm32f4xx.o(.text) referenced from spi_stm32f4xx.o(.constdata)
 <LI><a href="#[88]">SPIX_GetVersion</a> from spi_stm32f4xx.o(.text) referenced from spi_stm32f4xx.o(.constdata)
 <LI><a href="#[67]">SPI_2LinesRxISR</a> from stm32f4xx_hal_spi.o(.text) referenced from stm32f4xx_hal_spi.o(.text)
 <LI><a href="#[6b]">SPI_DMAError</a> from stm32f4xx_hal_spi.o(.text) referenced 2 times from stm32f4xx_hal_spi.o(.text)
 <LI><a href="#[6c]">SPI_DMAHalfReceiveCplt</a> from stm32f4xx_hal_spi.o(.text) referenced 2 times from stm32f4xx_hal_spi.o(.text)
 <LI><a href="#[69]">SPI_DMAHalfTransmitCplt</a> from stm32f4xx_hal_spi.o(.text) referenced from stm32f4xx_hal_spi.o(.text)
 <LI><a href="#[6e]">SPI_DMAHalfTransmitReceiveCplt</a> from stm32f4xx_hal_spi.o(.text) referenced from stm32f4xx_hal_spi.o(.text)
 <LI><a href="#[6d]">SPI_DMAReceiveCplt</a> from stm32f4xx_hal_spi.o(.text) referenced 2 times from stm32f4xx_hal_spi.o(.text)
 <LI><a href="#[6a]">SPI_DMATransmitCplt</a> from stm32f4xx_hal_spi.o(.text) referenced from stm32f4xx_hal_spi.o(.text)
 <LI><a href="#[6f]">SPI_DMATransmitReceiveCplt</a> from stm32f4xx_hal_spi.o(.text) referenced from stm32f4xx_hal_spi.o(.text)
 <LI><a href="#[68]">SPI_RxISR</a> from stm32f4xx_hal_spi.o(.text) referenced from stm32f4xx_hal_spi.o(.text)
 <LI><a href="#[66]">SPI_TxISR</a> from stm32f4xx_hal_spi.o(.text) referenced from stm32f4xx_hal_spi.o(.text)
 <LI><a href="#[d]">SVC_Handler</a> from hal_cm4.o(.emb_text) referenced from startup_stm32f407xx.o(RESET)
 <LI><a href="#[10]">SysTick_Handler</a> from hal_cm4.o(.emb_text) referenced from startup_stm32f407xx.o(RESET)
 <LI><a href="#[75]">SystemInit</a> from system_stm32f4xx.o(.text) referenced from startup_stm32f407xx.o(.text)
 <LI><a href="#[13]">TAMP_STAMP_IRQHandler</a> from stm32f4xx_it.o(.text) referenced from startup_stm32f407xx.o(RESET)
 <LI><a href="#[29]">TIM1_BRK_TIM9_IRQHandler</a> from stm32f4xx_it.o(.text) referenced from startup_stm32f407xx.o(RESET)
 <LI><a href="#[2c]">TIM1_CC_IRQHandler</a> from stm32f4xx_it.o(.text) referenced from startup_stm32f407xx.o(RESET)
 <LI><a href="#[2b]">TIM1_TRG_COM_TIM11_IRQHandler</a> from stm32f4xx_it.o(.text) referenced from startup_stm32f407xx.o(RESET)
 <LI><a href="#[2a]">TIM1_UP_TIM10_IRQHandler</a> from stm32f4xx_it.o(.text) referenced from startup_stm32f407xx.o(RESET)
 <LI><a href="#[2d]">TIM2_IRQHandler</a> from stm32f4xx_it.o(.text) referenced from startup_stm32f407xx.o(RESET)
 <LI><a href="#[2e]">TIM3_IRQHandler</a> from stm32f4xx_it.o(.text) referenced from startup_stm32f407xx.o(RESET)
 <LI><a href="#[2f]">TIM4_IRQHandler</a> from stm32f4xx_it.o(.text) referenced from startup_stm32f407xx.o(RESET)
 <LI><a href="#[43]">TIM5_IRQHandler</a> from stm32f4xx_it.o(.text) referenced from startup_stm32f407xx.o(RESET)
 <LI><a href="#[47]">TIM6_DAC_IRQHandler</a> from stm32f4xx_it.o(.text) referenced from startup_stm32f407xx.o(RESET)
 <LI><a href="#[48]">TIM7_IRQHandler</a> from stm32f4xx_it.o(.text) referenced from startup_stm32f407xx.o(RESET)
 <LI><a href="#[3c]">TIM8_BRK_TIM12_IRQHandler</a> from stm32f4xx_it.o(.text) referenced from startup_stm32f407xx.o(RESET)
 <LI><a href="#[3f]">TIM8_CC_IRQHandler</a> from stm32f4xx_it.o(.text) referenced from startup_stm32f407xx.o(RESET)
 <LI><a href="#[3e]">TIM8_TRG_COM_TIM14_IRQHandler</a> from stm32f4xx_it.o(.text) referenced from startup_stm32f407xx.o(RESET)
 <LI><a href="#[3d]">TIM8_UP_TIM13_IRQHandler</a> from stm32f4xx_it.o(.text) referenced from startup_stm32f407xx.o(RESET)
 <LI><a href="#[45]">UART4_IRQHandler</a> from usart_stm32f4xx.o(.text) referenced from startup_stm32f407xx.o(RESET)
 <LI><a href="#[46]">UART5_IRQHandler</a> from stm32f4xx_it.o(.text) referenced from startup_stm32f407xx.o(RESET)
 <LI><a href="#[72]">UART_DMAError</a> from stm32f4xx_hal_uart.o(.text) referenced from stm32f4xx_hal_uart.o(.text)
 <LI><a href="#[73]">UART_DMAReceiveCplt</a> from stm32f4xx_hal_uart.o(.text) referenced from stm32f4xx_hal_uart.o(.text)
 <LI><a href="#[74]">UART_DMARxHalfCplt</a> from stm32f4xx_hal_uart.o(.text) referenced from stm32f4xx_hal_uart.o(.text)
 <LI><a href="#[70]">UART_DMATransmitCplt</a> from stm32f4xx_hal_uart.o(.text) referenced from stm32f4xx_hal_uart.o(.text)
 <LI><a href="#[71]">UART_DMATxHalfCplt</a> from stm32f4xx_hal_uart.o(.text) referenced from stm32f4xx_hal_uart.o(.text)
 <LI><a href="#[36]">USART1_IRQHandler</a> from stm32f4xx_it.o(.text) referenced from startup_stm32f407xx.o(RESET)
 <LI><a href="#[37]">USART2_IRQHandler</a> from stm32f4xx_it.o(.text) referenced from startup_stm32f407xx.o(RESET)
 <LI><a href="#[38]">USART3_IRQHandler</a> from stm32f4xx_it.o(.text) referenced from startup_stm32f407xx.o(RESET)
 <LI><a href="#[9e]">USART4_Control</a> from usart_stm32f4xx.o(.text) referenced from usart_stm32f4xx.o(.constdata)
 <LI><a href="#[95]">USART4_GetCapabilities</a> from usart_stm32f4xx.o(.text) referenced from usart_stm32f4xx.o(.constdata)
 <LI><a href="#[a1]">USART4_GetModemStatus</a> from usart_stm32f4xx.o(.text) referenced from usart_stm32f4xx.o(.constdata)
 <LI><a href="#[9d]">USART4_GetRxCount</a> from usart_stm32f4xx.o(.text) referenced from usart_stm32f4xx.o(.constdata)
 <LI><a href="#[9f]">USART4_GetStatus</a> from usart_stm32f4xx.o(.text) referenced from usart_stm32f4xx.o(.constdata)
 <LI><a href="#[9c]">USART4_GetTxCount</a> from usart_stm32f4xx.o(.text) referenced from usart_stm32f4xx.o(.constdata)
 <LI><a href="#[96]">USART4_Initialize</a> from usart_stm32f4xx.o(.text) referenced from usart_stm32f4xx.o(.constdata)
 <LI><a href="#[98]">USART4_PowerControl</a> from usart_stm32f4xx.o(.text) referenced from usart_stm32f4xx.o(.constdata)
 <LI><a href="#[9a]">USART4_Receive</a> from usart_stm32f4xx.o(.text) referenced from usart_stm32f4xx.o(.constdata)
 <LI><a href="#[99]">USART4_Send</a> from usart_stm32f4xx.o(.text) referenced from usart_stm32f4xx.o(.constdata)
 <LI><a href="#[a0]">USART4_SetModemControl</a> from usart_stm32f4xx.o(.text) referenced from usart_stm32f4xx.o(.constdata)
 <LI><a href="#[9b]">USART4_Transfer</a> from usart_stm32f4xx.o(.text) referenced from usart_stm32f4xx.o(.constdata)
 <LI><a href="#[97]">USART4_Uninitialize</a> from usart_stm32f4xx.o(.text) referenced from usart_stm32f4xx.o(.constdata)
 <LI><a href="#[58]">USART6_IRQHandler</a> from stm32f4xx_it.o(.text) referenced from startup_stm32f407xx.o(RESET)
 <LI><a href="#[94]">USARTx_GetVersion</a> from usart_stm32f4xx.o(.text) referenced from usart_stm32f4xx.o(.constdata)
 <LI><a href="#[c]">UsageFault_Handler</a> from stm32f4xx_it.o(.text) referenced from startup_stm32f407xx.o(RESET)
 <LI><a href="#[11]">WWDG_IRQHandler</a> from stm32f4xx_it.o(.text) referenced from startup_stm32f407xx.o(RESET)
 <LI><a href="#[ae]">__main</a> from __main.o(!!!main) referenced from startup_stm32f407xx.o(.text)
 <LI><a href="#[7a]">_fputc$unlocked</a> from fputc.o(i.fputc) referenced from _printf_char_file_locked.o(.text)
 <LI><a href="#[78]">_get_lc_ctype</a> from lc_ctype_c.o(locale$$code) referenced from rt_ctype_table.o(.text)
 <LI><a href="#[79]">_printf_input_char</a> from _printf_char_common.o(.text) referenced from _printf_char_common.o(.text)
 <LI><a href="#[ad]">main</a> from main.o(.text) referenced from rtx_conf_cm.o(.data)
 <LI><a href="#[a7]">mc0_DevCtrl</a> from fs_config.o(.text) referenced from fs_config.o(.constdata)
 <LI><a href="#[a2]">mc0_Init</a> from fs_config.o(.text) referenced from fs_config.o(.constdata)
 <LI><a href="#[a6]">mc0_RdInfo</a> from fs_config.o(.text) referenced from fs_config.o(.constdata)
 <LI><a href="#[a4]">mc0_RdSect</a> from fs_config.o(.text) referenced from fs_config.o(.constdata)
 <LI><a href="#[a3]">mc0_UnInit</a> from fs_config.o(.text) referenced from fs_config.o(.constdata)
 <LI><a href="#[a5]">mc0_WrSect</a> from fs_config.o(.text) referenced from fs_config.o(.constdata)
 <LI><a href="#[85]">osThreadExit</a> from rt_cmsis.o(i.osThreadExit) referenced from rt_cmsis.o(i.svcThreadCreate)
 <LI><a href="#[86]">osTimerThread</a> from rt_cmsis.o(i.osTimerThread) referenced from rtx_conf_cm.o(.constdata)
 <LI><a href="#[84]">os_idle_demon</a> from rtx_conf_cm.o(.text) referenced from rt_task.o(i.rt_sys_init)
 <LI><a href="#[62]">rt_alloc_box</a> from rt_membox.o(i.rt_alloc_box) referenced from hal_cm4.o(.emb_text)
 <LI><a href="#[63]">rt_free_box</a> from rt_membox.o(i.rt_free_box) referenced from hal_cm4.o(.emb_text)
 <LI><a href="#[65]">rt_mut_release</a> from rt_mutex.o(i.rt_mut_release) referenced from rtx_conf_cm.o(.text)
 <LI><a href="#[64]">rt_mut_wait</a> from rt_mutex.o(i.rt_mut_wait) referenced from rtx_conf_cm.o(.text)
 <LI><a href="#[7b]">svcDelay</a> from rt_cmsis.o(i.svcDelay) referenced from rt_cmsis.o(i.osDelay)
 <LI><a href="#[7c]">svcKernelInitialize</a> from rt_cmsis.o(i.svcKernelInitialize) referenced from rt_cmsis.o(i.osKernelInitialize)
 <LI><a href="#[7d]">svcKernelStart</a> from rt_cmsis.o(i.svcKernelStart) referenced from rt_cmsis.o(i.osKernelStart)
 <LI><a href="#[7e]">svcKernelSysTick</a> from rt_cmsis.o(i.svcKernelSysTick) referenced from rt_cmsis.o(i.osKernelSysTick)
 <LI><a href="#[7f]">svcMessageGet</a> from rt_cmsis.o(i.svcMessageGet) referenced from rt_cmsis.o(i.osMessageGet)
 <LI><a href="#[80]">svcThreadCreate</a> from rt_cmsis.o(i.svcThreadCreate) referenced from rt_cmsis.o(i.osThreadCreate)
 <LI><a href="#[81]">svcThreadGetId</a> from rt_cmsis.o(i.svcThreadGetId) referenced from rt_cmsis.o(i.osThreadExit)
 <LI><a href="#[82]">svcThreadTerminate</a> from rt_cmsis.o(i.svcThreadTerminate) referenced from rt_cmsis.o(i.osThreadExit)
 <LI><a href="#[83]">svcTimerCall</a> from rt_cmsis.o(i.svcTimerCall) referenced from rt_cmsis.o(i.osTimerCall)
</UL>
<P>
<H3>
Global Symbols
</H3>
<P><STRONG><a name="[ae]"></a>__main</STRONG> (Thumb, 8 bytes, Stack size 0 bytes, __main.o(!!!main))
<BR><BR>[Stack]<UL><LI>Max Depth = 76 + Unknown Stack Size
<LI>Call Chain = __main &rArr; __rt_entry &rArr; osKernelInitialize &rArr; svcKernelInitialize &rArr; svcThreadCreate &rArr; rt_tsk_create &rArr; rt_dispatch &rArr; rt_put_prio
</UL>
<BR>[Calls]<UL><LI><a href="#[b5]">&gt;&gt;</a>&nbsp;&nbsp;&nbsp;__rt_entry
<LI><a href="#[b4]">&gt;&gt;</a>&nbsp;&nbsp;&nbsp;__scatterload
</UL>

<P><STRONG><a name="[b4]"></a>__scatterload</STRONG> (Thumb, 0 bytes, Stack size unknown bytes, __scatter.o(!!!scatter))
<BR><BR>[Called By]<UL><LI><a href="#[ae]">&gt;&gt;</a>&nbsp;&nbsp;&nbsp;__main
</UL>

<P><STRONG><a name="[b6]"></a>__scatterload_rt2</STRONG> (Thumb, 44 bytes, Stack size unknown bytes, __scatter.o(!!!scatter), UNUSED)
<BR><BR>[Calls]<UL><LI><a href="#[b5]">&gt;&gt;</a>&nbsp;&nbsp;&nbsp;__rt_entry
</UL>

<P><STRONG><a name="[2a0]"></a>__scatterload_rt2_thumb_only</STRONG> (Thumb, 0 bytes, Stack size unknown bytes, __scatter.o(!!!scatter), UNUSED)

<P><STRONG><a name="[2a1]"></a>__scatterload_null</STRONG> (Thumb, 0 bytes, Stack size unknown bytes, __scatter.o(!!!scatter), UNUSED)

<P><STRONG><a name="[b7]"></a>__scatterload_copy</STRONG> (Thumb, 26 bytes, Stack size unknown bytes, __scatter_copy.o(!!handler_copy), UNUSED)
<BR><BR>[Calls]<UL><LI><a href="#[b7]">&gt;&gt;</a>&nbsp;&nbsp;&nbsp;__scatterload_copy
</UL>
<BR>[Called By]<UL><LI><a href="#[b7]">&gt;&gt;</a>&nbsp;&nbsp;&nbsp;__scatterload_copy
</UL>

<P><STRONG><a name="[2a2]"></a>__scatterload_zeroinit</STRONG> (Thumb, 28 bytes, Stack size unknown bytes, __scatter_zi.o(!!handler_zi), UNUSED)

<P><STRONG><a name="[c8]"></a>__rt_lib_init</STRONG> (Thumb, 0 bytes, Stack size unknown bytes, libinit.o(.ARM.Collect$$libinit$$00000000))
<BR><BR>[Called By]<UL><LI><a href="#[b5]">&gt;&gt;</a>&nbsp;&nbsp;&nbsp;__rt_entry
</UL>

<P><STRONG><a name="[b8]"></a>__rt_lib_init_fp_1</STRONG> (Thumb, 0 bytes, Stack size unknown bytes, libinit2.o(.ARM.Collect$$libinit$$00000001))
<BR><BR>[Calls]<UL><LI><a href="#[b9]">&gt;&gt;</a>&nbsp;&nbsp;&nbsp;_fp_init
</UL>

<P><STRONG><a name="[ba]"></a>__rt_lib_init_heap_2</STRONG> (Thumb, 0 bytes, Stack size unknown bytes, libinit2.o(.ARM.Collect$$libinit$$00000005))
<BR><BR>[Stack]<UL><LI>Max Depth = 64 + Unknown Stack Size
<LI>Call Chain = __rt_lib_init_heap_2 &rArr; _init_alloc &rArr; __rt_SIGRTMEM &rArr; __rt_SIGRTMEM_inner &rArr; __default_signal_display &rArr; _ttywrch
</UL>
<BR>[Calls]<UL><LI><a href="#[bb]">&gt;&gt;</a>&nbsp;&nbsp;&nbsp;_init_alloc
</UL>

<P><STRONG><a name="[2a3]"></a>__rt_lib_init_preinit_1</STRONG> (Thumb, 0 bytes, Stack size unknown bytes, libinit2.o(.ARM.Collect$$libinit$$00000004))

<P><STRONG><a name="[2a4]"></a>__rt_lib_init_heap_1</STRONG> (Thumb, 0 bytes, Stack size unknown bytes, libinit2.o(.ARM.Collect$$libinit$$0000000A))

<P><STRONG><a name="[bc]"></a>__rt_lib_init_lc_common</STRONG> (Thumb, 0 bytes, Stack size unknown bytes, libinit2.o(.ARM.Collect$$libinit$$0000000F))
<BR><BR>[Stack]<UL><LI>Max Depth = 8 + Unknown Stack Size
<LI>Call Chain = __rt_lib_init_lc_common &rArr; __rt_locale
</UL>
<BR>[Calls]<UL><LI><a href="#[bd]">&gt;&gt;</a>&nbsp;&nbsp;&nbsp;__rt_locale
</UL>

<P><STRONG><a name="[2a5]"></a>__rt_lib_init_rand_1</STRONG> (Thumb, 0 bytes, Stack size unknown bytes, libinit2.o(.ARM.Collect$$libinit$$0000000E))

<P><STRONG><a name="[2a6]"></a>__rt_lib_init_user_alloc_1</STRONG> (Thumb, 0 bytes, Stack size unknown bytes, libinit2.o(.ARM.Collect$$libinit$$0000000C))

<P><STRONG><a name="[2a7]"></a>__rt_lib_init_lc_collate_1</STRONG> (Thumb, 0 bytes, Stack size unknown bytes, libinit2.o(.ARM.Collect$$libinit$$00000011))

<P><STRONG><a name="[be]"></a>__rt_lib_init_lc_ctype_2</STRONG> (Thumb, 0 bytes, Stack size unknown bytes, libinit2.o(.ARM.Collect$$libinit$$00000012))
<BR><BR>[Stack]<UL><LI>Max Depth = 8 + Unknown Stack Size
<LI>Call Chain = __rt_lib_init_lc_ctype_2 &rArr; _get_lc_ctype
</UL>
<BR>[Calls]<UL><LI><a href="#[78]">&gt;&gt;</a>&nbsp;&nbsp;&nbsp;_get_lc_ctype
</UL>

<P><STRONG><a name="[2a8]"></a>__rt_lib_init_atexit_1</STRONG> (Thumb, 0 bytes, Stack size unknown bytes, libinit2.o(.ARM.Collect$$libinit$$0000001B))

<P><STRONG><a name="[2a9]"></a>__rt_lib_init_clock_1</STRONG> (Thumb, 0 bytes, Stack size unknown bytes, libinit2.o(.ARM.Collect$$libinit$$00000021))

<P><STRONG><a name="[2aa]"></a>__rt_lib_init_fp_trap_1</STRONG> (Thumb, 0 bytes, Stack size unknown bytes, libinit2.o(.ARM.Collect$$libinit$$0000001F))

<P><STRONG><a name="[2ab]"></a>__rt_lib_init_getenv_1</STRONG> (Thumb, 0 bytes, Stack size unknown bytes, libinit2.o(.ARM.Collect$$libinit$$00000023))

<P><STRONG><a name="[2ac]"></a>__rt_lib_init_lc_ctype_1</STRONG> (Thumb, 0 bytes, Stack size unknown bytes, libinit2.o(.ARM.Collect$$libinit$$00000013))

<P><STRONG><a name="[2ad]"></a>__rt_lib_init_lc_monetary_1</STRONG> (Thumb, 0 bytes, Stack size unknown bytes, libinit2.o(.ARM.Collect$$libinit$$00000015))

<P><STRONG><a name="[2ae]"></a>__rt_lib_init_lc_numeric_1</STRONG> (Thumb, 0 bytes, Stack size unknown bytes, libinit2.o(.ARM.Collect$$libinit$$00000017))

<P><STRONG><a name="[2af]"></a>__rt_lib_init_lc_time_1</STRONG> (Thumb, 0 bytes, Stack size unknown bytes, libinit2.o(.ARM.Collect$$libinit$$00000019))

<P><STRONG><a name="[2b0]"></a>__rt_lib_init_signal_1</STRONG> (Thumb, 0 bytes, Stack size unknown bytes, libinit2.o(.ARM.Collect$$libinit$$0000001D))

<P><STRONG><a name="[bf]"></a>__rt_lib_init_stdio_2</STRONG> (Thumb, 0 bytes, Stack size unknown bytes, libinit2.o(.ARM.Collect$$libinit$$00000024))
<BR><BR>[Stack]<UL><LI>Max Depth = 584 + Unknown Stack Size
<LI>Call Chain = __rt_lib_init_stdio_2 &rArr; _initio &rArr; freopen &rArr; _freopen_locked &rArr; _sys_open &rArr; __sys_open &rArr; fat_open &rArr; path_create &rArr; frec_find &rArr; entry_pos_inc &rArr; alloc_table_read &rArr; cache_fat &rArr; fsj_write &rArr; SetBuf
</UL>
<BR>[Calls]<UL><LI><a href="#[c0]">&gt;&gt;</a>&nbsp;&nbsp;&nbsp;_initio
</UL>

<P><STRONG><a name="[2b1]"></a>__rt_lib_init_alloca_1</STRONG> (Thumb, 0 bytes, Stack size unknown bytes, libinit2.o(.ARM.Collect$$libinit$$0000002E))

<P><STRONG><a name="[2b2]"></a>__rt_lib_init_argv_1</STRONG> (Thumb, 0 bytes, Stack size unknown bytes, libinit2.o(.ARM.Collect$$libinit$$0000002C))

<P><STRONG><a name="[2b3]"></a>__rt_lib_init_cpp_1</STRONG> (Thumb, 0 bytes, Stack size unknown bytes, libinit2.o(.ARM.Collect$$libinit$$00000032))

<P><STRONG><a name="[2b4]"></a>__rt_lib_init_exceptions_1</STRONG> (Thumb, 0 bytes, Stack size unknown bytes, libinit2.o(.ARM.Collect$$libinit$$00000030))

<P><STRONG><a name="[2b5]"></a>__rt_lib_init_return</STRONG> (Thumb, 0 bytes, Stack size unknown bytes, libinit2.o(.ARM.Collect$$libinit$$00000033))

<P><STRONG><a name="[2b6]"></a>__rt_lib_init_stdio_1</STRONG> (Thumb, 0 bytes, Stack size unknown bytes, libinit2.o(.ARM.Collect$$libinit$$00000025))

<P><STRONG><a name="[c4]"></a>__rt_lib_shutdown</STRONG> (Thumb, 0 bytes, Stack size unknown bytes, libshutdown.o(.ARM.Collect$$libshutdown$$00000000))
<BR><BR>[Called By]<UL><LI><a href="#[c3]">&gt;&gt;</a>&nbsp;&nbsp;&nbsp;__rt_exit_ls
</UL>

<P><STRONG><a name="[c1]"></a>__rt_lib_shutdown_stdio_2</STRONG> (Thumb, 0 bytes, Stack size unknown bytes, libshutdown2.o(.ARM.Collect$$libshutdown$$00000002))
<BR><BR>[Stack]<UL><LI>Max Depth = 336 + Unknown Stack Size
<LI>Call Chain = __rt_lib_shutdown_stdio_2 &rArr; _terminateio &rArr; _fclose_internal &rArr; _fflush &rArr; _writebuf &rArr; _sys_write &rArr; __sys_write &rArr; fat_write &rArr; alloc_clus &rArr; alloc_table_write &rArr; cache_fat &rArr; fsj_write &rArr; SetBuf
</UL>
<BR>[Calls]<UL><LI><a href="#[c2]">&gt;&gt;</a>&nbsp;&nbsp;&nbsp;_terminateio
</UL>

<P><STRONG><a name="[2b7]"></a>__rt_lib_shutdown_fp_trap_1</STRONG> (Thumb, 0 bytes, Stack size unknown bytes, libshutdown2.o(.ARM.Collect$$libshutdown$$00000006))

<P><STRONG><a name="[2b8]"></a>__rt_lib_shutdown_heap_1</STRONG> (Thumb, 0 bytes, Stack size unknown bytes, libshutdown2.o(.ARM.Collect$$libshutdown$$0000000E))

<P><STRONG><a name="[2b9]"></a>__rt_lib_shutdown_return</STRONG> (Thumb, 0 bytes, Stack size unknown bytes, libshutdown2.o(.ARM.Collect$$libshutdown$$0000000F))

<P><STRONG><a name="[2ba]"></a>__rt_lib_shutdown_signal_1</STRONG> (Thumb, 0 bytes, Stack size unknown bytes, libshutdown2.o(.ARM.Collect$$libshutdown$$00000009))

<P><STRONG><a name="[2bb]"></a>__rt_lib_shutdown_stdio_1</STRONG> (Thumb, 0 bytes, Stack size unknown bytes, libshutdown2.o(.ARM.Collect$$libshutdown$$00000003))

<P><STRONG><a name="[2bc]"></a>__rt_lib_shutdown_user_alloc_1</STRONG> (Thumb, 0 bytes, Stack size unknown bytes, libshutdown2.o(.ARM.Collect$$libshutdown$$0000000B))

<P><STRONG><a name="[1d7]"></a>__rt_exit</STRONG> (Thumb, 0 bytes, Stack size unknown bytes, rtexit.o(.ARM.Collect$$rtexit$$00000000))
<BR><BR>[Called By]<UL><LI><a href="#[cc]">&gt;&gt;</a>&nbsp;&nbsp;&nbsp;exit
</UL>

<P><STRONG><a name="[c3]"></a>__rt_exit_ls</STRONG> (Thumb, 0 bytes, Stack size unknown bytes, rtexit2.o(.ARM.Collect$$rtexit$$00000003))
<BR><BR>[Calls]<UL><LI><a href="#[c4]">&gt;&gt;</a>&nbsp;&nbsp;&nbsp;__rt_lib_shutdown
</UL>

<P><STRONG><a name="[2bd]"></a>__rt_exit_prels_1</STRONG> (Thumb, 0 bytes, Stack size unknown bytes, rtexit2.o(.ARM.Collect$$rtexit$$00000002))

<P><STRONG><a name="[c5]"></a>__rt_exit_exit</STRONG> (Thumb, 0 bytes, Stack size unknown bytes, rtexit2.o(.ARM.Collect$$rtexit$$00000004))
<BR><BR>[Calls]<UL><LI><a href="#[c6]">&gt;&gt;</a>&nbsp;&nbsp;&nbsp;_sys_exit
</UL>

<P><STRONG><a name="[b5]"></a>__rt_entry</STRONG> (Thumb, 32 bytes, Stack size 0 bytes, rtx_conf_cm.o(.emb_text))
<BR><BR>[Stack]<UL><LI>Max Depth = 76 + Unknown Stack Size
<LI>Call Chain = __rt_entry &rArr; osKernelInitialize &rArr; svcKernelInitialize &rArr; svcThreadCreate &rArr; rt_tsk_create &rArr; rt_dispatch &rArr; rt_put_prio
</UL>
<BR>[Calls]<UL><LI><a href="#[ca]">&gt;&gt;</a>&nbsp;&nbsp;&nbsp;osThreadCreate
<LI><a href="#[cb]">&gt;&gt;</a>&nbsp;&nbsp;&nbsp;osKernelStart
<LI><a href="#[c9]">&gt;&gt;</a>&nbsp;&nbsp;&nbsp;osKernelInitialize
<LI><a href="#[cc]">&gt;&gt;</a>&nbsp;&nbsp;&nbsp;exit
<LI><a href="#[c7]">&gt;&gt;</a>&nbsp;&nbsp;&nbsp;__user_setup_stackheap
<LI><a href="#[c8]">&gt;&gt;</a>&nbsp;&nbsp;&nbsp;__rt_lib_init
</UL>
<BR>[Called By]<UL><LI><a href="#[b6]">&gt;&gt;</a>&nbsp;&nbsp;&nbsp;__scatterload_rt2
<LI><a href="#[ae]">&gt;&gt;</a>&nbsp;&nbsp;&nbsp;__main
</UL>

<P><STRONG><a name="[2be]"></a>rt_set_PSP</STRONG> (Thumb, 6 bytes, Stack size 0 bytes, hal_cm4.o(.emb_text), UNUSED)

<P><STRONG><a name="[293]"></a>rt_get_PSP</STRONG> (Thumb, 6 bytes, Stack size 0 bytes, hal_cm4.o(.emb_text))
<BR><BR>[Called By]<UL><LI><a href="#[292]">&gt;&gt;</a>&nbsp;&nbsp;&nbsp;rt_tsk_delete
</UL>

<P><STRONG><a name="[2bf]"></a>os_set_env</STRONG> (Thumb, 24 bytes, Stack size 0 bytes, hal_cm4.o(.emb_text), UNUSED)

<P><STRONG><a name="[2c0]"></a>_alloc_box</STRONG> (Thumb, 28 bytes, Stack size 0 bytes, hal_cm4.o(.emb_text), UNUSED)

<P><STRONG><a name="[2c1]"></a>_free_box</STRONG> (Thumb, 28 bytes, Stack size 0 bytes, hal_cm4.o(.emb_text), UNUSED)

<P><STRONG><a name="[d]"></a>SVC_Handler</STRONG> (Thumb, 148 bytes, Stack size 0 bytes, hal_cm4.o(.emb_text))
<BR><BR>[Calls]<UL><LI><a href="#[cd]">&gt;&gt;</a>&nbsp;&nbsp;&nbsp;rt_stk_check
</UL>
<BR>[Address Reference Count : 1]<UL><LI> startup_stm32f407xx.o(RESET)
</UL>
<P><STRONG><a name="[f]"></a>PendSV_Handler</STRONG> (Thumb, 96 bytes, Stack size 0 bytes, hal_cm4.o(.emb_text))
<BR><BR>[Stack]<UL><LI>Max Depth = 56<LI>Call Chain = PendSV_Handler &rArr; rt_pop_req &rArr; rt_mbx_psh &rArr; rt_ret_val2
</UL>
<BR>[Calls]<UL><LI><a href="#[ce]">&gt;&gt;</a>&nbsp;&nbsp;&nbsp;rt_pop_req
<LI><a href="#[cd]">&gt;&gt;</a>&nbsp;&nbsp;&nbsp;rt_stk_check
</UL>
<BR>[Address Reference Count : 1]<UL><LI> startup_stm32f407xx.o(RESET)
</UL>
<P><STRONG><a name="[10]"></a>SysTick_Handler</STRONG> (Thumb, 8 bytes, Stack size 0 bytes, hal_cm4.o(.emb_text))
<BR><BR>[Stack]<UL><LI>Max Depth = 72<LI>Call Chain = SysTick_Handler &rArr; rt_systick &rArr; sysTimerTick &rArr; isrMessagePut &rArr; isr_mbx_send &rArr; rt_psq_enq
</UL>
<BR>[Calls]<UL><LI><a href="#[cf]">&gt;&gt;</a>&nbsp;&nbsp;&nbsp;rt_systick
</UL>
<BR>[Address Reference Count : 1]<UL><LI> startup_stm32f407xx.o(RESET)
</UL>
<P><STRONG><a name="[d0]"></a>OS_Tick_Handler</STRONG> (Thumb, 12 bytes, Stack size 0 bytes, hal_cm4.o(.emb_text), UNUSED)
<BR><BR>[Calls]<UL><LI><a href="#[d1]">&gt;&gt;</a>&nbsp;&nbsp;&nbsp;os_tick_irqack
<LI><a href="#[cf]">&gt;&gt;</a>&nbsp;&nbsp;&nbsp;rt_systick
</UL>

<P><STRONG><a name="[2c2]"></a>_maybe_terminate_alloc</STRONG> (Thumb, 0 bytes, Stack size 16 bytes, maybetermalloc1.o(.emb_text), UNUSED)

<P><STRONG><a name="[f7]"></a>disk_initialize</STRONG> (Thumb, 34 bytes, Stack size 16 bytes, diskio.o(.text))
<BR><BR>[Stack]<UL><LI>Max Depth = 16<LI>Call Chain = disk_initialize
</UL>
<BR>[Called By]<UL><LI><a href="#[113]">&gt;&gt;</a>&nbsp;&nbsp;&nbsp;f_mkfs
<LI><a href="#[f4]">&gt;&gt;</a>&nbsp;&nbsp;&nbsp;find_volume
</UL>

<P><STRONG><a name="[f6]"></a>disk_status</STRONG> (Thumb, 22 bytes, Stack size 16 bytes, diskio.o(.text))
<BR><BR>[Stack]<UL><LI>Max Depth = 16<LI>Call Chain = disk_status
</UL>
<BR>[Called By]<UL><LI><a href="#[f9]">&gt;&gt;</a>&nbsp;&nbsp;&nbsp;validate
<LI><a href="#[f4]">&gt;&gt;</a>&nbsp;&nbsp;&nbsp;find_volume
</UL>

<P><STRONG><a name="[d5]"></a>disk_read</STRONG> (Thumb, 38 bytes, Stack size 24 bytes, diskio.o(.text))
<BR><BR>[Stack]<UL><LI>Max Depth = 24<LI>Call Chain = disk_read
</UL>
<BR>[Called By]<UL><LI><a href="#[107]">&gt;&gt;</a>&nbsp;&nbsp;&nbsp;f_lseek
<LI><a href="#[103]">&gt;&gt;</a>&nbsp;&nbsp;&nbsp;f_write
<LI><a href="#[101]">&gt;&gt;</a>&nbsp;&nbsp;&nbsp;f_read
<LI><a href="#[d4]">&gt;&gt;</a>&nbsp;&nbsp;&nbsp;move_window
</UL>

<P><STRONG><a name="[d3]"></a>disk_write</STRONG> (Thumb, 38 bytes, Stack size 24 bytes, diskio.o(.text))
<BR><BR>[Stack]<UL><LI>Max Depth = 24<LI>Call Chain = disk_write
</UL>
<BR>[Called By]<UL><LI><a href="#[113]">&gt;&gt;</a>&nbsp;&nbsp;&nbsp;f_mkfs
<LI><a href="#[10d]">&gt;&gt;</a>&nbsp;&nbsp;&nbsp;f_truncate
<LI><a href="#[107]">&gt;&gt;</a>&nbsp;&nbsp;&nbsp;f_lseek
<LI><a href="#[104]">&gt;&gt;</a>&nbsp;&nbsp;&nbsp;f_sync
<LI><a href="#[103]">&gt;&gt;</a>&nbsp;&nbsp;&nbsp;f_write
<LI><a href="#[101]">&gt;&gt;</a>&nbsp;&nbsp;&nbsp;f_read
<LI><a href="#[d6]">&gt;&gt;</a>&nbsp;&nbsp;&nbsp;sync_fs
<LI><a href="#[d2]">&gt;&gt;</a>&nbsp;&nbsp;&nbsp;sync_window
</UL>

<P><STRONG><a name="[d8]"></a>disk_ioctl</STRONG> (Thumb, 34 bytes, Stack size 24 bytes, diskio.o(.text))
<BR><BR>[Stack]<UL><LI>Max Depth = 24<LI>Call Chain = disk_ioctl
</UL>
<BR>[Called By]<UL><LI><a href="#[113]">&gt;&gt;</a>&nbsp;&nbsp;&nbsp;f_mkfs
<LI><a href="#[db]">&gt;&gt;</a>&nbsp;&nbsp;&nbsp;remove_chain
<LI><a href="#[d6]">&gt;&gt;</a>&nbsp;&nbsp;&nbsp;sync_fs
</UL>

<P><STRONG><a name="[fe]"></a>get_fattime</STRONG> (Thumb, 4 bytes, Stack size 0 bytes, diskio.o(.text))
<BR><BR>[Called By]<UL><LI><a href="#[113]">&gt;&gt;</a>&nbsp;&nbsp;&nbsp;f_mkfs
<LI><a href="#[10f]">&gt;&gt;</a>&nbsp;&nbsp;&nbsp;f_mkdir
<LI><a href="#[104]">&gt;&gt;</a>&nbsp;&nbsp;&nbsp;f_sync
<LI><a href="#[fb]">&gt;&gt;</a>&nbsp;&nbsp;&nbsp;f_open
</UL>

<P><STRONG><a name="[dc]"></a>clust2sect</STRONG> (Thumb, 32 bytes, Stack size 0 bytes, ff.o(.text))
<BR><BR>[Called By]<UL><LI><a href="#[112]">&gt;&gt;</a>&nbsp;&nbsp;&nbsp;f_rename
<LI><a href="#[10f]">&gt;&gt;</a>&nbsp;&nbsp;&nbsp;f_mkdir
<LI><a href="#[107]">&gt;&gt;</a>&nbsp;&nbsp;&nbsp;f_lseek
<LI><a href="#[103]">&gt;&gt;</a>&nbsp;&nbsp;&nbsp;f_write
<LI><a href="#[101]">&gt;&gt;</a>&nbsp;&nbsp;&nbsp;f_read
<LI><a href="#[df]">&gt;&gt;</a>&nbsp;&nbsp;&nbsp;dir_next
<LI><a href="#[de]">&gt;&gt;</a>&nbsp;&nbsp;&nbsp;dir_sdi
<LI><a href="#[db]">&gt;&gt;</a>&nbsp;&nbsp;&nbsp;remove_chain
</UL>

<P><STRONG><a name="[d9]"></a>get_fat</STRONG> (Thumb, 228 bytes, Stack size 24 bytes, ff.o(.text))
<BR><BR>[Stack]<UL><LI>Max Depth = 80<LI>Call Chain = get_fat &rArr; move_window &rArr; sync_window &rArr; disk_write
</UL>
<BR>[Calls]<UL><LI><a href="#[d4]">&gt;&gt;</a>&nbsp;&nbsp;&nbsp;move_window
</UL>
<BR>[Called By]<UL><LI><a href="#[10d]">&gt;&gt;</a>&nbsp;&nbsp;&nbsp;f_truncate
<LI><a href="#[10c]">&gt;&gt;</a>&nbsp;&nbsp;&nbsp;f_getfree
<LI><a href="#[107]">&gt;&gt;</a>&nbsp;&nbsp;&nbsp;f_lseek
<LI><a href="#[101]">&gt;&gt;</a>&nbsp;&nbsp;&nbsp;f_read
<LI><a href="#[df]">&gt;&gt;</a>&nbsp;&nbsp;&nbsp;dir_next
<LI><a href="#[de]">&gt;&gt;</a>&nbsp;&nbsp;&nbsp;dir_sdi
<LI><a href="#[dd]">&gt;&gt;</a>&nbsp;&nbsp;&nbsp;create_chain
<LI><a href="#[db]">&gt;&gt;</a>&nbsp;&nbsp;&nbsp;remove_chain
</UL>

<P><STRONG><a name="[da]"></a>put_fat</STRONG> (Thumb, 310 bytes, Stack size 32 bytes, ff.o(.text))
<BR><BR>[Stack]<UL><LI>Max Depth = 88<LI>Call Chain = put_fat &rArr; move_window &rArr; sync_window &rArr; disk_write
</UL>
<BR>[Calls]<UL><LI><a href="#[d4]">&gt;&gt;</a>&nbsp;&nbsp;&nbsp;move_window
</UL>
<BR>[Called By]<UL><LI><a href="#[10d]">&gt;&gt;</a>&nbsp;&nbsp;&nbsp;f_truncate
<LI><a href="#[dd]">&gt;&gt;</a>&nbsp;&nbsp;&nbsp;create_chain
<LI><a href="#[db]">&gt;&gt;</a>&nbsp;&nbsp;&nbsp;remove_chain
</UL>

<P><STRONG><a name="[e3]"></a>gen_numname</STRONG> (Thumb, 168 bytes, Stack size 40 bytes, ff.o(.text))
<BR><BR>[Stack]<UL><LI>Max Depth = 56<LI>Call Chain = gen_numname &rArr; mem_cpy
</UL>
<BR>[Calls]<UL><LI><a href="#[e4]">&gt;&gt;</a>&nbsp;&nbsp;&nbsp;mem_cpy
</UL>
<BR>[Called By]<UL><LI><a href="#[ea]">&gt;&gt;</a>&nbsp;&nbsp;&nbsp;dir_register
</UL>

<P><STRONG><a name="[fa]"></a>f_mount</STRONG> (Thumb, 96 bytes, Stack size 40 bytes, ff.o(.text))
<BR><BR>[Stack]<UL><LI>Max Depth = 192<LI>Call Chain = f_mount &rArr; find_volume &rArr; check_fs &rArr; move_window &rArr; sync_window &rArr; disk_write
</UL>
<BR>[Calls]<UL><LI><a href="#[f4]">&gt;&gt;</a>&nbsp;&nbsp;&nbsp;find_volume
<LI><a href="#[f5]">&gt;&gt;</a>&nbsp;&nbsp;&nbsp;get_ldnumber
<LI><a href="#[f8]">&gt;&gt;</a>&nbsp;&nbsp;&nbsp;clear_lock
</UL>
<BR>[Called By]<UL><LI><a href="#[11e]">&gt;&gt;</a>&nbsp;&nbsp;&nbsp;BSP_SD_MountCardDetect
<LI><a href="#[14b]">&gt;&gt;</a>&nbsp;&nbsp;&nbsp;StorageDisconnect
</UL>

<P><STRONG><a name="[fb]"></a>f_open</STRONG> (Thumb, 448 bytes, Stack size 608 bytes, ff.o(.text))
<BR><BR>[Stack]<UL><LI>Max Depth = 832<LI>Call Chain = f_open &rArr; dir_register &rArr; dir_find &rArr; dir_next &rArr; create_chain &rArr; put_fat &rArr; move_window &rArr; sync_window &rArr; disk_write
</UL>
<BR>[Calls]<UL><LI><a href="#[f4]">&gt;&gt;</a>&nbsp;&nbsp;&nbsp;find_volume
<LI><a href="#[f1]">&gt;&gt;</a>&nbsp;&nbsp;&nbsp;follow_path
<LI><a href="#[ea]">&gt;&gt;</a>&nbsp;&nbsp;&nbsp;dir_register
<LI><a href="#[ff]">&gt;&gt;</a>&nbsp;&nbsp;&nbsp;st_clust
<LI><a href="#[f2]">&gt;&gt;</a>&nbsp;&nbsp;&nbsp;ld_clust
<LI><a href="#[db]">&gt;&gt;</a>&nbsp;&nbsp;&nbsp;remove_chain
<LI><a href="#[d4]">&gt;&gt;</a>&nbsp;&nbsp;&nbsp;move_window
<LI><a href="#[100]">&gt;&gt;</a>&nbsp;&nbsp;&nbsp;inc_lock
<LI><a href="#[fd]">&gt;&gt;</a>&nbsp;&nbsp;&nbsp;enq_lock
<LI><a href="#[fc]">&gt;&gt;</a>&nbsp;&nbsp;&nbsp;chk_lock
<LI><a href="#[fe]">&gt;&gt;</a>&nbsp;&nbsp;&nbsp;get_fattime
</UL>
<BR>[Called By]<UL><LI><a href="#[14a]">&gt;&gt;</a>&nbsp;&nbsp;&nbsp;StorageWriteLn
</UL>

<P><STRONG><a name="[101]"></a>f_read</STRONG> (Thumb, 528 bytes, Stack size 64 bytes, ff.o(.text), UNUSED)
<BR><BR>[Calls]<UL><LI><a href="#[d9]">&gt;&gt;</a>&nbsp;&nbsp;&nbsp;get_fat
<LI><a href="#[dc]">&gt;&gt;</a>&nbsp;&nbsp;&nbsp;clust2sect
<LI><a href="#[f9]">&gt;&gt;</a>&nbsp;&nbsp;&nbsp;validate
<LI><a href="#[102]">&gt;&gt;</a>&nbsp;&nbsp;&nbsp;clmt_clust
<LI><a href="#[e4]">&gt;&gt;</a>&nbsp;&nbsp;&nbsp;mem_cpy
<LI><a href="#[d3]">&gt;&gt;</a>&nbsp;&nbsp;&nbsp;disk_write
<LI><a href="#[d5]">&gt;&gt;</a>&nbsp;&nbsp;&nbsp;disk_read
</UL>
<BR>[Called By]<UL><LI><a href="#[114]">&gt;&gt;</a>&nbsp;&nbsp;&nbsp;f_gets
</UL>

<P><STRONG><a name="[103]"></a>f_write</STRONG> (Thumb, 604 bytes, Stack size 64 bytes, ff.o(.text))
<BR><BR>[Stack]<UL><LI>Max Depth = 184<LI>Call Chain = f_write &rArr; create_chain &rArr; put_fat &rArr; move_window &rArr; sync_window &rArr; disk_write
</UL>
<BR>[Calls]<UL><LI><a href="#[dc]">&gt;&gt;</a>&nbsp;&nbsp;&nbsp;clust2sect
<LI><a href="#[f9]">&gt;&gt;</a>&nbsp;&nbsp;&nbsp;validate
<LI><a href="#[102]">&gt;&gt;</a>&nbsp;&nbsp;&nbsp;clmt_clust
<LI><a href="#[dd]">&gt;&gt;</a>&nbsp;&nbsp;&nbsp;create_chain
<LI><a href="#[e4]">&gt;&gt;</a>&nbsp;&nbsp;&nbsp;mem_cpy
<LI><a href="#[d3]">&gt;&gt;</a>&nbsp;&nbsp;&nbsp;disk_write
<LI><a href="#[d5]">&gt;&gt;</a>&nbsp;&nbsp;&nbsp;disk_read
</UL>
<BR>[Called By]<UL><LI><a href="#[118]">&gt;&gt;</a>&nbsp;&nbsp;&nbsp;f_printf
<LI><a href="#[117]">&gt;&gt;</a>&nbsp;&nbsp;&nbsp;f_puts
<LI><a href="#[116]">&gt;&gt;</a>&nbsp;&nbsp;&nbsp;f_putc
<LI><a href="#[115]">&gt;&gt;</a>&nbsp;&nbsp;&nbsp;putc_bfd
<LI><a href="#[14a]">&gt;&gt;</a>&nbsp;&nbsp;&nbsp;StorageWriteLn
</UL>

<P><STRONG><a name="[104]"></a>f_sync</STRONG> (Thumb, 202 bytes, Stack size 24 bytes, ff.o(.text))
<BR><BR>[Stack]<UL><LI>Max Depth = 80<LI>Call Chain = f_sync &rArr; sync_fs &rArr; sync_window &rArr; disk_write
</UL>
<BR>[Calls]<UL><LI><a href="#[f9]">&gt;&gt;</a>&nbsp;&nbsp;&nbsp;validate
<LI><a href="#[ff]">&gt;&gt;</a>&nbsp;&nbsp;&nbsp;st_clust
<LI><a href="#[d6]">&gt;&gt;</a>&nbsp;&nbsp;&nbsp;sync_fs
<LI><a href="#[d4]">&gt;&gt;</a>&nbsp;&nbsp;&nbsp;move_window
<LI><a href="#[fe]">&gt;&gt;</a>&nbsp;&nbsp;&nbsp;get_fattime
<LI><a href="#[d3]">&gt;&gt;</a>&nbsp;&nbsp;&nbsp;disk_write
</UL>
<BR>[Called By]<UL><LI><a href="#[105]">&gt;&gt;</a>&nbsp;&nbsp;&nbsp;f_close
<LI><a href="#[14a]">&gt;&gt;</a>&nbsp;&nbsp;&nbsp;StorageWriteLn
</UL>

<P><STRONG><a name="[105]"></a>f_close</STRONG> (Thumb, 46 bytes, Stack size 16 bytes, ff.o(.text))
<BR><BR>[Stack]<UL><LI>Max Depth = 96<LI>Call Chain = f_close &rArr; f_sync &rArr; sync_fs &rArr; sync_window &rArr; disk_write
</UL>
<BR>[Calls]<UL><LI><a href="#[104]">&gt;&gt;</a>&nbsp;&nbsp;&nbsp;f_sync
<LI><a href="#[f9]">&gt;&gt;</a>&nbsp;&nbsp;&nbsp;validate
<LI><a href="#[106]">&gt;&gt;</a>&nbsp;&nbsp;&nbsp;dec_lock
</UL>
<BR>[Called By]<UL><LI><a href="#[14a]">&gt;&gt;</a>&nbsp;&nbsp;&nbsp;StorageWriteLn
</UL>

<P><STRONG><a name="[107]"></a>f_lseek</STRONG> (Thumb, 804 bytes, Stack size 48 bytes, ff.o(.text))
<BR><BR>[Stack]<UL><LI>Max Depth = 168<LI>Call Chain = f_lseek &rArr; create_chain &rArr; put_fat &rArr; move_window &rArr; sync_window &rArr; disk_write
</UL>
<BR>[Calls]<UL><LI><a href="#[d9]">&gt;&gt;</a>&nbsp;&nbsp;&nbsp;get_fat
<LI><a href="#[dc]">&gt;&gt;</a>&nbsp;&nbsp;&nbsp;clust2sect
<LI><a href="#[f9]">&gt;&gt;</a>&nbsp;&nbsp;&nbsp;validate
<LI><a href="#[102]">&gt;&gt;</a>&nbsp;&nbsp;&nbsp;clmt_clust
<LI><a href="#[dd]">&gt;&gt;</a>&nbsp;&nbsp;&nbsp;create_chain
<LI><a href="#[d3]">&gt;&gt;</a>&nbsp;&nbsp;&nbsp;disk_write
<LI><a href="#[d5]">&gt;&gt;</a>&nbsp;&nbsp;&nbsp;disk_read
</UL>
<BR>[Called By]<UL><LI><a href="#[14a]">&gt;&gt;</a>&nbsp;&nbsp;&nbsp;StorageWriteLn
</UL>

<P><STRONG><a name="[108]"></a>f_opendir</STRONG> (Thumb, 172 bytes, Stack size 40 bytes, ff.o(.text), UNUSED)
<BR><BR>[Calls]<UL><LI><a href="#[f4]">&gt;&gt;</a>&nbsp;&nbsp;&nbsp;find_volume
<LI><a href="#[f1]">&gt;&gt;</a>&nbsp;&nbsp;&nbsp;follow_path
<LI><a href="#[f2]">&gt;&gt;</a>&nbsp;&nbsp;&nbsp;ld_clust
<LI><a href="#[de]">&gt;&gt;</a>&nbsp;&nbsp;&nbsp;dir_sdi
<LI><a href="#[100]">&gt;&gt;</a>&nbsp;&nbsp;&nbsp;inc_lock
</UL>

<P><STRONG><a name="[109]"></a>f_closedir</STRONG> (Thumb, 42 bytes, Stack size 16 bytes, ff.o(.text), UNUSED)
<BR><BR>[Calls]<UL><LI><a href="#[f9]">&gt;&gt;</a>&nbsp;&nbsp;&nbsp;validate
<LI><a href="#[106]">&gt;&gt;</a>&nbsp;&nbsp;&nbsp;dec_lock
</UL>

<P><STRONG><a name="[10a]"></a>f_readdir</STRONG> (Thumb, 98 bytes, Stack size 32 bytes, ff.o(.text), UNUSED)
<BR><BR>[Calls]<UL><LI><a href="#[f9]">&gt;&gt;</a>&nbsp;&nbsp;&nbsp;validate
<LI><a href="#[f0]">&gt;&gt;</a>&nbsp;&nbsp;&nbsp;get_fileinfo
<LI><a href="#[e8]">&gt;&gt;</a>&nbsp;&nbsp;&nbsp;dir_read
<LI><a href="#[df]">&gt;&gt;</a>&nbsp;&nbsp;&nbsp;dir_next
<LI><a href="#[de]">&gt;&gt;</a>&nbsp;&nbsp;&nbsp;dir_sdi
</UL>

<P><STRONG><a name="[10b]"></a>f_stat</STRONG> (Thumb, 68 bytes, Stack size 584 bytes, ff.o(.text))
<BR><BR>[Stack]<UL><LI>Max Depth = 792<LI>Call Chain = f_stat &rArr; follow_path &rArr; dir_find &rArr; dir_next &rArr; create_chain &rArr; put_fat &rArr; move_window &rArr; sync_window &rArr; disk_write
</UL>
<BR>[Calls]<UL><LI><a href="#[f4]">&gt;&gt;</a>&nbsp;&nbsp;&nbsp;find_volume
<LI><a href="#[f1]">&gt;&gt;</a>&nbsp;&nbsp;&nbsp;follow_path
<LI><a href="#[f0]">&gt;&gt;</a>&nbsp;&nbsp;&nbsp;get_fileinfo
</UL>
<BR>[Called By]<UL><LI><a href="#[14a]">&gt;&gt;</a>&nbsp;&nbsp;&nbsp;StorageWriteLn
</UL>

<P><STRONG><a name="[10c]"></a>f_getfree</STRONG> (Thumb, 274 bytes, Stack size 56 bytes, ff.o(.text), UNUSED)
<BR><BR>[Calls]<UL><LI><a href="#[d9]">&gt;&gt;</a>&nbsp;&nbsp;&nbsp;get_fat
<LI><a href="#[f4]">&gt;&gt;</a>&nbsp;&nbsp;&nbsp;find_volume
<LI><a href="#[d4]">&gt;&gt;</a>&nbsp;&nbsp;&nbsp;move_window
</UL>

<P><STRONG><a name="[10d]"></a>f_truncate</STRONG> (Thumb, 236 bytes, Stack size 16 bytes, ff.o(.text), UNUSED)
<BR><BR>[Calls]<UL><LI><a href="#[da]">&gt;&gt;</a>&nbsp;&nbsp;&nbsp;put_fat
<LI><a href="#[d9]">&gt;&gt;</a>&nbsp;&nbsp;&nbsp;get_fat
<LI><a href="#[f9]">&gt;&gt;</a>&nbsp;&nbsp;&nbsp;validate
<LI><a href="#[db]">&gt;&gt;</a>&nbsp;&nbsp;&nbsp;remove_chain
<LI><a href="#[d3]">&gt;&gt;</a>&nbsp;&nbsp;&nbsp;disk_write
</UL>

<P><STRONG><a name="[10e]"></a>f_unlink</STRONG> (Thumb, 216 bytes, Stack size 1136 bytes, ff.o(.text), UNUSED)
<BR><BR>[Calls]<UL><LI><a href="#[f4]">&gt;&gt;</a>&nbsp;&nbsp;&nbsp;find_volume
<LI><a href="#[f1]">&gt;&gt;</a>&nbsp;&nbsp;&nbsp;follow_path
<LI><a href="#[ec]">&gt;&gt;</a>&nbsp;&nbsp;&nbsp;dir_remove
<LI><a href="#[e8]">&gt;&gt;</a>&nbsp;&nbsp;&nbsp;dir_read
<LI><a href="#[f2]">&gt;&gt;</a>&nbsp;&nbsp;&nbsp;ld_clust
<LI><a href="#[de]">&gt;&gt;</a>&nbsp;&nbsp;&nbsp;dir_sdi
<LI><a href="#[db]">&gt;&gt;</a>&nbsp;&nbsp;&nbsp;remove_chain
<LI><a href="#[d6]">&gt;&gt;</a>&nbsp;&nbsp;&nbsp;sync_fs
<LI><a href="#[fc]">&gt;&gt;</a>&nbsp;&nbsp;&nbsp;chk_lock
<LI><a href="#[e4]">&gt;&gt;</a>&nbsp;&nbsp;&nbsp;mem_cpy
</UL>

<P><STRONG><a name="[10f]"></a>f_mkdir</STRONG> (Thumb, 362 bytes, Stack size 600 bytes, ff.o(.text), UNUSED)
<BR><BR>[Calls]<UL><LI><a href="#[dc]">&gt;&gt;</a>&nbsp;&nbsp;&nbsp;clust2sect
<LI><a href="#[f4]">&gt;&gt;</a>&nbsp;&nbsp;&nbsp;find_volume
<LI><a href="#[f1]">&gt;&gt;</a>&nbsp;&nbsp;&nbsp;follow_path
<LI><a href="#[ea]">&gt;&gt;</a>&nbsp;&nbsp;&nbsp;dir_register
<LI><a href="#[ff]">&gt;&gt;</a>&nbsp;&nbsp;&nbsp;st_clust
<LI><a href="#[dd]">&gt;&gt;</a>&nbsp;&nbsp;&nbsp;create_chain
<LI><a href="#[db]">&gt;&gt;</a>&nbsp;&nbsp;&nbsp;remove_chain
<LI><a href="#[d6]">&gt;&gt;</a>&nbsp;&nbsp;&nbsp;sync_fs
<LI><a href="#[d2]">&gt;&gt;</a>&nbsp;&nbsp;&nbsp;sync_window
<LI><a href="#[d7]">&gt;&gt;</a>&nbsp;&nbsp;&nbsp;mem_set
<LI><a href="#[e4]">&gt;&gt;</a>&nbsp;&nbsp;&nbsp;mem_cpy
<LI><a href="#[fe]">&gt;&gt;</a>&nbsp;&nbsp;&nbsp;get_fattime
</UL>

<P><STRONG><a name="[110]"></a>f_chmod</STRONG> (Thumb, 94 bytes, Stack size 600 bytes, ff.o(.text), UNUSED)
<BR><BR>[Calls]<UL><LI><a href="#[f4]">&gt;&gt;</a>&nbsp;&nbsp;&nbsp;find_volume
<LI><a href="#[f1]">&gt;&gt;</a>&nbsp;&nbsp;&nbsp;follow_path
<LI><a href="#[d6]">&gt;&gt;</a>&nbsp;&nbsp;&nbsp;sync_fs
</UL>

<P><STRONG><a name="[111]"></a>f_utime</STRONG> (Thumb, 96 bytes, Stack size 592 bytes, ff.o(.text), UNUSED)
<BR><BR>[Calls]<UL><LI><a href="#[f4]">&gt;&gt;</a>&nbsp;&nbsp;&nbsp;find_volume
<LI><a href="#[f1]">&gt;&gt;</a>&nbsp;&nbsp;&nbsp;follow_path
<LI><a href="#[d6]">&gt;&gt;</a>&nbsp;&nbsp;&nbsp;sync_fs
</UL>

<P><STRONG><a name="[112]"></a>f_rename</STRONG> (Thumb, 342 bytes, Stack size 1176 bytes, ff.o(.text), UNUSED)
<BR><BR>[Calls]<UL><LI><a href="#[dc]">&gt;&gt;</a>&nbsp;&nbsp;&nbsp;clust2sect
<LI><a href="#[f4]">&gt;&gt;</a>&nbsp;&nbsp;&nbsp;find_volume
<LI><a href="#[f1]">&gt;&gt;</a>&nbsp;&nbsp;&nbsp;follow_path
<LI><a href="#[ec]">&gt;&gt;</a>&nbsp;&nbsp;&nbsp;dir_remove
<LI><a href="#[ea]">&gt;&gt;</a>&nbsp;&nbsp;&nbsp;dir_register
<LI><a href="#[ff]">&gt;&gt;</a>&nbsp;&nbsp;&nbsp;st_clust
<LI><a href="#[f2]">&gt;&gt;</a>&nbsp;&nbsp;&nbsp;ld_clust
<LI><a href="#[d6]">&gt;&gt;</a>&nbsp;&nbsp;&nbsp;sync_fs
<LI><a href="#[d4]">&gt;&gt;</a>&nbsp;&nbsp;&nbsp;move_window
<LI><a href="#[fc]">&gt;&gt;</a>&nbsp;&nbsp;&nbsp;chk_lock
<LI><a href="#[e4]">&gt;&gt;</a>&nbsp;&nbsp;&nbsp;mem_cpy
</UL>

<P><STRONG><a name="[113]"></a>f_mkfs</STRONG> (Thumb, 1644 bytes, Stack size 120 bytes, ff.o(.text), UNUSED)
<BR><BR>[Calls]<UL><LI><a href="#[f5]">&gt;&gt;</a>&nbsp;&nbsp;&nbsp;get_ldnumber
<LI><a href="#[d7]">&gt;&gt;</a>&nbsp;&nbsp;&nbsp;mem_set
<LI><a href="#[e4]">&gt;&gt;</a>&nbsp;&nbsp;&nbsp;mem_cpy
<LI><a href="#[fe]">&gt;&gt;</a>&nbsp;&nbsp;&nbsp;get_fattime
<LI><a href="#[d8]">&gt;&gt;</a>&nbsp;&nbsp;&nbsp;disk_ioctl
<LI><a href="#[d3]">&gt;&gt;</a>&nbsp;&nbsp;&nbsp;disk_write
<LI><a href="#[f7]">&gt;&gt;</a>&nbsp;&nbsp;&nbsp;disk_initialize
</UL>

<P><STRONG><a name="[114]"></a>f_gets</STRONG> (Thumb, 86 bytes, Stack size 40 bytes, ff.o(.text), UNUSED)
<BR><BR>[Calls]<UL><LI><a href="#[101]">&gt;&gt;</a>&nbsp;&nbsp;&nbsp;f_read
</UL>

<P><STRONG><a name="[116]"></a>f_putc</STRONG> (Thumb, 64 bytes, Stack size 96 bytes, ff.o(.text), UNUSED)
<BR><BR>[Calls]<UL><LI><a href="#[103]">&gt;&gt;</a>&nbsp;&nbsp;&nbsp;f_write
<LI><a href="#[115]">&gt;&gt;</a>&nbsp;&nbsp;&nbsp;putc_bfd
</UL>

<P><STRONG><a name="[117]"></a>f_puts</STRONG> (Thumb, 74 bytes, Stack size 96 bytes, ff.o(.text), UNUSED)
<BR><BR>[Calls]<UL><LI><a href="#[103]">&gt;&gt;</a>&nbsp;&nbsp;&nbsp;f_write
<LI><a href="#[115]">&gt;&gt;</a>&nbsp;&nbsp;&nbsp;putc_bfd
</UL>

<P><STRONG><a name="[118]"></a>f_printf</STRONG> (Thumb, 628 bytes, Stack size 160 bytes, ff.o(.text), UNUSED)
<BR><BR>[Calls]<UL><LI><a href="#[103]">&gt;&gt;</a>&nbsp;&nbsp;&nbsp;f_write
<LI><a href="#[115]">&gt;&gt;</a>&nbsp;&nbsp;&nbsp;putc_bfd
</UL>

<P><STRONG><a name="[14e]"></a>FATFS_LinkDriver</STRONG> (Thumb, 70 bytes, Stack size 16 bytes, ff_gen_drv.o(.text))
<BR><BR>[Stack]<UL><LI>Max Depth = 16<LI>Call Chain = FATFS_LinkDriver
</UL>
<BR>[Called By]<UL><LI><a href="#[148]">&gt;&gt;</a>&nbsp;&nbsp;&nbsp;StorageConnect
</UL>

<P><STRONG><a name="[14f]"></a>FATFS_UnLinkDriver</STRONG> (Thumb, 54 bytes, Stack size 16 bytes, ff_gen_drv.o(.text))
<BR><BR>[Stack]<UL><LI>Max Depth = 16<LI>Call Chain = FATFS_UnLinkDriver
</UL>
<BR>[Called By]<UL><LI><a href="#[14b]">&gt;&gt;</a>&nbsp;&nbsp;&nbsp;StorageDisconnect
</UL>

<P><STRONG><a name="[2c3]"></a>FATFS_GetAttachedDriversNbr</STRONG> (Thumb, 6 bytes, Stack size 0 bytes, ff_gen_drv.o(.text), UNUSED)

<P><STRONG><a name="[a8]"></a>SD_initialize</STRONG> (Thumb, 32 bytes, Stack size 8 bytes, sd_diskio.o(.text))
<BR><BR>[Stack]<UL><LI>Max Depth = 196<LI>Call Chain = SD_initialize &rArr; BSP_SD_Init &rArr; SD_GoIdleState &rArr; SD_SendCmd &rArr; SD_IO_WriteCmd &rArr; SD_IO_WaitResponse &rArr; SD_IO_ReadByte &rArr; SPIx_Read &rArr; SPIx_Error &rArr; SPIx_Init &rArr; SPIx_MspInit &rArr; HAL_GPIO_Init
</UL>
<BR>[Calls]<UL><LI><a href="#[119]">&gt;&gt;</a>&nbsp;&nbsp;&nbsp;BSP_SD_Init
</UL>
<BR>[Address Reference Count : 1]<UL><LI> sd_diskio.o(.data)
</UL>
<P><STRONG><a name="[a9]"></a>SD_status</STRONG> (Thumb, 32 bytes, Stack size 8 bytes, sd_diskio.o(.text))
<BR><BR>[Stack]<UL><LI>Max Depth = 188<LI>Call Chain = SD_status &rArr; BSP_SD_GetStatus &rArr; SD_SendCmd &rArr; SD_IO_WriteCmd &rArr; SD_IO_WaitResponse &rArr; SD_IO_ReadByte &rArr; SPIx_Read &rArr; SPIx_Error &rArr; SPIx_Init &rArr; SPIx_MspInit &rArr; HAL_GPIO_Init
</UL>
<BR>[Calls]<UL><LI><a href="#[11a]">&gt;&gt;</a>&nbsp;&nbsp;&nbsp;BSP_SD_GetStatus
</UL>
<BR>[Address Reference Count : 1]<UL><LI> sd_diskio.o(.data)
</UL>
<P><STRONG><a name="[aa]"></a>SD_read</STRONG> (Thumb, 36 bytes, Stack size 24 bytes, sd_diskio.o(.text))
<BR><BR>[Stack]<UL><LI>Max Depth = 212<LI>Call Chain = SD_read &rArr; BSP_SD_ReadBlocks &rArr; SD_IO_WriteCmd &rArr; SD_IO_WaitResponse &rArr; SD_IO_ReadByte &rArr; SPIx_Read &rArr; SPIx_Error &rArr; SPIx_Init &rArr; SPIx_MspInit &rArr; HAL_GPIO_Init
</UL>
<BR>[Calls]<UL><LI><a href="#[11b]">&gt;&gt;</a>&nbsp;&nbsp;&nbsp;BSP_SD_ReadBlocks
</UL>
<BR>[Address Reference Count : 1]<UL><LI> sd_diskio.o(.data)
</UL>
<P><STRONG><a name="[ab]"></a>SD_write</STRONG> (Thumb, 36 bytes, Stack size 24 bytes, sd_diskio.o(.text))
<BR><BR>[Stack]<UL><LI>Max Depth = 212<LI>Call Chain = SD_write &rArr; BSP_SD_WriteBlocks &rArr; SD_IO_WriteCmd &rArr; SD_IO_WaitResponse &rArr; SD_IO_ReadByte &rArr; SPIx_Read &rArr; SPIx_Error &rArr; SPIx_Init &rArr; SPIx_MspInit &rArr; HAL_GPIO_Init
</UL>
<BR>[Calls]<UL><LI><a href="#[11c]">&gt;&gt;</a>&nbsp;&nbsp;&nbsp;BSP_SD_WriteBlocks
</UL>
<BR>[Address Reference Count : 1]<UL><LI> sd_diskio.o(.data)
</UL>
<P><STRONG><a name="[ac]"></a>SD_ioctl</STRONG> (Thumb, 90 bytes, Stack size 96 bytes, sd_diskio.o(.text))
<BR><BR>[Stack]<UL><LI>Max Depth = 292<LI>Call Chain = SD_ioctl &rArr; BSP_SD_GetCardInfo &rArr; SD_GetCSDRegister &rArr; SD_IO_WriteCmd &rArr; SD_IO_WaitResponse &rArr; SD_IO_ReadByte &rArr; SPIx_Read &rArr; SPIx_Error &rArr; SPIx_Init &rArr; SPIx_MspInit &rArr; HAL_GPIO_Init
</UL>
<BR>[Calls]<UL><LI><a href="#[11d]">&gt;&gt;</a>&nbsp;&nbsp;&nbsp;BSP_SD_GetCardInfo
</UL>
<BR>[Address Reference Count : 1]<UL><LI> sd_diskio.o(.data)
</UL>
<P><STRONG><a name="[11e]"></a>BSP_SD_MountCardDetect</STRONG> (Thumb, 60 bytes, Stack size 8 bytes, stm32_bsp_sd.o(.text))
<BR><BR>[Stack]<UL><LI>Max Depth = 200<LI>Call Chain = BSP_SD_MountCardDetect &rArr; f_mount &rArr; find_volume &rArr; check_fs &rArr; move_window &rArr; sync_window &rArr; disk_write
</UL>
<BR>[Calls]<UL><LI><a href="#[11f]">&gt;&gt;</a>&nbsp;&nbsp;&nbsp;HAL_GPIO_ReadPin
<LI><a href="#[fa]">&gt;&gt;</a>&nbsp;&nbsp;&nbsp;f_mount
</UL>
<BR>[Called By]<UL><LI><a href="#[156]">&gt;&gt;</a>&nbsp;&nbsp;&nbsp;HAL_GPIO_EXTI_Callback
<LI><a href="#[148]">&gt;&gt;</a>&nbsp;&nbsp;&nbsp;StorageConnect
</UL>

<P><STRONG><a name="[119]"></a>BSP_SD_Init</STRONG> (Thumb, 34 bytes, Stack size 8 bytes, stm32_bsp_sd.o(.text))
<BR><BR>[Stack]<UL><LI>Max Depth = 188<LI>Call Chain = BSP_SD_Init &rArr; SD_GoIdleState &rArr; SD_SendCmd &rArr; SD_IO_WriteCmd &rArr; SD_IO_WaitResponse &rArr; SD_IO_ReadByte &rArr; SPIx_Read &rArr; SPIx_Error &rArr; SPIx_Init &rArr; SPIx_MspInit &rArr; HAL_GPIO_Init
</UL>
<BR>[Calls]<UL><LI><a href="#[124]">&gt;&gt;</a>&nbsp;&nbsp;&nbsp;SD_IO_Init
<LI><a href="#[123]">&gt;&gt;</a>&nbsp;&nbsp;&nbsp;SD_GoIdleState
</UL>
<BR>[Called By]<UL><LI><a href="#[a8]">&gt;&gt;</a>&nbsp;&nbsp;&nbsp;SD_initialize
</UL>

<P><STRONG><a name="[11d]"></a>BSP_SD_GetCardInfo</STRONG> (Thumb, 94 bytes, Stack size 16 bytes, stm32_bsp_sd.o(.text))
<BR><BR>[Stack]<UL><LI>Max Depth = 196<LI>Call Chain = BSP_SD_GetCardInfo &rArr; SD_GetCSDRegister &rArr; SD_IO_WriteCmd &rArr; SD_IO_WaitResponse &rArr; SD_IO_ReadByte &rArr; SPIx_Read &rArr; SPIx_Error &rArr; SPIx_Init &rArr; SPIx_MspInit &rArr; HAL_GPIO_Init
</UL>
<BR>[Calls]<UL><LI><a href="#[129]">&gt;&gt;</a>&nbsp;&nbsp;&nbsp;SD_GetCSDRegister
<LI><a href="#[125]">&gt;&gt;</a>&nbsp;&nbsp;&nbsp;SD_GetCIDRegister
</UL>
<BR>[Called By]<UL><LI><a href="#[ac]">&gt;&gt;</a>&nbsp;&nbsp;&nbsp;SD_ioctl
<LI><a href="#[149]">&gt;&gt;</a>&nbsp;&nbsp;&nbsp;StorageGetInfo
</UL>

<P><STRONG><a name="[11b]"></a>BSP_SD_ReadBlocks</STRONG> (Thumb, 152 bytes, Stack size 40 bytes, stm32_bsp_sd.o(.text))
<BR><BR>[Stack]<UL><LI>Max Depth = 188<LI>Call Chain = BSP_SD_ReadBlocks &rArr; SD_IO_WriteCmd &rArr; SD_IO_WaitResponse &rArr; SD_IO_ReadByte &rArr; SPIx_Read &rArr; SPIx_Error &rArr; SPIx_Init &rArr; SPIx_MspInit &rArr; HAL_GPIO_Init
</UL>
<BR>[Calls]<UL><LI><a href="#[128]">&gt;&gt;</a>&nbsp;&nbsp;&nbsp;SD_IO_WriteDummy
<LI><a href="#[121]">&gt;&gt;</a>&nbsp;&nbsp;&nbsp;SD_IO_WriteCmd
<LI><a href="#[122]">&gt;&gt;</a>&nbsp;&nbsp;&nbsp;SD_IO_WriteByte
<LI><a href="#[126]">&gt;&gt;</a>&nbsp;&nbsp;&nbsp;SD_IO_WaitResponse
<LI><a href="#[127]">&gt;&gt;</a>&nbsp;&nbsp;&nbsp;SD_IO_ReadByte
</UL>
<BR>[Called By]<UL><LI><a href="#[aa]">&gt;&gt;</a>&nbsp;&nbsp;&nbsp;SD_read
</UL>

<P><STRONG><a name="[11c]"></a>BSP_SD_WriteBlocks</STRONG> (Thumb, 140 bytes, Stack size 40 bytes, stm32_bsp_sd.o(.text))
<BR><BR>[Stack]<UL><LI>Max Depth = 188<LI>Call Chain = BSP_SD_WriteBlocks &rArr; SD_IO_WriteCmd &rArr; SD_IO_WaitResponse &rArr; SD_IO_ReadByte &rArr; SPIx_Read &rArr; SPIx_Error &rArr; SPIx_Init &rArr; SPIx_MspInit &rArr; HAL_GPIO_Init
</UL>
<BR>[Calls]<UL><LI><a href="#[128]">&gt;&gt;</a>&nbsp;&nbsp;&nbsp;SD_IO_WriteDummy
<LI><a href="#[121]">&gt;&gt;</a>&nbsp;&nbsp;&nbsp;SD_IO_WriteCmd
<LI><a href="#[122]">&gt;&gt;</a>&nbsp;&nbsp;&nbsp;SD_IO_WriteByte
<LI><a href="#[127]">&gt;&gt;</a>&nbsp;&nbsp;&nbsp;SD_IO_ReadByte
<LI><a href="#[12a]">&gt;&gt;</a>&nbsp;&nbsp;&nbsp;SD_GetDataResponse
</UL>
<BR>[Called By]<UL><LI><a href="#[ab]">&gt;&gt;</a>&nbsp;&nbsp;&nbsp;SD_write
</UL>

<P><STRONG><a name="[11a]"></a>BSP_SD_GetStatus</STRONG> (Thumb, 44 bytes, Stack size 8 bytes, stm32_bsp_sd.o(.text))
<BR><BR>[Stack]<UL><LI>Max Depth = 180<LI>Call Chain = BSP_SD_GetStatus &rArr; SD_SendCmd &rArr; SD_IO_WriteCmd &rArr; SD_IO_WaitResponse &rArr; SD_IO_ReadByte &rArr; SPIx_Read &rArr; SPIx_Error &rArr; SPIx_Init &rArr; SPIx_MspInit &rArr; HAL_GPIO_Init
</UL>
<BR>[Calls]<UL><LI><a href="#[128]">&gt;&gt;</a>&nbsp;&nbsp;&nbsp;SD_IO_WriteDummy
<LI><a href="#[127]">&gt;&gt;</a>&nbsp;&nbsp;&nbsp;SD_IO_ReadByte
<LI><a href="#[120]">&gt;&gt;</a>&nbsp;&nbsp;&nbsp;SD_SendCmd
</UL>
<BR>[Called By]<UL><LI><a href="#[a9]">&gt;&gt;</a>&nbsp;&nbsp;&nbsp;SD_status
</UL>

<P><STRONG><a name="[12b]"></a>BSP_SD_Erase</STRONG> (Thumb, 68 bytes, Stack size 16 bytes, stm32_bsp_sd.o(.text), UNUSED)
<BR><BR>[Calls]<UL><LI><a href="#[126]">&gt;&gt;</a>&nbsp;&nbsp;&nbsp;SD_IO_WaitResponse
<LI><a href="#[120]">&gt;&gt;</a>&nbsp;&nbsp;&nbsp;SD_SendCmd
</UL>

<P><STRONG><a name="[2c4]"></a>BSP_GetVersion</STRONG> (Thumb, 4 bytes, Stack size 0 bytes, stm32f4xx_sd_io.o(.text), UNUSED)

<P><STRONG><a name="[122]"></a>SD_IO_WriteByte</STRONG> (Thumb, 12 bytes, Stack size 8 bytes, stm32f4xx_sd_io.o(.text))
<BR><BR>[Stack]<UL><LI>Max Depth = 92<LI>Call Chain = SD_IO_WriteByte &rArr; SPIx_Write &rArr; SPIx_Error &rArr; SPIx_Init &rArr; SPIx_MspInit &rArr; HAL_GPIO_Init
</UL>
<BR>[Calls]<UL><LI><a href="#[135]">&gt;&gt;</a>&nbsp;&nbsp;&nbsp;SPIx_Write
</UL>
<BR>[Called By]<UL><LI><a href="#[128]">&gt;&gt;</a>&nbsp;&nbsp;&nbsp;SD_IO_WriteDummy
<LI><a href="#[121]">&gt;&gt;</a>&nbsp;&nbsp;&nbsp;SD_IO_WriteCmd
<LI><a href="#[124]">&gt;&gt;</a>&nbsp;&nbsp;&nbsp;SD_IO_Init
<LI><a href="#[129]">&gt;&gt;</a>&nbsp;&nbsp;&nbsp;SD_GetCSDRegister
<LI><a href="#[125]">&gt;&gt;</a>&nbsp;&nbsp;&nbsp;SD_GetCIDRegister
<LI><a href="#[120]">&gt;&gt;</a>&nbsp;&nbsp;&nbsp;SD_SendCmd
<LI><a href="#[11c]">&gt;&gt;</a>&nbsp;&nbsp;&nbsp;BSP_SD_WriteBlocks
<LI><a href="#[11b]">&gt;&gt;</a>&nbsp;&nbsp;&nbsp;BSP_SD_ReadBlocks
</UL>

<P><STRONG><a name="[124]"></a>SD_IO_Init</STRONG> (Thumb, 76 bytes, Stack size 32 bytes, stm32f4xx_sd_io.o(.text))
<BR><BR>[Stack]<UL><LI>Max Depth = 124<LI>Call Chain = SD_IO_Init &rArr; SD_IO_WriteByte &rArr; SPIx_Write &rArr; SPIx_Error &rArr; SPIx_Init &rArr; SPIx_MspInit &rArr; HAL_GPIO_Init
</UL>
<BR>[Calls]<UL><LI><a href="#[137]">&gt;&gt;</a>&nbsp;&nbsp;&nbsp;HAL_GPIO_WritePin
<LI><a href="#[12d]">&gt;&gt;</a>&nbsp;&nbsp;&nbsp;HAL_GPIO_Init
<LI><a href="#[12e]">&gt;&gt;</a>&nbsp;&nbsp;&nbsp;SPIx_Init
<LI><a href="#[122]">&gt;&gt;</a>&nbsp;&nbsp;&nbsp;SD_IO_WriteByte
</UL>
<BR>[Called By]<UL><LI><a href="#[119]">&gt;&gt;</a>&nbsp;&nbsp;&nbsp;BSP_SD_Init
</UL>

<P><STRONG><a name="[127]"></a>SD_IO_ReadByte</STRONG> (Thumb, 14 bytes, Stack size 8 bytes, stm32f4xx_sd_io.o(.text))
<BR><BR>[Stack]<UL><LI>Max Depth = 100<LI>Call Chain = SD_IO_ReadByte &rArr; SPIx_Read &rArr; SPIx_Error &rArr; SPIx_Init &rArr; SPIx_MspInit &rArr; HAL_GPIO_Init
</UL>
<BR>[Calls]<UL><LI><a href="#[133]">&gt;&gt;</a>&nbsp;&nbsp;&nbsp;SPIx_Read
</UL>
<BR>[Called By]<UL><LI><a href="#[126]">&gt;&gt;</a>&nbsp;&nbsp;&nbsp;SD_IO_WaitResponse
<LI><a href="#[12a]">&gt;&gt;</a>&nbsp;&nbsp;&nbsp;SD_GetDataResponse
<LI><a href="#[129]">&gt;&gt;</a>&nbsp;&nbsp;&nbsp;SD_GetCSDRegister
<LI><a href="#[125]">&gt;&gt;</a>&nbsp;&nbsp;&nbsp;SD_GetCIDRegister
<LI><a href="#[11c]">&gt;&gt;</a>&nbsp;&nbsp;&nbsp;BSP_SD_WriteBlocks
<LI><a href="#[11b]">&gt;&gt;</a>&nbsp;&nbsp;&nbsp;BSP_SD_ReadBlocks
<LI><a href="#[11a]">&gt;&gt;</a>&nbsp;&nbsp;&nbsp;BSP_SD_GetStatus
</UL>

<P><STRONG><a name="[126]"></a>SD_IO_WaitResponse</STRONG> (Thumb, 34 bytes, Stack size 16 bytes, stm32f4xx_sd_io.o(.text))
<BR><BR>[Stack]<UL><LI>Max Depth = 116<LI>Call Chain = SD_IO_WaitResponse &rArr; SD_IO_ReadByte &rArr; SPIx_Read &rArr; SPIx_Error &rArr; SPIx_Init &rArr; SPIx_MspInit &rArr; HAL_GPIO_Init
</UL>
<BR>[Calls]<UL><LI><a href="#[127]">&gt;&gt;</a>&nbsp;&nbsp;&nbsp;SD_IO_ReadByte
</UL>
<BR>[Called By]<UL><LI><a href="#[121]">&gt;&gt;</a>&nbsp;&nbsp;&nbsp;SD_IO_WriteCmd
<LI><a href="#[12b]">&gt;&gt;</a>&nbsp;&nbsp;&nbsp;BSP_SD_Erase
<LI><a href="#[129]">&gt;&gt;</a>&nbsp;&nbsp;&nbsp;SD_GetCSDRegister
<LI><a href="#[125]">&gt;&gt;</a>&nbsp;&nbsp;&nbsp;SD_GetCIDRegister
<LI><a href="#[11b]">&gt;&gt;</a>&nbsp;&nbsp;&nbsp;BSP_SD_ReadBlocks
</UL>

<P><STRONG><a name="[121]"></a>SD_IO_WriteCmd</STRONG> (Thumb, 98 bytes, Stack size 32 bytes, stm32f4xx_sd_io.o(.text))
<BR><BR>[Stack]<UL><LI>Max Depth = 148<LI>Call Chain = SD_IO_WriteCmd &rArr; SD_IO_WaitResponse &rArr; SD_IO_ReadByte &rArr; SPIx_Read &rArr; SPIx_Error &rArr; SPIx_Init &rArr; SPIx_MspInit &rArr; HAL_GPIO_Init
</UL>
<BR>[Calls]<UL><LI><a href="#[137]">&gt;&gt;</a>&nbsp;&nbsp;&nbsp;HAL_GPIO_WritePin
<LI><a href="#[122]">&gt;&gt;</a>&nbsp;&nbsp;&nbsp;SD_IO_WriteByte
<LI><a href="#[126]">&gt;&gt;</a>&nbsp;&nbsp;&nbsp;SD_IO_WaitResponse
</UL>
<BR>[Called By]<UL><LI><a href="#[129]">&gt;&gt;</a>&nbsp;&nbsp;&nbsp;SD_GetCSDRegister
<LI><a href="#[125]">&gt;&gt;</a>&nbsp;&nbsp;&nbsp;SD_GetCIDRegister
<LI><a href="#[120]">&gt;&gt;</a>&nbsp;&nbsp;&nbsp;SD_SendCmd
<LI><a href="#[11c]">&gt;&gt;</a>&nbsp;&nbsp;&nbsp;BSP_SD_WriteBlocks
<LI><a href="#[11b]">&gt;&gt;</a>&nbsp;&nbsp;&nbsp;BSP_SD_ReadBlocks
</UL>

<P><STRONG><a name="[128]"></a>SD_IO_WriteDummy</STRONG> (Thumb, 20 bytes, Stack size 8 bytes, stm32f4xx_sd_io.o(.text))
<BR><BR>[Stack]<UL><LI>Max Depth = 100<LI>Call Chain = SD_IO_WriteDummy &rArr; SD_IO_WriteByte &rArr; SPIx_Write &rArr; SPIx_Error &rArr; SPIx_Init &rArr; SPIx_MspInit &rArr; HAL_GPIO_Init
</UL>
<BR>[Calls]<UL><LI><a href="#[137]">&gt;&gt;</a>&nbsp;&nbsp;&nbsp;HAL_GPIO_WritePin
<LI><a href="#[122]">&gt;&gt;</a>&nbsp;&nbsp;&nbsp;SD_IO_WriteByte
</UL>
<BR>[Called By]<UL><LI><a href="#[129]">&gt;&gt;</a>&nbsp;&nbsp;&nbsp;SD_GetCSDRegister
<LI><a href="#[125]">&gt;&gt;</a>&nbsp;&nbsp;&nbsp;SD_GetCIDRegister
<LI><a href="#[11c]">&gt;&gt;</a>&nbsp;&nbsp;&nbsp;BSP_SD_WriteBlocks
<LI><a href="#[11b]">&gt;&gt;</a>&nbsp;&nbsp;&nbsp;BSP_SD_ReadBlocks
<LI><a href="#[11a]">&gt;&gt;</a>&nbsp;&nbsp;&nbsp;BSP_SD_GetStatus
</UL>

<P><STRONG><a name="[ee]"></a>ff_convert</STRONG> (Thumb, 70 bytes, Stack size 8 bytes, unicode.o(.text))
<BR><BR>[Stack]<UL><LI>Max Depth = 8<LI>Call Chain = ff_convert
</UL>
<BR>[Called By]<UL><LI><a href="#[f0]">&gt;&gt;</a>&nbsp;&nbsp;&nbsp;get_fileinfo
<LI><a href="#[ed]">&gt;&gt;</a>&nbsp;&nbsp;&nbsp;create_name
</UL>

<P><STRONG><a name="[e2]"></a>ff_wtoupper</STRONG> (Thumb, 46 bytes, Stack size 0 bytes, unicode.o(.text))
<BR><BR>[Called By]<UL><LI><a href="#[e1]">&gt;&gt;</a>&nbsp;&nbsp;&nbsp;cmp_lfn
</UL>

<P><STRONG><a name="[138]"></a>LedInit</STRONG> (Thumb, 46 bytes, Stack size 24 bytes, led.o(.text))
<BR><BR>[Stack]<UL><LI>Max Depth = 44<LI>Call Chain = LedInit &rArr; HAL_GPIO_Init
</UL>
<BR>[Calls]<UL><LI><a href="#[12d]">&gt;&gt;</a>&nbsp;&nbsp;&nbsp;HAL_GPIO_Init
</UL>
<BR>[Called By]<UL><LI><a href="#[ad]">&gt;&gt;</a>&nbsp;&nbsp;&nbsp;main
</UL>

<P><STRONG><a name="[139]"></a>LedDeInit</STRONG> (Thumb, 16 bytes, Stack size 8 bytes, led.o(.text), UNUSED)
<BR><BR>[Calls]<UL><LI><a href="#[13a]">&gt;&gt;</a>&nbsp;&nbsp;&nbsp;HAL_GPIO_DeInit
</UL>

<P><STRONG><a name="[13b]"></a>LedOn</STRONG> (Thumb, 82 bytes, Stack size 8 bytes, led.o(.text))
<BR><BR>[Stack]<UL><LI>Max Depth = 8<LI>Call Chain = LedOn
</UL>
<BR>[Calls]<UL><LI><a href="#[137]">&gt;&gt;</a>&nbsp;&nbsp;&nbsp;HAL_GPIO_WritePin
</UL>
<BR>[Called By]<UL><LI><a href="#[ad]">&gt;&gt;</a>&nbsp;&nbsp;&nbsp;main
</UL>

<P><STRONG><a name="[13c]"></a>LedOff</STRONG> (Thumb, 90 bytes, Stack size 8 bytes, led.o(.text))
<BR><BR>[Stack]<UL><LI>Max Depth = 8<LI>Call Chain = LedOff
</UL>
<BR>[Calls]<UL><LI><a href="#[137]">&gt;&gt;</a>&nbsp;&nbsp;&nbsp;HAL_GPIO_WritePin
</UL>
<BR>[Called By]<UL><LI><a href="#[ad]">&gt;&gt;</a>&nbsp;&nbsp;&nbsp;main
</UL>

<P><STRONG><a name="[184]"></a>HAL_GetTick</STRONG> (Thumb, 6 bytes, Stack size 0 bytes, main.o(.text))
<BR><BR>[Called By]<UL><LI><a href="#[18d]">&gt;&gt;</a>&nbsp;&nbsp;&nbsp;HAL_DMA_PollForTransfer
<LI><a href="#[183]">&gt;&gt;</a>&nbsp;&nbsp;&nbsp;HAL_Delay
<LI><a href="#[166]">&gt;&gt;</a>&nbsp;&nbsp;&nbsp;HAL_DMA_Abort
<LI><a href="#[13e]">&gt;&gt;</a>&nbsp;&nbsp;&nbsp;HAL_RCC_OscConfig
<LI><a href="#[140]">&gt;&gt;</a>&nbsp;&nbsp;&nbsp;HAL_RCC_ClockConfig
<LI><a href="#[1ac]">&gt;&gt;</a>&nbsp;&nbsp;&nbsp;UART_WaitOnFlagUntilTimeout
<LI><a href="#[194]">&gt;&gt;</a>&nbsp;&nbsp;&nbsp;SPI_WaitOnFlagUntilTimeout
</UL>

<P><STRONG><a name="[13d]"></a>SystemClock_Config()</STRONG> (Thumb, 114 bytes, Stack size 72 bytes, main.o(.text))
<BR><BR>[Stack]<UL><LI>Max Depth = 152<LI>Call Chain = SystemClock_Config() &rArr; HAL_RCC_ClockConfig &rArr; HAL_InitTick &rArr; HAL_NVIC_SetPriority &rArr; NVIC_SetPriority
</UL>
<BR>[Calls]<UL><LI><a href="#[13f]">&gt;&gt;</a>&nbsp;&nbsp;&nbsp;Error_Handler()
<LI><a href="#[13e]">&gt;&gt;</a>&nbsp;&nbsp;&nbsp;HAL_RCC_OscConfig
<LI><a href="#[140]">&gt;&gt;</a>&nbsp;&nbsp;&nbsp;HAL_RCC_ClockConfig
</UL>
<BR>[Called By]<UL><LI><a href="#[141]">&gt;&gt;</a>&nbsp;&nbsp;&nbsp;MainSystemInit()
</UL>

<P><STRONG><a name="[141]"></a>MainSystemInit()</STRONG> (Thumb, 48 bytes, Stack size 8 bytes, main.o(.text))
<BR><BR>[Stack]<UL><LI>Max Depth = 160<LI>Call Chain = MainSystemInit() &rArr; SystemClock_Config() &rArr; HAL_RCC_ClockConfig &rArr; HAL_InitTick &rArr; HAL_NVIC_SetPriority &rArr; NVIC_SetPriority
</UL>
<BR>[Calls]<UL><LI><a href="#[13f]">&gt;&gt;</a>&nbsp;&nbsp;&nbsp;Error_Handler()
<LI><a href="#[cb]">&gt;&gt;</a>&nbsp;&nbsp;&nbsp;osKernelStart
<LI><a href="#[c9]">&gt;&gt;</a>&nbsp;&nbsp;&nbsp;osKernelInitialize
<LI><a href="#[143]">&gt;&gt;</a>&nbsp;&nbsp;&nbsp;StorageInit
<LI><a href="#[142]">&gt;&gt;</a>&nbsp;&nbsp;&nbsp;HAL_Init
<LI><a href="#[144]">&gt;&gt;</a>&nbsp;&nbsp;&nbsp;ConsolInit
<LI><a href="#[13d]">&gt;&gt;</a>&nbsp;&nbsp;&nbsp;SystemClock_Config()
</UL>
<BR>[Called By]<UL><LI><a href="#[ad]">&gt;&gt;</a>&nbsp;&nbsp;&nbsp;main
</UL>

<P><STRONG><a name="[ad]"></a>main</STRONG> (Thumb, 154 bytes, Stack size 136 bytes, main.o(.text))
<BR><BR>[Stack]<UL><LI>Max Depth = 1024<LI>Call Chain = main &rArr; StorageWriteLn &rArr; f_open &rArr; dir_register &rArr; dir_find &rArr; dir_next &rArr; create_chain &rArr; put_fat &rArr; move_window &rArr; sync_window &rArr; disk_write
</UL>
<BR>[Calls]<UL><LI><a href="#[13c]">&gt;&gt;</a>&nbsp;&nbsp;&nbsp;LedOff
<LI><a href="#[13b]">&gt;&gt;</a>&nbsp;&nbsp;&nbsp;LedOn
<LI><a href="#[138]">&gt;&gt;</a>&nbsp;&nbsp;&nbsp;LedInit
<LI><a href="#[146]">&gt;&gt;</a>&nbsp;&nbsp;&nbsp;osDelay
<LI><a href="#[14a]">&gt;&gt;</a>&nbsp;&nbsp;&nbsp;StorageWriteLn
<LI><a href="#[149]">&gt;&gt;</a>&nbsp;&nbsp;&nbsp;StorageGetInfo
<LI><a href="#[14b]">&gt;&gt;</a>&nbsp;&nbsp;&nbsp;StorageDisconnect
<LI><a href="#[148]">&gt;&gt;</a>&nbsp;&nbsp;&nbsp;StorageConnect
<LI><a href="#[147]">&gt;&gt;</a>&nbsp;&nbsp;&nbsp;ConsolTest
<LI><a href="#[141]">&gt;&gt;</a>&nbsp;&nbsp;&nbsp;MainSystemInit()
<LI><a href="#[145]">&gt;&gt;</a>&nbsp;&nbsp;&nbsp;__aeabi_memcpy4
</UL>
<BR>[Address Reference Count : 1]<UL><LI> rtx_conf_cm.o(.data)
</UL>
<P><STRONG><a name="[143]"></a>StorageInit</STRONG> (Thumb, 56 bytes, Stack size 24 bytes, sd_storage.o(.text))
<BR><BR>[Stack]<UL><LI>Max Depth = 72<LI>Call Chain = StorageInit &rArr; HAL_NVIC_SetPriority &rArr; NVIC_SetPriority
</UL>
<BR>[Calls]<UL><LI><a href="#[12d]">&gt;&gt;</a>&nbsp;&nbsp;&nbsp;HAL_GPIO_Init
<LI><a href="#[14c]">&gt;&gt;</a>&nbsp;&nbsp;&nbsp;HAL_NVIC_SetPriority
<LI><a href="#[14d]">&gt;&gt;</a>&nbsp;&nbsp;&nbsp;HAL_NVIC_EnableIRQ
</UL>
<BR>[Called By]<UL><LI><a href="#[141]">&gt;&gt;</a>&nbsp;&nbsp;&nbsp;MainSystemInit()
</UL>

<P><STRONG><a name="[148]"></a>StorageConnect</STRONG> (Thumb, 32 bytes, Stack size 8 bytes, sd_storage.o(.text))
<BR><BR>[Stack]<UL><LI>Max Depth = 208<LI>Call Chain = StorageConnect &rArr; BSP_SD_MountCardDetect &rArr; f_mount &rArr; find_volume &rArr; check_fs &rArr; move_window &rArr; sync_window &rArr; disk_write
</UL>
<BR>[Calls]<UL><LI><a href="#[11e]">&gt;&gt;</a>&nbsp;&nbsp;&nbsp;BSP_SD_MountCardDetect
<LI><a href="#[14e]">&gt;&gt;</a>&nbsp;&nbsp;&nbsp;FATFS_LinkDriver
</UL>
<BR>[Called By]<UL><LI><a href="#[ad]">&gt;&gt;</a>&nbsp;&nbsp;&nbsp;main
</UL>

<P><STRONG><a name="[14b]"></a>StorageDisconnect</STRONG> (Thumb, 34 bytes, Stack size 8 bytes, sd_storage.o(.text))
<BR><BR>[Stack]<UL><LI>Max Depth = 200<LI>Call Chain = StorageDisconnect &rArr; f_mount &rArr; find_volume &rArr; check_fs &rArr; move_window &rArr; sync_window &rArr; disk_write
</UL>
<BR>[Calls]<UL><LI><a href="#[14f]">&gt;&gt;</a>&nbsp;&nbsp;&nbsp;FATFS_UnLinkDriver
<LI><a href="#[fa]">&gt;&gt;</a>&nbsp;&nbsp;&nbsp;f_mount
</UL>
<BR>[Called By]<UL><LI><a href="#[ad]">&gt;&gt;</a>&nbsp;&nbsp;&nbsp;main
</UL>

<P><STRONG><a name="[149]"></a>StorageGetInfo</STRONG> (Thumb, 22 bytes, Stack size 16 bytes, sd_storage.o(.text))
<BR><BR>[Stack]<UL><LI>Max Depth = 212<LI>Call Chain = StorageGetInfo &rArr; BSP_SD_GetCardInfo &rArr; SD_GetCSDRegister &rArr; SD_IO_WriteCmd &rArr; SD_IO_WaitResponse &rArr; SD_IO_ReadByte &rArr; SPIx_Read &rArr; SPIx_Error &rArr; SPIx_Init &rArr; SPIx_MspInit &rArr; HAL_GPIO_Init
</UL>
<BR>[Calls]<UL><LI><a href="#[11d]">&gt;&gt;</a>&nbsp;&nbsp;&nbsp;BSP_SD_GetCardInfo
</UL>
<BR>[Called By]<UL><LI><a href="#[152]">&gt;&gt;</a>&nbsp;&nbsp;&nbsp;cmd_cid(char*)
<LI><a href="#[ad]">&gt;&gt;</a>&nbsp;&nbsp;&nbsp;main
</UL>

<P><STRONG><a name="[14a]"></a>StorageWriteLn</STRONG> (Thumb, 122 bytes, Stack size 56 bytes, sd_storage.o(.text))
<BR><BR>[Stack]<UL><LI>Max Depth = 888<LI>Call Chain = StorageWriteLn &rArr; f_open &rArr; dir_register &rArr; dir_find &rArr; dir_next &rArr; create_chain &rArr; put_fat &rArr; move_window &rArr; sync_window &rArr; disk_write
</UL>
<BR>[Calls]<UL><LI><a href="#[10b]">&gt;&gt;</a>&nbsp;&nbsp;&nbsp;f_stat
<LI><a href="#[107]">&gt;&gt;</a>&nbsp;&nbsp;&nbsp;f_lseek
<LI><a href="#[105]">&gt;&gt;</a>&nbsp;&nbsp;&nbsp;f_close
<LI><a href="#[104]">&gt;&gt;</a>&nbsp;&nbsp;&nbsp;f_sync
<LI><a href="#[103]">&gt;&gt;</a>&nbsp;&nbsp;&nbsp;f_write
<LI><a href="#[fb]">&gt;&gt;</a>&nbsp;&nbsp;&nbsp;f_open
</UL>
<BR>[Called By]<UL><LI><a href="#[ad]">&gt;&gt;</a>&nbsp;&nbsp;&nbsp;main
</UL>

<P><STRONG><a name="[144]"></a>ConsolInit</STRONG> (Thumb, 8 bytes, Stack size 8 bytes, consol.o(.text))
<BR><BR>[Stack]<UL><LI>Max Depth = 96<LI>Call Chain = ConsolInit &rArr; UART_IO_Init &rArr; UARTx_Init() &rArr; HAL_UART_Init &rArr; UART_SetConfig &rArr; HAL_RCC_GetPCLK1Freq &rArr; HAL_RCC_GetHCLKFreq &rArr; HAL_RCC_GetSysClockFreq
</UL>
<BR>[Calls]<UL><LI><a href="#[153]">&gt;&gt;</a>&nbsp;&nbsp;&nbsp;UART_IO_Init
</UL>
<BR>[Called By]<UL><LI><a href="#[141]">&gt;&gt;</a>&nbsp;&nbsp;&nbsp;MainSystemInit()
</UL>

<P><STRONG><a name="[147]"></a>ConsolTest</STRONG> (Thumb, 20 bytes, Stack size 16 bytes, consol.o(.text))
<BR><BR>[Stack]<UL><LI>Max Depth = 112<LI>Call Chain = ConsolTest &rArr; UART_IO_Write &rArr; UARTx_Error() &rArr; UARTx_Init() &rArr; HAL_UART_Init &rArr; UART_SetConfig &rArr; HAL_RCC_GetPCLK1Freq &rArr; HAL_RCC_GetHCLKFreq &rArr; HAL_RCC_GetSysClockFreq
</UL>
<BR>[Calls]<UL><LI><a href="#[154]">&gt;&gt;</a>&nbsp;&nbsp;&nbsp;UART_IO_Write
</UL>
<BR>[Called By]<UL><LI><a href="#[ad]">&gt;&gt;</a>&nbsp;&nbsp;&nbsp;main
</UL>

<P><STRONG><a name="[8]"></a>NMI_Handler</STRONG> (Thumb, 2 bytes, Stack size 0 bytes, stm32f4xx_it.o(.text))
<BR>[Address Reference Count : 1]<UL><LI> startup_stm32f407xx.o(RESET)
</UL>
<P><STRONG><a name="[9]"></a>HardFault_Handler</STRONG> (Thumb, 4 bytes, Stack size 0 bytes, stm32f4xx_it.o(.text))
<BR>[Address Reference Count : 1]<UL><LI> startup_stm32f407xx.o(RESET)
</UL>
<P><STRONG><a name="[a]"></a>MemManage_Handler</STRONG> (Thumb, 4 bytes, Stack size 0 bytes, stm32f4xx_it.o(.text))
<BR>[Address Reference Count : 1]<UL><LI> startup_stm32f407xx.o(RESET)
</UL>
<P><STRONG><a name="[b]"></a>BusFault_Handler</STRONG> (Thumb, 4 bytes, Stack size 0 bytes, stm32f4xx_it.o(.text))
<BR>[Address Reference Count : 1]<UL><LI> startup_stm32f407xx.o(RESET)
</UL>
<P><STRONG><a name="[c]"></a>UsageFault_Handler</STRONG> (Thumb, 4 bytes, Stack size 0 bytes, stm32f4xx_it.o(.text))
<BR>[Address Reference Count : 1]<UL><LI> startup_stm32f407xx.o(RESET)
</UL>
<P><STRONG><a name="[e]"></a>DebugMon_Handler</STRONG> (Thumb, 2 bytes, Stack size 0 bytes, stm32f4xx_it.o(.text))
<BR>[Address Reference Count : 1]<UL><LI> startup_stm32f407xx.o(RESET)
</UL>
<P><STRONG><a name="[28]"></a>EXTI9_5_IRQHandler</STRONG> (Thumb, 10 bytes, Stack size 8 bytes, stm32f4xx_it.o(.text))
<BR><BR>[Stack]<UL><LI>Max Depth = 224<LI>Call Chain = EXTI9_5_IRQHandler &rArr; HAL_GPIO_EXTI_IRQHandler &rArr; HAL_GPIO_EXTI_Callback &rArr; BSP_SD_MountCardDetect &rArr; f_mount &rArr; find_volume &rArr; check_fs &rArr; move_window &rArr; sync_window &rArr; disk_write
</UL>
<BR>[Calls]<UL><LI><a href="#[155]">&gt;&gt;</a>&nbsp;&nbsp;&nbsp;HAL_GPIO_EXTI_IRQHandler
</UL>
<BR>[Address Reference Count : 1]<UL><LI> startup_stm32f407xx.o(RESET)
</UL>
<P><STRONG><a name="[156]"></a>HAL_GPIO_EXTI_Callback</STRONG> (Thumb, 14 bytes, Stack size 8 bytes, stm32f4xx_it.o(.text))
<BR><BR>[Stack]<UL><LI>Max Depth = 208<LI>Call Chain = HAL_GPIO_EXTI_Callback &rArr; BSP_SD_MountCardDetect &rArr; f_mount &rArr; find_volume &rArr; check_fs &rArr; move_window &rArr; sync_window &rArr; disk_write
</UL>
<BR>[Calls]<UL><LI><a href="#[11e]">&gt;&gt;</a>&nbsp;&nbsp;&nbsp;BSP_SD_MountCardDetect
</UL>
<BR>[Called By]<UL><LI><a href="#[155]">&gt;&gt;</a>&nbsp;&nbsp;&nbsp;HAL_GPIO_EXTI_IRQHandler
</UL>

<P><STRONG><a name="[11]"></a>WWDG_IRQHandler</STRONG> (Thumb, 4 bytes, Stack size 0 bytes, stm32f4xx_it.o(.text))
<BR>[Address Reference Count : 1]<UL><LI> startup_stm32f407xx.o(RESET)
</UL>
<P><STRONG><a name="[12]"></a>PVD_IRQHandler</STRONG> (Thumb, 4 bytes, Stack size 0 bytes, stm32f4xx_it.o(.text))
<BR>[Address Reference Count : 1]<UL><LI> startup_stm32f407xx.o(RESET)
</UL>
<P><STRONG><a name="[13]"></a>TAMP_STAMP_IRQHandler</STRONG> (Thumb, 4 bytes, Stack size 0 bytes, stm32f4xx_it.o(.text))
<BR>[Address Reference Count : 1]<UL><LI> startup_stm32f407xx.o(RESET)
</UL>
<P><STRONG><a name="[14]"></a>RTC_WKUP_IRQHandler</STRONG> (Thumb, 4 bytes, Stack size 0 bytes, stm32f4xx_it.o(.text))
<BR>[Address Reference Count : 1]<UL><LI> startup_stm32f407xx.o(RESET)
</UL>
<P><STRONG><a name="[15]"></a>FLASH_IRQHandler</STRONG> (Thumb, 4 bytes, Stack size 0 bytes, stm32f4xx_it.o(.text))
<BR>[Address Reference Count : 1]<UL><LI> startup_stm32f407xx.o(RESET)
</UL>
<P><STRONG><a name="[16]"></a>RCC_IRQHandler</STRONG> (Thumb, 4 bytes, Stack size 0 bytes, stm32f4xx_it.o(.text))
<BR>[Address Reference Count : 1]<UL><LI> startup_stm32f407xx.o(RESET)
</UL>
<P><STRONG><a name="[17]"></a>EXTI0_IRQHandler</STRONG> (Thumb, 4 bytes, Stack size 0 bytes, stm32f4xx_it.o(.text))
<BR>[Address Reference Count : 1]<UL><LI> startup_stm32f407xx.o(RESET)
</UL>
<P><STRONG><a name="[18]"></a>EXTI1_IRQHandler</STRONG> (Thumb, 4 bytes, Stack size 0 bytes, stm32f4xx_it.o(.text))
<BR>[Address Reference Count : 1]<UL><LI> startup_stm32f407xx.o(RESET)
</UL>
<P><STRONG><a name="[19]"></a>EXTI2_IRQHandler</STRONG> (Thumb, 4 bytes, Stack size 0 bytes, stm32f4xx_it.o(.text))
<BR>[Address Reference Count : 1]<UL><LI> startup_stm32f407xx.o(RESET)
</UL>
<P><STRONG><a name="[1a]"></a>EXTI3_IRQHandler</STRONG> (Thumb, 4 bytes, Stack size 0 bytes, stm32f4xx_it.o(.text))
<BR>[Address Reference Count : 1]<UL><LI> startup_stm32f407xx.o(RESET)
</UL>
<P><STRONG><a name="[1b]"></a>EXTI4_IRQHandler</STRONG> (Thumb, 4 bytes, Stack size 0 bytes, stm32f4xx_it.o(.text))
<BR>[Address Reference Count : 1]<UL><LI> startup_stm32f407xx.o(RESET)
</UL>
<P><STRONG><a name="[1c]"></a>DMA1_Stream0_IRQHandler</STRONG> (Thumb, 4 bytes, Stack size 0 bytes, stm32f4xx_it.o(.text))
<BR>[Address Reference Count : 1]<UL><LI> startup_stm32f407xx.o(RESET)
</UL>
<P><STRONG><a name="[1d]"></a>DMA1_Stream1_IRQHandler</STRONG> (Thumb, 4 bytes, Stack size 0 bytes, stm32f4xx_it.o(.text))
<BR>[Address Reference Count : 1]<UL><LI> startup_stm32f407xx.o(RESET)
</UL>
<P><STRONG><a name="[1e]"></a>DMA1_Stream2_IRQHandler</STRONG> (Thumb, 4 bytes, Stack size 0 bytes, stm32f4xx_it.o(.text))
<BR>[Address Reference Count : 1]<UL><LI> startup_stm32f407xx.o(RESET)
</UL>
<P><STRONG><a name="[1f]"></a>DMA1_Stream3_IRQHandler</STRONG> (Thumb, 4 bytes, Stack size 0 bytes, stm32f4xx_it.o(.text))
<BR>[Address Reference Count : 1]<UL><LI> startup_stm32f407xx.o(RESET)
</UL>
<P><STRONG><a name="[20]"></a>DMA1_Stream4_IRQHandler</STRONG> (Thumb, 4 bytes, Stack size 0 bytes, stm32f4xx_it.o(.text))
<BR>[Address Reference Count : 1]<UL><LI> startup_stm32f407xx.o(RESET)
</UL>
<P><STRONG><a name="[21]"></a>DMA1_Stream5_IRQHandler</STRONG> (Thumb, 4 bytes, Stack size 0 bytes, stm32f4xx_it.o(.text))
<BR>[Address Reference Count : 1]<UL><LI> startup_stm32f407xx.o(RESET)
</UL>
<P><STRONG><a name="[22]"></a>DMA1_Stream6_IRQHandler</STRONG> (Thumb, 4 bytes, Stack size 0 bytes, stm32f4xx_it.o(.text))
<BR>[Address Reference Count : 1]<UL><LI> startup_stm32f407xx.o(RESET)
</UL>
<P><STRONG><a name="[23]"></a>ADC_IRQHandler</STRONG> (Thumb, 4 bytes, Stack size 0 bytes, stm32f4xx_it.o(.text))
<BR>[Address Reference Count : 1]<UL><LI> startup_stm32f407xx.o(RESET)
</UL>
<P><STRONG><a name="[24]"></a>CAN1_TX_IRQHandler</STRONG> (Thumb, 4 bytes, Stack size 0 bytes, stm32f4xx_it.o(.text))
<BR>[Address Reference Count : 1]<UL><LI> startup_stm32f407xx.o(RESET)
</UL>
<P><STRONG><a name="[25]"></a>CAN1_RX0_IRQHandler</STRONG> (Thumb, 4 bytes, Stack size 0 bytes, stm32f4xx_it.o(.text))
<BR>[Address Reference Count : 1]<UL><LI> startup_stm32f407xx.o(RESET)
</UL>
<P><STRONG><a name="[26]"></a>CAN1_RX1_IRQHandler</STRONG> (Thumb, 4 bytes, Stack size 0 bytes, stm32f4xx_it.o(.text))
<BR>[Address Reference Count : 1]<UL><LI> startup_stm32f407xx.o(RESET)
</UL>
<P><STRONG><a name="[27]"></a>CAN1_SCE_IRQHandler</STRONG> (Thumb, 4 bytes, Stack size 0 bytes, stm32f4xx_it.o(.text))
<BR>[Address Reference Count : 1]<UL><LI> startup_stm32f407xx.o(RESET)
</UL>
<P><STRONG><a name="[29]"></a>TIM1_BRK_TIM9_IRQHandler</STRONG> (Thumb, 4 bytes, Stack size 0 bytes, stm32f4xx_it.o(.text))
<BR>[Address Reference Count : 1]<UL><LI> startup_stm32f407xx.o(RESET)
</UL>
[...]
<LI><a href="#[24c]">&gt;&gt;</a>&nbsp;&nbsp;&nbsp;entry_type
<LI><a href="#[224]">&gt;&gt;</a>&nbsp;&nbsp;&nbsp;entry_read
<LI><a href="#[22a]">&gt;&gt;</a>&nbsp;&nbsp;&nbsp;entry_pos_inc
<LI><a href="#[24b]">&gt;&gt;</a>&nbsp;&nbsp;&nbsp;entry_pos_comp
</UL>
<BR>[Called By]<UL><LI><a href="#[23f]">&gt;&gt;</a>&nbsp;&nbsp;&nbsp;path_open
<LI><a href="#[245]">&gt;&gt;</a>&nbsp;&nbsp;&nbsp;path_create
</UL>

<P><STRONG><a name="[252]"></a>frec_find_elink</STRONG> (Thumb, 90 bytes, Stack size 24 bytes, fs_fat.o(i.frec_find_elink))
<BR><BR>[Stack]<UL><LI>Max Depth = 152<LI>Call Chain = frec_find_elink &rArr; entry_pos_inc &rArr; alloc_table_read &rArr; cache_fat &rArr; fsj_write &rArr; SetBuf
</UL>
<BR>[Calls]<UL><LI><a href="#[237]">&gt;&gt;</a>&nbsp;&nbsp;&nbsp;elink_scan
<LI><a href="#[253]">&gt;&gt;</a>&nbsp;&nbsp;&nbsp;name_hash
<LI><a href="#[224]">&gt;&gt;</a>&nbsp;&nbsp;&nbsp;entry_read
<LI><a href="#[22a]">&gt;&gt;</a>&nbsp;&nbsp;&nbsp;entry_pos_inc
</UL>
<BR>[Called By]<UL><LI><a href="#[23f]">&gt;&gt;</a>&nbsp;&nbsp;&nbsp;path_open
<LI><a href="#[245]">&gt;&gt;</a>&nbsp;&nbsp;&nbsp;path_create
</UL>

<P><STRONG><a name="[240]"></a>frec_next</STRONG> (Thumb, 360 bytes, Stack size 64 bytes, fs_fat.o(i.frec_next), UNUSED)
<BR><BR>[Calls]<UL><LI><a href="#[233]">&gt;&gt;</a>&nbsp;&nbsp;&nbsp;elink_insert
<LI><a href="#[231]">&gt;&gt;</a>&nbsp;&nbsp;&nbsp;elink_cmd
<LI><a href="#[24f]">&gt;&gt;</a>&nbsp;&nbsp;&nbsp;sn_chksum
<LI><a href="#[251]">&gt;&gt;</a>&nbsp;&nbsp;&nbsp;short_ent_hash
<LI><a href="#[250]">&gt;&gt;</a>&nbsp;&nbsp;&nbsp;sfn_extract
<LI><a href="#[24e]">&gt;&gt;</a>&nbsp;&nbsp;&nbsp;long_ent_hash
<LI><a href="#[24c]">&gt;&gt;</a>&nbsp;&nbsp;&nbsp;entry_type
<LI><a href="#[224]">&gt;&gt;</a>&nbsp;&nbsp;&nbsp;entry_read
<LI><a href="#[22a]">&gt;&gt;</a>&nbsp;&nbsp;&nbsp;entry_pos_inc
</UL>
<BR>[Called By]<UL><LI><a href="#[211]">&gt;&gt;</a>&nbsp;&nbsp;&nbsp;fat_delete
</UL>

<P><STRONG><a name="[23b]"></a>fsinfo_write</STRONG> (Thumb, 90 bytes, Stack size 8 bytes, fs_fat.o(i.fsinfo_write))
<BR><BR>[Stack]<UL><LI>Max Depth = 112<LI>Call Chain = fsinfo_write &rArr; write_cache &rArr; write_sector &rArr; fsj_write &rArr; SetBuf
</UL>
<BR>[Calls]<UL><LI><a href="#[1ff]">&gt;&gt;</a>&nbsp;&nbsp;&nbsp;__aeabi_memclr
<LI><a href="#[222]">&gt;&gt;</a>&nbsp;&nbsp;&nbsp;write_cache
<LI><a href="#[21e]">&gt;&gt;</a>&nbsp;&nbsp;&nbsp;set_u32
<LI><a href="#[21d]">&gt;&gt;</a>&nbsp;&nbsp;&nbsp;set_u16
</UL>
<BR>[Called By]<UL><LI><a href="#[208]">&gt;&gt;</a>&nbsp;&nbsp;&nbsp;fat_open
<LI><a href="#[201]">&gt;&gt;</a>&nbsp;&nbsp;&nbsp;fat_close
<LI><a href="#[211]">&gt;&gt;</a>&nbsp;&nbsp;&nbsp;fat_delete
</UL>

<P><STRONG><a name="[217]"></a>get_EOC</STRONG> (Thumb, 34 bytes, Stack size 0 bytes, fs_fat.o(i.get_EOC))
<BR><BR>[Called By]<UL><LI><a href="#[241]">&gt;&gt;</a>&nbsp;&nbsp;&nbsp;unlink_clus
<LI><a href="#[22a]">&gt;&gt;</a>&nbsp;&nbsp;&nbsp;entry_pos_inc
<LI><a href="#[215]">&gt;&gt;</a>&nbsp;&nbsp;&nbsp;alloc_clus
<LI><a href="#[20d]">&gt;&gt;</a>&nbsp;&nbsp;&nbsp;fat_seek
</UL>

<P><STRONG><a name="[219]"></a>get_fat_sect</STRONG> (Thumb, 50 bytes, Stack size 0 bytes, fs_fat.o(i.get_fat_sect))
<BR><BR>[Called By]<UL><LI><a href="#[218]">&gt;&gt;</a>&nbsp;&nbsp;&nbsp;alloc_table_write
<LI><a href="#[216]">&gt;&gt;</a>&nbsp;&nbsp;&nbsp;alloc_table_read
</UL>

<P><STRONG><a name="[271]"></a>get_root_clus</STRONG> (Thumb, 14 bytes, Stack size 0 bytes, fs_fat.o(i.get_root_clus))
<BR><BR>[Called By]<UL><LI><a href="#[23e]">&gt;&gt;</a>&nbsp;&nbsp;&nbsp;path_init
</UL>

<P><STRONG><a name="[21b]"></a>get_u16</STRONG> (Thumb, 10 bytes, Stack size 0 bytes, fs_fat.o(i.get_u16))
<BR><BR>[Called By]<UL><LI><a href="#[23f]">&gt;&gt;</a>&nbsp;&nbsp;&nbsp;path_open
<LI><a href="#[218]">&gt;&gt;</a>&nbsp;&nbsp;&nbsp;alloc_table_write
<LI><a href="#[216]">&gt;&gt;</a>&nbsp;&nbsp;&nbsp;alloc_table_read
<LI><a href="#[208]">&gt;&gt;</a>&nbsp;&nbsp;&nbsp;fat_open
<LI><a href="#[211]">&gt;&gt;</a>&nbsp;&nbsp;&nbsp;fat_delete
</UL>

<P><STRONG><a name="[21c]"></a>get_u32</STRONG> (Thumb, 22 bytes, Stack size 0 bytes, fs_fat.o(i.get_u32))
<BR><BR>[Called By]<UL><LI><a href="#[216]">&gt;&gt;</a>&nbsp;&nbsp;&nbsp;alloc_table_read
<LI><a href="#[208]">&gt;&gt;</a>&nbsp;&nbsp;&nbsp;fat_open
</UL>

<P><STRONG><a name="[248]"></a>link_clus</STRONG> (Thumb, 4 bytes, Stack size 0 bytes, fs_fat.o(i.link_clus))
<BR><BR>[Stack]<UL><LI>Max Depth = 112<LI>Call Chain = link_clus &rArr; alloc_table_write &rArr; cache_fat &rArr; fsj_write &rArr; SetBuf
</UL>
<BR>[Calls]<UL><LI><a href="#[218]">&gt;&gt;</a>&nbsp;&nbsp;&nbsp;alloc_table_write
</UL>
<BR>[Called By]<UL><LI><a href="#[24a]">&gt;&gt;</a>&nbsp;&nbsp;&nbsp;frec_allocate
<LI><a href="#[20f]">&gt;&gt;</a>&nbsp;&nbsp;&nbsp;fat_write
<LI><a href="#[20d]">&gt;&gt;</a>&nbsp;&nbsp;&nbsp;fat_seek
</UL>

<P><STRONG><a name="[24e]"></a>long_ent_hash</STRONG> (Thumb, 34 bytes, Stack size 32 bytes, fs_fat.o(i.long_ent_hash))
<BR><BR>[Stack]<UL><LI>Max Depth = 44<LI>Call Chain = long_ent_hash &rArr; fat_crc32
</UL>
<BR>[Calls]<UL><LI><a href="#[25a]">&gt;&gt;</a>&nbsp;&nbsp;&nbsp;fat_crc32
</UL>
<BR>[Called By]<UL><LI><a href="#[240]">&gt;&gt;</a>&nbsp;&nbsp;&nbsp;frec_next
<LI><a href="#[24d]">&gt;&gt;</a>&nbsp;&nbsp;&nbsp;frec_find
</UL>

<P><STRONG><a name="[268]"></a>name_analyse</STRONG> (Thumb, 172 bytes, Stack size 40 bytes, fs_fat.o(i.name_analyse))
<BR><BR>[Stack]<UL><LI>Max Depth = 40<LI>Call Chain = name_analyse
</UL>
<BR>[Calls]<UL><LI><a href="#[269]">&gt;&gt;</a>&nbsp;&nbsp;&nbsp;char_validate
</UL>
<BR>[Called By]<UL><LI><a href="#[23f]">&gt;&gt;</a>&nbsp;&nbsp;&nbsp;path_open
<LI><a href="#[245]">&gt;&gt;</a>&nbsp;&nbsp;&nbsp;path_create
</UL>

<P><STRONG><a name="[26a]"></a>name_basis_gen</STRONG> (Thumb, 180 bytes, Stack size 40 bytes, fs_fat.o(i.name_basis_gen))
<BR><BR>[Stack]<UL><LI>Max Depth = 40<LI>Call Chain = name_basis_gen
</UL>
<BR>[Calls]<UL><LI><a href="#[269]">&gt;&gt;</a>&nbsp;&nbsp;&nbsp;char_validate
</UL>
<BR>[Called By]<UL><LI><a href="#[245]">&gt;&gt;</a>&nbsp;&nbsp;&nbsp;path_create
</UL>

<P><STRONG><a name="[253]"></a>name_hash</STRONG> (Thumb, 8 bytes, Stack size 0 bytes, fs_fat.o(i.name_hash))
<BR><BR>[Stack]<UL><LI>Max Depth = 12<LI>Call Chain = name_hash &rArr; fat_crc32
</UL>
<BR>[Calls]<UL><LI><a href="#[25a]">&gt;&gt;</a>&nbsp;&nbsp;&nbsp;fat_crc32
</UL>
<BR>[Called By]<UL><LI><a href="#[245]">&gt;&gt;</a>&nbsp;&nbsp;&nbsp;path_create
<LI><a href="#[252]">&gt;&gt;</a>&nbsp;&nbsp;&nbsp;frec_find_elink
</UL>

<P><STRONG><a name="[26e]"></a>name_nt_gen</STRONG> (Thumb, 288 bytes, Stack size 24 bytes, fs_fat.o(i.name_nt_gen))
<BR><BR>[Stack]<UL><LI>Max Depth = 24<LI>Call Chain = name_nt_gen
</UL>
<BR>[Called By]<UL><LI><a href="#[245]">&gt;&gt;</a>&nbsp;&nbsp;&nbsp;path_create
</UL>

<P><STRONG><a name="[26d]"></a>name_strip</STRONG> (Thumb, 82 bytes, Stack size 12 bytes, fs_fat.o(i.name_strip))
<BR><BR>[Stack]<UL><LI>Max Depth = 12<LI>Call Chain = name_strip
</UL>
<BR>[Called By]<UL><LI><a href="#[23f]">&gt;&gt;</a>&nbsp;&nbsp;&nbsp;path_open
<LI><a href="#[245]">&gt;&gt;</a>&nbsp;&nbsp;&nbsp;path_create
</UL>

<P><STRONG><a name="[245]"></a>path_create</STRONG> (Thumb, 544 bytes, Stack size 144 bytes, fs_fat.o(i.path_create))
<BR><BR>[Stack]<UL><LI>Max Depth = 400<LI>Call Chain = path_create &rArr; frec_find &rArr; entry_pos_inc &rArr; alloc_table_read &rArr; cache_fat &rArr; fsj_write &rArr; SetBuf
</UL>
<BR>[Calls]<UL><LI><a href="#[145]">&gt;&gt;</a>&nbsp;&nbsp;&nbsp;__aeabi_memcpy4
<LI><a href="#[247]">&gt;&gt;</a>&nbsp;&nbsp;&nbsp;__aeabi_memcpy
<LI><a href="#[26f]">&gt;&gt;</a>&nbsp;&nbsp;&nbsp;strlen
<LI><a href="#[233]">&gt;&gt;</a>&nbsp;&nbsp;&nbsp;elink_insert
<LI><a href="#[231]">&gt;&gt;</a>&nbsp;&nbsp;&nbsp;elink_cmd
<LI><a href="#[24f]">&gt;&gt;</a>&nbsp;&nbsp;&nbsp;sn_chksum
<LI><a href="#[251]">&gt;&gt;</a>&nbsp;&nbsp;&nbsp;short_ent_hash
<LI><a href="#[26d]">&gt;&gt;</a>&nbsp;&nbsp;&nbsp;name_strip
<LI><a href="#[26e]">&gt;&gt;</a>&nbsp;&nbsp;&nbsp;name_nt_gen
<LI><a href="#[253]">&gt;&gt;</a>&nbsp;&nbsp;&nbsp;name_hash
<LI><a href="#[26a]">&gt;&gt;</a>&nbsp;&nbsp;&nbsp;name_basis_gen
<LI><a href="#[268]">&gt;&gt;</a>&nbsp;&nbsp;&nbsp;name_analyse
<LI><a href="#[252]">&gt;&gt;</a>&nbsp;&nbsp;&nbsp;frec_find_elink
<LI><a href="#[24d]">&gt;&gt;</a>&nbsp;&nbsp;&nbsp;frec_find
<LI><a href="#[24a]">&gt;&gt;</a>&nbsp;&nbsp;&nbsp;frec_allocate
<LI><a href="#[22b]">&gt;&gt;</a>&nbsp;&nbsp;&nbsp;create_sfn_entry
<LI><a href="#[229]">&gt;&gt;</a>&nbsp;&nbsp;&nbsp;create_lfn_entry
<LI><a href="#[223]">&gt;&gt;</a>&nbsp;&nbsp;&nbsp;create_dot_entries
<LI><a href="#[220]">&gt;&gt;</a>&nbsp;&nbsp;&nbsp;clear_clus
<LI><a href="#[215]">&gt;&gt;</a>&nbsp;&nbsp;&nbsp;alloc_clus
</UL>
<BR>[Called By]<UL><LI><a href="#[208]">&gt;&gt;</a>&nbsp;&nbsp;&nbsp;fat_open
</UL>

<P><STRONG><a name="[23e]"></a>path_init</STRONG> (Thumb, 52 bytes, Stack size 24 bytes, fs_fat.o(i.path_init))
<BR><BR>[Stack]<UL><LI>Max Depth = 24<LI>Call Chain = path_init
</UL>
<BR>[Calls]<UL><LI><a href="#[270]">&gt;&gt;</a>&nbsp;&nbsp;&nbsp;elink_init_path
<LI><a href="#[271]">&gt;&gt;</a>&nbsp;&nbsp;&nbsp;get_root_clus
</UL>
<BR>[Called By]<UL><LI><a href="#[208]">&gt;&gt;</a>&nbsp;&nbsp;&nbsp;fat_open
<LI><a href="#[211]">&gt;&gt;</a>&nbsp;&nbsp;&nbsp;fat_delete
</UL>

<P><STRONG><a name="[23f]"></a>path_open</STRONG> (Thumb, 166 bytes, Stack size 24 bytes, fs_fat.o(i.path_open))
<BR><BR>[Stack]<UL><LI>Max Depth = 280<LI>Call Chain = path_open &rArr; frec_find &rArr; entry_pos_inc &rArr; alloc_table_read &rArr; cache_fat &rArr; fsj_write &rArr; SetBuf
</UL>
<BR>[Calls]<UL><LI><a href="#[231]">&gt;&gt;</a>&nbsp;&nbsp;&nbsp;elink_cmd
<LI><a href="#[26d]">&gt;&gt;</a>&nbsp;&nbsp;&nbsp;name_strip
<LI><a href="#[268]">&gt;&gt;</a>&nbsp;&nbsp;&nbsp;name_analyse
<LI><a href="#[21b]">&gt;&gt;</a>&nbsp;&nbsp;&nbsp;get_u16
<LI><a href="#[252]">&gt;&gt;</a>&nbsp;&nbsp;&nbsp;frec_find_elink
<LI><a href="#[24d]">&gt;&gt;</a>&nbsp;&nbsp;&nbsp;frec_find
</UL>
<BR>[Called By]<UL><LI><a href="#[208]">&gt;&gt;</a>&nbsp;&nbsp;&nbsp;fat_open
<LI><a href="#[211]">&gt;&gt;</a>&nbsp;&nbsp;&nbsp;fat_delete
</UL>

<P><STRONG><a name="[246]"></a>read_cache</STRONG> (Thumb, 122 bytes, Stack size 16 bytes, fs_fat.o(i.read_cache), UNUSED)
<BR><BR>[Calls]<UL><LI><a href="#[247]">&gt;&gt;</a>&nbsp;&nbsp;&nbsp;__aeabi_memcpy
<LI><a href="#[239]">&gt;&gt;</a>&nbsp;&nbsp;&nbsp;read_sector
</UL>
<BR>[Called By]<UL><LI><a href="#[20b]">&gt;&gt;</a>&nbsp;&nbsp;&nbsp;fat_read
</UL>

<P><STRONG><a name="[239]"></a>read_sector</STRONG> (Thumb, 82 bytes, Stack size 16 bytes, fs_fat.o(i.read_sector))
<BR><BR>[Stack]<UL><LI>Max Depth = 16<LI>Call Chain = read_sector
</UL>
<BR>[Calls]<UL><LI><a href="#[247]">&gt;&gt;</a>&nbsp;&nbsp;&nbsp;__aeabi_memcpy
</UL>
<BR>[Called By]<UL><LI><a href="#[246]">&gt;&gt;</a>&nbsp;&nbsp;&nbsp;read_cache
<LI><a href="#[224]">&gt;&gt;</a>&nbsp;&nbsp;&nbsp;entry_read
<LI><a href="#[20f]">&gt;&gt;</a>&nbsp;&nbsp;&nbsp;fat_write
<LI><a href="#[20d]">&gt;&gt;</a>&nbsp;&nbsp;&nbsp;fat_seek
</UL>

<P><STRONG><a name="[21d]"></a>set_u16</STRONG> (Thumb, 8 bytes, Stack size 0 bytes, fs_fat.o(i.set_u16))
<BR><BR>[Called By]<UL><LI><a href="#[23b]">&gt;&gt;</a>&nbsp;&nbsp;&nbsp;fsinfo_write
<LI><a href="#[22b]">&gt;&gt;</a>&nbsp;&nbsp;&nbsp;create_sfn_entry
<LI><a href="#[223]">&gt;&gt;</a>&nbsp;&nbsp;&nbsp;create_dot_entries
<LI><a href="#[218]">&gt;&gt;</a>&nbsp;&nbsp;&nbsp;alloc_table_write
<LI><a href="#[208]">&gt;&gt;</a>&nbsp;&nbsp;&nbsp;fat_open
<LI><a href="#[201]">&gt;&gt;</a>&nbsp;&nbsp;&nbsp;fat_close
</UL>

<P><STRONG><a name="[21e]"></a>set_u32</STRONG> (Thumb, 16 bytes, Stack size 0 bytes, fs_fat.o(i.set_u32))
<BR><BR>[Called By]<UL><LI><a href="#[23b]">&gt;&gt;</a>&nbsp;&nbsp;&nbsp;fsinfo_write
<LI><a href="#[218]">&gt;&gt;</a>&nbsp;&nbsp;&nbsp;alloc_table_write
<LI><a href="#[201]">&gt;&gt;</a>&nbsp;&nbsp;&nbsp;fat_close
</UL>

<P><STRONG><a name="[250]"></a>sfn_extract</STRONG> (Thumb, 72 bytes, Stack size 8 bytes, fs_fat.o(i.sfn_extract))
<BR><BR>[Stack]<UL><LI>Max Depth = 8<LI>Call Chain = sfn_extract
</UL>
<BR>[Called By]<UL><LI><a href="#[251]">&gt;&gt;</a>&nbsp;&nbsp;&nbsp;short_ent_hash
<LI><a href="#[240]">&gt;&gt;</a>&nbsp;&nbsp;&nbsp;frec_next
<LI><a href="#[24d]">&gt;&gt;</a>&nbsp;&nbsp;&nbsp;frec_find
</UL>

<P><STRONG><a name="[251]"></a>short_ent_hash</STRONG> (Thumb, 26 bytes, Stack size 24 bytes, fs_fat.o(i.short_ent_hash))
<BR><BR>[Stack]<UL><LI>Max Depth = 36<LI>Call Chain = short_ent_hash &rArr; fat_crc32
</UL>
<BR>[Calls]<UL><LI><a href="#[250]">&gt;&gt;</a>&nbsp;&nbsp;&nbsp;sfn_extract
<LI><a href="#[25a]">&gt;&gt;</a>&nbsp;&nbsp;&nbsp;fat_crc32
</UL>
<BR>[Called By]<UL><LI><a href="#[245]">&gt;&gt;</a>&nbsp;&nbsp;&nbsp;path_create
<LI><a href="#[240]">&gt;&gt;</a>&nbsp;&nbsp;&nbsp;frec_next
<LI><a href="#[24d]">&gt;&gt;</a>&nbsp;&nbsp;&nbsp;frec_find
</UL>

<P><STRONG><a name="[24f]"></a>sn_chksum</STRONG> (Thumb, 30 bytes, Stack size 0 bytes, fs_fat.o(i.sn_chksum))
<BR><BR>[Called By]<UL><LI><a href="#[245]">&gt;&gt;</a>&nbsp;&nbsp;&nbsp;path_create
<LI><a href="#[240]">&gt;&gt;</a>&nbsp;&nbsp;&nbsp;frec_next
<LI><a href="#[24d]">&gt;&gt;</a>&nbsp;&nbsp;&nbsp;frec_find
</UL>

<P><STRONG><a name="[241]"></a>unlink_clus</STRONG> (Thumb, 84 bytes, Stack size 24 bytes, fs_fat.o(i.unlink_clus))
<BR><BR>[Stack]<UL><LI>Max Depth = 136<LI>Call Chain = unlink_clus &rArr; alloc_table_write &rArr; cache_fat &rArr; fsj_write &rArr; SetBuf
</UL>
<BR>[Calls]<UL><LI><a href="#[217]">&gt;&gt;</a>&nbsp;&nbsp;&nbsp;get_EOC
<LI><a href="#[218]">&gt;&gt;</a>&nbsp;&nbsp;&nbsp;alloc_table_write
<LI><a href="#[216]">&gt;&gt;</a>&nbsp;&nbsp;&nbsp;alloc_table_read
</UL>
<BR>[Called By]<UL><LI><a href="#[208]">&gt;&gt;</a>&nbsp;&nbsp;&nbsp;fat_open
<LI><a href="#[211]">&gt;&gt;</a>&nbsp;&nbsp;&nbsp;fat_delete
</UL>

<P><STRONG><a name="[222]"></a>write_cache</STRONG> (Thumb, 174 bytes, Stack size 24 bytes, fs_fat.o(i.write_cache))
<BR><BR>[Stack]<UL><LI>Max Depth = 104<LI>Call Chain = write_cache &rArr; write_sector &rArr; fsj_write &rArr; SetBuf
</UL>
<BR>[Calls]<UL><LI><a href="#[247]">&gt;&gt;</a>&nbsp;&nbsp;&nbsp;__aeabi_memcpy
<LI><a href="#[238]">&gt;&gt;</a>&nbsp;&nbsp;&nbsp;write_sector
</UL>
<BR>[Called By]<UL><LI><a href="#[23b]">&gt;&gt;</a>&nbsp;&nbsp;&nbsp;fsinfo_write
<LI><a href="#[220]">&gt;&gt;</a>&nbsp;&nbsp;&nbsp;clear_clus
<LI><a href="#[20f]">&gt;&gt;</a>&nbsp;&nbsp;&nbsp;fat_write
<LI><a href="#[20d]">&gt;&gt;</a>&nbsp;&nbsp;&nbsp;fat_seek
<LI><a href="#[201]">&gt;&gt;</a>&nbsp;&nbsp;&nbsp;fat_close
<LI><a href="#[211]">&gt;&gt;</a>&nbsp;&nbsp;&nbsp;fat_delete
</UL>

<P><STRONG><a name="[238]"></a>write_sector</STRONG> (Thumb, 48 bytes, Stack size 16 bytes, fs_fat.o(i.write_sector))
<BR><BR>[Stack]<UL><LI>Max Depth = 80<LI>Call Chain = write_sector &rArr; fsj_write &rArr; SetBuf
</UL>
<BR>[Calls]<UL><LI><a href="#[21f]">&gt;&gt;</a>&nbsp;&nbsp;&nbsp;fsj_write
</UL>
<BR>[Called By]<UL><LI><a href="#[222]">&gt;&gt;</a>&nbsp;&nbsp;&nbsp;write_cache
<LI><a href="#[228]">&gt;&gt;</a>&nbsp;&nbsp;&nbsp;entry_flush
</UL>

<P><STRONG><a name="[22e]"></a>delete_list_add</STRONG> (Thumb, 44 bytes, Stack size 20 bytes, fs_fat_elink.o(i.delete_list_add))
<BR><BR>[Stack]<UL><LI>Max Depth = 20<LI>Call Chain = delete_list_add
</UL>
<BR>[Called By]<UL><LI><a href="#[22c]">&gt;&gt;</a>&nbsp;&nbsp;&nbsp;delete_list_update
<LI><a href="#[233]">&gt;&gt;</a>&nbsp;&nbsp;&nbsp;elink_insert
</UL>

<P><STRONG><a name="[22d]"></a>delete_list_discon</STRONG> (Thumb, 70 bytes, Stack size 16 bytes, fs_fat_elink.o(i.delete_list_discon))
<BR><BR>[Stack]<UL><LI>Max Depth = 16<LI>Call Chain = delete_list_discon
</UL>
<BR>[Called By]<UL><LI><a href="#[22f]">&gt;&gt;</a>&nbsp;&nbsp;&nbsp;elink_alloc
<LI><a href="#[22c]">&gt;&gt;</a>&nbsp;&nbsp;&nbsp;delete_list_update
<LI><a href="#[232]">&gt;&gt;</a>&nbsp;&nbsp;&nbsp;elink_delete
</UL>

<P><STRONG><a name="[22c]"></a>delete_list_update</STRONG> (Thumb, 36 bytes, Stack size 16 bytes, fs_fat_elink.o(i.delete_list_update))
<BR><BR>[Stack]<UL><LI>Max Depth = 36<LI>Call Chain = delete_list_update &rArr; delete_list_add
</UL>
<BR>[Calls]<UL><LI><a href="#[22d]">&gt;&gt;</a>&nbsp;&nbsp;&nbsp;delete_list_discon
<LI><a href="#[22e]">&gt;&gt;</a>&nbsp;&nbsp;&nbsp;delete_list_add
</UL>
<BR>[Called By]<UL><LI><a href="#[22f]">&gt;&gt;</a>&nbsp;&nbsp;&nbsp;elink_alloc
<LI><a href="#[237]">&gt;&gt;</a>&nbsp;&nbsp;&nbsp;elink_scan
<LI><a href="#[233]">&gt;&gt;</a>&nbsp;&nbsp;&nbsp;elink_insert
</UL>

<P><STRONG><a name="[22f]"></a>elink_alloc</STRONG> (Thumb, 156 bytes, Stack size 24 bytes, fs_fat_elink.o(i.elink_alloc))
<BR><BR>[Stack]<UL><LI>Max Depth = 60<LI>Call Chain = elink_alloc &rArr; delete_list_update &rArr; delete_list_add
</UL>
<BR>[Calls]<UL><LI><a href="#[1ff]">&gt;&gt;</a>&nbsp;&nbsp;&nbsp;__aeabi_memclr
<LI><a href="#[230]">&gt;&gt;</a>&nbsp;&nbsp;&nbsp;elink_discon
<LI><a href="#[22c]">&gt;&gt;</a>&nbsp;&nbsp;&nbsp;delete_list_update
<LI><a href="#[22d]">&gt;&gt;</a>&nbsp;&nbsp;&nbsp;delete_list_discon
</UL>
<BR>[Called By]<UL><LI><a href="#[231]">&gt;&gt;</a>&nbsp;&nbsp;&nbsp;elink_cmd
</UL>

<P><STRONG><a name="[236]"></a>elink_con</STRONG> (Thumb, 86 bytes, Stack size 0 bytes, fs_fat_elink.o(i.elink_con))
<BR><BR>[Called By]<UL><LI><a href="#[233]">&gt;&gt;</a>&nbsp;&nbsp;&nbsp;elink_insert
</UL>

<P><STRONG><a name="[230]"></a>elink_discon</STRONG> (Thumb, 50 bytes, Stack size 0 bytes, fs_fat_elink.o(i.elink_discon))
<BR><BR>[Called By]<UL><LI><a href="#[22f]">&gt;&gt;</a>&nbsp;&nbsp;&nbsp;elink_alloc
<LI><a href="#[232]">&gt;&gt;</a>&nbsp;&nbsp;&nbsp;elink_delete
</UL>

<P><STRONG><a name="[234]"></a>elink_exist</STRONG> (Thumb, 24 bytes, Stack size 0 bytes, fs_fat_elink.o(i.elink_exist))
<BR><BR>[Called By]<UL><LI><a href="#[233]">&gt;&gt;</a>&nbsp;&nbsp;&nbsp;elink_insert
</UL>

<P><STRONG><a name="[235]"></a>elink_step_dir</STRONG> (Thumb, 28 bytes, Stack size 0 bytes, fs_fat_elink.o(i.elink_step_dir))
<BR><BR>[Called By]<UL><LI><a href="#[233]">&gt;&gt;</a>&nbsp;&nbsp;&nbsp;elink_insert
</UL>

<P><STRONG><a name="[1fe]"></a>SetBuf</STRONG> (Thumb, 106 bytes, Stack size 24 bytes, fs_journal.o(i.SetBuf))
<BR><BR>[Stack]<UL><LI>Max Depth = 24<LI>Call Chain = SetBuf
</UL>
<BR>[Calls]<UL><LI><a href="#[1ff]">&gt;&gt;</a>&nbsp;&nbsp;&nbsp;__aeabi_memclr
<LI><a href="#[200]">&gt;&gt;</a>&nbsp;&nbsp;&nbsp;set_u32
</UL>
<BR>[Called By]<UL><LI><a href="#[21f]">&gt;&gt;</a>&nbsp;&nbsp;&nbsp;fsj_write
</UL>

<P><STRONG><a name="[200]"></a>set_u32</STRONG> (Thumb, 16 bytes, Stack size 0 bytes, fs_journal.o(i.set_u32))
<BR><BR>[Called By]<UL><LI><a href="#[1fe]">&gt;&gt;</a>&nbsp;&nbsp;&nbsp;SetBuf
</UL>

<P><STRONG><a name="[79]"></a>_printf_input_char</STRONG> (Thumb, 10 bytes, Stack size 0 bytes, _printf_char_common.o(.text))
<BR>[Address Reference Count : 1]<UL><LI> _printf_char_common.o(.text)
</UL>
<P><STRONG><a name="[1e8]"></a>_freopen_locked</STRONG> (Thumb, 174 bytes, Stack size 32 bytes, fopen_locked.o(.text))
<BR><BR>[Stack]<UL><LI>Max Depth = 552<LI>Call Chain = _freopen_locked &rArr; _sys_open &rArr; __sys_open &rArr; fat_open &rArr; path_create &rArr; frec_find &rArr; entry_pos_inc &rArr; alloc_table_read &rArr; cache_fat &rArr; fsj_write &rArr; SetBuf
</UL>
<BR>[Calls]<UL><LI><a href="#[b3]">&gt;&gt;</a>&nbsp;&nbsp;&nbsp;_mutex_release
<LI><a href="#[b2]">&gt;&gt;</a>&nbsp;&nbsp;&nbsp;_mutex_acquire
<LI><a href="#[1c4]">&gt;&gt;</a>&nbsp;&nbsp;&nbsp;_sys_open
<LI><a href="#[1e9]">&gt;&gt;</a>&nbsp;&nbsp;&nbsp;_fseek
<LI><a href="#[1e1]">&gt;&gt;</a>&nbsp;&nbsp;&nbsp;_fclose_internal
</UL>
<BR>[Called By]<UL><LI><a href="#[1ea]">&gt;&gt;</a>&nbsp;&nbsp;&nbsp;_fopen$locked
<LI><a href="#[1de]">&gt;&gt;</a>&nbsp;&nbsp;&nbsp;freopen
</UL>

<P><STRONG><a name="[1f4]"></a>Heap1_SizeAdjust</STRONG> (Thumb, 8 bytes, Stack size 0 bytes, h1_alloc_mt.o(.text), UNUSED)
<BR><BR>[Called By]<UL><LI><a href="#[1f3]">&gt;&gt;</a>&nbsp;&nbsp;&nbsp;_malloc_internal
</UL>
<P>
<H3>
Undefined Global Symbols
</H3><HR></body></html>
