<html>
<body>
<pre>
<h1>µVision Build Log</h1>
<h2>Tool Versions:</h2>
IDE-Version: µVision V5.14.0.0
Copyright (C) 2015 ARM Ltd and ARM Germany GmbH. All rights reserved.
License Information: Evil Microsoft, Microsoft, LIC=V8545-GSMB6-YB1E9-4X2Q5-XURXU-2G44S
 
Tool Versions:
Toolchain:       MDK-ARM Professional  Version: 5.14.0.0
Toolchain Path:  C:\Keil_v5\ARM\ARMCC\Bin
C Compiler:      Armcc.exe V5.05 update 1 (build 106)
Assembler:       Armasm.exe V5.05 update 1 (build 106)
Linker/Locator:  ArmLink.exe V5.05 update 1 (build 106)
Library Manager: ArmAr.exe V5.05 update 1 (build 106)
Hex Converter:   FromElf.exe V5.05 update 1 (build 106)
CPU DLL:         SARMCM3.DLL V5.14.0.0
Dialog DLL:      DCM.DLL V1.13.1.0
Target DLL:      STLink\ST-LINKIII-KEIL_SWO.dll V2.0.14.0_KEIL
Dialog DLL:      TCM.DLL V1.14.4.0
 
<h2>Project:</h2>
E:\Projects\Electronics\Current\Display\STM32F4_SD_DISPLAY\prj\Display.uvprojx
Project File Date:  03/22/2015

<h2>Output:</h2>
Build target 'Target'
compiling main.cpp...
compiling consol.cpp...
..\src\consol.cpp(48): warning:  #177-D: variable "cmd" was declared but never referenced
  static const SCMD cmd[] =
..\src\consol.cpp: 1 warning, 0 errors
linking...
Program Size: Code=87686 RO-data=5078 RW-data=180 ZI-data=44404  
".\Objects\Display.axf" - 0 Error(s), 1 Warning(s).

<h2>Software Packages used:</h2>

Package Vendor: ARM
                http://www.keil.com/pack/ARM.CMSIS.4.2.0.pack
                ::CMSIS:RTOS:1.0 (API)
                CMSIS (Cortex Microcontroller Software Interface Standard)
   * Component: RTOS Version: 1.0
   * Component: USART Version: 2.01
   * Component: SPI Version: 2.01
   * Component: CORE Version: 3.40.0
   * Component: Keil RTX Version: 4.75.0

Package Vendor: Keil
                http://www.keil.com/pack/Keil.MDK-Middleware.6.2.0.pack
                Keil.MDK-Pro::File System:CORE:LFN:6.2.0
                Keil MDK-ARM Professional Middleware for ARM Cortex-M based devices
   * Component: CORE Variant: LFN Version: 6.2.0
   * Component: Memory Card Version: 6.2.0

Package Vendor: Keil
                http://www.keil.com/pack/Keil.STM32F4xx_DFP.2.3.0.pack
                ::Device:STM32Cube Framework (API)
                STMicroelectronics STM32F4 Series Device Support, Drivers and Examples
   * Component: STM32Cube Framework Version: 
   * Component: Startup Version: 2.1.0
   * Component: Classic Version: 1.1.0
   * Component: Common Version: 1.1.0
   * Component: Cortex Version: 1.1.0
   * Component: DMA Version: 1.1.0
   * Component: GPIO Version: 1.1.0
   * Component: PWR Version: 1.1.0
   * Component: RCC Version: 1.1.0
   * Component: SPI Version: 1.1.0
   * Component: UART Version: 1.1.0
   * Component: USART Version: 1.1.0
   * Component: SPI Version: 2.01
   * Component: USART Version: 2.01

<h2>Collection of Component include folders:</h2>
  E:\Projects\Electronics\Current\Display\STM32F4_SD_DISPLAY\prj\RTE
  E:\Projects\Electronics\Current\Display\STM32F4_SD_DISPLAY\prj\RTE\Device\STM32F407VGTx
  C:\Keil_v5\ARM\PACK\ARM\CMSIS\4.2.0\CMSIS\Driver\Include
  C:\Keil_v5\ARM\PACK\ARM\CMSIS\4.2.0\CMSIS\Include
  C:\Keil_v5\ARM\PACK\ARM\CMSIS\4.2.0\CMSIS_RTX\INC
  C:\Keil_v5\ARM\PACK\Keil\MDK-Middleware\6.2.0\FileSystem\Include
  C:\Keil_v5\ARM\PACK\Keil\STM32F4xx_DFP\2.3.0\Drivers\CMSIS\Device\ST\STM32F4xx\Include
  C:\Keil_v5\ARM\PACK\Keil\STM32F4xx_DFP\2.3.0\Drivers\STM32F4xx_HAL_Driver\Inc

<h2>Collection of Component Files used:</h2>

   * Component: ::CMSIS:RTOS:1.0 (API)

   * Component: ::CMSIS Driver:USART:2.01 (API)
      Include file:  CMSIS\Driver\Include\Driver_USART.h

   * Component: ::CMSIS Driver:SPI:2.01 (API)
      Include file:  CMSIS\Driver\Include\Driver_SPI.h

   * Component: ARM::CMSIS:CORE:3.40.0
      Source file:   CMSIS\UserCodeTemplates\ARM\ITM_Retarget.c

   * Component: ARM::CMSIS:RTOS:Keil RTX:4.75.0
      Include file:  CMSIS_RTX\INC\cmsis_os.h
      Source file:   CMSIS_RTX\Templates\RTX_Conf_CM.c
      Include file:  CMSIS_RTX\UserCodeTemplates\osObjects.h
      Source file:   CMSIS_RTX\UserCodeTemplates\main.c
      Source file:   CMSIS_RTX\UserCodeTemplates\MailQueue.c
      Source file:   CMSIS_RTX\UserCodeTemplates\MemPool.c
      Source file:   CMSIS_RTX\UserCodeTemplates\MsgQueue.c
      Source file:   CMSIS_RTX\UserCodeTemplates\Mutex.c
      Source file:   CMSIS_RTX\UserCodeTemplates\Semaphore.c
      Source file:   CMSIS_RTX\UserCodeTemplates\Thread.c
      Source file:   CMSIS_RTX\UserCodeTemplates\Timer.c
      Source file:   CMSIS_RTX\SRC\ARM\SVC_Table.s
      Library file:  CMSIS_RTX\LIB\ARM\RTX_CM4.lib

   * Component: Keil.MDK-Pro::File System:CORE:LFN:6.2.0
      Include file:  FileSystem\Include\rl_fs.h
      Source file:   FileSystem\Config\FS_Config.c
      Library file:  FileSystem\Lib\ARM\FS_LFN_CM3_L.lib

   * Component: Keil.MDK-Pro::File System:Drive:Memory Card:6.2.0
      Source file:   FileSystem\Config\FS_Config_MC.h

   * Component: ::Device:STM32Cube Framework (API)

   * Component: Keil::Device:Startup:2.1.0
      Source file:   MDK\Device\Source\ARM\STM32F40xxx_41xxx_OPT.s
      Source file:   MDK\Device\Source\ARM\STM32F4xx_OTP.s
      Include file:  Drivers\CMSIS\Device\ST\STM32F4xx\Include\stm32f4xx.h
      Source file:   Drivers\CMSIS\Device\ST\STM32F4xx\Source\Templates\arm\startup_stm32f407xx.s
      Source file:   MDK\Device\Source\ARM\system_stm32f4xx.c

   * Component: Keil::Device:STM32Cube Framework:Classic:1.1.0
      Include file:  CMSIS\Driver\Config\RTE_Device.h
      Include file:  MDK\Templates\Inc\stm32f4xx_hal_conf.h
      Source file:   MDK\Templates\Src\stm32f4xx_hal_msp.c
      Include file:  MDK\Templates\Inc\stm32f4xx_it.h
      Source file:   MDK\Templates\Src\stm32f4xx_it.c
      Include file:  MDK\Templates\Inc\main.h
      Source file:   MDK\Templates\Src\main.c

   * Component: Keil::Device:STM32Cube HAL:Common:1.1.0
      Include file:  Drivers\STM32F4xx_HAL_Driver\Inc\stm32f4xx_hal.h
      Source file:   Drivers\STM32F4xx_HAL_Driver\Src\stm32f4xx_hal.c

   * Component: Keil::Device:STM32Cube HAL:Cortex:1.1.0
      Source file:   Drivers\STM32F4xx_HAL_Driver\Src\stm32f4xx_hal_cortex.c

   * Component: Keil::Device:STM32Cube HAL:DMA:1.1.0
      Source file:   Drivers\STM32F4xx_HAL_Driver\Src\stm32f4xx_hal_dma.c
      Source file:   Drivers\STM32F4xx_HAL_Driver\Src\stm32f4xx_hal_dma_ex.c

   * Component: Keil::Device:STM32Cube HAL:GPIO:1.1.0
      Source file:   Drivers\STM32F4xx_HAL_Driver\Src\stm32f4xx_hal_gpio.c

   * Component: Keil::Device:STM32Cube HAL:PWR:1.1.0
      Source file:   Drivers\STM32F4xx_HAL_Driver\Src\stm32f4xx_hal_pwr.c
      Source file:   Drivers\STM32F4xx_HAL_Driver\Src\stm32f4xx_hal_pwr_ex.c

   * Component: Keil::Device:STM32Cube HAL:RCC:1.1.0
      Source file:   Drivers\STM32F4xx_HAL_Driver\Src\stm32f4xx_hal_rcc.c
      Source file:   Drivers\STM32F4xx_HAL_Driver\Src\stm32f4xx_hal_rcc_ex.c

   * Component: Keil::Device:STM32Cube HAL:SPI:1.1.0
      Source file:   Drivers\STM32F4xx_HAL_Driver\Src\stm32f4xx_hal_spi.c

   * Component: Keil::Device:STM32Cube HAL:UART:1.1.0
      Source file:   Drivers\STM32F4xx_HAL_Driver\Src\stm32f4xx_hal_uart.c

   * Component: Keil::Device:STM32Cube HAL:USART:1.1.0
      Source file:   Drivers\STM32F4xx_HAL_Driver\Src\stm32f4xx_hal_usart.c

   * Component: Keil::CMSIS Driver:SPI:2.01
      Source file:   CMSIS\Driver\SPI_STM32F4xx.c

   * Component: Keil::CMSIS Driver:USART:2.01
      Source file:   CMSIS\Driver\USART_STM32F4xx.c
</pre>
</body>
</html>
